============================= test session starts =============================
platform win32 -- Python 3.13.13, pytest-9.0.3, pluggy-1.6.0 -- C:\Users\Prashan\AppData\Local\Microsoft\WindowsApps\PythonSoftwareFoundation.Python.3.13_qbz5n2kfra8p0\python.exe
cachedir: .pytest_cache
rootdir: C:\Users\Prashan\Cybersecurity-awareness-game
configfile: pytest.ini
plugins: anyio-4.13.0, locust-2.44.0, flask-1.3.0
collecting ... collected 104 items

tests/test_admin.py::TestAdminAccess::test_admin_dashboard_requires_login PASSED [  0%]
tests/test_admin.py::TestAdminAccess::test_student_blocked_from_admin PASSED [  1%]
tests/test_admin.py::TestAdminAccess::test_teacher_can_access_admin FAILED [  2%]
tests/test_admin.py::TestAdminAccess::test_student_blocked_from_audit_log PASSED [  3%]
tests/test_admin.py::TestAdminAccess::test_teacher_can_access_audit_log FAILED [  4%]
tests/test_admin.py::TestAdminAccess::test_teacher_can_access_locked_accounts FAILED [  5%]
tests/test_admin.py::TestAdminAccess::test_student_blocked_from_manage_challenges PASSED [  6%]
tests/test_admin.py::TestAddUser::test_add_user_page_loads FAILED        [  7%]
tests/test_admin.py::TestAddUser::test_add_valid_student FAILED          [  8%]
tests/test_admin.py::TestAddUser::test_add_user_duplicate_email_rejected PASSED [  9%]
tests/test_admin.py::TestAddUser::test_add_user_weak_password_rejected FAILED [ 10%]
tests/test_admin.py::TestAddUser::test_add_user_missing_fields_rejected PASSED [ 11%]
tests/test_admin.py::TestDeleteUser::test_teacher_cannot_delete_self FAILED [ 12%]
tests/test_admin.py::TestDeleteUser::test_can_delete_other_user PASSED   [ 13%]
tests/test_admin.py::TestDeleteUser::test_delete_nonexistent_user_handled PASSED [ 14%]
tests/test_admin.py::TestResetPassword::test_reset_password_strong FAILED [ 15%]
tests/test_admin.py::TestResetPassword::test_reset_password_weak_rejected FAILED [ 16%]
tests/test_admin.py::TestChallengeManagement::test_manage_challenges_page_loads FAILED [ 17%]
tests/test_admin.py::TestChallengeManagement::test_add_challenge_valid FAILED [ 18%]
tests/test_admin.py::TestChallengeManagement::test_add_challenge_invalid_category_rejected PASSED [ 19%]
tests/test_admin.py::TestChallengeManagement::test_add_challenge_invalid_answer_rejected PASSED [ 20%]
tests/test_admin.py::TestReset2FA::test_teacher_can_reset_student_2fa FAILED [ 21%]
tests/test_auth.py::TestRegistration::test_register_page_loads PASSED    [ 22%]
tests/test_auth.py::TestRegistration::test_register_valid_student FAILED [ 23%]
tests/test_auth.py::TestRegistration::test_register_duplicate_email FAILED [ 24%]
tests/test_auth.py::TestRegistration::test_register_password_mismatch FAILED [ 25%]
tests/test_auth.py::TestRegistration::test_register_weak_password_no_uppercase FAILED [ 25%]
tests/test_auth.py::TestRegistration::test_register_weak_password_no_special FAILED [ 26%]
tests/test_auth.py::TestRegistration::test_register_weak_password_too_short FAILED [ 27%]
tests/test_auth.py::TestRegistration::test_register_missing_fields FAILED [ 28%]
tests/test_auth.py::TestRegistration::test_register_teacher_without_code_fails FAILED [ 29%]
tests/test_auth.py::TestRegistration::test_register_teacher_with_correct_code FAILED [ 30%]
tests/test_auth.py::TestLogin::test_login_page_loads FAILED              [ 31%]
tests/test_auth.py::TestLogin::test_login_valid_student PASSED           [ 32%]
tests/test_auth.py::TestLogin::test_login_wrong_password PASSED          [ 33%]
tests/test_auth.py::TestLogin::test_login_nonexistent_email PASSED       [ 34%]
tests/test_auth.py::TestLogin::test_login_empty_fields PASSED            [ 35%]
tests/test_auth.py::TestLogin::test_login_redirect_student_to_2fa_setup PASSED [ 36%]
tests/test_auth.py::TestLogin::test_login_teacher_redirects_to_admin PASSED [ 37%]
tests/test_auth.py::TestLogin::test_login_case_insensitive_email PASSED  [ 38%]
tests/test_auth.py::TestLogout::test_logout_redirects_to_login PASSED    [ 39%]
tests/test_auth.py::TestLogout::test_logout_unauthenticated_redirects PASSED [ 40%]
tests/test_auth.py::TestPasswordStrength::test_strong_password_passes PASSED [ 41%]
tests/test_auth.py::TestPasswordStrength::test_short_password_fails PASSED [ 42%]
tests/test_auth.py::TestPasswordStrength::test_no_uppercase_fails PASSED [ 43%]
tests/test_auth.py::TestPasswordStrength::test_no_lowercase_fails PASSED [ 44%]
tests/test_auth.py::TestPasswordStrength::test_no_digit_fails PASSED     [ 45%]
tests/test_auth.py::TestPasswordStrength::test_no_special_char_fails PASSED [ 46%]
tests/test_auth.py::TestPasswordStrength::test_multiple_failures_reported PASSED [ 47%]
tests/test_auth.py::TestTwoFactor::test_2fa_setup_requires_login PASSED  [ 48%]
tests/test_auth.py::TestTwoFactor::test_2fa_verify_requires_session PASSED [ 49%]
tests/test_auth.py::TestTwoFactor::test_2fa_skip_requires_login PASSED   [ 50%]
tests/test_auth.py::TestTwoFactor::test_student_cannot_disable_2fa PASSED [ 50%]
tests/test_game.py::TestChallengePages::test_challenges_page_requires_login PASSED [ 51%]
tests/test_game.py::TestChallengePages::test_challenges_page_loads_for_student PASSED [ 52%]
tests/test_game.py::TestChallengePages::test_phishing_category_loads PASSED [ 53%]
tests/test_game.py::TestChallengePages::test_password_category_loads PASSED [ 54%]
tests/test_game.py::TestChallengePages::test_browsing_category_loads PASSED [ 55%]
tests/test_game.py::TestChallengePages::test_invalid_category_redirects PASSED [ 56%]
tests/test_game.py::TestAnswerSubmission::test_correct_answer_awards_points PASSED [ 57%]
tests/test_game.py::TestAnswerSubmission::test_wrong_answer_scores_zero PASSED [ 58%]
tests/test_game.py::TestAnswerSubmission::test_invalid_answer_rejected PASSED [ 59%]
tests/test_game.py::TestAnswerSubmission::test_empty_answer_rejected PASSED [ 60%]
tests/test_game.py::TestAnswerSubmission::test_re_answer_prevented PASSED [ 61%]
tests/test_game.py::TestScoringSystem::test_easy_question_worth_10_points PASSED [ 62%]
tests/test_game.py::TestScoringSystem::test_medium_question_worth_20_points PASSED [ 63%]
tests/test_game.py::TestScoringSystem::test_hard_question_worth_30_points PASSED [ 64%]
tests/test_game.py::TestScoringSystem::test_correct_answer_validation PASSED [ 65%]
tests/test_game.py::TestProgressAndResults::test_progress_page_loads PASSED [ 66%]
tests/test_game.py::TestProgressAndResults::test_result_page_loads PASSED [ 67%]
tests/test_game.py::TestProgressAndResults::test_progress_requires_login PASSED [ 68%]
tests/test_game.py::TestProgressAndResults::test_result_requires_login PASSED [ 69%]
tests/test_game.py::TestChallengeData::test_15_challenges_seeded PASSED  [ 70%]
tests/test_game.py::TestChallengeData::test_5_phishing_challenges PASSED [ 71%]
tests/test_game.py::TestChallengeData::test_5_password_challenges PASSED [ 72%]
tests/test_game.py::TestChallengeData::test_5_browsing_challenges PASSED [ 73%]
tests/test_game.py::TestChallengeData::test_all_challenges_have_correct_answer PASSED [ 74%]
tests/test_game.py::TestChallengeData::test_all_difficulties_present PASSED [ 75%]
tests/test_game.py::TestChallengeData::test_badges_seeded PASSED         [ 75%]
tests/test_security.py::TestLoginAttemptLogging::test_failed_attempt_is_logged PASSED [ 76%]
tests/test_security.py::TestLoginAttemptLogging::test_successful_attempt_is_logged PASSED [ 77%]
tests/test_security.py::TestLoginAttemptLogging::test_attempt_records_ip_address PASSED [ 78%]
tests/test_security.py::TestLoginAttemptLogging::test_attempt_has_timestamp PASSED [ 79%]
tests/test_security.py::TestBruteForceProtection::test_not_locked_below_threshold PASSED [ 80%]
tests/test_security.py::TestBruteForceProtection::test_locked_at_threshold PASSED [ 81%]
tests/test_security.py::TestBruteForceProtection::test_locked_above_threshold PASSED [ 82%]
tests/test_security.py::TestBruteForceProtection::test_success_not_counted_in_lockout PASSED [ 83%]
tests/test_security.py::TestBruteForceProtection::test_old_attempts_outside_window_ignored PASSED [ 84%]
tests/test_security.py::TestBruteForceProtection::test_unknown_email_not_locked PASSED [ 85%]
tests/test_security.py::TestBruteForceProtection::test_lockout_message_shown_on_login PASSED [ 86%]
tests/test_security.py::TestRBAC::test_unauthenticated_cannot_access_challenges PASSED [ 87%]
tests/test_security.py::TestRBAC::test_unauthenticated_cannot_access_admin PASSED [ 88%]
tests/test_security.py::TestRBAC::test_unauthenticated_cannot_access_audit_log PASSED [ 89%]
tests/test_security.py::TestRBAC::test_unauthenticated_cannot_access_progress PASSED [ 90%]
tests/test_security.py::TestRBAC::test_student_role_assigned_correctly PASSED [ 91%]
tests/test_security.py::TestRBAC::test_teacher_role_assigned_correctly PASSED [ 92%]
tests/test_security.py::TestSecurityHeaders::test_x_frame_options_present PASSED [ 93%]
tests/test_security.py::TestSecurityHeaders::test_x_content_type_options_present PASSED [ 94%]
tests/test_security.py::TestSecurityHeaders::test_referrer_policy_present PASSED [ 95%]
tests/test_security.py::TestSecurityHeaders::test_content_security_policy_present PASSED [ 96%]
tests/test_security.py::TestSecurityHeaders::test_server_header_removed PASSED [ 97%]
tests/test_security.py::TestRoleRequiredDecorator::test_role_required_function_exists PASSED [ 98%]
tests/test_security.py::TestRoleRequiredDecorator::test_is_account_locked_function_exists PASSED [ 99%]
tests/test_security.py::TestRoleRequiredDecorator::test_log_login_attempt_function_exists PASSED [100%]

================================== FAILURES ===================================
________________ TestAdminAccess.test_teacher_can_access_admin ________________
tests\test_admin.py:59: in test_teacher_can_access_admin
    assert response.status_code == 200
E   assert 302 == 200
E    +  where 302 = <WrapperTestResponse streamed [302 FOUND]>.status_code
______________ TestAdminAccess.test_teacher_can_access_audit_log ______________
tests\test_admin.py:74: in test_teacher_can_access_audit_log
    assert response.status_code == 200
E   assert 302 == 200
E    +  where 302 = <WrapperTestResponse streamed [302 FOUND]>.status_code
___________ TestAdminAccess.test_teacher_can_access_locked_accounts ___________
tests\test_admin.py:81: in test_teacher_can_access_locked_accounts
    assert response.status_code == 200
E   assert 302 == 200
E    +  where 302 = <WrapperTestResponse streamed [302 FOUND]>.status_code
____________________ TestAddUser.test_add_user_page_loads _____________________
tests\test_admin.py:102: in test_add_user_page_loads
    assert response.status_code == 200
E   assert 302 == 200
E    +  where 302 = <WrapperTestResponse streamed [302 FOUND]>.status_code
_____________________ TestAddUser.test_add_valid_student ______________________
tests\test_admin.py:119: in test_add_valid_student
    assert user is not None
E   assert None is not None
______________ TestAddUser.test_add_user_weak_password_rejected _______________
tests\test_admin.py:144: in test_add_user_weak_password_rejected
    assert b'uppercase' in response.data or b'special' in response.data
E   assert (b'uppercase' in b'<!DOCTYPE html>\n<!--\n    base.html \xe2\x80\x94 Shared base template for CyberQuest\n    Authors: Susanta Dhakal (CIHE250321) & Pramesh Silwal (CIHE241339)\n    Fixed: Prashan Manandhar (CIHE241182) \xe2\x80\x94 removed broken url_for(\'home\')\n-->\n<html lang="en">\n<head>\n    <meta charset="UTF-8">\n    <meta name="viewport" content="width=device-width, initial-scale=1.0">\n    <meta name="description" content="CyberQuest \xe2\x80\x94 Cybersecurity Awareness Game for ICT932 CIHE">\n    <title>Login \xe2\x80\x94 CyberQuest | ICT932</title>\n\n    <!-- Bootstrap 5 CSS -->\n    <link href="https://cdn.jsdelivr.net/npm/bootstrap@5.3.0/dist/css/bootstrap.min.css" rel="stylesheet">\n    <!-- Bootstrap Icons -->\n    <link href="https://cdn.jsdelivr.net/npm/bootstrap-icons@1.11.0/font/bootstrap-icons.css" rel="stylesheet">\n    <!-- Google Fonts -->\n    <link href="https://fonts.googleapis.com/css2?family=Orbitron:wght@400;600;800&family=Rajdhani:wght@300;400;500;600&display=swap" rel="stylesheet">\n\n    <style>\n        /* \xe2\x94\x80\xe2\x94\x80 Design Tokens \xe2\x94\x80\xe2\x94\x80\xe2\x94\x80\xe2\x94\x80\xe2\x94\x80\xe2\x94\x80\xe2\x94\x80\xe2\x94\x80\xe2\x94\x80\xe2\x94\x80\xe2\x94\x80\xe2\x94\x80\xe2\x94\x80\xe2\x94\x80\xe2\x94\x80\xe2\x94\x80\xe2\x94\x80\xe2\x94\x80\xe2\x94\x80\xe2\x94\x80\xe2\x94\x80\xe2\x94\x80\xe2\x94\x80\xe2\x94\x80\xe2\x94\x80\xe2\x94\x80\xe2\x94\x80\xe2\x94\x80\xe2\x94\x80\xe2\x94\x80\xe2\x94\x80\xe2\x94\x80\xe2\x94\x80\xe2\x94\x80\xe2\x94\x80\xe2\x94\x80\xe2\x94\x80\xe2\x94\x80\xe2\x94\x80\xe2\x94\x80\xe2\x94\x80\xe2\x94\x80\xe2\x94\x80\xe2\x94\x80\xe2\x94\x80\xe2\x94\x80\xe2\x94\x80 */\n        :root {\n            --cq-navy:      #0D1B2A;\n            --cq-navy-mid:  #112233;\n            --cq-navy-light:#1A2E42;\n            --cq-cyan:      #00B4D8;\n            --cq-cyan-glow: #00D4FF;\n            --cq-green:     #00E676;\n            --cq-red:       #FF4D6D;\n            --cq-yellow:    #FFD60A;\n            --cq-text:      #E0EAF4;\n            --cq-text-muted:#7A9BB5;\n            --cq-border:    rgba(0, 180, 216, 0.2);\n            --cq-shadow:    0 4px 24px rgba(0, 180, 216, 0.12);\n            --cq-radius:    12px;\n            --font-heading: \'Orbitron\', monospace;\n            --font-body:    \'Rajdhani\', sans-serif;\n        }\n\n        *, *::before, *::after { box-sizing: border-box; }\n        html { scroll-behavior: smooth; }\n\n        body {\n            background-color: var(--cq-navy);\n            color: var(--cq-text);\n            font-family: var(--font-body);\n            font-size: 1.05rem;\n            min-height: 100vh;\n            display: flex;\n            flex-direction: column;\n        }\n\n        h1,h2,h3,h4,h5,h6 { font-family: var(--font-heading); }\n        main { flex: 1; }\n\n        /* \xe2\x94\x80\xe2\x94\x80 Navbar \xe2\x94\x80\xe2\x94\x80\xe2\x94\x80\xe2\x94\x80\xe2\x94\x80\xe2\x94\x80\xe2\x94\x80\xe2\x94\x80\xe2\x94\x80\xe2\x94\x80\xe2\x94\x80\xe2\x94\x80\xe2\x94\x80\xe2\x94\x80\xe2\x94\x80\xe2\x94\x80\xe2\x94\x80\xe2\x94\x80\xe2\x94\x80\xe2\x94\x80\xe2\x94\x80\xe2\x94\x80\xe2\x94\x80\xe2\x94\x80\xe2\x94\x80\xe2\x94\x80\xe2\x94\x80\xe2\x94\x80\xe2\x94\x80\xe2\x94\x80\xe2\x94\x80\xe2\x94\x80\xe2\x94\x80\xe2\x94\x80\xe2\x94\x80\xe2\x94\x80\xe2\x94\x80\xe2\x94\x80\xe2\x94\x80\xe2\x94\x80\xe2\x94\x80\xe2\x94\x80\xe2\x94\x80\xe2\x94\x80\xe2\x94\x80\xe2\x94\x80\xe2\x94\x80\xe2\x94\x80\xe2\x94\x80\xe2\x94\x80\xe2\x94\x80\xe2\x94\x80\xe2\x94\x80\xe2\x94\x80 */\n        .navbar-cyberquest {\n            background: rgba(13,27,42,0.97);\n            border-bottom: 1px solid var(--cq-border);\n            backdrop-filter: blur(10px);\n            padding: 0.75rem 0;\n            position: sticky; top: 0; z-index: 1000;\n        }\n        .navbar-brand-cq {\n            font-family: var(--font-heading); font-weight: 800;\n            font-size: 1.35rem; color: var(--cq-cyan) !important;\n            text-decoration: none; letter-spacing: 2px;\n            display: flex; align-items: center; gap: 0.5rem;\n        }\n        .navbar-brand-cq .brand-icon {\n            color: var(--cq-cyan-glow); font-size: 1.5rem;\n            filter: drop-shadow(0 0 6px var(--cq-cyan));\n        }\n        .navbar-brand-cq:hover { color: var(--cq-cyan-glow) !important; }\n        .nav-link-cq {\n            color: var(--cq-text-muted) !important;\n            font-family: var(--font-body); font-weight: 500;\n            font-size: 0.95rem; letter-spacing: 0.5px;\n            padding: 0.5rem 0.85rem !important;\n            border-radius: 6px;\n            transition: color 0.2s, background 0.2s;\n        }\n        .nav-link-cq:hover, .nav-link-cq.active {\n            color: var(--cq-cyan) !important;\n            background: rgba(0,180,216,0.08);\n        }\n        .btn-nav-login {\n            border: 1px solid var(--cq-cyan); color: var(--cq-cyan);\n            background: transparent; border-radius: 6px;\n            padding: 0.4rem 1rem; font-weight: 600; font-size: 0.9rem;\n            transition: all 0.2s;\n        }\n        .btn-nav-login:hover {\n            background: rgba(0,180,216,0.15); color: var(--cq-cyan-glow);\n        }\n        .btn-nav-register {\n            background: var(--cq-cyan); color: var(--cq-navy);\n            border: none; border-radius: 6px;\n            padding: 0.4rem 1rem; font-weight: 700; font-size: 0.9rem;\n            transition: all 0.2s;\n        }\n        .btn-nav-register:hover {\n            background: var(--cq-cyan-glow);\n            box-shadow: 0 4px 12px rgba(0,180,216,0.35);\n        }\n        .navbar-username { color: var(--cq-text-muted); font-size: 0.85rem; }\n        .navbar-username strong { color: var(--cq-cyan); }\n        .navbar-toggler { border-color: var(--cq-border); }\n        .navbar-toggler-icon { filter: invert(60%) sepia(80%) saturate(400%) hue-rotate(165deg); }\n\n        /* \xe2\x94\x80\xe2\x94\x80 Flash Messages \xe2\x94\x80\xe2\x94\x80\xe2\x94\x80\xe2\x94\x80\xe2\x94\x80\xe2\x94\x80\xe2\x94\x80\xe2\x94\x80\xe2\x94\x80\xe2\x94\x80\xe2\x94\x80\xe2\x94\x80\xe2\x94\x80\xe2\x94\x80\xe2\x94\x80\xe2\x94\x80\xe2\x94\x80\xe2\x94\x80\xe2\x94\x80\xe2\x94\x80\xe2\x94\x80\xe2\x94\x80\xe2\x94\x80\xe2\x94\x80\xe2\x94\x80\xe2\x94\x80\xe2\x94\x80\xe2\x94\x80\xe2\x94\x80\xe2\x94\x80\xe2\x94\x80\xe2\x94\x80\xe2\x94\x80\xe2\x94\x80\xe2\x94\x80\xe2\x94\x80\xe2\x94\x80\xe2\x94\x80\xe2\x94\x80\xe2\x94\x80\xe2\x94\x80\xe2\x94\x80\xe2\x94\x80\xe2\x94\x80\xe2\x94\x80\xe2\x94\x80 */\n        .flash-container { padding: 0.5rem 0; }\n        .alert-cq {\n            border-left: 4px solid; border-radius: 0 var(--cq-radius) var(--cq-radius) 0;\n            background: var(--cq-navy-mid); color: var(--cq-text);\n            border-top: none; border-right: none; border-bottom: none;\n            font-weight: 500;\n        }\n        .alert-cq.alert-success { border-color: var(--cq-green); }\n        .alert-cq.alert-danger  { border-color: var(--cq-red); }\n        .alert-cq.alert-info    { border-color: var(--cq-cyan); }\n        .alert-cq.alert-warning { border-color: var(--cq-yellow); }\n\n        /* \xe2\x94\x80\xe2\x94\x80 Dark Cards \xe2\x94\x80\xe2\x94\x80\xe2\x94\x80\xe2\x94\x80\xe2\x94\x80\xe2\x94\x80\xe2\x94\x80\xe2\x94\x80\xe2\x94\x80\xe2\x94\x80\xe2\x94\x80\xe2\x94\x80\xe2\x94\x80\xe2\x94\x80\xe2\x94\x80\xe2\x94\x80\xe2\x94\x80\xe2\x94\x80\xe2\x94\x80\xe2\x94\x80\xe2\x94\x80\xe2\x94\x80\xe2\x94\x80\xe2\x94\x80\xe2\x94\x80\xe2\x94\x80\xe2\x94\x80\xe2\x94\x80\xe2\x94\x80\xe2\x94\x80\xe2\x94\x80\xe2\x94\x80\xe2\x94\x80\xe2\x94\x80\xe2\x94\x80\xe2\x94\x80\xe2\x94\x80\xe2\x94\x80\xe2\x94\x80\xe2\x94\x80\xe2\x94\x80\xe2\x94\x80\xe2\x94\x80\xe2\x94\x80\xe2\x94\x80\xe2\x94\x80\xe2\x94\x80\xe2\x94\x80\xe2\x94\x80\xe2\x94\x80 */\n        .card-cq {\n            background: var(--cq-navy-mid);\n            border: 1px solid var(--cq-border);\n            border-radius: var(--cq-radius);\n            color: var(--cq-text);\n            box-shadow: var(--cq-shadow);\n        }\n        .card-cq .card-header {\n            background: var(--cq-navy-light);\n            border-bottom: 1px solid var(--cq-border);\n            color: var(--cq-text);\n            border-radius: var(--cq-radius) var(--cq-radius) 0 0;\n        }\n\n        /* \xe2\x94\x80\xe2\x94\x80 Dark Tables \xe2\x94\x80\xe2\x94\x80\xe2\x94\x80\xe2\x94\x80\xe2\x94\x80\xe2\x94\x80\xe2\x94\x80\xe2\x94\x80\xe2\x94\x80\xe2\x94\x80\xe2\x94\x80\xe2\x94\x80\xe2\x94\x80\xe2\x94\x80\xe2\x94\x80\xe2\x94\x80\xe2\x94\x80\xe2\x94\x80\xe2\x94\x80\xe2\x94\x80\xe2\x94\x80\xe2\x94\x80\xe2\x94\x80\xe2\x94\x80\xe2\x94\x80\xe2\x94\x80\xe2\x94\x80\xe2\x94\x80\xe2\x94\x80\xe2\x94\x80\xe2\x94\x80\xe2\x94\x80\xe2\x94\x80\xe2\x94\x80\xe2\x94\x80\xe2\x94\x80\xe2\x94\x80\xe2\x94\x80\xe2\x94\x80\xe2\x94\x80\xe2\x94\x80\xe2\x94\x80\xe2\x94\x80\xe2\x94\x80\xe2\x94\x80\xe2\x94\x80\xe2\x94\x80\xe2\x94\x80\xe2\x94\x80 */\n        .table-cq { color: var(--cq-text); }\n        .table-cq thead th {\n            background: var(--cq-navy-light);\n            color: var(--cq-cyan);\n            border-color: var(--cq-border);\n            font-family: var(--font-heading);\n            font-size: 0.8rem;\n            letter-spacing: 1px;\n        }\n        .table-cq tbody tr {\n            border-color: var(--cq-border);\n        }\n        .table-cq tbody tr:hover {\n            background: rgba(0,180,216,0.05);\n        }\n        .table-cq td, .table-cq th {\n            border-color: var(--cq-border);\n            vertical-align: middle;\n        }\n\n        /* \xe2\x94\x80\xe2\x94\x80 Dark Forms \xe2\x94\x80\xe2\x94\x80\xe2\x94\x80\xe2\x94\x80\xe2\x94\x80\xe2\x94\x80\xe2\x94\x80\xe2\x94\x80\xe2\x94\x80\xe2\x94\x80\xe2\x94\x80\xe2\x94\x80\xe2\x94\x80\xe2\x94\x80\xe2\x94\x80\xe2\x94\x80\xe2\x94\x80\xe2\x94\x80\xe2\x94\x80\xe2\x94\x80\xe2\x94\x80\xe2\x94\x80\xe2\x94\x80\xe2\x94\x80\xe2\x94\x80\xe2\x94\x80\xe2\x94\x80\xe2\x94\x80\xe2\x94\x80\xe2\x94\x80\xe2\x94\x80\xe2\x94\x80\xe2\x94\x80\xe2\x94\x80\xe2\x94\x80\xe2\x94\x80\xe2\x94\x80\xe2\x94\x80\xe2\x94\x80\xe2\x94\x80\xe2\x94\x80\xe2\x94\x80\xe2\x94\x80\xe2\x94\x80\xe2\x94\x80\xe2\x94\x80\xe2\x94\x80\xe2\x94\x80\xe2\x94\x80\xe2\x94\x80 */\n        .form-control-cq, .form-select-cq {\n            background: var(--cq-navy-light);\n            border: 1px solid var(--cq-border);\n            color: var(--cq-text);\n            border-radius: 8px;\n        }\n        .form-control-cq:focus, .form-select-cq:focus {\n            background: var(--cq-navy-light);\n            border-color: var(--cq-cyan);\n            color: var(--cq-text);\n            box-shadow: 0 0 0 3px rgba(0,180,216,0.2);\n        }\n        .form-control-cq::placeholder { color: var(--cq-text-muted); }\n\n        /* \xe2\x94\x80\xe2\x94\x80 CyberQuest Buttons \xe2\x94\x80\xe2\x94\x80\xe2\x94\x80\xe2\x94\x80\xe2\x94\x80\xe2\x94\x80\xe2\x94\x80\xe2\x94\x80\xe2\x94\x80\xe2\x94\x80\xe2\x94\x80\xe2\x94\x80\xe2\x94\x80\xe2\x94\x80\xe2\x94\x80\xe2\x94\x80\xe2\x94\x80\xe2\x94\x80\xe2\x94\x80\xe2\x94\x80\xe2\x94\x80\xe2\x94\x80\xe2\x94\x80\xe2\x94\x80\xe2\x94\x80\xe2\x94\x80\xe2\x94\x80\xe2\x94\x80\xe2\x94\x80\xe2\x94\x80\xe2\x94\x80\xe2\x94\x80\xe2\x94\x80\xe2\x94\x80\xe2\x94\x80\xe2\x94\x80\xe2\x94\x80\xe2\x94\x80\xe2\x94\x80\xe2\x94\x80\xe2\x94\x80\xe2\x94\x80 */\n        .btn-cq-primary {\n            background: var(--cq-cyan); color: var(--cq-navy);\n            border: none; font-weight: 700; border-radius: 8px;\n            font-family: var(--font-body); letter-spacing: 0.5px;\n            transition: all 0.2s;\n        }\n        .btn-cq-primary:hover {\n            background: var(--cq-cyan-glow);\n            box-shadow: 0 4px 16px rgba(0,180,216,0.4);\n        }\n        .btn-cq-outline {\n            border: 1px solid var(--cq-cyan); color: var(--cq-cyan);\n            background: transparent; border-radius: 8px;\n            font-weight: 600; transition: all 0.2s;\n        }\n        .btn-cq-outline:hover {\n            background: rgba(0,180,216,0.12); color: var(--cq-cyan-glow);\n        }\n        .btn-cq-danger {\n            border: 1px solid var(--cq-red); color: var(--cq-red);\n            background: transparent; border-radius: 8px;\n            font-weight: 600; transition: all 0.2s;\n        }\n        .btn-cq-danger:hover { background: rgba(255,77,109,0.12); }\n\n        /* \xe2\x94\x80\xe2\x94\x80 Badges / Pills \xe2\x94\x80\xe2\x94\x80\xe2\x94\x80\xe2\x94\x80\xe2\x94\x80\xe2\x94\x80\xe2\x94\x80\xe2\x94\x80\xe2\x94\x80\xe2\x94\x80\xe2\x94\x80\xe2\x94\x80\xe2\x94\x80\xe2\x94\x80\xe2\x94\x80\xe2\x94\x80\xe2\x94\x80\xe2\x94\x80\xe2\x94\x80\xe2\x94\x80\xe2\x94\x80\xe2\x94\x80\xe2\x94\x80\xe2\x94\x80\xe2\x94\x80\xe2\x94\x80\xe2\x94\x80\xe2\x94\x80\xe2\x94\x80\xe2\x94\x80\xe2\x94\x80\xe2\x94\x80\xe2\x94\x80\xe2\x94\x80\xe2\x94\x80\xe2\x94\x80\xe2\x94\x80\xe2\x94\x80\xe2\x94\x80\xe2\x94\x80\xe2\x94\x80\xe2\x94\x80\xe2\x94\x80\xe2\x94\x80\xe2\x94\x80\xe2\x94\x80 */\n        .badge-cq-cyan {\n            background: rgba(0,180,216,0.15);\n            color: var(--cq-cyan);\n            border: 1px solid var(--cq-border);\n            border-radius: 20px; padding: 0.3rem 0.8rem;\n            font-size: 0.8rem; font-weight: 600;\n        }\n        .badge-cq-gold {\n            background: rgba(255,214,10,0.15);\n            color: var(--cq-yellow);\n            border: 1px solid rgba(255,214,10,0.3);\n            border-radius: 20px; padding: 0.3rem 0.8rem;\n            font-size: 0.8rem; font-weight: 600;\n        }\n\n        /* \xe2\x94\x80\xe2\x94\x80 Progress bars \xe2\x94\x80\xe2\x94\x80\xe2\x94\x80\xe2\x94\x80\xe2\x94\x80\xe2\x94\x80\xe2\x94\x80\xe2\x94\x80\xe2\x94\x80\xe2\x94\x80\xe2\x94\x80\xe2\x94\x80\xe2\x94\x80\xe2\x94\x80\xe2\x94\x80\xe2\x94\x80\xe2\x94\x80\xe2\x94\x80\xe2\x94\x80\xe2\x94\x80\xe2\x94\x80\xe2\x94\x80\xe2\x94\x80\xe2\x94\x80\xe2\x94\x80\xe2\x94\x80\xe2\x94\x80\xe2\x94\x80\xe2\x94\x80\xe2\x94\x80\xe2\x94\x80\xe2\x94\x80\xe2\x94\x80\xe2\x94\x80\xe2\x94\x80\xe2\x94\x80\xe2\x94\x80\xe2\x94\x80\xe2\x94\x80\xe2\x94\x80\xe2\x94\x80\xe2\x94\x80\xe2\x94\x80\xe2\x94\x80\xe2\x94\x80\xe2\x94\x80\xe2\x94\x80 */\n        .progress-cq {\n            background: var(--cq-navy-light);\n            border-radius: 10px; height: 8px;\n        }\n        .progress-cq .progress-bar {\n            background: linear-gradient(90deg, var(--cq-cyan), var(--cq-green));\n            border-radius: 10px;\n        }\n\n        /* \xe2\x94\x80\xe2\x94\x80 Stat Cards \xe2\x94\x80\xe2\x94\x80\xe2\x94\x80\xe2\x94\x80\xe2\x94\x80\xe2\x94\x80\xe2\x94\x80\xe2\x94\x80\xe2\x94\x80\xe2\x94\x80\xe2\x94\x80\xe2\x94\x80\xe2\x94\x80\xe2\x94\x80\xe2\x94\x80\xe2\x94\x80\xe2\x94\x80\xe2\x94\x80\xe2\x94\x80\xe2\x94\x80\xe2\x94\x80\xe2\x94\x80\xe2\x94\x80\xe2\x94\x80\xe2\x94\x80\xe2\x94\x80\xe2\x94\x80\xe2\x94\x80\xe2\x94\x80\xe2\x94\x80\xe2\x94\x80\xe2\x94\x80\xe2\x94\x80\xe2\x94\x80\xe2\x94\x80\xe2\x94\x80\xe2\x94\x80\xe2\x94\x80\xe2\x94\x80\xe2\x94\x80\xe2\x94\x80\xe2\x94\x80\xe2\x94\x80\xe2\x94\x80\xe2\x94\x80\xe2\x94\x80\xe2\x94\x80\xe2\x94\x80\xe2\x94\x80\xe2\x94\x80 */\n        .stat-card {\n            background: var(--cq-navy-mid);\n            border: 1px solid var(--cq-border);\n            border-radius: var(--cq-radius);\n            padding: 1.5rem 1rem;\n            text-align: center;\n            transition: border-color 0.2s, transform 0.2s;\n        }\n        .stat-card:hover {\n            border-color: var(--cq-cyan);\n            transform: translateY(-2px);\n        }\n        .stat-card .stat-number {\n            font-family: var(--font-heading); font-size: 2rem;\n            font-weight: 800;\n        }\n        .stat-card .stat-label { color: var(--cq-text-muted); font-size: 0.85rem; }\n\n        /* \xe2\x94\x80\xe2\x94\x80 Footer \xe2\x94\x80\xe2\x94\x80\xe2\x94\x80\xe2\x94\x80\xe2\x94\x80\xe2\x94\x80\xe2\x94\x80\xe2\x94\x80\xe2\x94\x80\xe2\x94\x80\xe2\x94\x80\xe2\x94\x80\xe2\x94\x80\xe2\x94\x80\xe2\x94\x80\xe2\x94\x80\xe2\x94\x80\xe2\x94\x80\xe2\x94\x80\xe2\x94\x80\xe2\x94\x80\xe2\x94\x80\xe2\x94\x80\xe2\x94\x80\xe2\x94\x80\xe2\x94\x80\xe2\x94\x80\xe2\x94\x80\xe2\x94\x80\xe2\x94\x80\xe2\x94\x80\xe2\x94\x80\xe2\x94\x80\xe2\x94\x80\xe2\x94\x80\xe2\x94\x80\xe2\x94\x80\xe2\x94\x80\xe2\x94\x80\xe2\x94\x80\xe2\x94\x80\xe2\x94\x80\xe2\x94\x80\xe2\x94\x80\xe2\x94\x80\xe2\x94\x80\xe2\x94\x80\xe2\x94\x80\xe2\x94\x80\xe2\x94\x80\xe2\x94\x80\xe2\x94\x80\xe2\x94\x80\xe2\x94\x80 */\n        .footer-cq {\n            background: var(--cq-navy-mid);\n            border-top: 1px solid var(--cq-border);\n            padding: 1.5rem 0;\n            margin-top: auto;\n        }\n        .footer-brand {\n            font-family: var(--font-heading); font-weight: 800;\n            color: var(--cq-cyan); font-size: 1rem; letter-spacing: 2px;\n        }\n        .footer-text { color: var(--cq-text-muted); font-size: 0.85rem; }\n        .footer-team { color: var(--cq-cyan); font-size: 0.85rem; font-weight: 600; }\n\n        /* \xe2\x94\x80\xe2\x94\x80 Scrollbar \xe2\x94\x80\xe2\x94\x80\xe2\x94\x80\xe2\x94\x80\xe2\x94\x80\xe2\x94\x80\xe2\x94\x80\xe2\x94\x80\xe2\x94\x80\xe2\x94\x80\xe2\x94\x80\xe2\x94\x80\xe2\x94\x80\xe2\x94\x80\xe2\x94\x80\xe2\x94\x80\xe2\x94\x80\xe2\x94\x80\xe2\x94\x80\xe2\x94\x80\xe2\x94\x80\xe2\x94\x80\xe2\x94\x80\xe2\x94\x80\xe2\x94\x80\xe2\x94\x80\xe2\x94\x80\xe2\x94\x80\xe2\x94\x80\xe2\x94\x80\xe2\x94\x80\xe2\x94\x80\xe2\x94\x80\xe2\x94\x80\xe2\x94\x80\xe2\x94\x80\xe2\x94\x80\xe2\x94\x80\xe2\x94\x80\xe2\x94\x80\xe2\x94\x80\xe2\x94\x80\xe2\x94\x80\xe2\x94\x80\xe2\x94\x80\xe2\x94\x80\xe2\x94\x80\xe2\x94\x80\xe2\x94\x80\xe2\x94\x80\xe2\x94\x80 */\n        ::-webkit-scrollbar { width: 6px; }\n        ::-webkit-scrollbar-track { background: var(--cq-navy); }\n        ::-webkit-scrollbar-thumb { background: var(--cq-navy-light); border-radius: 3px; }\n        ::-webkit-scrollbar-thumb:hover { background: var(--cq-cyan); }\n    </style>\n\n    \n</head>\n\n<body>\n\n<!-- \xe2\x94\x80\xe2\x94\x80 Navbar \xe2\x94\x80\xe2\x94\x80\xe2\x94\x80\xe2\x94\x80\xe2\x94\x80\xe2\x94\x80\xe2\x94\x80\xe2\x94\x80\xe2\x94\x80\xe2\x94\x80\xe2\x94\x80\xe2\x94\x80\xe2\x94\x80\xe2\x94\x80\xe2\x94\x80\xe2\x94\x80\xe2\x94\x80\xe2\x94\x80\xe2\x94\x80\xe2\x94\x80\xe2\x94\x80\xe2\x94\x80\xe2\x94\x80\xe2\x94\x80\xe2\x94\x80\xe2\x94\x80\xe2\x94\x80\xe2\x94\x80\xe2\x94\x80\xe2\x94\x80\xe2\x94\x80\xe2\x94\x80\xe2\x94\x80\xe2\x94\x80\xe2\x94\x80\xe2\x94\x80\xe2\x94\x80\xe2\x94\x80\xe2\x94\x80\xe2\x94\x80\xe2\x94\x80\xe2\x94\x80\xe2\x94\x80\xe2\x94\x80\xe2\x94\x80\xe2\x94\x80\xe2\x94\x80\xe2\x94\x80\xe2\x94\x80\xe2\x94\x80\xe2\x94\x80\xe2\x94\x80\xe2\x94\x80\xe2\x94\x80\xe2\x94\x80\xe2\x94\x80\xe2\x94\x80\xe2\x94\x80\xe2\x94\x80\xe2\x94\x80\xe2\x94\x80 -->\n<nav class="navbar navbar-expand-lg navbar-cyberquest">\n    <div class="container">\n        <!-- Fixed: use auth.login instead of non-existent \'home\' route -->\n        <a class="navbar-brand-cq"\n           href="/">\n            <i class="bi bi-shield-fill-check brand-icon"></i>\n            CYBER<span style="color:#fff;">QUEST</span>\n        </a>\n\n        <button class="navbar-toggler" type="button"\n                data-bs-toggle="collapse" data-bs-target="#navbarMain">\n            <span class="navbar-toggler-icon"></span>\n        </button>\n\n        <div class="collapse navbar-collapse" id="navbarMain">\n            \n            <ul class="navbar-nav me-auto mb-2 mb-lg-0"></ul>\n            \n\n            <div class="d-flex align-items-center gap-2">\n                \n                    <a href="/" class="btn-nav-login btn">\n                        <i class="bi bi-box-arrow-in-right me-1"></i> Login\n                    </a>\n                    <a href="/register" class="btn-nav-register btn">\n                        Register\n                    </a>\n                \n            </div>\n        </div>\n    </div>\n</nav>\n\n<!-- \xe2\x94\x80\xe2\x94\x80 Flash Messages (handled once here, not in child templates) \xe2\x94\x80\xe2\x94\x80\xe2\x94\x80\xe2\x94\x80\xe2\x94\x80\xe2\x94\x80\xe2\x94\x80\xe2\x94\x80\xe2\x94\x80\xe2\x94\x80 -->\n<div class="flash-container">\n    <div class="container">\n        \n            \n                \n                <div class="alert alert-cq alert-warning alert-dismissible fade show mt-2" role="alert">\n                    <i class="bi bi-exclamation-circle-fill me-2" style="color:var(--cq-yellow)"></i>\n                    \n                    Please log in to access this page.\n                    <button type="button" class="btn-close btn-close-white"\n                            data-bs-dismiss="alert"></button>\n                </div>\n                \n            \n        \n    </div>\n</div>\n\n<!-- \xe2\x94\x80\xe2\x94\x80 Main Content \xe2\x94\x80\xe2\x94\x80\xe2\x94\x80\xe2\x94\x80\xe2\x94\x80\xe2\x94\x80\xe2\x94\x80\xe2\x94\x80\xe2\x94\x80\xe2\x94\x80\xe2\x94\x80\xe2\x94\x80\xe2\x94\x80\xe2\x94\x80\xe2\x94\x80\xe2\x94\x80\xe2\x94\x80\xe2\x94\x80\xe2\x94\x80\xe2\x94\x80\xe2\x94\x80\xe2\x94\x80\xe2\x94\x80\xe2\x94\x80\xe2\x94\x80\xe2\x94\x80\xe2\x94\x80\xe2\x94\x80\xe2\x94\x80\xe2\x94\x80\xe2\x94\x80\xe2\x94\x80\xe2\x94\x80\xe2\x94\x80\xe2\x94\x80\xe2\x94\x80\xe2\x94\x80\xe2\x94\x80\xe2\x94\x80\xe2\x94\x80\xe2\x94\x80\xe2\x94\x80\xe2\x94\x80\xe2\x94\x80\xe2\x94\x80\xe2\x94\x80\xe2\x94\x80\xe2\x94\x80\xe2\x94\x80\xe2\x94\x80\xe2\x94\x80\xe2\x94\x80\xe2\x94\x80\xe2\x94\x80\xe2\x94\x80\xe2\x94\x80 -->\n<main>\n    \n<div class="row justify-content-center mt-5">\n  <div class="col-md-5 col-lg-4">\n\n    <div class="card shadow-sm border-0">\n      <div class="card-body p-4">\n\n        <!-- Header -->\n        <div class="text-center mb-4">\n          <span style="font-size:2.5rem;">\xf0\x9f\x9b\xa1\xef\xb8\x8f</span>\n          <h3 class="fw-bold mt-2 mb-0">CyberQuest</h3>\n          <p class="text-muted small">Sign in to continue</p>\n        </div>\n\n        <!-- Flash messages -->\n        \n          \n            <div class="alert alert-warning alert-dismissible fade show py-2" role="alert">\n              Please log in to access this page.\n              <button type="button" class="btn-close" data-bs-dismiss="alert"></button>\n            </div>\n          \n        \n\n        <!-- Login form -->\n        <form method="POST" action="/" novalidate>\n          <div class="mb-3">\n            <label for="email" class="form-label fw-semibold">Email address</label>\n            <input type="email" class="form-control" id="email" name="email"\n                   placeholder="you@example.com" required autocomplete="email">\n          </div>\n\n          <div class="mb-3">\n            <label for="password" class="form-label fw-semibold">Password</label>\n            <div class="input-group">\n              <input type="password" class="form-control" id="password" name="password"\n                     placeholder="Your password" required autocomplete="current-password">\n              <button class="btn btn-outline-secondary" type="button" id="togglePw"\n                      title="Show/hide password">\n                <i class="bi bi-eye" id="eyeIcon"></i>\n              </button>\n            </div>\n          </div>\n\n          <div class="d-grid mt-4">\n            <button type="submit" class="btn btn-primary btn-lg fw-semibold">\n              Sign In\n            </button>\n          </div>\n        </form>\n\n        <hr class="my-4">\n\n        <p class="text-center mb-0 small">\n          Don\'t have an account?\n          <a href="/register" class="text-decoration-none fw-semibold">\n            Register here\n          </a>\n        </p>\n\n      </div>\n    </div>\n\n    <!-- Demo accounts hint -->\n    <div class="card mt-3 border-0 bg-light">\n      <div class="card-body py-2 px-3">\n        <p class="mb-1 small fw-semibold text-muted">\xe2\x9a\xa0\xef\xb8\x8f Demo Accounts</p>\n        <p class="mb-0 small text-muted">\n          Student: <code>student@demo.com</code> / <code>Test1234!</code><br>\n          Teacher: <code>teacher@demo.com</code> / <code>Admin1234!</code>\n        </p>\n      </div>\n    </div>\n\n  </div>\n</div>\n\n<script>\n  // Toggle password visibility\n  document.getElementById(\'togglePw\').addEventListener(\'click\', function () {\n    const pwField = document.getElementById(\'password\');\n    const icon    = document.getElementById(\'eyeIcon\');\n    if (pwField.type === \'password\') {\n      pwField.type = \'text\';\n      icon.className = \'bi bi-eye-slash\';\n    } else {\n      pwField.type = \'password\';\n      icon.className = \'bi bi-eye\';\n    }\n  });\n</script>\n\n</main>\n\n<!-- \xe2\x94\x80\xe2\x94\x80 Footer \xe2\x94\x80\xe2\x94\x80\xe2\x94\x80\xe2\x94\x80\xe2\x94\x80\xe2\x94\x80\xe2\x94\x80\xe2\x94\x80\xe2\x94\x80\xe2\x94\x80\xe2\x94\x80\xe2\x94\x80\xe2\x94\x80\xe2\x94\x80\xe2\x94\x80\xe2\x94\x80\xe2\x94\x80\xe2\x94\x80\xe2\x94\x80\xe2\x94\x80\xe2\x94\x80\xe2\x94\x80\xe2\x94\x80\xe2\x94\x80\xe2\x94\x80\xe2\x94\x80\xe2\x94\x80\xe2\x94\x80\xe2\x94\x80\xe2\x94\x80\xe2\x94\x80\xe2\x94\x80\xe2\x94\x80\xe2\x94\x80\xe2\x94\x80\xe2\x94\x80\xe2\x94\x80\xe2\x94\x80\xe2\x94\x80\xe2\x94\x80\xe2\x94\x80\xe2\x94\x80\xe2\x94\x80\xe2\x94\x80\xe2\x94\x80\xe2\x94\x80\xe2\x94\x80\xe2\x94\x80\xe2\x94\x80\xe2\x94\x80\xe2\x94\x80\xe2\x94\x80\xe2\x94\x80\xe2\x94\x80\xe2\x94\x80\xe2\x94\x80\xe2\x94\x80\xe2\x94\x80\xe2\x94\x80\xe2\x94\x80\xe2\x94\x80 -->\n<footer class="footer-cq">\n    <div class="container">\n        <div class="row align-items-center">\n            <div class="col-md-3 mb-2 mb-md-0">\n                <div class="footer-brand"><i class="bi bi-shield-fill-check me-2"></i>CYBERQUEST</div>\n                <div class="footer-text">Cybersecurity Awareness Game</div>\n            </div>\n            <div class="col-md-5 mb-2 mb-md-0">\n                <div class="footer-text">\n                    <i class="bi bi-mortarboard-fill me-1"></i>\n                    ICT932 \xe2\x80\x94 Cybersecurity Testing and Assurance<br>\n                    Crown Institute of Higher Education (CIHE) \xc2\xa9 2026\n                </div>\n            </div>\n            <div class="col-md-4 text-md-end">\n                <div class="footer-team">\n                    Prashan Manandhar | Raju Kshetri | Pramesh Silwal | Susanta Dhakal\n                </div>\n            </div>\n        </div>\n    </div>\n</footer>\n\n<script src="https://cdn.jsdelivr.net/npm/bootstrap@5.3.0/dist/js/bootstrap.bundle.min.js"></script>\n\n\n</body>\n</html>' or b'special' in b'<!DOCTYPE html>\n<!--\n    base.html \xe2\x80\x94 Shared base template for CyberQuest\n    Authors: Susanta Dhakal (CIHE250321) & Pramesh Silwal (CIHE241339)\n    Fixed: Prashan Manandhar (CIHE241182) \xe2\x80\x94 removed broken url_for(\'home\')\n-->\n<html lang="en">\n<head>\n    <meta charset="UTF-8">\n    <meta name="viewport" content="width=device-width, initial-scale=1.0">\n    <meta name="description" content="CyberQuest \xe2\x80\x94 Cybersecurity Awareness Game for ICT932 CIHE">\n    <title>Login \xe2\x80\x94 CyberQuest | ICT932</title>\n\n    <!-- Bootstrap 5 CSS -->\n    <link href="https://cdn.jsdelivr.net/npm/bootstrap@5.3.0/dist/css/bootstrap.min.css" rel="stylesheet">\n    <!-- Bootstrap Icons -->\n    <link href="https://cdn.jsdelivr.net/npm/bootstrap-icons@1.11.0/font/bootstrap-icons.css" rel="stylesheet">\n    <!-- Google Fonts -->\n    <link href="https://fonts.googleapis.com/css2?family=Orbitron:wght@400;600;800&family=Rajdhani:wght@300;400;500;600&display=swap" rel="stylesheet">\n\n    <style>\n        /* \xe2\x94\x80\xe2\x94\x80 Design Tokens \xe2\x94\x80\xe2\x94\x80\xe2\x94\x80\xe2\x94\x80\xe2\x94\x80\xe2\x94\x80\xe2\x94\x80\xe2\x94\x80\xe2\x94\x80\xe2\x94\x80\xe2\x94\x80\xe2\x94\x80\xe2\x94\x80\xe2\x94\x80\xe2\x94\x80\xe2\x94\x80\xe2\x94\x80\xe2\x94\x80\xe2\x94\x80\xe2\x94\x80\xe2\x94\x80\xe2\x94\x80\xe2\x94\x80\xe2\x94\x80\xe2\x94\x80\xe2\x94\x80\xe2\x94\x80\xe2\x94\x80\xe2\x94\x80\xe2\x94\x80\xe2\x94\x80\xe2\x94\x80\xe2\x94\x80\xe2\x94\x80\xe2\x94\x80\xe2\x94\x80\xe2\x94\x80\xe2\x94\x80\xe2\x94\x80\xe2\x94\x80\xe2\x94\x80\xe2\x94\x80\xe2\x94\x80\xe2\x94\x80\xe2\x94\x80\xe2\x94\x80\xe2\x94\x80 */\n        :root {\n            --cq-navy:      #0D1B2A;\n            --cq-navy-mid:  #112233;\n            --cq-navy-light:#1A2E42;\n            --cq-cyan:      #00B4D8;\n            --cq-cyan-glow: #00D4FF;\n            --cq-green:     #00E676;\n            --cq-red:       #FF4D6D;\n            --cq-yellow:    #FFD60A;\n            --cq-text:      #E0EAF4;\n            --cq-text-muted:#7A9BB5;\n            --cq-border:    rgba(0, 180, 216, 0.2);\n            --cq-shadow:    0 4px 24px rgba(0, 180, 216, 0.12);\n            --cq-radius:    12px;\n            --font-heading: \'Orbitron\', monospace;\n            --font-body:    \'Rajdhani\', sans-serif;\n        }\n\n        *, *::before, *::after { box-sizing: border-box; }\n        html { scroll-behavior: smooth; }\n\n        body {\n            background-color: var(--cq-navy);\n            color: var(--cq-text);\n            font-family: var(--font-body);\n            font-size: 1.05rem;\n            min-height: 100vh;\n            display: flex;\n            flex-direction: column;\n        }\n\n        h1,h2,h3,h4,h5,h6 { font-family: var(--font-heading); }\n        main { flex: 1; }\n\n        /* \xe2\x94\x80\xe2\x94\x80 Navbar \xe2\x94\x80\xe2\x94\x80\xe2\x94\x80\xe2\x94\x80\xe2\x94\x80\xe2\x94\x80\xe2\x94\x80\xe2\x94\x80\xe2\x94\x80\xe2\x94\x80\xe2\x94\x80\xe2\x94\x80\xe2\x94\x80\xe2\x94\x80\xe2\x94\x80\xe2\x94\x80\xe2\x94\x80\xe2\x94\x80\xe2\x94\x80\xe2\x94\x80\xe2\x94\x80\xe2\x94\x80\xe2\x94\x80\xe2\x94\x80\xe2\x94\x80\xe2\x94\x80\xe2\x94\x80\xe2\x94\x80\xe2\x94\x80\xe2\x94\x80\xe2\x94\x80\xe2\x94\x80\xe2\x94\x80\xe2\x94\x80\xe2\x94\x80\xe2\x94\x80\xe2\x94\x80\xe2\x94\x80\xe2\x94\x80\xe2\x94\x80\xe2\x94\x80\xe2\x94\x80\xe2\x94\x80\xe2\x94\x80\xe2\x94\x80\xe2\x94\x80\xe2\x94\x80\xe2\x94\x80\xe2\x94\x80\xe2\x94\x80\xe2\x94\x80\xe2\x94\x80\xe2\x94\x80\xe2\x94\x80 */\n        .navbar-cyberquest {\n            background: rgba(13,27,42,0.97);\n            border-bottom: 1px solid var(--cq-border);\n            backdrop-filter: blur(10px);\n            padding: 0.75rem 0;\n            position: sticky; top: 0; z-index: 1000;\n        }\n        .navbar-brand-cq {\n            font-family: var(--font-heading); font-weight: 800;\n            font-size: 1.35rem; color: var(--cq-cyan) !important;\n            text-decoration: none; letter-spacing: 2px;\n            display: flex; align-items: center; gap: 0.5rem;\n        }\n        .navbar-brand-cq .brand-icon {\n            color: var(--cq-cyan-glow); font-size: 1.5rem;\n            filter: drop-shadow(0 0 6px var(--cq-cyan));\n        }\n        .navbar-brand-cq:hover { color: var(--cq-cyan-glow) !important; }\n        .nav-link-cq {\n            color: var(--cq-text-muted) !important;\n            font-family: var(--font-body); font-weight: 500;\n            font-size: 0.95rem; letter-spacing: 0.5px;\n            padding: 0.5rem 0.85rem !important;\n            border-radius: 6px;\n            transition: color 0.2s, background 0.2s;\n        }\n        .nav-link-cq:hover, .nav-link-cq.active {\n            color: var(--cq-cyan) !important;\n            background: rgba(0,180,216,0.08);\n        }\n        .btn-nav-login {\n            border: 1px solid var(--cq-cyan); color: var(--cq-cyan);\n            background: transparent; border-radius: 6px;\n            padding: 0.4rem 1rem; font-weight: 600; font-size: 0.9rem;\n            transition: all 0.2s;\n        }\n        .btn-nav-login:hover {\n            background: rgba(0,180,216,0.15); color: var(--cq-cyan-glow);\n        }\n        .btn-nav-register {\n            background: var(--cq-cyan); color: var(--cq-navy);\n            border: none; border-radius: 6px;\n            padding: 0.4rem 1rem; font-weight: 700; font-size: 0.9rem;\n            transition: all 0.2s;\n        }\n        .btn-nav-register:hover {\n            background: var(--cq-cyan-glow);\n            box-shadow: 0 4px 12px rgba(0,180,216,0.35);\n        }\n        .navbar-username { color: var(--cq-text-muted); font-size: 0.85rem; }\n        .navbar-username strong { color: var(--cq-cyan); }\n        .navbar-toggler { border-color: var(--cq-border); }\n        .navbar-toggler-icon { filter: invert(60%) sepia(80%) saturate(400%) hue-rotate(165deg); }\n\n        /* \xe2\x94\x80\xe2\x94\x80 Flash Messages \xe2\x94\x80\xe2\x94\x80\xe2\x94\x80\xe2\x94\x80\xe2\x94\x80\xe2\x94\x80\xe2\x94\x80\xe2\x94\x80\xe2\x94\x80\xe2\x94\x80\xe2\x94\x80\xe2\x94\x80\xe2\x94\x80\xe2\x94\x80\xe2\x94\x80\xe2\x94\x80\xe2\x94\x80\xe2\x94\x80\xe2\x94\x80\xe2\x94\x80\xe2\x94\x80\xe2\x94\x80\xe2\x94\x80\xe2\x94\x80\xe2\x94\x80\xe2\x94\x80\xe2\x94\x80\xe2\x94\x80\xe2\x94\x80\xe2\x94\x80\xe2\x94\x80\xe2\x94\x80\xe2\x94\x80\xe2\x94\x80\xe2\x94\x80\xe2\x94\x80\xe2\x94\x80\xe2\x94\x80\xe2\x94\x80\xe2\x94\x80\xe2\x94\x80\xe2\x94\x80\xe2\x94\x80\xe2\x94\x80\xe2\x94\x80\xe2\x94\x80 */\n        .flash-container { padding: 0.5rem 0; }\n        .alert-cq {\n            border-left: 4px solid; border-radius: 0 var(--cq-radius) var(--cq-radius) 0;\n            background: var(--cq-navy-mid); color: var(--cq-text);\n            border-top: none; border-right: none; border-bottom: none;\n            font-weight: 500;\n        }\n        .alert-cq.alert-success { border-color: var(--cq-green); }\n        .alert-cq.alert-danger  { border-color: var(--cq-red); }\n        .alert-cq.alert-info    { border-color: var(--cq-cyan); }\n        .alert-cq.alert-warning { border-color: var(--cq-yellow); }\n\n        /* \xe2\x94\x80\xe2\x94\x80 Dark Cards \xe2\x94\x80\xe2\x94\x80\xe2\x94\x80\xe2\x94\x80\xe2\x94\x80\xe2\x94\x80\xe2\x94\x80\xe2\x94\x80\xe2\x94\x80\xe2\x94\x80\xe2\x94\x80\xe2\x94\x80\xe2\x94\x80\xe2\x94\x80\xe2\x94\x80\xe2\x94\x80\xe2\x94\x80\xe2\x94\x80\xe2\x94\x80\xe2\x94\x80\xe2\x94\x80\xe2\x94\x80\xe2\x94\x80\xe2\x94\x80\xe2\x94\x80\xe2\x94\x80\xe2\x94\x80\xe2\x94\x80\xe2\x94\x80\xe2\x94\x80\xe2\x94\x80\xe2\x94\x80\xe2\x94\x80\xe2\x94\x80\xe2\x94\x80\xe2\x94\x80\xe2\x94\x80\xe2\x94\x80\xe2\x94\x80\xe2\x94\x80\xe2\x94\x80\xe2\x94\x80\xe2\x94\x80\xe2\x94\x80\xe2\x94\x80\xe2\x94\x80\xe2\x94\x80\xe2\x94\x80\xe2\x94\x80\xe2\x94\x80 */\n        .card-cq {\n            background: var(--cq-navy-mid);\n            border: 1px solid var(--cq-border);\n            border-radius: var(--cq-radius);\n            color: var(--cq-text);\n            box-shadow: var(--cq-shadow);\n        }\n        .card-cq .card-header {\n            background: var(--cq-navy-light);\n            border-bottom: 1px solid var(--cq-border);\n            color: var(--cq-text);\n            border-radius: var(--cq-radius) var(--cq-radius) 0 0;\n        }\n\n        /* \xe2\x94\x80\xe2\x94\x80 Dark Tables \xe2\x94\x80\xe2\x94\x80\xe2\x94\x80\xe2\x94\x80\xe2\x94\x80\xe2\x94\x80\xe2\x94\x80\xe2\x94\x80\xe2\x94\x80\xe2\x94\x80\xe2\x94\x80\xe2\x94\x80\xe2\x94\x80\xe2\x94\x80\xe2\x94\x80\xe2\x94\x80\xe2\x94\x80\xe2\x94\x80\xe2\x94\x80\xe2\x94\x80\xe2\x94\x80\xe2\x94\x80\xe2\x94\x80\xe2\x94\x80\xe2\x94\x80\xe2\x94\x80\xe2\x94\x80\xe2\x94\x80\xe2\x94\x80\xe2\x94\x80\xe2\x94\x80\xe2\x94\x80\xe2\x94\x80\xe2\x94\x80\xe2\x94\x80\xe2\x94\x80\xe2\x94\x80\xe2\x94\x80\xe2\x94\x80\xe2\x94\x80\xe2\x94\x80\xe2\x94\x80\xe2\x94\x80\xe2\x94\x80\xe2\x94\x80\xe2\x94\x80\xe2\x94\x80\xe2\x94\x80\xe2\x94\x80 */\n        .table-cq { color: var(--cq-text); }\n        .table-cq thead th {\n            background: var(--cq-navy-light);\n            color: var(--cq-cyan);\n            border-color: var(--cq-border);\n            font-family: var(--font-heading);\n            font-size: 0.8rem;\n            letter-spacing: 1px;\n        }\n        .table-cq tbody tr {\n            border-color: var(--cq-border);\n        }\n        .table-cq tbody tr:hover {\n            background: rgba(0,180,216,0.05);\n        }\n        .table-cq td, .table-cq th {\n            border-color: var(--cq-border);\n            vertical-align: middle;\n        }\n\n        /* \xe2\x94\x80\xe2\x94\x80 Dark Forms \xe2\x94\x80\xe2\x94\x80\xe2\x94\x80\xe2\x94\x80\xe2\x94\x80\xe2\x94\x80\xe2\x94\x80\xe2\x94\x80\xe2\x94\x80\xe2\x94\x80\xe2\x94\x80\xe2\x94\x80\xe2\x94\x80\xe2\x94\x80\xe2\x94\x80\xe2\x94\x80\xe2\x94\x80\xe2\x94\x80\xe2\x94\x80\xe2\x94\x80\xe2\x94\x80\xe2\x94\x80\xe2\x94\x80\xe2\x94\x80\xe2\x94\x80\xe2\x94\x80\xe2\x94\x80\xe2\x94\x80\xe2\x94\x80\xe2\x94\x80\xe2\x94\x80\xe2\x94\x80\xe2\x94\x80\xe2\x94\x80\xe2\x94\x80\xe2\x94\x80\xe2\x94\x80\xe2\x94\x80\xe2\x94\x80\xe2\x94\x80\xe2\x94\x80\xe2\x94\x80\xe2\x94\x80\xe2\x94\x80\xe2\x94\x80\xe2\x94\x80\xe2\x94\x80\xe2\x94\x80\xe2\x94\x80\xe2\x94\x80 */\n        .form-control-cq, .form-select-cq {\n            background: var(--cq-navy-light);\n            border: 1px solid var(--cq-border);\n            color: var(--cq-text);\n            border-radius: 8px;\n        }\n        .form-control-cq:focus, .form-select-cq:focus {\n            background: var(--cq-navy-light);\n            border-color: var(--cq-cyan);\n            color: var(--cq-text);\n            box-shadow: 0 0 0 3px rgba(0,180,216,0.2);\n        }\n        .form-control-cq::placeholder { color: var(--cq-text-muted); }\n\n        /* \xe2\x94\x80\xe2\x94\x80 CyberQuest Buttons \xe2\x94\x80\xe2\x94\x80\xe2\x94\x80\xe2\x94\x80\xe2\x94\x80\xe2\x94\x80\xe2\x94\x80\xe2\x94\x80\xe2\x94\x80\xe2\x94\x80\xe2\x94\x80\xe2\x94\x80\xe2\x94\x80\xe2\x94\x80\xe2\x94\x80\xe2\x94\x80\xe2\x94\x80\xe2\x94\x80\xe2\x94\x80\xe2\x94\x80\xe2\x94\x80\xe2\x94\x80\xe2\x94\x80\xe2\x94\x80\xe2\x94\x80\xe2\x94\x80\xe2\x94\x80\xe2\x94\x80\xe2\x94\x80\xe2\x94\x80\xe2\x94\x80\xe2\x94\x80\xe2\x94\x80\xe2\x94\x80\xe2\x94\x80\xe2\x94\x80\xe2\x94\x80\xe2\x94\x80\xe2\x94\x80\xe2\x94\x80\xe2\x94\x80\xe2\x94\x80 */\n        .btn-cq-primary {\n            background: var(--cq-cyan); color: var(--cq-navy);\n            border: none; font-weight: 700; border-radius: 8px;\n            font-family: var(--font-body); letter-spacing: 0.5px;\n            transition: all 0.2s;\n        }\n        .btn-cq-primary:hover {\n            background: var(--cq-cyan-glow);\n            box-shadow: 0 4px 16px rgba(0,180,216,0.4);\n        }\n        .btn-cq-outline {\n            border: 1px solid var(--cq-cyan); color: var(--cq-cyan);\n            background: transparent; border-radius: 8px;\n            font-weight: 600; transition: all 0.2s;\n        }\n        .btn-cq-outline:hover {\n            background: rgba(0,180,216,0.12); color: var(--cq-cyan-glow);\n        }\n        .btn-cq-danger {\n            border: 1px solid var(--cq-red); color: var(--cq-red);\n            background: transparent; border-radius: 8px;\n            font-weight: 600; transition: all 0.2s;\n        }\n        .btn-cq-danger:hover { background: rgba(255,77,109,0.12); }\n\n        /* \xe2\x94\x80\xe2\x94\x80 Badges / Pills \xe2\x94\x80\xe2\x94\x80\xe2\x94\x80\xe2\x94\x80\xe2\x94\x80\xe2\x94\x80\xe2\x94\x80\xe2\x94\x80\xe2\x94\x80\xe2\x94\x80\xe2\x94\x80\xe2\x94\x80\xe2\x94\x80\xe2\x94\x80\xe2\x94\x80\xe2\x94\x80\xe2\x94\x80\xe2\x94\x80\xe2\x94\x80\xe2\x94\x80\xe2\x94\x80\xe2\x94\x80\xe2\x94\x80\xe2\x94\x80\xe2\x94\x80\xe2\x94\x80\xe2\x94\x80\xe2\x94\x80\xe2\x94\x80\xe2\x94\x80\xe2\x94\x80\xe2\x94\x80\xe2\x94\x80\xe2\x94\x80\xe2\x94\x80\xe2\x94\x80\xe2\x94\x80\xe2\x94\x80\xe2\x94\x80\xe2\x94\x80\xe2\x94\x80\xe2\x94\x80\xe2\x94\x80\xe2\x94\x80\xe2\x94\x80\xe2\x94\x80 */\n        .badge-cq-cyan {\n            background: rgba(0,180,216,0.15);\n            color: var(--cq-cyan);\n            border: 1px solid var(--cq-border);\n            border-radius: 20px; padding: 0.3rem 0.8rem;\n            font-size: 0.8rem; font-weight: 600;\n        }\n        .badge-cq-gold {\n            background: rgba(255,214,10,0.15);\n            color: var(--cq-yellow);\n            border: 1px solid rgba(255,214,10,0.3);\n            border-radius: 20px; padding: 0.3rem 0.8rem;\n            font-size: 0.8rem; font-weight: 600;\n        }\n\n        /* \xe2\x94\x80\xe2\x94\x80 Progress bars \xe2\x94\x80\xe2\x94\x80\xe2\x94\x80\xe2\x94\x80\xe2\x94\x80\xe2\x94\x80\xe2\x94\x80\xe2\x94\x80\xe2\x94\x80\xe2\x94\x80\xe2\x94\x80\xe2\x94\x80\xe2\x94\x80\xe2\x94\x80\xe2\x94\x80\xe2\x94\x80\xe2\x94\x80\xe2\x94\x80\xe2\x94\x80\xe2\x94\x80\xe2\x94\x80\xe2\x94\x80\xe2\x94\x80\xe2\x94\x80\xe2\x94\x80\xe2\x94\x80\xe2\x94\x80\xe2\x94\x80\xe2\x94\x80\xe2\x94\x80\xe2\x94\x80\xe2\x94\x80\xe2\x94\x80\xe2\x94\x80\xe2\x94\x80\xe2\x94\x80\xe2\x94\x80\xe2\x94\x80\xe2\x94\x80\xe2\x94\x80\xe2\x94\x80\xe2\x94\x80\xe2\x94\x80\xe2\x94\x80\xe2\x94\x80\xe2\x94\x80\xe2\x94\x80 */\n        .progress-cq {\n            background: var(--cq-navy-light);\n            border-radius: 10px; height: 8px;\n        }\n        .progress-cq .progress-bar {\n            background: linear-gradient(90deg, var(--cq-cyan), var(--cq-green));\n            border-radius: 10px;\n        }\n\n        /* \xe2\x94\x80\xe2\x94\x80 Stat Cards \xe2\x94\x80\xe2\x94\x80\xe2\x94\x80\xe2\x94\x80\xe2\x94\x80\xe2\x94\x80\xe2\x94\x80\xe2\x94\x80\xe2\x94\x80\xe2\x94\x80\xe2\x94\x80\xe2\x94\x80\xe2\x94\x80\xe2\x94\x80\xe2\x94\x80\xe2\x94\x80\xe2\x94\x80\xe2\x94\x80\xe2\x94\x80\xe2\x94\x80\xe2\x94\x80\xe2\x94\x80\xe2\x94\x80\xe2\x94\x80\xe2\x94\x80\xe2\x94\x80\xe2\x94\x80\xe2\x94\x80\xe2\x94\x80\xe2\x94\x80\xe2\x94\x80\xe2\x94\x80\xe2\x94\x80\xe2\x94\x80\xe2\x94\x80\xe2\x94\x80\xe2\x94\x80\xe2\x94\x80\xe2\x94\x80\xe2\x94\x80\xe2\x94\x80\xe2\x94\x80\xe2\x94\x80\xe2\x94\x80\xe2\x94\x80\xe2\x94\x80\xe2\x94\x80\xe2\x94\x80\xe2\x94\x80\xe2\x94\x80 */\n        .stat-card {\n            background: var(--cq-navy-mid);\n            border: 1px solid var(--cq-border);\n            border-radius: var(--cq-radius);\n            padding: 1.5rem 1rem;\n            text-align: center;\n            transition: border-color 0.2s, transform 0.2s;\n        }\n        .stat-card:hover {\n            border-color: var(--cq-cyan);\n            transform: translateY(-2px);\n        }\n        .stat-card .stat-number {\n            font-family: var(--font-heading); font-size: 2rem;\n            font-weight: 800;\n        }\n        .stat-card .stat-label { color: var(--cq-text-muted); font-size: 0.85rem; }\n\n        /* \xe2\x94\x80\xe2\x94\x80 Footer \xe2\x94\x80\xe2\x94\x80\xe2\x94\x80\xe2\x94\x80\xe2\x94\x80\xe2\x94\x80\xe2\x94\x80\xe2\x94\x80\xe2\x94\x80\xe2\x94\x80\xe2\x94\x80\xe2\x94\x80\xe2\x94\x80\xe2\x94\x80\xe2\x94\x80\xe2\x94\x80\xe2\x94\x80\xe2\x94\x80\xe2\x94\x80\xe2\x94\x80\xe2\x94\x80\xe2\x94\x80\xe2\x94\x80\xe2\x94\x80\xe2\x94\x80\xe2\x94\x80\xe2\x94\x80\xe2\x94\x80\xe2\x94\x80\xe2\x94\x80\xe2\x94\x80\xe2\x94\x80\xe2\x94\x80\xe2\x94\x80\xe2\x94\x80\xe2\x94\x80\xe2\x94\x80\xe2\x94\x80\xe2\x94\x80\xe2\x94\x80\xe2\x94\x80\xe2\x94\x80\xe2\x94\x80\xe2\x94\x80\xe2\x94\x80\xe2\x94\x80\xe2\x94\x80\xe2\x94\x80\xe2\x94\x80\xe2\x94\x80\xe2\x94\x80\xe2\x94\x80\xe2\x94\x80\xe2\x94\x80 */\n        .footer-cq {\n            background: var(--cq-navy-mid);\n            border-top: 1px solid var(--cq-border);\n            padding: 1.5rem 0;\n            margin-top: auto;\n        }\n        .footer-brand {\n            font-family: var(--font-heading); font-weight: 800;\n            color: var(--cq-cyan); font-size: 1rem; letter-spacing: 2px;\n        }\n        .footer-text { color: var(--cq-text-muted); font-size: 0.85rem; }\n        .footer-team { color: var(--cq-cyan); font-size: 0.85rem; font-weight: 600; }\n\n        /* \xe2\x94\x80\xe2\x94\x80 Scrollbar \xe2\x94\x80\xe2\x94\x80\xe2\x94\x80\xe2\x94\x80\xe2\x94\x80\xe2\x94\x80\xe2\x94\x80\xe2\x94\x80\xe2\x94\x80\xe2\x94\x80\xe2\x94\x80\xe2\x94\x80\xe2\x94\x80\xe2\x94\x80\xe2\x94\x80\xe2\x94\x80\xe2\x94\x80\xe2\x94\x80\xe2\x94\x80\xe2\x94\x80\xe2\x94\x80\xe2\x94\x80\xe2\x94\x80\xe2\x94\x80\xe2\x94\x80\xe2\x94\x80\xe2\x94\x80\xe2\x94\x80\xe2\x94\x80\xe2\x94\x80\xe2\x94\x80\xe2\x94\x80\xe2\x94\x80\xe2\x94\x80\xe2\x94\x80\xe2\x94\x80\xe2\x94\x80\xe2\x94\x80\xe2\x94\x80\xe2\x94\x80\xe2\x94\x80\xe2\x94\x80\xe2\x94\x80\xe2\x94\x80\xe2\x94\x80\xe2\x94\x80\xe2\x94\x80\xe2\x94\x80\xe2\x94\x80\xe2\x94\x80\xe2\x94\x80 */\n        ::-webkit-scrollbar { width: 6px; }\n        ::-webkit-scrollbar-track { background: var(--cq-navy); }\n        ::-webkit-scrollbar-thumb { background: var(--cq-navy-light); border-radius: 3px; }\n        ::-webkit-scrollbar-thumb:hover { background: var(--cq-cyan); }\n    </style>\n\n    \n</head>\n\n<body>\n\n<!-- \xe2\x94\x80\xe2\x94\x80 Navbar \xe2\x94\x80\xe2\x94\x80\xe2\x94\x80\xe2\x94\x80\xe2\x94\x80\xe2\x94\x80\xe2\x94\x80\xe2\x94\x80\xe2\x94\x80\xe2\x94\x80\xe2\x94\x80\xe2\x94\x80\xe2\x94\x80\xe2\x94\x80\xe2\x94\x80\xe2\x94\x80\xe2\x94\x80\xe2\x94\x80\xe2\x94\x80\xe2\x94\x80\xe2\x94\x80\xe2\x94\x80\xe2\x94\x80\xe2\x94\x80\xe2\x94\x80\xe2\x94\x80\xe2\x94\x80\xe2\x94\x80\xe2\x94\x80\xe2\x94\x80\xe2\x94\x80\xe2\x94\x80\xe2\x94\x80\xe2\x94\x80\xe2\x94\x80\xe2\x94\x80\xe2\x94\x80\xe2\x94\x80\xe2\x94\x80\xe2\x94\x80\xe2\x94\x80\xe2\x94\x80\xe2\x94\x80\xe2\x94\x80\xe2\x94\x80\xe2\x94\x80\xe2\x94\x80\xe2\x94\x80\xe2\x94\x80\xe2\x94\x80\xe2\x94\x80\xe2\x94\x80\xe2\x94\x80\xe2\x94\x80\xe2\x94\x80\xe2\x94\x80\xe2\x94\x80\xe2\x94\x80\xe2\x94\x80\xe2\x94\x80\xe2\x94\x80 -->\n<nav class="navbar navbar-expand-lg navbar-cyberquest">\n    <div class="container">\n        <!-- Fixed: use auth.login instead of non-existent \'home\' route -->\n        <a class="navbar-brand-cq"\n           href="/">\n            <i class="bi bi-shield-fill-check brand-icon"></i>\n            CYBER<span style="color:#fff;">QUEST</span>\n        </a>\n\n        <button class="navbar-toggler" type="button"\n                data-bs-toggle="collapse" data-bs-target="#navbarMain">\n            <span class="navbar-toggler-icon"></span>\n        </button>\n\n        <div class="collapse navbar-collapse" id="navbarMain">\n            \n            <ul class="navbar-nav me-auto mb-2 mb-lg-0"></ul>\n            \n\n            <div class="d-flex align-items-center gap-2">\n                \n                    <a href="/" class="btn-nav-login btn">\n                        <i class="bi bi-box-arrow-in-right me-1"></i> Login\n                    </a>\n                    <a href="/register" class="btn-nav-register btn">\n                        Register\n                    </a>\n                \n            </div>\n        </div>\n    </div>\n</nav>\n\n<!-- \xe2\x94\x80\xe2\x94\x80 Flash Messages (handled once here, not in child templates) \xe2\x94\x80\xe2\x94\x80\xe2\x94\x80\xe2\x94\x80\xe2\x94\x80\xe2\x94\x80\xe2\x94\x80\xe2\x94\x80\xe2\x94\x80\xe2\x94\x80 -->\n<div class="flash-container">\n    <div class="container">\n        \n            \n                \n                <div class="alert alert-cq alert-warning alert-dismissible fade show mt-2" role="alert">\n                    <i class="bi bi-exclamation-circle-fill me-2" style="color:var(--cq-yellow)"></i>\n                    \n                    Please log in to access this page.\n                    <button type="button" class="btn-close btn-close-white"\n                            data-bs-dismiss="alert"></button>\n                </div>\n                \n            \n        \n    </div>\n</div>\n\n<!-- \xe2\x94\x80\xe2\x94\x80 Main Content \xe2\x94\x80\xe2\x94\x80\xe2\x94\x80\xe2\x94\x80\xe2\x94\x80\xe2\x94\x80\xe2\x94\x80\xe2\x94\x80\xe2\x94\x80\xe2\x94\x80\xe2\x94\x80\xe2\x94\x80\xe2\x94\x80\xe2\x94\x80\xe2\x94\x80\xe2\x94\x80\xe2\x94\x80\xe2\x94\x80\xe2\x94\x80\xe2\x94\x80\xe2\x94\x80\xe2\x94\x80\xe2\x94\x80\xe2\x94\x80\xe2\x94\x80\xe2\x94\x80\xe2\x94\x80\xe2\x94\x80\xe2\x94\x80\xe2\x94\x80\xe2\x94\x80\xe2\x94\x80\xe2\x94\x80\xe2\x94\x80\xe2\x94\x80\xe2\x94\x80\xe2\x94\x80\xe2\x94\x80\xe2\x94\x80\xe2\x94\x80\xe2\x94\x80\xe2\x94\x80\xe2\x94\x80\xe2\x94\x80\xe2\x94\x80\xe2\x94\x80\xe2\x94\x80\xe2\x94\x80\xe2\x94\x80\xe2\x94\x80\xe2\x94\x80\xe2\x94\x80\xe2\x94\x80\xe2\x94\x80\xe2\x94\x80\xe2\x94\x80 -->\n<main>\n    \n<div class="row justify-content-center mt-5">\n  <div class="col-md-5 col-lg-4">\n\n    <div class="card shadow-sm border-0">\n      <div class="card-body p-4">\n\n        <!-- Header -->\n        <div class="text-center mb-4">\n          <span style="font-size:2.5rem;">\xf0\x9f\x9b\xa1\xef\xb8\x8f</span>\n          <h3 class="fw-bold mt-2 mb-0">CyberQuest</h3>\n          <p class="text-muted small">Sign in to continue</p>\n        </div>\n\n        <!-- Flash messages -->\n        \n          \n            <div class="alert alert-warning alert-dismissible fade show py-2" role="alert">\n              Please log in to access this page.\n              <button type="button" class="btn-close" data-bs-dismiss="alert"></button>\n            </div>\n          \n        \n\n        <!-- Login form -->\n        <form method="POST" action="/" novalidate>\n          <div class="mb-3">\n            <label for="email" class="form-label fw-semibold">Email address</label>\n            <input type="email" class="form-control" id="email" name="email"\n                   placeholder="you@example.com" required autocomplete="email">\n          </div>\n\n          <div class="mb-3">\n            <label for="password" class="form-label fw-semibold">Password</label>\n            <div class="input-group">\n              <input type="password" class="form-control" id="password" name="password"\n                     placeholder="Your password" required autocomplete="current-password">\n              <button class="btn btn-outline-secondary" type="button" id="togglePw"\n                      title="Show/hide password">\n                <i class="bi bi-eye" id="eyeIcon"></i>\n              </button>\n            </div>\n          </div>\n\n          <div class="d-grid mt-4">\n            <button type="submit" class="btn btn-primary btn-lg fw-semibold">\n              Sign In\n            </button>\n          </div>\n        </form>\n\n        <hr class="my-4">\n\n        <p class="text-center mb-0 small">\n          Don\'t have an account?\n          <a href="/register" class="text-decoration-none fw-semibold">\n            Register here\n          </a>\n        </p>\n\n      </div>\n    </div>\n\n    <!-- Demo accounts hint -->\n    <div class="card mt-3 border-0 bg-light">\n      <div class="card-body py-2 px-3">\n        <p class="mb-1 small fw-semibold text-muted">\xe2\x9a\xa0\xef\xb8\x8f Demo Accounts</p>\n        <p class="mb-0 small text-muted">\n          Student: <code>student@demo.com</code> / <code>Test1234!</code><br>\n          Teacher: <code>teacher@demo.com</code> / <code>Admin1234!</code>\n        </p>\n      </div>\n    </div>\n\n  </div>\n</div>\n\n<script>\n  // Toggle password visibility\n  document.getElementById(\'togglePw\').addEventListener(\'click\', function () {\n    const pwField = document.getElementById(\'password\');\n    const icon    = document.getElementById(\'eyeIcon\');\n    if (pwField.type === \'password\') {\n      pwField.type = \'text\';\n      icon.className = \'bi bi-eye-slash\';\n    } else {\n      pwField.type = \'password\';\n      icon.className = \'bi bi-eye\';\n    }\n  });\n</script>\n\n</main>\n\n<!-- \xe2\x94\x80\xe2\x94\x80 Footer \xe2\x94\x80\xe2\x94\x80\xe2\x94\x80\xe2\x94\x80\xe2\x94\x80\xe2\x94\x80\xe2\x94\x80\xe2\x94\x80\xe2\x94\x80\xe2\x94\x80\xe2\x94\x80\xe2\x94\x80\xe2\x94\x80\xe2\x94\x80\xe2\x94\x80\xe2\x94\x80\xe2\x94\x80\xe2\x94\x80\xe2\x94\x80\xe2\x94\x80\xe2\x94\x80\xe2\x94\x80\xe2\x94\x80\xe2\x94\x80\xe2\x94\x80\xe2\x94\x80\xe2\x94\x80\xe2\x94\x80\xe2\x94\x80\xe2\x94\x80\xe2\x94\x80\xe2\x94\x80\xe2\x94\x80\xe2\x94\x80\xe2\x94\x80\xe2\x94\x80\xe2\x94\x80\xe2\x94\x80\xe2\x94\x80\xe2\x94\x80\xe2\x94\x80\xe2\x94\x80\xe2\x94\x80\xe2\x94\x80\xe2\x94\x80\xe2\x94\x80\xe2\x94\x80\xe2\x94\x80\xe2\x94\x80\xe2\x94\x80\xe2\x94\x80\xe2\x94\x80\xe2\x94\x80\xe2\x94\x80\xe2\x94\x80\xe2\x94\x80\xe2\x94\x80\xe2\x94\x80\xe2\x94\x80\xe2\x94\x80\xe2\x94\x80 -->\n<footer class="footer-cq">\n    <div class="container">\n        <div class="row align-items-center">\n            <div class="col-md-3 mb-2 mb-md-0">\n                <div class="footer-brand"><i class="bi bi-shield-fill-check me-2"></i>CYBERQUEST</div>\n                <div class="footer-text">Cybersecurity Awareness Game</div>\n            </div>\n            <div class="col-md-5 mb-2 mb-md-0">\n                <div class="footer-text">\n                    <i class="bi bi-mortarboard-fill me-1"></i>\n                    ICT932 \xe2\x80\x94 Cybersecurity Testing and Assurance<br>\n                    Crown Institute of Higher Education (CIHE) \xc2\xa9 2026\n                </div>\n            </div>\n            <div class="col-md-4 text-md-end">\n                <div class="footer-team">\n                    Prashan Manandhar | Raju Kshetri | Pramesh Silwal | Susanta Dhakal\n                </div>\n            </div>\n        </div>\n    </div>\n</footer>\n\n<script src="https://cdn.jsdelivr.net/npm/bootstrap@5.3.0/dist/js/bootstrap.bundle.min.js"></script>\n\n\n</body>\n</html>')
E    +  where b'<!DOCTYPE html>\n<!--\n    base.html \xe2\x80\x94 Shared base template for CyberQuest\n    Authors: Susanta Dhakal (CIHE250321) & Pramesh Silwal (CIHE241339)\n    Fixed: Prashan Manandhar (CIHE241182) \xe2\x80\x94 removed broken url_for(\'home\')\n-->\n<html lang="en">\n<head>\n    <meta charset="UTF-8">\n    <meta name="viewport" content="width=device-width, initial-scale=1.0">\n    <meta name="description" content="CyberQuest \xe2\x80\x94 Cybersecurity Awareness Game for ICT932 CIHE">\n    <title>Login \xe2\x80\x94 CyberQuest | ICT932</title>\n\n    <!-- Bootstrap 5 CSS -->\n    <link href="https://cdn.jsdelivr.net/npm/bootstrap@5.3.0/dist/css/bootstrap.min.css" rel="stylesheet">\n    <!-- Bootstrap Icons -->\n    <link href="https://cdn.jsdelivr.net/npm/bootstrap-icons@1.11.0/font/bootstrap-icons.css" rel="stylesheet">\n    <!-- Google Fonts -->\n    <link href="https://fonts.googleapis.com/css2?family=Orbitron:wght@400;600;800&family=Rajdhani:wght@300;400;500;600&display=swap" rel="stylesheet">\n\n    <style>\n        /* \xe2\x94\x80\xe2\x94\x80 Design Tokens \xe2\x94\x80\xe2\x94\x80\xe2\x94\x80\xe2\x94\x80\xe2\x94\x80\xe2\x94\x80\xe2\x94\x80\xe2\x94\x80\xe2\x94\x80\xe2\x94\x80\xe2\x94\x80\xe2\x94\x80\xe2\x94\x80\xe2\x94\x80\xe2\x94\x80\xe2\x94\x80\xe2\x94\x80\xe2\x94\x80\xe2\x94\x80\xe2\x94\x80\xe2\x94\x80\xe2\x94\x80\xe2\x94\x80\xe2\x94\x80\xe2\x94\x80\xe2\x94\x80\xe2\x94\x80\xe2\x94\x80\xe2\x94\x80\xe2\x94\x80\xe2\x94\x80\xe2\x94\x80\xe2\x94\x80\xe2\x94\x80\xe2\x94\x80\xe2\x94\x80\xe2\x94\x80\xe2\x94\x80\xe2\x94\x80\xe2\x94\x80\xe2\x94\x80\xe2\x94\x80\xe2\x94\x80\xe2\x94\x80\xe2\x94\x80\xe2\x94\x80\xe2\x94\x80 */\n        :root {\n            --cq-navy:      #0D1B2A;\n            --cq-navy-mid:  #112233;\n            --cq-navy-light:#1A2E42;\n            --cq-cyan:      #00B4D8;\n            --cq-cyan-glow: #00D4FF;\n            --cq-green:     #00E676;\n            --cq-red:       #FF4D6D;\n            --cq-yellow:    #FFD60A;\n            --cq-text:      #E0EAF4;\n            --cq-text-muted:#7A9BB5;\n            --cq-border:    rgba(0, 180, 216, 0.2);\n            --cq-shadow:    0 4px 24px rgba(0, 180, 216, 0.12);\n            --cq-radius:    12px;\n            --font-heading: \'Orbitron\', monospace;\n            --font-body:    \'Rajdhani\', sans-serif;\n        }\n\n        *, *::before, *::after { box-sizing: border-box; }\n        html { scroll-behavior: smooth; }\n\n        body {\n            background-color: var(--cq-navy);\n            color: var(--cq-text);\n            font-family: var(--font-body);\n            font-size: 1.05rem;\n            min-height: 100vh;\n            display: flex;\n            flex-direction: column;\n        }\n\n        h1,h2,h3,h4,h5,h6 { font-family: var(--font-heading); }\n        main { flex: 1; }\n\n        /* \xe2\x94\x80\xe2\x94\x80 Navbar \xe2\x94\x80\xe2\x94\x80\xe2\x94\x80\xe2\x94\x80\xe2\x94\x80\xe2\x94\x80\xe2\x94\x80\xe2\x94\x80\xe2\x94\x80\xe2\x94\x80\xe2\x94\x80\xe2\x94\x80\xe2\x94\x80\xe2\x94\x80\xe2\x94\x80\xe2\x94\x80\xe2\x94\x80\xe2\x94\x80\xe2\x94\x80\xe2\x94\x80\xe2\x94\x80\xe2\x94\x80\xe2\x94\x80\xe2\x94\x80\xe2\x94\x80\xe2\x94\x80\xe2\x94\x80\xe2\x94\x80\xe2\x94\x80\xe2\x94\x80\xe2\x94\x80\xe2\x94\x80\xe2\x94\x80\xe2\x94\x80\xe2\x94\x80\xe2\x94\x80\xe2\x94\x80\xe2\x94\x80\xe2\x94\x80\xe2\x94\x80\xe2\x94\x80\xe2\x94\x80\xe2\x94\x80\xe2\x94\x80\xe2\x94\x80\xe2\x94\x80\xe2\x94\x80\xe2\x94\x80\xe2\x94\x80\xe2\x94\x80\xe2\x94\x80\xe2\x94\x80\xe2\x94\x80\xe2\x94\x80 */\n        .navbar-cyberquest {\n            background: rgba(13,27,42,0.97);\n            border-bottom: 1px solid var(--cq-border);\n            backdrop-filter: blur(10px);\n            padding: 0.75rem 0;\n            position: sticky; top: 0; z-index: 1000;\n        }\n        .navbar-brand-cq {\n            font-family: var(--font-heading); font-weight: 800;\n            font-size: 1.35rem; color: var(--cq-cyan) !important;\n            text-decoration: none; letter-spacing: 2px;\n            display: flex; align-items: center; gap: 0.5rem;\n        }\n        .navbar-brand-cq .brand-icon {\n            color: var(--cq-cyan-glow); font-size: 1.5rem;\n            filter: drop-shadow(0 0 6px var(--cq-cyan));\n        }\n        .navbar-brand-cq:hover { color: var(--cq-cyan-glow) !important; }\n        .nav-link-cq {\n            color: var(--cq-text-muted) !important;\n            font-family: var(--font-body); font-weight: 500;\n            font-size: 0.95rem; letter-spacing: 0.5px;\n            padding: 0.5rem 0.85rem !important;\n            border-radius: 6px;\n            transition: color 0.2s, background 0.2s;\n        }\n        .nav-link-cq:hover, .nav-link-cq.active {\n            color: var(--cq-cyan) !important;\n            background: rgba(0,180,216,0.08);\n        }\n        .btn-nav-login {\n            border: 1px solid var(--cq-cyan); color: var(--cq-cyan);\n            background: transparent; border-radius: 6px;\n            padding: 0.4rem 1rem; font-weight: 600; font-size: 0.9rem;\n            transition: all 0.2s;\n        }\n        .btn-nav-login:hover {\n            background: rgba(0,180,216,0.15); color: var(--cq-cyan-glow);\n        }\n        .btn-nav-register {\n            background: var(--cq-cyan); color: var(--cq-navy);\n            border: none; border-radius: 6px;\n            padding: 0.4rem 1rem; font-weight: 700; font-size: 0.9rem;\n            transition: all 0.2s;\n        }\n        .btn-nav-register:hover {\n            background: var(--cq-cyan-glow);\n            box-shadow: 0 4px 12px rgba(0,180,216,0.35);\n        }\n        .navbar-username { color: var(--cq-text-muted); font-size: 0.85rem; }\n        .navbar-username strong { color: var(--cq-cyan); }\n        .navbar-toggler { border-color: var(--cq-border); }\n        .navbar-toggler-icon { filter: invert(60%) sepia(80%) saturate(400%) hue-rotate(165deg); }\n\n        /* \xe2\x94\x80\xe2\x94\x80 Flash Messages \xe2\x94\x80\xe2\x94\x80\xe2\x94\x80\xe2\x94\x80\xe2\x94\x80\xe2\x94\x80\xe2\x94\x80\xe2\x94\x80\xe2\x94\x80\xe2\x94\x80\xe2\x94\x80\xe2\x94\x80\xe2\x94\x80\xe2\x94\x80\xe2\x94\x80\xe2\x94\x80\xe2\x94\x80\xe2\x94\x80\xe2\x94\x80\xe2\x94\x80\xe2\x94\x80\xe2\x94\x80\xe2\x94\x80\xe2\x94\x80\xe2\x94\x80\xe2\x94\x80\xe2\x94\x80\xe2\x94\x80\xe2\x94\x80\xe2\x94\x80\xe2\x94\x80\xe2\x94\x80\xe2\x94\x80\xe2\x94\x80\xe2\x94\x80\xe2\x94\x80\xe2\x94\x80\xe2\x94\x80\xe2\x94\x80\xe2\x94\x80\xe2\x94\x80\xe2\x94\x80\xe2\x94\x80\xe2\x94\x80\xe2\x94\x80\xe2\x94\x80 */\n        .flash-container { padding: 0.5rem 0; }\n        .alert-cq {\n            border-left: 4px solid; border-radius: 0 var(--cq-radius) var(--cq-radius) 0;\n            background: var(--cq-navy-mid); color: var(--cq-text);\n            border-top: none; border-right: none; border-bottom: none;\n            font-weight: 500;\n        }\n        .alert-cq.alert-success { border-color: var(--cq-green); }\n        .alert-cq.alert-danger  { border-color: var(--cq-red); }\n        .alert-cq.alert-info    { border-color: var(--cq-cyan); }\n        .alert-cq.alert-warning { border-color: var(--cq-yellow); }\n\n        /* \xe2\x94\x80\xe2\x94\x80 Dark Cards \xe2\x94\x80\xe2\x94\x80\xe2\x94\x80\xe2\x94\x80\xe2\x94\x80\xe2\x94\x80\xe2\x94\x80\xe2\x94\x80\xe2\x94\x80\xe2\x94\x80\xe2\x94\x80\xe2\x94\x80\xe2\x94\x80\xe2\x94\x80\xe2\x94\x80\xe2\x94\x80\xe2\x94\x80\xe2\x94\x80\xe2\x94\x80\xe2\x94\x80\xe2\x94\x80\xe2\x94\x80\xe2\x94\x80\xe2\x94\x80\xe2\x94\x80\xe2\x94\x80\xe2\x94\x80\xe2\x94\x80\xe2\x94\x80\xe2\x94\x80\xe2\x94\x80\xe2\x94\x80\xe2\x94\x80\xe2\x94\x80\xe2\x94\x80\xe2\x94\x80\xe2\x94\x80\xe2\x94\x80\xe2\x94\x80\xe2\x94\x80\xe2\x94\x80\xe2\x94\x80\xe2\x94\x80\xe2\x94\x80\xe2\x94\x80\xe2\x94\x80\xe2\x94\x80\xe2\x94\x80\xe2\x94\x80\xe2\x94\x80 */\n        .card-cq {\n            background: var(--cq-navy-mid);\n            border: 1px solid var(--cq-border);\n            border-radius: var(--cq-radius);\n            color: var(--cq-text);\n            box-shadow: var(--cq-shadow);\n        }\n        .card-cq .card-header {\n            background: var(--cq-navy-light);\n            border-bottom: 1px solid var(--cq-border);\n            color: var(--cq-text);\n            border-radius: var(--cq-radius) var(--cq-radius) 0 0;\n        }\n\n        /* \xe2\x94\x80\xe2\x94\x80 Dark Tables \xe2\x94\x80\xe2\x94\x80\xe2\x94\x80\xe2\x94\x80\xe2\x94\x80\xe2\x94\x80\xe2\x94\x80\xe2\x94\x80\xe2\x94\x80\xe2\x94\x80\xe2\x94\x80\xe2\x94\x80\xe2\x94\x80\xe2\x94\x80\xe2\x94\x80\xe2\x94\x80\xe2\x94\x80\xe2\x94\x80\xe2\x94\x80\xe2\x94\x80\xe2\x94\x80\xe2\x94\x80\xe2\x94\x80\xe2\x94\x80\xe2\x94\x80\xe2\x94\x80\xe2\x94\x80\xe2\x94\x80\xe2\x94\x80\xe2\x94\x80\xe2\x94\x80\xe2\x94\x80\xe2\x94\x80\xe2\x94\x80\xe2\x94\x80\xe2\x94\x80\xe2\x94\x80\xe2\x94\x80\xe2\x94\x80\xe2\x94\x80\xe2\x94\x80\xe2\x94\x80\xe2\x94\x80\xe2\x94\x80\xe2\x94\x80\xe2\x94\x80\xe2\x94\x80\xe2\x94\x80\xe2\x94\x80 */\n        .table-cq { color: var(--cq-text); }\n        .table-cq thead th {\n            background: var(--cq-navy-light);\n            color: var(--cq-cyan);\n            border-color: var(--cq-border);\n            font-family: var(--font-heading);\n            font-size: 0.8rem;\n            letter-spacing: 1px;\n        }\n        .table-cq tbody tr {\n            border-color: var(--cq-border);\n        }\n        .table-cq tbody tr:hover {\n            background: rgba(0,180,216,0.05);\n        }\n        .table-cq td, .table-cq th {\n            border-color: var(--cq-border);\n            vertical-align: middle;\n        }\n\n        /* \xe2\x94\x80\xe2\x94\x80 Dark Forms \xe2\x94\x80\xe2\x94\x80\xe2\x94\x80\xe2\x94\x80\xe2\x94\x80\xe2\x94\x80\xe2\x94\x80\xe2\x94\x80\xe2\x94\x80\xe2\x94\x80\xe2\x94\x80\xe2\x94\x80\xe2\x94\x80\xe2\x94\x80\xe2\x94\x80\xe2\x94\x80\xe2\x94\x80\xe2\x94\x80\xe2\x94\x80\xe2\x94\x80\xe2\x94\x80\xe2\x94\x80\xe2\x94\x80\xe2\x94\x80\xe2\x94\x80\xe2\x94\x80\xe2\x94\x80\xe2\x94\x80\xe2\x94\x80\xe2\x94\x80\xe2\x94\x80\xe2\x94\x80\xe2\x94\x80\xe2\x94\x80\xe2\x94\x80\xe2\x94\x80\xe2\x94\x80\xe2\x94\x80\xe2\x94\x80\xe2\x94\x80\xe2\x94\x80\xe2\x94\x80\xe2\x94\x80\xe2\x94\x80\xe2\x94\x80\xe2\x94\x80\xe2\x94\x80\xe2\x94\x80\xe2\x94\x80\xe2\x94\x80 */\n        .form-control-cq, .form-select-cq {\n            background: var(--cq-navy-light);\n            border: 1px solid var(--cq-border);\n            color: var(--cq-text);\n            border-radius: 8px;\n        }\n        .form-control-cq:focus, .form-select-cq:focus {\n            background: var(--cq-navy-light);\n            border-color: var(--cq-cyan);\n            color: var(--cq-text);\n            box-shadow: 0 0 0 3px rgba(0,180,216,0.2);\n        }\n        .form-control-cq::placeholder { color: var(--cq-text-muted); }\n\n        /* \xe2\x94\x80\xe2\x94\x80 CyberQuest Buttons \xe2\x94\x80\xe2\x94\x80\xe2\x94\x80\xe2\x94\x80\xe2\x94\x80\xe2\x94\x80\xe2\x94\x80\xe2\x94\x80\xe2\x94\x80\xe2\x94\x80\xe2\x94\x80\xe2\x94\x80\xe2\x94\x80\xe2\x94\x80\xe2\x94\x80\xe2\x94\x80\xe2\x94\x80\xe2\x94\x80\xe2\x94\x80\xe2\x94\x80\xe2\x94\x80\xe2\x94\x80\xe2\x94\x80\xe2\x94\x80\xe2\x94\x80\xe2\x94\x80\xe2\x94\x80\xe2\x94\x80\xe2\x94\x80\xe2\x94\x80\xe2\x94\x80\xe2\x94\x80\xe2\x94\x80\xe2\x94\x80\xe2\x94\x80\xe2\x94\x80\xe2\x94\x80\xe2\x94\x80\xe2\x94\x80\xe2\x94\x80\xe2\x94\x80\xe2\x94\x80 */\n        .btn-cq-primary {\n            background: var(--cq-cyan); color: var(--cq-navy);\n            border: none; font-weight: 700; border-radius: 8px;\n            font-family: var(--font-body); letter-spacing: 0.5px;\n            transition: all 0.2s;\n        }\n        .btn-cq-primary:hover {\n            background: var(--cq-cyan-glow);\n            box-shadow: 0 4px 16px rgba(0,180,216,0.4);\n        }\n        .btn-cq-outline {\n            border: 1px solid var(--cq-cyan); color: var(--cq-cyan);\n            background: transparent; border-radius: 8px;\n            font-weight: 600; transition: all 0.2s;\n        }\n        .btn-cq-outline:hover {\n            background: rgba(0,180,216,0.12); color: var(--cq-cyan-glow);\n        }\n        .btn-cq-danger {\n            border: 1px solid var(--cq-red); color: var(--cq-red);\n            background: transparent; border-radius: 8px;\n            font-weight: 600; transition: all 0.2s;\n        }\n        .btn-cq-danger:hover { background: rgba(255,77,109,0.12); }\n\n        /* \xe2\x94\x80\xe2\x94\x80 Badges / Pills \xe2\x94\x80\xe2\x94\x80\xe2\x94\x80\xe2\x94\x80\xe2\x94\x80\xe2\x94\x80\xe2\x94\x80\xe2\x94\x80\xe2\x94\x80\xe2\x94\x80\xe2\x94\x80\xe2\x94\x80\xe2\x94\x80\xe2\x94\x80\xe2\x94\x80\xe2\x94\x80\xe2\x94\x80\xe2\x94\x80\xe2\x94\x80\xe2\x94\x80\xe2\x94\x80\xe2\x94\x80\xe2\x94\x80\xe2\x94\x80\xe2\x94\x80\xe2\x94\x80\xe2\x94\x80\xe2\x94\x80\xe2\x94\x80\xe2\x94\x80\xe2\x94\x80\xe2\x94\x80\xe2\x94\x80\xe2\x94\x80\xe2\x94\x80\xe2\x94\x80\xe2\x94\x80\xe2\x94\x80\xe2\x94\x80\xe2\x94\x80\xe2\x94\x80\xe2\x94\x80\xe2\x94\x80\xe2\x94\x80\xe2\x94\x80\xe2\x94\x80 */\n        .badge-cq-cyan {\n            background: rgba(0,180,216,0.15);\n            color: var(--cq-cyan);\n            border: 1px solid var(--cq-border);\n            border-radius: 20px; padding: 0.3rem 0.8rem;\n            font-size: 0.8rem; font-weight: 600;\n        }\n        .badge-cq-gold {\n            background: rgba(255,214,10,0.15);\n            color: var(--cq-yellow);\n            border: 1px solid rgba(255,214,10,0.3);\n            border-radius: 20px; padding: 0.3rem 0.8rem;\n            font-size: 0.8rem; font-weight: 600;\n        }\n\n        /* \xe2\x94\x80\xe2\x94\x80 Progress bars \xe2\x94\x80\xe2\x94\x80\xe2\x94\x80\xe2\x94\x80\xe2\x94\x80\xe2\x94\x80\xe2\x94\x80\xe2\x94\x80\xe2\x94\x80\xe2\x94\x80\xe2\x94\x80\xe2\x94\x80\xe2\x94\x80\xe2\x94\x80\xe2\x94\x80\xe2\x94\x80\xe2\x94\x80\xe2\x94\x80\xe2\x94\x80\xe2\x94\x80\xe2\x94\x80\xe2\x94\x80\xe2\x94\x80\xe2\x94\x80\xe2\x94\x80\xe2\x94\x80\xe2\x94\x80\xe2\x94\x80\xe2\x94\x80\xe2\x94\x80\xe2\x94\x80\xe2\x94\x80\xe2\x94\x80\xe2\x94\x80\xe2\x94\x80\xe2\x94\x80\xe2\x94\x80\xe2\x94\x80\xe2\x94\x80\xe2\x94\x80\xe2\x94\x80\xe2\x94\x80\xe2\x94\x80\xe2\x94\x80\xe2\x94\x80\xe2\x94\x80\xe2\x94\x80 */\n        .progress-cq {\n            background: var(--cq-navy-light);\n            border-radius: 10px; height: 8px;\n        }\n        .progress-cq .progress-bar {\n            background: linear-gradient(90deg, var(--cq-cyan), var(--cq-green));\n            border-radius: 10px;\n        }\n\n        /* \xe2\x94\x80\xe2\x94\x80 Stat Cards \xe2\x94\x80\xe2\x94\x80\xe2\x94\x80\xe2\x94\x80\xe2\x94\x80\xe2\x94\x80\xe2\x94\x80\xe2\x94\x80\xe2\x94\x80\xe2\x94\x80\xe2\x94\x80\xe2\x94\x80\xe2\x94\x80\xe2\x94\x80\xe2\x94\x80\xe2\x94\x80\xe2\x94\x80\xe2\x94\x80\xe2\x94\x80\xe2\x94\x80\xe2\x94\x80\xe2\x94\x80\xe2\x94\x80\xe2\x94\x80\xe2\x94\x80\xe2\x94\x80\xe2\x94\x80\xe2\x94\x80\xe2\x94\x80\xe2\x94\x80\xe2\x94\x80\xe2\x94\x80\xe2\x94\x80\xe2\x94\x80\xe2\x94\x80\xe2\x94\x80\xe2\x94\x80\xe2\x94\x80\xe2\x94\x80\xe2\x94\x80\xe2\x94\x80\xe2\x94\x80\xe2\x94\x80\xe2\x94\x80\xe2\x94\x80\xe2\x94\x80\xe2\x94\x80\xe2\x94\x80\xe2\x94\x80\xe2\x94\x80 */\n        .stat-card {\n            background: var(--cq-navy-mid);\n            border: 1px solid var(--cq-border);\n            border-radius: var(--cq-radius);\n            padding: 1.5rem 1rem;\n            text-align: center;\n            transition: border-color 0.2s, transform 0.2s;\n        }\n        .stat-card:hover {\n            border-color: var(--cq-cyan);\n            transform: translateY(-2px);\n        }\n        .stat-card .stat-number {\n            font-family: var(--font-heading); font-size: 2rem;\n            font-weight: 800;\n        }\n        .stat-card .stat-label { color: var(--cq-text-muted); font-size: 0.85rem; }\n\n        /* \xe2\x94\x80\xe2\x94\x80 Footer \xe2\x94\x80\xe2\x94\x80\xe2\x94\x80\xe2\x94\x80\xe2\x94\x80\xe2\x94\x80\xe2\x94\x80\xe2\x94\x80\xe2\x94\x80\xe2\x94\x80\xe2\x94\x80\xe2\x94\x80\xe2\x94\x80\xe2\x94\x80\xe2\x94\x80\xe2\x94\x80\xe2\x94\x80\xe2\x94\x80\xe2\x94\x80\xe2\x94\x80\xe2\x94\x80\xe2\x94\x80\xe2\x94\x80\xe2\x94\x80\xe2\x94\x80\xe2\x94\x80\xe2\x94\x80\xe2\x94\x80\xe2\x94\x80\xe2\x94\x80\xe2\x94\x80\xe2\x94\x80\xe2\x94\x80\xe2\x94\x80\xe2\x94\x80\xe2\x94\x80\xe2\x94\x80\xe2\x94\x80\xe2\x94\x80\xe2\x94\x80\xe2\x94\x80\xe2\x94\x80\xe2\x94\x80\xe2\x94\x80\xe2\x94\x80\xe2\x94\x80\xe2\x94\x80\xe2\x94\x80\xe2\x94\x80\xe2\x94\x80\xe2\x94\x80\xe2\x94\x80\xe2\x94\x80\xe2\x94\x80 */\n        .footer-cq {\n            background: var(--cq-navy-mid);\n            border-top: 1px solid var(--cq-border);\n            padding: 1.5rem 0;\n            margin-top: auto;\n        }\n        .footer-brand {\n            font-family: var(--font-heading); font-weight: 800;\n            color: var(--cq-cyan); font-size: 1rem; letter-spacing: 2px;\n        }\n        .footer-text { color: var(--cq-text-muted); font-size: 0.85rem; }\n        .footer-team { color: var(--cq-cyan); font-size: 0.85rem; font-weight: 600; }\n\n        /* \xe2\x94\x80\xe2\x94\x80 Scrollbar \xe2\x94\x80\xe2\x94\x80\xe2\x94\x80\xe2\x94\x80\xe2\x94\x80\xe2\x94\x80\xe2\x94\x80\xe2\x94\x80\xe2\x94\x80\xe2\x94\x80\xe2\x94\x80\xe2\x94\x80\xe2\x94\x80\xe2\x94\x80\xe2\x94\x80\xe2\x94\x80\xe2\x94\x80\xe2\x94\x80\xe2\x94\x80\xe2\x94\x80\xe2\x94\x80\xe2\x94\x80\xe2\x94\x80\xe2\x94\x80\xe2\x94\x80\xe2\x94\x80\xe2\x94\x80\xe2\x94\x80\xe2\x94\x80\xe2\x94\x80\xe2\x94\x80\xe2\x94\x80\xe2\x94\x80\xe2\x94\x80\xe2\x94\x80\xe2\x94\x80\xe2\x94\x80\xe2\x94\x80\xe2\x94\x80\xe2\x94\x80\xe2\x94\x80\xe2\x94\x80\xe2\x94\x80\xe2\x94\x80\xe2\x94\x80\xe2\x94\x80\xe2\x94\x80\xe2\x94\x80\xe2\x94\x80\xe2\x94\x80\xe2\x94\x80 */\n        ::-webkit-scrollbar { width: 6px; }\n        ::-webkit-scrollbar-track { background: var(--cq-navy); }\n        ::-webkit-scrollbar-thumb { background: var(--cq-navy-light); border-radius: 3px; }\n        ::-webkit-scrollbar-thumb:hover { background: var(--cq-cyan); }\n    </style>\n\n    \n</head>\n\n<body>\n\n<!-- \xe2\x94\x80\xe2\x94\x80 Navbar \xe2\x94\x80\xe2\x94\x80\xe2\x94\x80\xe2\x94\x80\xe2\x94\x80\xe2\x94\x80\xe2\x94\x80\xe2\x94\x80\xe2\x94\x80\xe2\x94\x80\xe2\x94\x80\xe2\x94\x80\xe2\x94\x80\xe2\x94\x80\xe2\x94\x80\xe2\x94\x80\xe2\x94\x80\xe2\x94\x80\xe2\x94\x80\xe2\x94\x80\xe2\x94\x80\xe2\x94\x80\xe2\x94\x80\xe2\x94\x80\xe2\x94\x80\xe2\x94\x80\xe2\x94\x80\xe2\x94\x80\xe2\x94\x80\xe2\x94\x80\xe2\x94\x80\xe2\x94\x80\xe2\x94\x80\xe2\x94\x80\xe2\x94\x80\xe2\x94\x80\xe2\x94\x80\xe2\x94\x80\xe2\x94\x80\xe2\x94\x80\xe2\x94\x80\xe2\x94\x80\xe2\x94\x80\xe2\x94\x80\xe2\x94\x80\xe2\x94\x80\xe2\x94\x80\xe2\x94\x80\xe2\x94\x80\xe2\x94\x80\xe2\x94\x80\xe2\x94\x80\xe2\x94\x80\xe2\x94\x80\xe2\x94\x80\xe2\x94\x80\xe2\x94\x80\xe2\x94\x80\xe2\x94\x80\xe2\x94\x80\xe2\x94\x80 -->\n<nav class="navbar navbar-expand-lg navbar-cyberquest">\n    <div class="container">\n        <!-- Fixed: use auth.login instead of non-existent \'home\' route -->\n        <a class="navbar-brand-cq"\n           href="/">\n            <i class="bi bi-shield-fill-check brand-icon"></i>\n            CYBER<span style="color:#fff;">QUEST</span>\n        </a>\n\n        <button class="navbar-toggler" type="button"\n                data-bs-toggle="collapse" data-bs-target="#navbarMain">\n            <span class="navbar-toggler-icon"></span>\n        </button>\n\n        <div class="collapse navbar-collapse" id="navbarMain">\n            \n            <ul class="navbar-nav me-auto mb-2 mb-lg-0"></ul>\n            \n\n            <div class="d-flex align-items-center gap-2">\n                \n                    <a href="/" class="btn-nav-login btn">\n                        <i class="bi bi-box-arrow-in-right me-1"></i> Login\n                    </a>\n                    <a href="/register" class="btn-nav-register btn">\n                        Register\n                    </a>\n                \n            </div>\n        </div>\n    </div>\n</nav>\n\n<!-- \xe2\x94\x80\xe2\x94\x80 Flash Messages (handled once here, not in child templates) \xe2\x94\x80\xe2\x94\x80\xe2\x94\x80\xe2\x94\x80\xe2\x94\x80\xe2\x94\x80\xe2\x94\x80\xe2\x94\x80\xe2\x94\x80\xe2\x94\x80 -->\n<div class="flash-container">\n    <div class="container">\n        \n            \n                \n                <div class="alert alert-cq alert-warning alert-dismissible fade show mt-2" role="alert">\n                    <i class="bi bi-exclamation-circle-fill me-2" style="color:var(--cq-yellow)"></i>\n                    \n                    Please log in to access this page.\n                    <button type="button" class="btn-close btn-close-white"\n                            data-bs-dismiss="alert"></button>\n                </div>\n                \n            \n        \n    </div>\n</div>\n\n<!-- \xe2\x94\x80\xe2\x94\x80 Main Content \xe2\x94\x80\xe2\x94\x80\xe2\x94\x80\xe2\x94\x80\xe2\x94\x80\xe2\x94\x80\xe2\x94\x80\xe2\x94\x80\xe2\x94\x80\xe2\x94\x80\xe2\x94\x80\xe2\x94\x80\xe2\x94\x80\xe2\x94\x80\xe2\x94\x80\xe2\x94\x80\xe2\x94\x80\xe2\x94\x80\xe2\x94\x80\xe2\x94\x80\xe2\x94\x80\xe2\x94\x80\xe2\x94\x80\xe2\x94\x80\xe2\x94\x80\xe2\x94\x80\xe2\x94\x80\xe2\x94\x80\xe2\x94\x80\xe2\x94\x80\xe2\x94\x80\xe2\x94\x80\xe2\x94\x80\xe2\x94\x80\xe2\x94\x80\xe2\x94\x80\xe2\x94\x80\xe2\x94\x80\xe2\x94\x80\xe2\x94\x80\xe2\x94\x80\xe2\x94\x80\xe2\x94\x80\xe2\x94\x80\xe2\x94\x80\xe2\x94\x80\xe2\x94\x80\xe2\x94\x80\xe2\x94\x80\xe2\x94\x80\xe2\x94\x80\xe2\x94\x80\xe2\x94\x80\xe2\x94\x80\xe2\x94\x80\xe2\x94\x80 -->\n<main>\n    \n<div class="row justify-content-center mt-5">\n  <div class="col-md-5 col-lg-4">\n\n    <div class="card shadow-sm border-0">\n      <div class="card-body p-4">\n\n        <!-- Header -->\n        <div class="text-center mb-4">\n          <span style="font-size:2.5rem;">\xf0\x9f\x9b\xa1\xef\xb8\x8f</span>\n          <h3 class="fw-bold mt-2 mb-0">CyberQuest</h3>\n          <p class="text-muted small">Sign in to continue</p>\n        </div>\n\n        <!-- Flash messages -->\n        \n          \n            <div class="alert alert-warning alert-dismissible fade show py-2" role="alert">\n              Please log in to access this page.\n              <button type="button" class="btn-close" data-bs-dismiss="alert"></button>\n            </div>\n          \n        \n\n        <!-- Login form -->\n        <form method="POST" action="/" novalidate>\n          <div class="mb-3">\n            <label for="email" class="form-label fw-semibold">Email address</label>\n            <input type="email" class="form-control" id="email" name="email"\n                   placeholder="you@example.com" required autocomplete="email">\n          </div>\n\n          <div class="mb-3">\n            <label for="password" class="form-label fw-semibold">Password</label>\n            <div class="input-group">\n              <input type="password" class="form-control" id="password" name="password"\n                     placeholder="Your password" required autocomplete="current-password">\n              <button class="btn btn-outline-secondary" type="button" id="togglePw"\n                      title="Show/hide password">\n                <i class="bi bi-eye" id="eyeIcon"></i>\n              </button>\n            </div>\n          </div>\n\n          <div class="d-grid mt-4">\n            <button type="submit" class="btn btn-primary btn-lg fw-semibold">\n              Sign In\n            </button>\n          </div>\n        </form>\n\n        <hr class="my-4">\n\n        <p class="text-center mb-0 small">\n          Don\'t have an account?\n          <a href="/register" class="text-decoration-none fw-semibold">\n            Register here\n          </a>\n        </p>\n\n      </div>\n    </div>\n\n    <!-- Demo accounts hint -->\n    <div class="card mt-3 border-0 bg-light">\n      <div class="card-body py-2 px-3">\n        <p class="mb-1 small fw-semibold text-muted">\xe2\x9a\xa0\xef\xb8\x8f Demo Accounts</p>\n        <p class="mb-0 small text-muted">\n          Student: <code>student@demo.com</code> / <code>Test1234!</code><br>\n          Teacher: <code>teacher@demo.com</code> / <code>Admin1234!</code>\n        </p>\n      </div>\n    </div>\n\n  </div>\n</div>\n\n<script>\n  // Toggle password visibility\n  document.getElementById(\'togglePw\').addEventListener(\'click\', function () {\n    const pwField = document.getElementById(\'password\');\n    const icon    = document.getElementById(\'eyeIcon\');\n    if (pwField.type === \'password\') {\n      pwField.type = \'text\';\n      icon.className = \'bi bi-eye-slash\';\n    } else {\n      pwField.type = \'password\';\n      icon.className = \'bi bi-eye\';\n    }\n  });\n</script>\n\n</main>\n\n<!-- \xe2\x94\x80\xe2\x94\x80 Footer \xe2\x94\x80\xe2\x94\x80\xe2\x94\x80\xe2\x94\x80\xe2\x94\x80\xe2\x94\x80\xe2\x94\x80\xe2\x94\x80\xe2\x94\x80\xe2\x94\x80\xe2\x94\x80\xe2\x94\x80\xe2\x94\x80\xe2\x94\x80\xe2\x94\x80\xe2\x94\x80\xe2\x94\x80\xe2\x94\x80\xe2\x94\x80\xe2\x94\x80\xe2\x94\x80\xe2\x94\x80\xe2\x94\x80\xe2\x94\x80\xe2\x94\x80\xe2\x94\x80\xe2\x94\x80\xe2\x94\x80\xe2\x94\x80\xe2\x94\x80\xe2\x94\x80\xe2\x94\x80\xe2\x94\x80\xe2\x94\x80\xe2\x94\x80\xe2\x94\x80\xe2\x94\x80\xe2\x94\x80\xe2\x94\x80\xe2\x94\x80\xe2\x94\x80\xe2\x94\x80\xe2\x94\x80\xe2\x94\x80\xe2\x94\x80\xe2\x94\x80\xe2\x94\x80\xe2\x94\x80\xe2\x94\x80\xe2\x94\x80\xe2\x94\x80\xe2\x94\x80\xe2\x94\x80\xe2\x94\x80\xe2\x94\x80\xe2\x94\x80\xe2\x94\x80\xe2\x94\x80\xe2\x94\x80\xe2\x94\x80\xe2\x94\x80 -->\n<footer class="footer-cq">\n    <div class="container">\n        <div class="row align-items-center">\n            <div class="col-md-3 mb-2 mb-md-0">\n                <div class="footer-brand"><i class="bi bi-shield-fill-check me-2"></i>CYBERQUEST</div>\n                <div class="footer-text">Cybersecurity Awareness Game</div>\n            </div>\n            <div class="col-md-5 mb-2 mb-md-0">\n                <div class="footer-text">\n                    <i class="bi bi-mortarboard-fill me-1"></i>\n                    ICT932 \xe2\x80\x94 Cybersecurity Testing and Assurance<br>\n                    Crown Institute of Higher Education (CIHE) \xc2\xa9 2026\n                </div>\n            </div>\n            <div class="col-md-4 text-md-end">\n                <div class="footer-team">\n                    Prashan Manandhar | Raju Kshetri | Pramesh Silwal | Susanta Dhakal\n                </div>\n            </div>\n        </div>\n    </div>\n</footer>\n\n<script src="https://cdn.jsdelivr.net/npm/bootstrap@5.3.0/dist/js/bootstrap.bundle.min.js"></script>\n\n\n</body>\n</html>' = <WrapperTestResponse 18712 bytes [200 OK]>.data
E    +  and   b'<!DOCTYPE html>\n<!--\n    base.html \xe2\x80\x94 Shared base template for CyberQuest\n    Authors: Susanta Dhakal (CIHE250321) & Pramesh Silwal (CIHE241339)\n    Fixed: Prashan Manandhar (CIHE241182) \xe2\x80\x94 removed broken url_for(\'home\')\n-->\n<html lang="en">\n<head>\n    <meta charset="UTF-8">\n    <meta name="viewport" content="width=device-width, initial-scale=1.0">\n    <meta name="description" content="CyberQuest \xe2\x80\x94 Cybersecurity Awareness Game for ICT932 CIHE">\n    <title>Login \xe2\x80\x94 CyberQuest | ICT932</title>\n\n    <!-- Bootstrap 5 CSS -->\n    <link href="https://cdn.jsdelivr.net/npm/bootstrap@5.3.0/dist/css/bootstrap.min.css" rel="stylesheet">\n    <!-- Bootstrap Icons -->\n    <link href="https://cdn.jsdelivr.net/npm/bootstrap-icons@1.11.0/font/bootstrap-icons.css" rel="stylesheet">\n    <!-- Google Fonts -->\n    <link href="https://fonts.googleapis.com/css2?family=Orbitron:wght@400;600;800&family=Rajdhani:wght@300;400;500;600&display=swap" rel="stylesheet">\n\n    <style>\n        /* \xe2\x94\x80\xe2\x94\x80 Design Tokens \xe2\x94\x80\xe2\x94\x80\xe2\x94\x80\xe2\x94\x80\xe2\x94\x80\xe2\x94\x80\xe2\x94\x80\xe2\x94\x80\xe2\x94\x80\xe2\x94\x80\xe2\x94\x80\xe2\x94\x80\xe2\x94\x80\xe2\x94\x80\xe2\x94\x80\xe2\x94\x80\xe2\x94\x80\xe2\x94\x80\xe2\x94\x80\xe2\x94\x80\xe2\x94\x80\xe2\x94\x80\xe2\x94\x80\xe2\x94\x80\xe2\x94\x80\xe2\x94\x80\xe2\x94\x80\xe2\x94\x80\xe2\x94\x80\xe2\x94\x80\xe2\x94\x80\xe2\x94\x80\xe2\x94\x80\xe2\x94\x80\xe2\x94\x80\xe2\x94\x80\xe2\x94\x80\xe2\x94\x80\xe2\x94\x80\xe2\x94\x80\xe2\x94\x80\xe2\x94\x80\xe2\x94\x80\xe2\x94\x80\xe2\x94\x80\xe2\x94\x80\xe2\x94\x80 */\n        :root {\n            --cq-navy:      #0D1B2A;\n            --cq-navy-mid:  #112233;\n            --cq-navy-light:#1A2E42;\n            --cq-cyan:      #00B4D8;\n            --cq-cyan-glow: #00D4FF;\n            --cq-green:     #00E676;\n            --cq-red:       #FF4D6D;\n            --cq-yellow:    #FFD60A;\n            --cq-text:      #E0EAF4;\n            --cq-text-muted:#7A9BB5;\n            --cq-border:    rgba(0, 180, 216, 0.2);\n            --cq-shadow:    0 4px 24px rgba(0, 180, 216, 0.12);\n            --cq-radius:    12px;\n            --font-heading: \'Orbitron\', monospace;\n            --font-body:    \'Rajdhani\', sans-serif;\n        }\n\n        *, *::before, *::after { box-sizing: border-box; }\n        html { scroll-behavior: smooth; }\n\n        body {\n            background-color: var(--cq-navy);\n            color: var(--cq-text);\n            font-family: var(--font-body);\n            font-size: 1.05rem;\n            min-height: 100vh;\n            display: flex;\n            flex-direction: column;\n        }\n\n        h1,h2,h3,h4,h5,h6 { font-family: var(--font-heading); }\n        main { flex: 1; }\n\n        /* \xe2\x94\x80\xe2\x94\x80 Navbar \xe2\x94\x80\xe2\x94\x80\xe2\x94\x80\xe2\x94\x80\xe2\x94\x80\xe2\x94\x80\xe2\x94\x80\xe2\x94\x80\xe2\x94\x80\xe2\x94\x80\xe2\x94\x80\xe2\x94\x80\xe2\x94\x80\xe2\x94\x80\xe2\x94\x80\xe2\x94\x80\xe2\x94\x80\xe2\x94\x80\xe2\x94\x80\xe2\x94\x80\xe2\x94\x80\xe2\x94\x80\xe2\x94\x80\xe2\x94\x80\xe2\x94\x80\xe2\x94\x80\xe2\x94\x80\xe2\x94\x80\xe2\x94\x80\xe2\x94\x80\xe2\x94\x80\xe2\x94\x80\xe2\x94\x80\xe2\x94\x80\xe2\x94\x80\xe2\x94\x80\xe2\x94\x80\xe2\x94\x80\xe2\x94\x80\xe2\x94\x80\xe2\x94\x80\xe2\x94\x80\xe2\x94\x80\xe2\x94\x80\xe2\x94\x80\xe2\x94\x80\xe2\x94\x80\xe2\x94\x80\xe2\x94\x80\xe2\x94\x80\xe2\x94\x80\xe2\x94\x80\xe2\x94\x80\xe2\x94\x80 */\n        .navbar-cyberquest {\n            background: rgba(13,27,42,0.97);\n            border-bottom: 1px solid var(--cq-border);\n            backdrop-filter: blur(10px);\n            padding: 0.75rem 0;\n            position: sticky; top: 0; z-index: 1000;\n        }\n        .navbar-brand-cq {\n            font-family: var(--font-heading); font-weight: 800;\n            font-size: 1.35rem; color: var(--cq-cyan) !important;\n            text-decoration: none; letter-spacing: 2px;\n            display: flex; align-items: center; gap: 0.5rem;\n        }\n        .navbar-brand-cq .brand-icon {\n            color: var(--cq-cyan-glow); font-size: 1.5rem;\n            filter: drop-shadow(0 0 6px var(--cq-cyan));\n        }\n        .navbar-brand-cq:hover { color: var(--cq-cyan-glow) !important; }\n        .nav-link-cq {\n            color: var(--cq-text-muted) !important;\n            font-family: var(--font-body); font-weight: 500;\n            font-size: 0.95rem; letter-spacing: 0.5px;\n            padding: 0.5rem 0.85rem !important;\n            border-radius: 6px;\n            transition: color 0.2s, background 0.2s;\n        }\n        .nav-link-cq:hover, .nav-link-cq.active {\n            color: var(--cq-cyan) !important;\n            background: rgba(0,180,216,0.08);\n        }\n        .btn-nav-login {\n            border: 1px solid var(--cq-cyan); color: var(--cq-cyan);\n            background: transparent; border-radius: 6px;\n            padding: 0.4rem 1rem; font-weight: 600; font-size: 0.9rem;\n            transition: all 0.2s;\n        }\n        .btn-nav-login:hover {\n            background: rgba(0,180,216,0.15); color: var(--cq-cyan-glow);\n        }\n        .btn-nav-register {\n            background: var(--cq-cyan); color: var(--cq-navy);\n            border: none; border-radius: 6px;\n            padding: 0.4rem 1rem; font-weight: 700; font-size: 0.9rem;\n            transition: all 0.2s;\n        }\n        .btn-nav-register:hover {\n            background: var(--cq-cyan-glow);\n            box-shadow: 0 4px 12px rgba(0,180,216,0.35);\n        }\n        .navbar-username { color: var(--cq-text-muted); font-size: 0.85rem; }\n        .navbar-username strong { color: var(--cq-cyan); }\n        .navbar-toggler { border-color: var(--cq-border); }\n        .navbar-toggler-icon { filter: invert(60%) sepia(80%) saturate(400%) hue-rotate(165deg); }\n\n        /* \xe2\x94\x80\xe2\x94\x80 Flash Messages \xe2\x94\x80\xe2\x94\x80\xe2\x94\x80\xe2\x94\x80\xe2\x94\x80\xe2\x94\x80\xe2\x94\x80\xe2\x94\x80\xe2\x94\x80\xe2\x94\x80\xe2\x94\x80\xe2\x94\x80\xe2\x94\x80\xe2\x94\x80\xe2\x94\x80\xe2\x94\x80\xe2\x94\x80\xe2\x94\x80\xe2\x94\x80\xe2\x94\x80\xe2\x94\x80\xe2\x94\x80\xe2\x94\x80\xe2\x94\x80\xe2\x94\x80\xe2\x94\x80\xe2\x94\x80\xe2\x94\x80\xe2\x94\x80\xe2\x94\x80\xe2\x94\x80\xe2\x94\x80\xe2\x94\x80\xe2\x94\x80\xe2\x94\x80\xe2\x94\x80\xe2\x94\x80\xe2\x94\x80\xe2\x94\x80\xe2\x94\x80\xe2\x94\x80\xe2\x94\x80\xe2\x94\x80\xe2\x94\x80\xe2\x94\x80\xe2\x94\x80 */\n        .flash-container { padding: 0.5rem 0; }\n        .alert-cq {\n            border-left: 4px solid; border-radius: 0 var(--cq-radius) var(--cq-radius) 0;\n            background: var(--cq-navy-mid); color: var(--cq-text);\n            border-top: none; border-right: none; border-bottom: none;\n            font-weight: 500;\n        }\n        .alert-cq.alert-success { border-color: var(--cq-green); }\n        .alert-cq.alert-danger  { border-color: var(--cq-red); }\n        .alert-cq.alert-info    { border-color: var(--cq-cyan); }\n        .alert-cq.alert-warning { border-color: var(--cq-yellow); }\n\n        /* \xe2\x94\x80\xe2\x94\x80 Dark Cards \xe2\x94\x80\xe2\x94\x80\xe2\x94\x80\xe2\x94\x80\xe2\x94\x80\xe2\x94\x80\xe2\x94\x80\xe2\x94\x80\xe2\x94\x80\xe2\x94\x80\xe2\x94\x80\xe2\x94\x80\xe2\x94\x80\xe2\x94\x80\xe2\x94\x80\xe2\x94\x80\xe2\x94\x80\xe2\x94\x80\xe2\x94\x80\xe2\x94\x80\xe2\x94\x80\xe2\x94\x80\xe2\x94\x80\xe2\x94\x80\xe2\x94\x80\xe2\x94\x80\xe2\x94\x80\xe2\x94\x80\xe2\x94\x80\xe2\x94\x80\xe2\x94\x80\xe2\x94\x80\xe2\x94\x80\xe2\x94\x80\xe2\x94\x80\xe2\x94\x80\xe2\x94\x80\xe2\x94\x80\xe2\x94\x80\xe2\x94\x80\xe2\x94\x80\xe2\x94\x80\xe2\x94\x80\xe2\x94\x80\xe2\x94\x80\xe2\x94\x80\xe2\x94\x80\xe2\x94\x80\xe2\x94\x80\xe2\x94\x80 */\n        .card-cq {\n            background: var(--cq-navy-mid);\n            border: 1px solid var(--cq-border);\n            border-radius: var(--cq-radius);\n            color: var(--cq-text);\n            box-shadow: var(--cq-shadow);\n        }\n        .card-cq .card-header {\n            background: var(--cq-navy-light);\n            border-bottom: 1px solid var(--cq-border);\n            color: var(--cq-text);\n            border-radius: var(--cq-radius) var(--cq-radius) 0 0;\n        }\n\n        /* \xe2\x94\x80\xe2\x94\x80 Dark Tables \xe2\x94\x80\xe2\x94\x80\xe2\x94\x80\xe2\x94\x80\xe2\x94\x80\xe2\x94\x80\xe2\x94\x80\xe2\x94\x80\xe2\x94\x80\xe2\x94\x80\xe2\x94\x80\xe2\x94\x80\xe2\x94\x80\xe2\x94\x80\xe2\x94\x80\xe2\x94\x80\xe2\x94\x80\xe2\x94\x80\xe2\x94\x80\xe2\x94\x80\xe2\x94\x80\xe2\x94\x80\xe2\x94\x80\xe2\x94\x80\xe2\x94\x80\xe2\x94\x80\xe2\x94\x80\xe2\x94\x80\xe2\x94\x80\xe2\x94\x80\xe2\x94\x80\xe2\x94\x80\xe2\x94\x80\xe2\x94\x80\xe2\x94\x80\xe2\x94\x80\xe2\x94\x80\xe2\x94\x80\xe2\x94\x80\xe2\x94\x80\xe2\x94\x80\xe2\x94\x80\xe2\x94\x80\xe2\x94\x80\xe2\x94\x80\xe2\x94\x80\xe2\x94\x80\xe2\x94\x80\xe2\x94\x80 */\n        .table-cq { color: var(--cq-text); }\n        .table-cq thead th {\n            background: var(--cq-navy-light);\n            color: var(--cq-cyan);\n            border-color: var(--cq-border);\n            font-family: var(--font-heading);\n            font-size: 0.8rem;\n            letter-spacing: 1px;\n        }\n        .table-cq tbody tr {\n            border-color: var(--cq-border);\n        }\n        .table-cq tbody tr:hover {\n            background: rgba(0,180,216,0.05);\n        }\n        .table-cq td, .table-cq th {\n            border-color: var(--cq-border);\n            vertical-align: middle;\n        }\n\n        /* \xe2\x94\x80\xe2\x94\x80 Dark Forms \xe2\x94\x80\xe2\x94\x80\xe2\x94\x80\xe2\x94\x80\xe2\x94\x80\xe2\x94\x80\xe2\x94\x80\xe2\x94\x80\xe2\x94\x80\xe2\x94\x80\xe2\x94\x80\xe2\x94\x80\xe2\x94\x80\xe2\x94\x80\xe2\x94\x80\xe2\x94\x80\xe2\x94\x80\xe2\x94\x80\xe2\x94\x80\xe2\x94\x80\xe2\x94\x80\xe2\x94\x80\xe2\x94\x80\xe2\x94\x80\xe2\x94\x80\xe2\x94\x80\xe2\x94\x80\xe2\x94\x80\xe2\x94\x80\xe2\x94\x80\xe2\x94\x80\xe2\x94\x80\xe2\x94\x80\xe2\x94\x80\xe2\x94\x80\xe2\x94\x80\xe2\x94\x80\xe2\x94\x80\xe2\x94\x80\xe2\x94\x80\xe2\x94\x80\xe2\x94\x80\xe2\x94\x80\xe2\x94\x80\xe2\x94\x80\xe2\x94\x80\xe2\x94\x80\xe2\x94\x80\xe2\x94\x80\xe2\x94\x80 */\n        .form-control-cq, .form-select-cq {\n            background: var(--cq-navy-light);\n            border: 1px solid var(--cq-border);\n            color: var(--cq-text);\n            border-radius: 8px;\n        }\n        .form-control-cq:focus, .form-select-cq:focus {\n            background: var(--cq-navy-light);\n            border-color: var(--cq-cyan);\n            color: var(--cq-text);\n            box-shadow: 0 0 0 3px rgba(0,180,216,0.2);\n        }\n        .form-control-cq::placeholder { color: var(--cq-text-muted); }\n\n        /* \xe2\x94\x80\xe2\x94\x80 CyberQuest Buttons \xe2\x94\x80\xe2\x94\x80\xe2\x94\x80\xe2\x94\x80\xe2\x94\x80\xe2\x94\x80\xe2\x94\x80\xe2\x94\x80\xe2\x94\x80\xe2\x94\x80\xe2\x94\x80\xe2\x94\x80\xe2\x94\x80\xe2\x94\x80\xe2\x94\x80\xe2\x94\x80\xe2\x94\x80\xe2\x94\x80\xe2\x94\x80\xe2\x94\x80\xe2\x94\x80\xe2\x94\x80\xe2\x94\x80\xe2\x94\x80\xe2\x94\x80\xe2\x94\x80\xe2\x94\x80\xe2\x94\x80\xe2\x94\x80\xe2\x94\x80\xe2\x94\x80\xe2\x94\x80\xe2\x94\x80\xe2\x94\x80\xe2\x94\x80\xe2\x94\x80\xe2\x94\x80\xe2\x94\x80\xe2\x94\x80\xe2\x94\x80\xe2\x94\x80\xe2\x94\x80 */\n        .btn-cq-primary {\n            background: var(--cq-cyan); color: var(--cq-navy);\n            border: none; font-weight: 700; border-radius: 8px;\n            font-family: var(--font-body); letter-spacing: 0.5px;\n            transition: all 0.2s;\n        }\n        .btn-cq-primary:hover {\n            background: var(--cq-cyan-glow);\n            box-shadow: 0 4px 16px rgba(0,180,216,0.4);\n        }\n        .btn-cq-outline {\n            border: 1px solid var(--cq-cyan); color: var(--cq-cyan);\n            background: transparent; border-radius: 8px;\n            font-weight: 600; transition: all 0.2s;\n        }\n        .btn-cq-outline:hover {\n            background: rgba(0,180,216,0.12); color: var(--cq-cyan-glow);\n        }\n        .btn-cq-danger {\n            border: 1px solid var(--cq-red); color: var(--cq-red);\n            background: transparent; border-radius: 8px;\n            font-weight: 600; transition: all 0.2s;\n        }\n        .btn-cq-danger:hover { background: rgba(255,77,109,0.12); }\n\n        /* \xe2\x94\x80\xe2\x94\x80 Badges / Pills \xe2\x94\x80\xe2\x94\x80\xe2\x94\x80\xe2\x94\x80\xe2\x94\x80\xe2\x94\x80\xe2\x94\x80\xe2\x94\x80\xe2\x94\x80\xe2\x94\x80\xe2\x94\x80\xe2\x94\x80\xe2\x94\x80\xe2\x94\x80\xe2\x94\x80\xe2\x94\x80\xe2\x94\x80\xe2\x94\x80\xe2\x94\x80\xe2\x94\x80\xe2\x94\x80\xe2\x94\x80\xe2\x94\x80\xe2\x94\x80\xe2\x94\x80\xe2\x94\x80\xe2\x94\x80\xe2\x94\x80\xe2\x94\x80\xe2\x94\x80\xe2\x94\x80\xe2\x94\x80\xe2\x94\x80\xe2\x94\x80\xe2\x94\x80\xe2\x94\x80\xe2\x94\x80\xe2\x94\x80\xe2\x94\x80\xe2\x94\x80\xe2\x94\x80\xe2\x94\x80\xe2\x94\x80\xe2\x94\x80\xe2\x94\x80\xe2\x94\x80 */\n        .badge-cq-cyan {\n            background: rgba(0,180,216,0.15);\n            color: var(--cq-cyan);\n            border: 1px solid var(--cq-border);\n            border-radius: 20px; padding: 0.3rem 0.8rem;\n            font-size: 0.8rem; font-weight: 600;\n        }\n        .badge-cq-gold {\n            background: rgba(255,214,10,0.15);\n            color: var(--cq-yellow);\n            border: 1px solid rgba(255,214,10,0.3);\n            border-radius: 20px; padding: 0.3rem 0.8rem;\n            font-size: 0.8rem; font-weight: 600;\n        }\n\n        /* \xe2\x94\x80\xe2\x94\x80 Progress bars \xe2\x94\x80\xe2\x94\x80\xe2\x94\x80\xe2\x94\x80\xe2\x94\x80\xe2\x94\x80\xe2\x94\x80\xe2\x94\x80\xe2\x94\x80\xe2\x94\x80\xe2\x94\x80\xe2\x94\x80\xe2\x94\x80\xe2\x94\x80\xe2\x94\x80\xe2\x94\x80\xe2\x94\x80\xe2\x94\x80\xe2\x94\x80\xe2\x94\x80\xe2\x94\x80\xe2\x94\x80\xe2\x94\x80\xe2\x94\x80\xe2\x94\x80\xe2\x94\x80\xe2\x94\x80\xe2\x94\x80\xe2\x94\x80\xe2\x94\x80\xe2\x94\x80\xe2\x94\x80\xe2\x94\x80\xe2\x94\x80\xe2\x94\x80\xe2\x94\x80\xe2\x94\x80\xe2\x94\x80\xe2\x94\x80\xe2\x94\x80\xe2\x94\x80\xe2\x94\x80\xe2\x94\x80\xe2\x94\x80\xe2\x94\x80\xe2\x94\x80\xe2\x94\x80 */\n        .progress-cq {\n            background: var(--cq-navy-light);\n            border-radius: 10px; height: 8px;\n        }\n        .progress-cq .progress-bar {\n            background: linear-gradient(90deg, var(--cq-cyan), var(--cq-green));\n            border-radius: 10px;\n        }\n\n        /* \xe2\x94\x80\xe2\x94\x80 Stat Cards \xe2\x94\x80\xe2\x94\x80\xe2\x94\x80\xe2\x94\x80\xe2\x94\x80\xe2\x94\x80\xe2\x94\x80\xe2\x94\x80\xe2\x94\x80\xe2\x94\x80\xe2\x94\x80\xe2\x94\x80\xe2\x94\x80\xe2\x94\x80\xe2\x94\x80\xe2\x94\x80\xe2\x94\x80\xe2\x94\x80\xe2\x94\x80\xe2\x94\x80\xe2\x94\x80\xe2\x94\x80\xe2\x94\x80\xe2\x94\x80\xe2\x94\x80\xe2\x94\x80\xe2\x94\x80\xe2\x94\x80\xe2\x94\x80\xe2\x94\x80\xe2\x94\x80\xe2\x94\x80\xe2\x94\x80\xe2\x94\x80\xe2\x94\x80\xe2\x94\x80\xe2\x94\x80\xe2\x94\x80\xe2\x94\x80\xe2\x94\x80\xe2\x94\x80\xe2\x94\x80\xe2\x94\x80\xe2\x94\x80\xe2\x94\x80\xe2\x94\x80\xe2\x94\x80\xe2\x94\x80\xe2\x94\x80\xe2\x94\x80 */\n        .stat-card {\n            background: var(--cq-navy-mid);\n            border: 1px solid var(--cq-border);\n            border-radius: var(--cq-radius);\n            padding: 1.5rem 1rem;\n            text-align: center;\n            transition: border-color 0.2s, transform 0.2s;\n        }\n        .stat-card:hover {\n            border-color: var(--cq-cyan);\n            transform: translateY(-2px);\n        }\n        .stat-card .stat-number {\n            font-family: var(--font-heading); font-size: 2rem;\n            font-weight: 800;\n        }\n        .stat-card .stat-label { color: var(--cq-text-muted); font-size: 0.85rem; }\n\n        /* \xe2\x94\x80\xe2\x94\x80 Footer \xe2\x94\x80\xe2\x94\x80\xe2\x94\x80\xe2\x94\x80\xe2\x94\x80\xe2\x94\x80\xe2\x94\x80\xe2\x94\x80\xe2\x94\x80\xe2\x94\x80\xe2\x94\x80\xe2\x94\x80\xe2\x94\x80\xe2\x94\x80\xe2\x94\x80\xe2\x94\x80\xe2\x94\x80\xe2\x94\x80\xe2\x94\x80\xe2\x94\x80\xe2\x94\x80\xe2\x94\x80\xe2\x94\x80\xe2\x94\x80\xe2\x94\x80\xe2\x94\x80\xe2\x94\x80\xe2\x94\x80\xe2\x94\x80\xe2\x94\x80\xe2\x94\x80\xe2\x94\x80\xe2\x94\x80\xe2\x94\x80\xe2\x94\x80\xe2\x94\x80\xe2\x94\x80\xe2\x94\x80\xe2\x94\x80\xe2\x94\x80\xe2\x94\x80\xe2\x94\x80\xe2\x94\x80\xe2\x94\x80\xe2\x94\x80\xe2\x94\x80\xe2\x94\x80\xe2\x94\x80\xe2\x94\x80\xe2\x94\x80\xe2\x94\x80\xe2\x94\x80\xe2\x94\x80\xe2\x94\x80 */\n        .footer-cq {\n            background: var(--cq-navy-mid);\n            border-top: 1px solid var(--cq-border);\n            padding: 1.5rem 0;\n            margin-top: auto;\n        }\n        .footer-brand {\n            font-family: var(--font-heading); font-weight: 800;\n            color: var(--cq-cyan); font-size: 1rem; letter-spacing: 2px;\n        }\n        .footer-text { color: var(--cq-text-muted); font-size: 0.85rem; }\n        .footer-team { color: var(--cq-cyan); font-size: 0.85rem; font-weight: 600; }\n\n        /* \xe2\x94\x80\xe2\x94\x80 Scrollbar \xe2\x94\x80\xe2\x94\x80\xe2\x94\x80\xe2\x94\x80\xe2\x94\x80\xe2\x94\x80\xe2\x94\x80\xe2\x94\x80\xe2\x94\x80\xe2\x94\x80\xe2\x94\x80\xe2\x94\x80\xe2\x94\x80\xe2\x94\x80\xe2\x94\x80\xe2\x94\x80\xe2\x94\x80\xe2\x94\x80\xe2\x94\x80\xe2\x94\x80\xe2\x94\x80\xe2\x94\x80\xe2\x94\x80\xe2\x94\x80\xe2\x94\x80\xe2\x94\x80\xe2\x94\x80\xe2\x94\x80\xe2\x94\x80\xe2\x94\x80\xe2\x94\x80\xe2\x94\x80\xe2\x94\x80\xe2\x94\x80\xe2\x94\x80\xe2\x94\x80\xe2\x94\x80\xe2\x94\x80\xe2\x94\x80\xe2\x94\x80\xe2\x94\x80\xe2\x94\x80\xe2\x94\x80\xe2\x94\x80\xe2\x94\x80\xe2\x94\x80\xe2\x94\x80\xe2\x94\x80\xe2\x94\x80\xe2\x94\x80\xe2\x94\x80 */\n        ::-webkit-scrollbar { width: 6px; }\n        ::-webkit-scrollbar-track { background: var(--cq-navy); }\n        ::-webkit-scrollbar-thumb { background: var(--cq-navy-light); border-radius: 3px; }\n        ::-webkit-scrollbar-thumb:hover { background: var(--cq-cyan); }\n    </style>\n\n    \n</head>\n\n<body>\n\n<!-- \xe2\x94\x80\xe2\x94\x80 Navbar \xe2\x94\x80\xe2\x94\x80\xe2\x94\x80\xe2\x94\x80\xe2\x94\x80\xe2\x94\x80\xe2\x94\x80\xe2\x94\x80\xe2\x94\x80\xe2\x94\x80\xe2\x94\x80\xe2\x94\x80\xe2\x94\x80\xe2\x94\x80\xe2\x94\x80\xe2\x94\x80\xe2\x94\x80\xe2\x94\x80\xe2\x94\x80\xe2\x94\x80\xe2\x94\x80\xe2\x94\x80\xe2\x94\x80\xe2\x94\x80\xe2\x94\x80\xe2\x94\x80\xe2\x94\x80\xe2\x94\x80\xe2\x94\x80\xe2\x94\x80\xe2\x94\x80\xe2\x94\x80\xe2\x94\x80\xe2\x94\x80\xe2\x94\x80\xe2\x94\x80\xe2\x94\x80\xe2\x94\x80\xe2\x94\x80\xe2\x94\x80\xe2\x94\x80\xe2\x94\x80\xe2\x94\x80\xe2\x94\x80\xe2\x94\x80\xe2\x94\x80\xe2\x94\x80\xe2\x94\x80\xe2\x94\x80\xe2\x94\x80\xe2\x94\x80\xe2\x94\x80\xe2\x94\x80\xe2\x94\x80\xe2\x94\x80\xe2\x94\x80\xe2\x94\x80\xe2\x94\x80\xe2\x94\x80\xe2\x94\x80\xe2\x94\x80 -->\n<nav class="navbar navbar-expand-lg navbar-cyberquest">\n    <div class="container">\n        <!-- Fixed: use auth.login instead of non-existent \'home\' route -->\n        <a class="navbar-brand-cq"\n           href="/">\n            <i class="bi bi-shield-fill-check brand-icon"></i>\n            CYBER<span style="color:#fff;">QUEST</span>\n        </a>\n\n        <button class="navbar-toggler" type="button"\n                data-bs-toggle="collapse" data-bs-target="#navbarMain">\n            <span class="navbar-toggler-icon"></span>\n        </button>\n\n        <div class="collapse navbar-collapse" id="navbarMain">\n            \n            <ul class="navbar-nav me-auto mb-2 mb-lg-0"></ul>\n            \n\n            <div class="d-flex align-items-center gap-2">\n                \n                    <a href="/" class="btn-nav-login btn">\n                        <i class="bi bi-box-arrow-in-right me-1"></i> Login\n                    </a>\n                    <a href="/register" class="btn-nav-register btn">\n                        Register\n                    </a>\n                \n            </div>\n        </div>\n    </div>\n</nav>\n\n<!-- \xe2\x94\x80\xe2\x94\x80 Flash Messages (handled once here, not in child templates) \xe2\x94\x80\xe2\x94\x80\xe2\x94\x80\xe2\x94\x80\xe2\x94\x80\xe2\x94\x80\xe2\x94\x80\xe2\x94\x80\xe2\x94\x80\xe2\x94\x80 -->\n<div class="flash-container">\n    <div class="container">\n        \n            \n                \n                <div class="alert alert-cq alert-warning alert-dismissible fade show mt-2" role="alert">\n                    <i class="bi bi-exclamation-circle-fill me-2" style="color:var(--cq-yellow)"></i>\n                    \n                    Please log in to access this page.\n                    <button type="button" class="btn-close btn-close-white"\n                            data-bs-dismiss="alert"></button>\n                </div>\n                \n            \n        \n    </div>\n</div>\n\n<!-- \xe2\x94\x80\xe2\x94\x80 Main Content \xe2\x94\x80\xe2\x94\x80\xe2\x94\x80\xe2\x94\x80\xe2\x94\x80\xe2\x94\x80\xe2\x94\x80\xe2\x94\x80\xe2\x94\x80\xe2\x94\x80\xe2\x94\x80\xe2\x94\x80\xe2\x94\x80\xe2\x94\x80\xe2\x94\x80\xe2\x94\x80\xe2\x94\x80\xe2\x94\x80\xe2\x94\x80\xe2\x94\x80\xe2\x94\x80\xe2\x94\x80\xe2\x94\x80\xe2\x94\x80\xe2\x94\x80\xe2\x94\x80\xe2\x94\x80\xe2\x94\x80\xe2\x94\x80\xe2\x94\x80\xe2\x94\x80\xe2\x94\x80\xe2\x94\x80\xe2\x94\x80\xe2\x94\x80\xe2\x94\x80\xe2\x94\x80\xe2\x94\x80\xe2\x94\x80\xe2\x94\x80\xe2\x94\x80\xe2\x94\x80\xe2\x94\x80\xe2\x94\x80\xe2\x94\x80\xe2\x94\x80\xe2\x94\x80\xe2\x94\x80\xe2\x94\x80\xe2\x94\x80\xe2\x94\x80\xe2\x94\x80\xe2\x94\x80\xe2\x94\x80\xe2\x94\x80\xe2\x94\x80 -->\n<main>\n    \n<div class="row justify-content-center mt-5">\n  <div class="col-md-5 col-lg-4">\n\n    <div class="card shadow-sm border-0">\n      <div class="card-body p-4">\n\n        <!-- Header -->\n        <div class="text-center mb-4">\n          <span style="font-size:2.5rem;">\xf0\x9f\x9b\xa1\xef\xb8\x8f</span>\n          <h3 class="fw-bold mt-2 mb-0">CyberQuest</h3>\n          <p class="text-muted small">Sign in to continue</p>\n        </div>\n\n        <!-- Flash messages -->\n        \n          \n            <div class="alert alert-warning alert-dismissible fade show py-2" role="alert">\n              Please log in to access this page.\n              <button type="button" class="btn-close" data-bs-dismiss="alert"></button>\n            </div>\n          \n        \n\n        <!-- Login form -->\n        <form method="POST" action="/" novalidate>\n          <div class="mb-3">\n            <label for="email" class="form-label fw-semibold">Email address</label>\n            <input type="email" class="form-control" id="email" name="email"\n                   placeholder="you@example.com" required autocomplete="email">\n          </div>\n\n          <div class="mb-3">\n            <label for="password" class="form-label fw-semibold">Password</label>\n            <div class="input-group">\n              <input type="password" class="form-control" id="password" name="password"\n                     placeholder="Your password" required autocomplete="current-password">\n              <button class="btn btn-outline-secondary" type="button" id="togglePw"\n                      title="Show/hide password">\n                <i class="bi bi-eye" id="eyeIcon"></i>\n              </button>\n            </div>\n          </div>\n\n          <div class="d-grid mt-4">\n            <button type="submit" class="btn btn-primary btn-lg fw-semibold">\n              Sign In\n            </button>\n          </div>\n        </form>\n\n        <hr class="my-4">\n\n        <p class="text-center mb-0 small">\n          Don\'t have an account?\n          <a href="/register" class="text-decoration-none fw-semibold">\n            Register here\n          </a>\n        </p>\n\n      </div>\n    </div>\n\n    <!-- Demo accounts hint -->\n    <div class="card mt-3 border-0 bg-light">\n      <div class="card-body py-2 px-3">\n        <p class="mb-1 small fw-semibold text-muted">\xe2\x9a\xa0\xef\xb8\x8f Demo Accounts</p>\n        <p class="mb-0 small text-muted">\n          Student: <code>student@demo.com</code> / <code>Test1234!</code><br>\n          Teacher: <code>teacher@demo.com</code> / <code>Admin1234!</code>\n        </p>\n      </div>\n    </div>\n\n  </div>\n</div>\n\n<script>\n  // Toggle password visibility\n  document.getElementById(\'togglePw\').addEventListener(\'click\', function () {\n    const pwField = document.getElementById(\'password\');\n    const icon    = document.getElementById(\'eyeIcon\');\n    if (pwField.type === \'password\') {\n      pwField.type = \'text\';\n      icon.className = \'bi bi-eye-slash\';\n    } else {\n      pwField.type = \'password\';\n      icon.className = \'bi bi-eye\';\n    }\n  });\n</script>\n\n</main>\n\n<!-- \xe2\x94\x80\xe2\x94\x80 Footer \xe2\x94\x80\xe2\x94\x80\xe2\x94\x80\xe2\x94\x80\xe2\x94\x80\xe2\x94\x80\xe2\x94\x80\xe2\x94\x80\xe2\x94\x80\xe2\x94\x80\xe2\x94\x80\xe2\x94\x80\xe2\x94\x80\xe2\x94\x80\xe2\x94\x80\xe2\x94\x80\xe2\x94\x80\xe2\x94\x80\xe2\x94\x80\xe2\x94\x80\xe2\x94\x80\xe2\x94\x80\xe2\x94\x80\xe2\x94\x80\xe2\x94\x80\xe2\x94\x80\xe2\x94\x80\xe2\x94\x80\xe2\x94\x80\xe2\x94\x80\xe2\x94\x80\xe2\x94\x80\xe2\x94\x80\xe2\x94\x80\xe2\x94\x80\xe2\x94\x80\xe2\x94\x80\xe2\x94\x80\xe2\x94\x80\xe2\x94\x80\xe2\x94\x80\xe2\x94\x80\xe2\x94\x80\xe2\x94\x80\xe2\x94\x80\xe2\x94\x80\xe2\x94\x80\xe2\x94\x80\xe2\x94\x80\xe2\x94\x80\xe2\x94\x80\xe2\x94\x80\xe2\x94\x80\xe2\x94\x80\xe2\x94\x80\xe2\x94\x80\xe2\x94\x80\xe2\x94\x80\xe2\x94\x80\xe2\x94\x80\xe2\x94\x80 -->\n<footer class="footer-cq">\n    <div class="container">\n        <div class="row align-items-center">\n            <div class="col-md-3 mb-2 mb-md-0">\n                <div class="footer-brand"><i class="bi bi-shield-fill-check me-2"></i>CYBERQUEST</div>\n                <div class="footer-text">Cybersecurity Awareness Game</div>\n            </div>\n            <div class="col-md-5 mb-2 mb-md-0">\n                <div class="footer-text">\n                    <i class="bi bi-mortarboard-fill me-1"></i>\n                    ICT932 \xe2\x80\x94 Cybersecurity Testing and Assurance<br>\n                    Crown Institute of Higher Education (CIHE) \xc2\xa9 2026\n                </div>\n            </div>\n            <div class="col-md-4 text-md-end">\n                <div class="footer-team">\n                    Prashan Manandhar | Raju Kshetri | Pramesh Silwal | Susanta Dhakal\n                </div>\n            </div>\n        </div>\n    </div>\n</footer>\n\n<script src="https://cdn.jsdelivr.net/npm/bootstrap@5.3.0/dist/js/bootstrap.bundle.min.js"></script>\n\n\n</body>\n</html>' = <WrapperTestResponse 18712 bytes [200 OK]>.data
_______________ TestDeleteUser.test_teacher_cannot_delete_self ________________
tests\test_admin.py:169: in test_teacher_cannot_delete_self
    teacher_id = teacher.id
                 ^^^^^^^^^^
E   AttributeError: 'NoneType' object has no attribute 'id'
________________ TestResetPassword.test_reset_password_strong _________________
tests\test_admin.py:216: in test_reset_password_strong
    user_id = user.id
              ^^^^^^^
E   AttributeError: 'NoneType' object has no attribute 'id'
_____________ TestResetPassword.test_reset_password_weak_rejected _____________
tests\test_admin.py:231: in test_reset_password_weak_rejected
    user_id = user.id
              ^^^^^^^
E   AttributeError: 'NoneType' object has no attribute 'id'
__________ TestChallengeManagement.test_manage_challenges_page_loads __________
tests\test_admin.py:250: in test_manage_challenges_page_loads
    assert response.status_code == 200
E   assert 302 == 200
E    +  where 302 = <WrapperTestResponse streamed [302 FOUND]>.status_code
______________ TestChallengeManagement.test_add_challenge_valid _______________
tests\test_admin.py:277: in test_add_challenge_valid
    assert after > before
E   assert 15 > 15
_______________ TestReset2FA.test_teacher_can_reset_student_2fa _______________
tests\test_admin.py:344: in test_teacher_can_reset_student_2fa
    assert user.is_2fa_enabled is False
E   assert True is False
E    +  where True = <User has2fa_user (student)>.is_2fa_enabled
________________ TestRegistration.test_register_valid_student _________________
tests\test_auth.py:42: in test_register_valid_student
    assert b'2fa' in response.request.path.lower() or b'Two-Factor' in response.data or b'CyberQuest' in response.data
           ^^^^^^^^^^^^^^^^^^^^^^^^^^^^^^^^^^^^^^^
E   TypeError: 'in <string>' requires string as left operand, not bytes
_______________ TestRegistration.test_register_duplicate_email ________________
tests\test_auth.py:61: in test_register_duplicate_email
    assert b'already exists' in response.data
E   assert b'already exists' in b'<!DOCTYPE html>\n<!--\n    base.html \xe2\x80\x94 Shared base template for CyberQuest\n    Authors: Susanta Dhakal (CIHE250321) & Pramesh Silwal (CIHE241339)\n    Fixed: Prashan Manandhar (CIHE241182) \xe2\x80\x94 removed broken url_for(\'home\')\n-->\n<html lang="en">\n<head>\n    <meta charset="UTF-8">\n    <meta name="viewport" content="width=device-width, initial-scale=1.0">\n    <meta name="description" content="CyberQuest \xe2\x80\x94 Cybersecurity Awareness Game for ICT932 CIHE">\n    <title>Challenges \xe2\x80\x94 CyberQuest | ICT932</title>\n\n    <!-- Bootstrap 5 CSS -->\n    <link href="https://cdn.jsdelivr.net/npm/bootstrap@5.3.0/dist/css/bootstrap.min.css" rel="stylesheet">\n    <!-- Bootstrap Icons -->\n    <link href="https://cdn.jsdelivr.net/npm/bootstrap-icons@1.11.0/font/bootstrap-icons.css" rel="stylesheet">\n    <!-- Google Fonts -->\n    <link href="https://fonts.googleapis.com/css2?family=Orbitron:wght@400;600;800&family=Rajdhani:wght@300;400;500;600&display=swap" rel="stylesheet">\n\n    <style>\n        /* \xe2\x94\x80\xe2\x94\x80 Design Tokens \xe2\x94\x80\xe2\x94\x80\xe2\x94\x80\xe2\x94\x80\xe2\x94\x80\xe2\x94\x80\xe2\x94\x80\xe2\x94\x80\xe2\x94\x80\xe2\x94\x80\xe2\x94\x80\xe2\x94\x80\xe2\x94\x80\xe2\x94\x80\xe2\x94\x80\xe2\x94\x80\xe2\x94\x80\xe2\x94\x80\xe2\x94\x80\xe2\x94\x80\xe2\x94\x80\xe2\x94\x80\xe2\x94\x80\xe2\x94\x80\xe2\x94\x80\xe2\x94\x80\xe2\x94\x80\xe2\x94\x80\xe2\x94\x80\xe2\x94\x80\xe2\x94\x80\xe2\x94\x80\xe2\x94\x80\xe2\x94\x80\xe2\x94\x80\xe2\x94\x80\xe2\x94\x80\xe2\x94\x80\xe2\x94\x80\xe2\x94\x80\xe2\x94\x80\xe2\x94\x80\xe2\x94\x80\xe2\x94\x80\xe2\x94\x80\xe2\x94\x80\xe2\x94\x80 */\n        :root {\n            --cq-navy:      #0D1B2A;\n            --cq-navy-mid:  #112233;\n            --cq-navy-light:#1A2E42;\n            --cq-cyan:      #00B4D8;\n            --cq-cyan-glow: #00D4FF;\n            --cq-green:     #00E676;\n            --cq-red:       #FF4D6D;\n            --cq-yellow:    #FFD60A;\n            --cq-text:      #E0EAF4;\n            --cq-text-muted:#7A9BB5;\n            --cq-border:    rgba(0, 180, 216, 0.2);\n            --cq-shadow:    0 4px 24px rgba(0, 180, 216, 0.12);\n            --cq-radius:    12px;\n            --font-heading: \'Orbitron\', monospace;\n            --font-body:    \'Rajdhani\', sans-serif;\n        }\n\n        *, *::before, *::after { box-sizing: border-box; }\n        html { scroll-behavior: smooth; }\n\n        body {\n            background-color: var(--cq-navy);\n            color: var(--cq-text);\n            font-family: var(--font-body);\n            font-size: 1.05rem;\n            min-height: 100vh;\n            display: flex;\n            flex-direction: column;\n        }\n\n        h1,h2,h3,h4,h5,h6 { font-family: var(--font-heading); }\n        main { flex: 1; }\n\n        /* \xe2\x94\x80\xe2\x94\x80 Navbar \xe2\x94\x80\xe2\x94\x80\xe2\x94\x80\xe2\x94\x80\xe2\x94\x80\xe2\x94\x80\xe2\x94\x80\xe2\x94\x80\xe2\x94\x80\xe2\x94\x80\xe2\x94\x80\xe2\x94\x80\xe2\x94\x80\xe2\x94\x80\xe2\x94\x80\xe2\x94\x80\xe2\x94\x80\xe2\x94\x80\xe2\x94\x80\xe2\x94\x80\xe2\x94\x80\xe2\x94\x80\xe2\x94\x80\xe2\x94\x80\xe2\x94\x80\xe2\x94\x80\xe2\x94\x80\xe2\x94\x80\xe2\x94\x80\xe2\x94\x80\xe2\x94\x80\xe2\x94\x80\xe2\x94\x80\xe2\x94\x80\xe2\x94\x80\xe2\x94\x80\xe2\x94\x80\xe2\x94\x80\xe2\x94\x80\xe2\x94\x80\xe2\x94\x80\xe2\x94\x80\xe2\x94\x80\xe2\x94\x80\xe2\x94\x80\xe2\x94\x80\xe2\x94\x80\xe2\x94\x80\xe2\x94\x80\xe2\x94\x80\xe2\x94\x80\xe2\x94\x80\xe2\x94\x80\xe2\x94\x80 */\n        .navbar-cyberquest {\n            background: rgba(13,27,42,0.97);\n            border-bottom: 1px solid var(--cq-border);\n            backdrop-filter: blur(10px);\n            padding: 0.75rem 0;\n            position: sticky; top: 0; z-index: 1000;\n        }\n        .navbar-brand-cq {\n            font-family: var(--font-heading); font-weight: 800;\n            font-size: 1.35rem; color: var(--cq-cyan) !important;\n            text-decoration: none; letter-spacing: 2px;\n            display: flex; align-items: center; gap: 0.5rem;\n        }\n        .navbar-brand-cq .brand-icon {\n            color: var(--cq-cyan-glow); font-size: 1.5rem;\n            filter: drop-shadow(0 0 6px var(--cq-cyan));\n        }\n        .navbar-brand-cq:hover { color: var(--cq-cyan-glow) !important; }\n        .nav-link-cq {\n            color: var(--cq-text-muted) !important;\n            font-family: var(--font-body); font-weight: 500;\n            font-size: 0.95rem; letter-spacing: 0.5px;\n            padding: 0.5rem 0.85rem !important;\n            border-radius: 6px;\n            transition: color 0.2s, background 0.2s;\n        }\n        .nav-link-cq:hover, .nav-link-cq.active {\n            color: var(--cq-cyan) !important;\n            background: rgba(0,180,216,0.08);\n        }\n        .btn-nav-login {\n            border: 1px solid var(--cq-cyan); color: var(--cq-cyan);\n            background: transparent; border-radius: 6px;\n            padding: 0.4rem 1rem; font-weight: 600; font-size: 0.9rem;\n            transition: all 0.2s;\n        }\n        .btn-nav-login:hover {\n            background: rgba(0,180,216,0.15); color: var(--cq-cyan-glow);\n        }\n        .btn-nav-register {\n            background: var(--cq-cyan); color: var(--cq-navy);\n            border: none; border-radius: 6px;\n            padding: 0.4rem 1rem; font-weight: 700; font-size: 0.9rem;\n            transition: all 0.2s;\n        }\n        .btn-nav-register:hover {\n            background: var(--cq-cyan-glow);\n            box-shadow: 0 4px 12px rgba(0,180,216,0.35);\n        }\n        .navbar-username { color: var(--cq-text-muted); font-size: 0.85rem; }\n        .navbar-username strong { color: var(--cq-cyan); }\n        .navbar-toggler { border-color: var(--cq-border); }\n        .navbar-toggler-icon { filter: invert(60%) sepia(80%) saturate(400%) hue-rotate(165deg); }\n\n        /* \xe2\x94\x80\xe2\x94\x80 Flash Messages \xe2\x94\x80\xe2\x94\x80\xe2\x94\x80\xe2\x94\x80\xe2\x94\x80\xe2\x94\x80\xe2\x94\x80\xe2\x94\x80\xe2\x94\x80\xe2\x94\x80\xe2\x94\x80\xe2\x94\x80\xe2\x94\x80\xe2\x94\x80\xe2\x94\x80\xe2\x94\x80\xe2\x94\x80\xe2\x94\x80\xe2\x94\x80\xe2\x94\x80\xe2\x94\x80\xe2\x94\x80\xe2\x94\x80\xe2\x94\x80\xe2\x94\x80\xe2\x94\x80\xe2\x94\x80\xe2\x94\x80\xe2\x94\x80\xe2\x94\x80\xe2\x94\x80\xe2\x94\x80\xe2\x94\x80\xe2\x94\x80\xe2\x94\x80\xe2\x94\x80\xe2\x94\x80\xe2\x94\x80\xe2\x94\x80\xe2\x94\x80\xe2\x94\x80\xe2\x94\x80\xe2\x94\x80\xe2\x94\x80\xe2\x94\x80\xe2\x94\x80 */\n        .flash-container { padding: 0.5rem 0; }\n        .alert-cq {\n            border-left: 4px solid; border-radius: 0 var(--cq-radius) var(--cq-radius) 0;\n            background: var(--cq-navy-mid); color: var(--cq-text);\n            border-top: none; border-right: none; border-bottom: none;\n            font-weight: 500;\n        }\n        .alert-cq.alert-success { border-color: var(--cq-green); }\n        .alert-cq.alert-danger  { border-color: var(--cq-red); }\n        .alert-cq.alert-info    { border-color: var(--cq-cyan); }\n        .alert-cq.alert-warning { border-color: var(--cq-yellow); }\n\n        /* \xe2\x94\x80\xe2\x94\x80 Dark Cards \xe2\x94\x80\xe2\x94\x80\xe2\x94\x80\xe2\x94\x80\xe2\x94\x80\xe2\x94\x80\xe2\x94\x80\xe2\x94\x80\xe2\x94\x80\xe2\x94\x80\xe2\x94\x80\xe2\x94\x80\xe2\x94\x80\xe2\x94\x80\xe2\x94\x80\xe2\x94\x80\xe2\x94\x80\xe2\x94\x80\xe2\x94\x80\xe2\x94\x80\xe2\x94\x80\xe2\x94\x80\xe2\x94\x80\xe2\x94\x80\xe2\x94\x80\xe2\x94\x80\xe2\x94\x80\xe2\x94\x80\xe2\x94\x80\xe2\x94\x80\xe2\x94\x80\xe2\x94\x80\xe2\x94\x80\xe2\x94\x80\xe2\x94\x80\xe2\x94\x80\xe2\x94\x80\xe2\x94\x80\xe2\x94\x80\xe2\x94\x80\xe2\x94\x80\xe2\x94\x80\xe2\x94\x80\xe2\x94\x80\xe2\x94\x80\xe2\x94\x80\xe2\x94\x80\xe2\x94\x80\xe2\x94\x80\xe2\x94\x80 */\n        .card-cq {\n            background: var(--cq-navy-mid);\n            border: 1px solid var(--cq-border);\n            border-radius: var(--cq-radius);\n            color: var(--cq-text);\n            box-shadow: var(--cq-shadow);\n        }\n        .card-cq .card-header {\n            background: var(--cq-navy-light);\n            border-bottom: 1px solid var(--cq-border);\n            color: var(--cq-text);\n            border-radius: var(--cq-radius) var(--cq-radius) 0 0;\n        }\n\n        /* \xe2\x94\x80\xe2\x94\x80 Dark Tables \xe2\x94\x80\xe2\x94\x80\xe2\x94\x80\xe2\x94\x80\xe2\x94\x80\xe2\x94\x80\xe2\x94\x80\xe2\x94\x80\xe2\x94\x80\xe2\x94\x80\xe2\x94\x80\xe2\x94\x80\xe2\x94\x80\xe2\x94\x80\xe2\x94\x80\xe2\x94\x80\xe2\x94\x80\xe2\x94\x80\xe2\x94\x80\xe2\x94\x80\xe2\x94\x80\xe2\x94\x80\xe2\x94\x80\xe2\x94\x80\xe2\x94\x80\xe2\x94\x80\xe2\x94\x80\xe2\x94\x80\xe2\x94\x80\xe2\x94\x80\xe2\x94\x80\xe2\x94\x80\xe2\x94\x80\xe2\x94\x80\xe2\x94\x80\xe2\x94\x80\xe2\x94\x80\xe2\x94\x80\xe2\x94\x80\xe2\x94\x80\xe2\x94\x80\xe2\x94\x80\xe2\x94\x80\xe2\x94\x80\xe2\x94\x80\xe2\x94\x80\xe2\x94\x80\xe2\x94\x80\xe2\x94\x80 */\n        .table-cq { color: var(--cq-text); }\n        .table-cq thead th {\n            background: var(--cq-navy-light);\n            color: var(--cq-cyan);\n            border-color: var(--cq-border);\n            font-family: var(--font-heading);\n            font-size: 0.8rem;\n            letter-spacing: 1px;\n        }\n        .table-cq tbody tr {\n            border-color: var(--cq-border);\n        }\n        .table-cq tbody tr:hover {\n            background: rgba(0,180,216,0.05);\n        }\n        .table-cq td, .table-cq th {\n            border-color: var(--cq-border);\n            vertical-align: middle;\n        }\n\n        /* \xe2\x94\x80\xe2\x94\x80 Dark Forms \xe2\x94\x80\xe2\x94\x80\xe2\x94\x80\xe2\x94\x80\xe2\x94\x80\xe2\x94\x80\xe2\x94\x80\xe2\x94\x80\xe2\x94\x80\xe2\x94\x80\xe2\x94\x80\xe2\x94\x80\xe2\x94\x80\xe2\x94\x80\xe2\x94\x80\xe2\x94\x80\xe2\x94\x80\xe2\x94\x80\xe2\x94\x80\xe2\x94\x80\xe2\x94\x80\xe2\x94\x80\xe2\x94\x80\xe2\x94\x80\xe2\x94\x80\xe2\x94\x80\xe2\x94\x80\xe2\x94\x80\xe2\x94\x80\xe2\x94\x80\xe2\x94\x80\xe2\x94\x80\xe2\x94\x80\xe2\x94\x80\xe2\x94\x80\xe2\x94\x80\xe2\x94\x80\xe2\x94\x80\xe2\x94\x80\xe2\x94\x80\xe2\x94\x80\xe2\x94\x80\xe2\x94\x80\xe2\x94\x80\xe2\x94\x80\xe2\x94\x80\xe2\x94\x80\xe2\x94\x80\xe2\x94\x80\xe2\x94\x80 */\n        .form-control-cq, .form-select-cq {\n            background: var(--cq-navy-light);\n            border: 1px solid var(--cq-border);\n            color: var(--cq-text);\n            border-radius: 8px;\n        }\n        .form-control-cq:focus, .form-select-cq:focus {\n            background: var(--cq-navy-light);\n            border-color: var(--cq-cyan);\n            color: var(--cq-text);\n            box-shadow: 0 0 0 3px rgba(0,180,216,0.2);\n        }\n        .form-control-cq::placeholder { color: var(--cq-text-muted); }\n\n        /* \xe2\x94\x80\xe2\x94\x80 CyberQuest Buttons \xe2\x94\x80\xe2\x94\x80\xe2\x94\x80\xe2\x94\x80\xe2\x94\x80\xe2\x94\x80\xe2\x94\x80\xe2\x94\x80\xe2\x94\x80\xe2\x94\x80\xe2\x94\x80\xe2\x94\x80\xe2\x94\x80\xe2\x94\x80\xe2\x94\x80\xe2\x94\x80\xe2\x94\x80\xe2\x94\x80\xe2\x94\x80\xe2\x94\x80\xe2\x94\x80\xe2\x94\x80\xe2\x94\x80\xe2\x94\x80\xe2\x94\x80\xe2\x94\x80\xe2\x94\x80\xe2\x94\x80\xe2\x94\x80\xe2\x94\x80\xe2\x94\x80\xe2\x94\x80\xe2\x94\x80\xe2\x94\x80\xe2\x94\x80\xe2\x94\x80\xe2\x94\x80\xe2\x94\x80\xe2\x94\x80\xe2\x94\x80\xe2\x94\x80\xe2\x94\x80 */\n        .btn-cq-primary {\n            background: var(--cq-cyan); color: var(--cq-navy);\n            border: none; font-weight: 700; border-radius: 8px;\n            font-family: var(--font-body); letter-spacing: 0.5px;\n            transition: all 0.2s;\n        }\n        .btn-cq-primary:hover {\n            background: var(--cq-cyan-glow);\n            box-shadow: 0 4px 16px rgba(0,180,216,0.4);\n        }\n        .btn-cq-outline {\n            border: 1px solid var(--cq-cyan); color: var(--cq-cyan);\n            background: transparent; border-radius: 8px;\n            font-weight: 600; transition: all 0.2s;\n        }\n        .btn-cq-outline:hover {\n            background: rgba(0,180,216,0.12); color: var(--cq-cyan-glow);\n        }\n        .btn-cq-danger {\n            border: 1px solid var(--cq-red); color: var(--cq-red);\n            background: transparent; border-radius: 8px;\n            font-weight: 600; transition: all 0.2s;\n        }\n        .btn-cq-danger:hover { background: rgba(255,77,109,0.12); }\n\n        /* \xe2\x94\x80\xe2\x94\x80 Badges / Pills \xe2\x94\x80\xe2\x94\x80\xe2\x94\x80\xe2\x94\x80\xe2\x94\x80\xe2\x94\x80\xe2\x94\x80\xe2\x94\x80\xe2\x94\x80\xe2\x94\x80\xe2\x94\x80\xe2\x94\x80\xe2\x94\x80\xe2\x94\x80\xe2\x94\x80\xe2\x94\x80\xe2\x94\x80\xe2\x94\x80\xe2\x94\x80\xe2\x94\x80\xe2\x94\x80\xe2\x94\x80\xe2\x94\x80\xe2\x94\x80\xe2\x94\x80\xe2\x94\x80\xe2\x94\x80\xe2\x94\x80\xe2\x94\x80\xe2\x94\x80\xe2\x94\x80\xe2\x94\x80\xe2\x94\x80\xe2\x94\x80\xe2\x94\x80\xe2\x94\x80\xe2\x94\x80\xe2\x94\x80\xe2\x94\x80\xe2\x94\x80\xe2\x94\x80\xe2\x94\x80\xe2\x94\x80\xe2\x94\x80\xe2\x94\x80\xe2\x94\x80 */\n        .badge-cq-cyan {\n            background: rgba(0,180,216,0.15);\n            color: var(--cq-cyan);\n            border: 1px solid var(--cq-border);\n            border-radius: 20px; padding: 0.3rem 0.8rem;\n            font-size: 0.8rem; font-weight: 600;\n        }\n        .badge-cq-gold {\n            background: rgba(255,214,10,0.15);\n            color: var(--cq-yellow);\n            border: 1px solid rgba(255,214,10,0.3);\n            border-radius: 20px; padding: 0.3rem 0.8rem;\n            font-size: 0.8rem; font-weight: 600;\n        }\n\n        /* \xe2\x94\x80\xe2\x94\x80 Progress bars \xe2\x94\x80\xe2\x94\x80\xe2\x94\x80\xe2\x94\x80\xe2\x94\x80\xe2\x94\x80\xe2\x94\x80\xe2\x94\x80\xe2\x94\x80\xe2\x94\x80\xe2\x94\x80\xe2\x94\x80\xe2\x94\x80\xe2\x94\x80\xe2\x94\x80\xe2\x94\x80\xe2\x94\x80\xe2\x94\x80\xe2\x94\x80\xe2\x94\x80\xe2\x94\x80\xe2\x94\x80\xe2\x94\x80\xe2\x94\x80\xe2\x94\x80\xe2\x94\x80\xe2\x94\x80\xe2\x94\x80\xe2\x94\x80\xe2\x94\x80\xe2\x94\x80\xe2\x94\x80\xe2\x94\x80\xe2\x94\x80\xe2\x94\x80\xe2\x94\x80\xe2\x94\x80\xe2\x94\x80\xe2\x94\x80\xe2\x94\x80\xe2\x94\x80\xe2\x94\x80\xe2\x94\x80\xe2\x94\x80\xe2\x94\x80\xe2\x94\x80\xe2\x94\x80 */\n        .progress-cq {\n            background: var(--cq-navy-light);\n            border-radius: 10px; height: 8px;\n        }\n        .progress-cq .progress-bar {\n            background: linear-gradient(90deg, var(--cq-cyan), var(--cq-green));\n            border-radius: 10px;\n        }\n\n        /* \xe2\x94\x80\xe2\x94\x80 Stat Cards \xe2\x94\x80\xe2\x94\x80\xe2\x94\x80\xe2\x94\x80\xe2\x94\x80\xe2\x94\x80\xe2\x94\x80\xe2\x94\x80\xe2\x94\x80\xe2\x94\x80\xe2\x94\x80\xe2\x94\x80\xe2\x94\x80\xe2\x94\x80\xe2\x94\x80\xe2\x94\x80\xe2\x94\x80\xe2\x94\x80\xe2\x94\x80\xe2\x94\x80\xe2\x94\x80\xe2\x94\x80\xe2\x94\x80\xe2\x94\x80\xe2\x94\x80\xe2\x94\x80\xe2\x94\x80\xe2\x94\x80\xe2\x94\x80\xe2\x94\x80\xe2\x94\x80\xe2\x94\x80\xe2\x94\x80\xe2\x94\x80\xe2\x94\x80\xe2\x94\x80\xe2\x94\x80\xe2\x94\x80\xe2\x94\x80\xe2\x94\x80\xe2\x94\x80\xe2\x94\x80\xe2\x94\x80\xe2\x94\x80\xe2\x94\x80\xe2\x94\x80\xe2\x94\x80\xe2\x94\x80\xe2\x94\x80\xe2\x94\x80 */\n        .stat-card {\n            background: var(--cq-navy-mid);\n            border: 1px solid var(--cq-border);\n            border-radius: var(--cq-radius);\n            padding: 1.5rem 1rem;\n            text-align: center;\n            transition: border-color 0.2s, transform 0.2s;\n        }\n        .stat-card:hover {\n            border-color: var(--cq-cyan);\n            transform: translateY(-2px);\n        }\n        .stat-card .stat-number {\n            font-family: var(--font-heading); font-size: 2rem;\n            font-weight: 800;\n        }\n        .stat-card .stat-label { color: var(--cq-text-muted); font-size: 0.85rem; }\n\n        /* \xe2\x94\x80\xe2\x94\x80 Footer \xe2\x94\x80\xe2\x94\x80\xe2\x94\x80\xe2\x94\x80\xe2\x94\x80\xe2\x94\x80\xe2\x94\x80\xe2\x94\x80\xe2\x94\x80\xe2\x94\x80\xe2\x94\x80\xe2\x94\x80\xe2\x94\x80\xe2\x94\x80\xe2\x94\x80\xe2\x94\x80\xe2\x94\x80\xe2\x94\x80\xe2\x94\x80\xe2\x94\x80\xe2\x94\x80\xe2\x94\x80\xe2\x94\x80\xe2\x94\x80\xe2\x94\x80\xe2\x94\x80\xe2\x94\x80\xe2\x94\x80\xe2\x94\x80\xe2\x94\x80\xe2\x94\x80\xe2\x94\x80\xe2\x94\x80\xe2\x94\x80\xe2\x94\x80\xe2\x94\x80\xe2\x94\x80\xe2\x94\x80\xe2\x94\x80\xe2\x94\x80\xe2\x94\x80\xe2\x94\x80\xe2\x94\x80\xe2\x94\x80\xe2\x94\x80\xe2\x94\x80\xe2\x94\x80\xe2\x94\x80\xe2\x94\x80\xe2\x94\x80\xe2\x94\x80\xe2\x94\x80\xe2\x94\x80\xe2\x94\x80 */\n        .footer-cq {\n            background: var(--cq-navy-mid);\n            border-top: 1px solid var(--cq-border);\n            padding: 1.5rem 0;\n            margin-top: auto;\n        }\n        .footer-brand {\n            font-family: var(--font-heading); font-weight: 800;\n            color: var(--cq-cyan); font-size: 1rem; letter-spacing: 2px;\n        }\n        .footer-text { color: var(--cq-text-muted); font-size: 0.85rem; }\n        .footer-team { color: var(--cq-cyan); font-size: 0.85rem; font-weight: 600; }\n\n        /* \xe2\x94\x80\xe2\x94\x80 Scrollbar \xe2\x94\x80\xe2\x94\x80\xe2\x94\x80\xe2\x94\x80\xe2\x94\x80\xe2\x94\x80\xe2\x94\x80\xe2\x94\x80\xe2\x94\x80\xe2\x94\x80\xe2\x94\x80\xe2\x94\x80\xe2\x94\x80\xe2\x94\x80\xe2\x94\x80\xe2\x94\x80\xe2\x94\x80\xe2\x94\x80\xe2\x94\x80\xe2\x94\x80\xe2\x94\x80\xe2\x94\x80\xe2\x94\x80\xe2\x94\x80\xe2\x94\x80\xe2\x94\x80\xe2\x94\x80\xe2\x94\x80\xe2\x94\x80\xe2\x94\x80\xe2\x94\x80\xe2\x94\x80\xe2\x94\x80\xe2\x94\x80\xe2\x94\x80\xe2\x94\x80\xe2\x94\x80\xe2\x94\x80\xe2\x94\x80\xe2\x94\x80\xe2\x94\x80\xe2\x94\x80\xe2\x94\x80\xe2\x94\x80\xe2\x94\x80\xe2\x94\x80\xe2\x94\x80\xe2\x94\x80\xe2\x94\x80\xe2\x94\x80\xe2\x94\x80 */\n        ::-webkit-scrollbar { width: 6px; }\n        ::-webkit-scrollbar-track { background: var(--cq-navy); }\n        ::-webkit-scrollbar-thumb { background: var(--cq-navy-light); border-radius: 3px; }\n        ::-webkit-scrollbar-thumb:hover { background: var(--cq-cyan); }\n    </style>\n\n    \n</head>\n\n<body>\n\n<!-- \xe2\x94\x80\xe2\x94\x80 Navbar \xe2\x94\x80\xe2\x94\x80\xe2\x94\x80\xe2\x94\x80\xe2\x94\x80\xe2\x94\x80\xe2\x94\x80\xe2\x94\x80\xe2\x94\x80\xe2\x94\x80\xe2\x94\x80\xe2\x94\x80\xe2\x94\x80\xe2\x94\x80\xe2\x94\x80\xe2\x94\x80\xe2\x94\x80\xe2\x94\x80\xe2\x94\x80\xe2\x94\x80\xe2\x94\x80\xe2\x94\x80\xe2\x94\x80\xe2\x94\x80\xe2\x94\x80\xe2\x94\x80\xe2\x94\x80\xe2\x94\x80\xe2\x94\x80\xe2\x94\x80\xe2\x94\x80\xe2\x94\x80\xe2\x94\x80\xe2\x94\x80\xe2\x94\x80\xe2\x94\x80\xe2\x94\x80\xe2\x94\x80\xe2\x94\x80\xe2\x94\x80\xe2\x94\x80\xe2\x94\x80\xe2\x94\x80\xe2\x94\x80\xe2\x94\x80\xe2\x94\x80\xe2\x94\x80\xe2\x94\x80\xe2\x94\x80\xe2\x94\x80\xe2\x94\x80\xe2\x94\x80\xe2\x94\x80\xe2\x94\x80\xe2\x94\x80\xe2\x94\x80\xe2\x94\x80\xe2\x94\x80\xe2\x94\x80\xe2\x94\x80\xe2\x94\x80 -->\n<nav class="navbar navbar-expand-lg navbar-cyberquest">\n    <div class="container">\n        <!-- Fixed: use auth.login instead of non-existent \'home\' route -->\n        <a class="navbar-brand-cq"\n           href="/challenges">\n            <i class="bi bi-shield-fill-check brand-icon"></i>\n            CYBER<span style="color:#fff;">QUEST</span>\n        </a>\n\n        <button class="navbar-toggler" type="button"\n                data-bs-toggle="collapse" data-bs-target="#navbarMain">\n            <span class="navbar-toggler-icon"></span>\n        </button>\n\n        <div class="collapse navbar-collapse" id="navbarMain">\n            \n            <ul class="navbar-nav me-auto mb-2 mb-lg-0">\n                \n                <li class="nav-item">\n                    <a class="nav-link nav-link-cq" href="/challenges">\n                        <i class="bi bi-controller me-1"></i> Challenges\n                    </a>\n                </li>\n                <li class="nav-item">\n                    <a class="nav-link nav-link-cq" href="/progress">\n                        <i class="bi bi-bar-chart-fill me-1"></i> My Progress\n                    </a>\n                </li>\n                <li class="nav-item">\n                    <a class="nav-link nav-link-cq" href="/result">\n                        <i class="bi bi-trophy me-1"></i> Results\n                    </a>\n                </li>\n                \n            </ul>\n            \n\n            <div class="d-flex align-items-center gap-2">\n                \n                    <span class="navbar-username d-none d-md-inline">\n                        <i class="bi bi-person-circle me-1"></i>\n                        <strong>newstudent_test</strong>\n                        <span class="badge ms-1"\n                              style="background:rgba(0,180,216,0.15);\n                                     color:var(--cq-cyan); font-size:0.7rem;">\n                            Student\n                        </span>\n                    </span>\n                    \n                    <a href="/2fa/setup"\n                       class="btn-nav-login btn"\n                       title="2FA Settings">\n                        <i class="bi bi-shield-lock"></i>\n                    </a>\n                    \n                    <a href="/logout" class="btn-nav-login btn">\n                        <i class="bi bi-box-arrow-right me-1"></i> Logout\n                    </a>\n                \n            </div>\n        </div>\n    </div>\n</nav>\n\n<!-- \xe2\x94\x80\xe2\x94\x80 Flash Messages (handled once here, not in child templates) \xe2\x94\x80\xe2\x94\x80\xe2\x94\x80\xe2\x94\x80\xe2\x94\x80\xe2\x94\x80\xe2\x94\x80\xe2\x94\x80\xe2\x94\x80\xe2\x94\x80 -->\n<div class="flash-container">\n    <div class="container">\n        \n            \n        \n    </div>\n</div>\n\n<!-- \xe2\x94\x80\xe2\x94\x80 Main Content \xe2\x94\x80\xe2\x94\x80\xe2\x94\x80\xe2\x94\x80\xe2\x94\x80\xe2\x94\x80\xe2\x94\x80\xe2\x94\x80\xe2\x94\x80\xe2\x94\x80\xe2\x94\x80\xe2\x94\x80\xe2\x94\x80\xe2\x94\x80\xe2\x94\x80\xe2\x94\x80\xe2\x94\x80\xe2\x94\x80\xe2\x94\x80\xe2\x94\x80\xe2\x94\x80\xe2\x94\x80\xe2\x94\x80\xe2\x94\x80\xe2\x94\x80\xe2\x94\x80\xe2\x94\x80\xe2\x94\x80\xe2\x94\x80\xe2\x94\x80\xe2\x94\x80\xe2\x94\x80\xe2\x94\x80\xe2\x94\x80\xe2\x94\x80\xe2\x94\x80\xe2\x94\x80\xe2\x94\x80\xe2\x94\x80\xe2\x94\x80\xe2\x94\x80\xe2\x94\x80\xe2\x94\x80\xe2\x94\x80\xe2\x94\x80\xe2\x94\x80\xe2\x94\x80\xe2\x94\x80\xe2\x94\x80\xe2\x94\x80\xe2\x94\x80\xe2\x94\x80\xe2\x94\x80\xe2\x94\x80\xe2\x94\x80\xe2\x94\x80 -->\n<main>\n    \n<div class="container py-4">\n\n  <div class="d-flex justify-content-between align-items-center mb-4">\n    <div>\n      <h2 class="mb-0" style="color:var(--cq-cyan);">\xf0\x9f\x9b\xa1\xef\xb8\x8f Challenge Categories</h2>\n      <p style="color:var(--cq-text-muted);" class="mb-0">Choose a category to start earning points</p>\n    </div>\n    <div class="text-end">\n      <span class="badge-cq-gold fs-6 px-3 py-2">\xe2\xad\x90 0 pts</span>\n      <a href="/progress" class="btn btn-cq-outline ms-2">\xf0\x9f\x93\x8a My Progress</a>\n    </div>\n  </div>\n\n  <!-- Category Cards -->\n  <div class="row g-4 mb-5">\n    \n    <div class="col-md-4">\n      <div class="card-cq h-100 p-4 text-center" style="transition:border-color 0.2s,transform 0.2s;"\n           onmouseover="this.style.borderColor=\'var(--cq-cyan)\';this.style.transform=\'translateY(-4px)\'"\n           onmouseout="this.style.borderColor=\'var(--cq-border)\';this.style.transform=\'none\'">\n        <div style="font-size:3.5rem;" class="mb-3">\xf0\x9f\x8e\xa3</div>\n        <h4 style="color:var(--cq-cyan);">Phishing Awareness</h4>\n        <p style="color:var(--cq-text-muted);" class="small mb-3">Learn to spot phishing emails and social engineering attacks.</p>\n\n        <div class="mb-3">\n          <div class="d-flex justify-content-between small mb-1"\n               style="color:var(--cq-text-muted);">\n            <span>Progress</span>\n            <span>0/5</span>\n          </div>\n          <div class="progress-cq">\n            <div class="progress-bar" role="progressbar"\n                 style="width:0%">\n            </div>\n          </div>\n        </div>\n\n        <a href="/challenge/phishing"\n           class="btn btn-cq-primary w-100 fw-bold">\n          \xf0\x9f\x9a\x80 Start\n        </a>\n      </div>\n    </div>\n    \n    <div class="col-md-4">\n      <div class="card-cq h-100 p-4 text-center" style="transition:border-color 0.2s,transform 0.2s;"\n           onmouseover="this.style.borderColor=\'var(--cq-cyan)\';this.style.transform=\'translateY(-4px)\'"\n           onmouseout="this.style.borderColor=\'var(--cq-border)\';this.style.transform=\'none\'">\n        <div style="font-size:3.5rem;" class="mb-3">\xf0\x9f\x94\x90</div>\n        <h4 style="color:var(--cq-cyan);">Password Security</h4>\n        <p style="color:var(--cq-text-muted);" class="small mb-3">Master the art of strong passwords and authentication.</p>\n\n        <div class="mb-3">\n          <div class="d-flex justify-content-between small mb-1"\n               style="color:var(--cq-text-muted);">\n            <span>Progress</span>\n            <span>0/5</span>\n          </div>\n          <div class="progress-cq">\n            <div class="progress-bar" role="progressbar"\n                 style="width:0%">\n            </div>\n          </div>\n        </div>\n\n        <a href="/challenge/password"\n           class="btn btn-cq-primary w-100 fw-bold">\n          \xf0\x9f\x9a\x80 Start\n        </a>\n      </div>\n    </div>\n    \n    <div class="col-md-4">\n      <div class="card-cq h-100 p-4 text-center" style="transition:border-color 0.2s,transform 0.2s;"\n           onmouseover="this.style.borderColor=\'var(--cq-cyan)\';this.style.transform=\'translateY(-4px)\'"\n           onmouseout="this.style.borderColor=\'var(--cq-border)\';this.style.transform=\'none\'">\n        <div style="font-size:3.5rem;" class="mb-3">\xf0\x9f\x8c\x90</div>\n        <h4 style="color:var(--cq-cyan);">Safe Browsing</h4>\n        <p style="color:var(--cq-text-muted);" class="small mb-3">Stay safe online \xe2\x80\x94 VPNs, HTTPS, and browser threats.</p>\n\n        <div class="mb-3">\n          <div class="d-flex justify-content-between small mb-1"\n               style="color:var(--cq-text-muted);">\n            <span>Progress</span>\n            <span>0/5</span>\n          </div>\n          <div class="progress-cq">\n            <div class="progress-bar" role="progressbar"\n                 style="width:0%">\n            </div>\n          </div>\n        </div>\n\n        <a href="/challenge/browsing"\n           class="btn btn-cq-primary w-100 fw-bold">\n          \xf0\x9f\x9a\x80 Start\n        </a>\n      </div>\n    </div>\n    \n  </div>\n\n  <!-- Badges -->\n  \n\n</div>\n\n</main>\n\n<!-- \xe2\x94\x80\xe2\x94\x80 Footer \xe2\x94\x80\xe2\x94\x80\xe2\x94\x80\xe2\x94\x80\xe2\x94\x80\xe2\x94\x80\xe2\x94\x80\xe2\x94\x80\xe2\x94\x80\xe2\x94\x80\xe2\x94\x80\xe2\x94\x80\xe2\x94\x80\xe2\x94\x80\xe2\x94\x80\xe2\x94\x80\xe2\x94\x80\xe2\x94\x80\xe2\x94\x80\xe2\x94\x80\xe2\x94\x80\xe2\x94\x80\xe2\x94\x80\xe2\x94\x80\xe2\x94\x80\xe2\x94\x80\xe2\x94\x80\xe2\x94\x80\xe2\x94\x80\xe2\x94\x80\xe2\x94\x80\xe2\x94\x80\xe2\x94\x80\xe2\x94\x80\xe2\x94\x80\xe2\x94\x80\xe2\x94\x80\xe2\x94\x80\xe2\x94\x80\xe2\x94\x80\xe2\x94\x80\xe2\x94\x80\xe2\x94\x80\xe2\x94\x80\xe2\x94\x80\xe2\x94\x80\xe2\x94\x80\xe2\x94\x80\xe2\x94\x80\xe2\x94\x80\xe2\x94\x80\xe2\x94\x80\xe2\x94\x80\xe2\x94\x80\xe2\x94\x80\xe2\x94\x80\xe2\x94\x80\xe2\x94\x80\xe2\x94\x80\xe2\x94\x80\xe2\x94\x80 -->\n<footer class="footer-cq">\n    <div class="container">\n        <div class="row align-items-center">\n            <div class="col-md-3 mb-2 mb-md-0">\n                <div class="footer-brand"><i class="bi bi-shield-fill-check me-2"></i>CYBERQUEST</div>\n                <div class="footer-text">Cybersecurity Awareness Game</div>\n            </div>\n            <div class="col-md-5 mb-2 mb-md-0">\n                <div class="footer-text">\n                    <i class="bi bi-mortarboard-fill me-1"></i>\n                    ICT932 \xe2\x80\x94 Cybersecurity Testing and Assurance<br>\n                    Crown Institute of Higher Education (CIHE) \xc2\xa9 2026\n                </div>\n            </div>\n            <div class="col-md-4 text-md-end">\n                <div class="footer-team">\n                    Prashan Manandhar | Raju Kshetri | Pramesh Silwal | Susanta Dhakal\n                </div>\n            </div>\n        </div>\n    </div>\n</footer>\n\n<script src="https://cdn.jsdelivr.net/npm/bootstrap@5.3.0/dist/js/bootstrap.bundle.min.js"></script>\n\n\n</body>\n</html>'
E    +  where b'<!DOCTYPE html>\n<!--\n    base.html \xe2\x80\x94 Shared base template for CyberQuest\n    Authors: Susanta Dhakal (CIHE250321) & Pramesh Silwal (CIHE241339)\n    Fixed: Prashan Manandhar (CIHE241182) \xe2\x80\x94 removed broken url_for(\'home\')\n-->\n<html lang="en">\n<head>\n    <meta charset="UTF-8">\n    <meta name="viewport" content="width=device-width, initial-scale=1.0">\n    <meta name="description" content="CyberQuest \xe2\x80\x94 Cybersecurity Awareness Game for ICT932 CIHE">\n    <title>Challenges \xe2\x80\x94 CyberQuest | ICT932</title>\n\n    <!-- Bootstrap 5 CSS -->\n    <link href="https://cdn.jsdelivr.net/npm/bootstrap@5.3.0/dist/css/bootstrap.min.css" rel="stylesheet">\n    <!-- Bootstrap Icons -->\n    <link href="https://cdn.jsdelivr.net/npm/bootstrap-icons@1.11.0/font/bootstrap-icons.css" rel="stylesheet">\n    <!-- Google Fonts -->\n    <link href="https://fonts.googleapis.com/css2?family=Orbitron:wght@400;600;800&family=Rajdhani:wght@300;400;500;600&display=swap" rel="stylesheet">\n\n    <style>\n        /* \xe2\x94\x80\xe2\x94\x80 Design Tokens \xe2\x94\x80\xe2\x94\x80\xe2\x94\x80\xe2\x94\x80\xe2\x94\x80\xe2\x94\x80\xe2\x94\x80\xe2\x94\x80\xe2\x94\x80\xe2\x94\x80\xe2\x94\x80\xe2\x94\x80\xe2\x94\x80\xe2\x94\x80\xe2\x94\x80\xe2\x94\x80\xe2\x94\x80\xe2\x94\x80\xe2\x94\x80\xe2\x94\x80\xe2\x94\x80\xe2\x94\x80\xe2\x94\x80\xe2\x94\x80\xe2\x94\x80\xe2\x94\x80\xe2\x94\x80\xe2\x94\x80\xe2\x94\x80\xe2\x94\x80\xe2\x94\x80\xe2\x94\x80\xe2\x94\x80\xe2\x94\x80\xe2\x94\x80\xe2\x94\x80\xe2\x94\x80\xe2\x94\x80\xe2\x94\x80\xe2\x94\x80\xe2\x94\x80\xe2\x94\x80\xe2\x94\x80\xe2\x94\x80\xe2\x94\x80\xe2\x94\x80\xe2\x94\x80 */\n        :root {\n            --cq-navy:      #0D1B2A;\n            --cq-navy-mid:  #112233;\n            --cq-navy-light:#1A2E42;\n            --cq-cyan:      #00B4D8;\n            --cq-cyan-glow: #00D4FF;\n            --cq-green:     #00E676;\n            --cq-red:       #FF4D6D;\n            --cq-yellow:    #FFD60A;\n            --cq-text:      #E0EAF4;\n            --cq-text-muted:#7A9BB5;\n            --cq-border:    rgba(0, 180, 216, 0.2);\n            --cq-shadow:    0 4px 24px rgba(0, 180, 216, 0.12);\n            --cq-radius:    12px;\n            --font-heading: \'Orbitron\', monospace;\n            --font-body:    \'Rajdhani\', sans-serif;\n        }\n\n        *, *::before, *::after { box-sizing: border-box; }\n        html { scroll-behavior: smooth; }\n\n        body {\n            background-color: var(--cq-navy);\n            color: var(--cq-text);\n            font-family: var(--font-body);\n            font-size: 1.05rem;\n            min-height: 100vh;\n            display: flex;\n            flex-direction: column;\n        }\n\n        h1,h2,h3,h4,h5,h6 { font-family: var(--font-heading); }\n        main { flex: 1; }\n\n        /* \xe2\x94\x80\xe2\x94\x80 Navbar \xe2\x94\x80\xe2\x94\x80\xe2\x94\x80\xe2\x94\x80\xe2\x94\x80\xe2\x94\x80\xe2\x94\x80\xe2\x94\x80\xe2\x94\x80\xe2\x94\x80\xe2\x94\x80\xe2\x94\x80\xe2\x94\x80\xe2\x94\x80\xe2\x94\x80\xe2\x94\x80\xe2\x94\x80\xe2\x94\x80\xe2\x94\x80\xe2\x94\x80\xe2\x94\x80\xe2\x94\x80\xe2\x94\x80\xe2\x94\x80\xe2\x94\x80\xe2\x94\x80\xe2\x94\x80\xe2\x94\x80\xe2\x94\x80\xe2\x94\x80\xe2\x94\x80\xe2\x94\x80\xe2\x94\x80\xe2\x94\x80\xe2\x94\x80\xe2\x94\x80\xe2\x94\x80\xe2\x94\x80\xe2\x94\x80\xe2\x94\x80\xe2\x94\x80\xe2\x94\x80\xe2\x94\x80\xe2\x94\x80\xe2\x94\x80\xe2\x94\x80\xe2\x94\x80\xe2\x94\x80\xe2\x94\x80\xe2\x94\x80\xe2\x94\x80\xe2\x94\x80\xe2\x94\x80\xe2\x94\x80 */\n        .navbar-cyberquest {\n            background: rgba(13,27,42,0.97);\n            border-bottom: 1px solid var(--cq-border);\n            backdrop-filter: blur(10px);\n            padding: 0.75rem 0;\n            position: sticky; top: 0; z-index: 1000;\n        }\n        .navbar-brand-cq {\n            font-family: var(--font-heading); font-weight: 800;\n            font-size: 1.35rem; color: var(--cq-cyan) !important;\n            text-decoration: none; letter-spacing: 2px;\n            display: flex; align-items: center; gap: 0.5rem;\n        }\n        .navbar-brand-cq .brand-icon {\n            color: var(--cq-cyan-glow); font-size: 1.5rem;\n            filter: drop-shadow(0 0 6px var(--cq-cyan));\n        }\n        .navbar-brand-cq:hover { color: var(--cq-cyan-glow) !important; }\n        .nav-link-cq {\n            color: var(--cq-text-muted) !important;\n            font-family: var(--font-body); font-weight: 500;\n            font-size: 0.95rem; letter-spacing: 0.5px;\n            padding: 0.5rem 0.85rem !important;\n            border-radius: 6px;\n            transition: color 0.2s, background 0.2s;\n        }\n        .nav-link-cq:hover, .nav-link-cq.active {\n            color: var(--cq-cyan) !important;\n            background: rgba(0,180,216,0.08);\n        }\n        .btn-nav-login {\n            border: 1px solid var(--cq-cyan); color: var(--cq-cyan);\n            background: transparent; border-radius: 6px;\n            padding: 0.4rem 1rem; font-weight: 600; font-size: 0.9rem;\n            transition: all 0.2s;\n        }\n        .btn-nav-login:hover {\n            background: rgba(0,180,216,0.15); color: var(--cq-cyan-glow);\n        }\n        .btn-nav-register {\n            background: var(--cq-cyan); color: var(--cq-navy);\n            border: none; border-radius: 6px;\n            padding: 0.4rem 1rem; font-weight: 700; font-size: 0.9rem;\n            transition: all 0.2s;\n        }\n        .btn-nav-register:hover {\n            background: var(--cq-cyan-glow);\n            box-shadow: 0 4px 12px rgba(0,180,216,0.35);\n        }\n        .navbar-username { color: var(--cq-text-muted); font-size: 0.85rem; }\n        .navbar-username strong { color: var(--cq-cyan); }\n        .navbar-toggler { border-color: var(--cq-border); }\n        .navbar-toggler-icon { filter: invert(60%) sepia(80%) saturate(400%) hue-rotate(165deg); }\n\n        /* \xe2\x94\x80\xe2\x94\x80 Flash Messages \xe2\x94\x80\xe2\x94\x80\xe2\x94\x80\xe2\x94\x80\xe2\x94\x80\xe2\x94\x80\xe2\x94\x80\xe2\x94\x80\xe2\x94\x80\xe2\x94\x80\xe2\x94\x80\xe2\x94\x80\xe2\x94\x80\xe2\x94\x80\xe2\x94\x80\xe2\x94\x80\xe2\x94\x80\xe2\x94\x80\xe2\x94\x80\xe2\x94\x80\xe2\x94\x80\xe2\x94\x80\xe2\x94\x80\xe2\x94\x80\xe2\x94\x80\xe2\x94\x80\xe2\x94\x80\xe2\x94\x80\xe2\x94\x80\xe2\x94\x80\xe2\x94\x80\xe2\x94\x80\xe2\x94\x80\xe2\x94\x80\xe2\x94\x80\xe2\x94\x80\xe2\x94\x80\xe2\x94\x80\xe2\x94\x80\xe2\x94\x80\xe2\x94\x80\xe2\x94\x80\xe2\x94\x80\xe2\x94\x80\xe2\x94\x80\xe2\x94\x80 */\n        .flash-container { padding: 0.5rem 0; }\n        .alert-cq {\n            border-left: 4px solid; border-radius: 0 var(--cq-radius) var(--cq-radius) 0;\n            background: var(--cq-navy-mid); color: var(--cq-text);\n            border-top: none; border-right: none; border-bottom: none;\n            font-weight: 500;\n        }\n        .alert-cq.alert-success { border-color: var(--cq-green); }\n        .alert-cq.alert-danger  { border-color: var(--cq-red); }\n        .alert-cq.alert-info    { border-color: var(--cq-cyan); }\n        .alert-cq.alert-warning { border-color: var(--cq-yellow); }\n\n        /* \xe2\x94\x80\xe2\x94\x80 Dark Cards \xe2\x94\x80\xe2\x94\x80\xe2\x94\x80\xe2\x94\x80\xe2\x94\x80\xe2\x94\x80\xe2\x94\x80\xe2\x94\x80\xe2\x94\x80\xe2\x94\x80\xe2\x94\x80\xe2\x94\x80\xe2\x94\x80\xe2\x94\x80\xe2\x94\x80\xe2\x94\x80\xe2\x94\x80\xe2\x94\x80\xe2\x94\x80\xe2\x94\x80\xe2\x94\x80\xe2\x94\x80\xe2\x94\x80\xe2\x94\x80\xe2\x94\x80\xe2\x94\x80\xe2\x94\x80\xe2\x94\x80\xe2\x94\x80\xe2\x94\x80\xe2\x94\x80\xe2\x94\x80\xe2\x94\x80\xe2\x94\x80\xe2\x94\x80\xe2\x94\x80\xe2\x94\x80\xe2\x94\x80\xe2\x94\x80\xe2\x94\x80\xe2\x94\x80\xe2\x94\x80\xe2\x94\x80\xe2\x94\x80\xe2\x94\x80\xe2\x94\x80\xe2\x94\x80\xe2\x94\x80\xe2\x94\x80\xe2\x94\x80 */\n        .card-cq {\n            background: var(--cq-navy-mid);\n            border: 1px solid var(--cq-border);\n            border-radius: var(--cq-radius);\n            color: var(--cq-text);\n            box-shadow: var(--cq-shadow);\n        }\n        .card-cq .card-header {\n            background: var(--cq-navy-light);\n            border-bottom: 1px solid var(--cq-border);\n            color: var(--cq-text);\n            border-radius: var(--cq-radius) var(--cq-radius) 0 0;\n        }\n\n        /* \xe2\x94\x80\xe2\x94\x80 Dark Tables \xe2\x94\x80\xe2\x94\x80\xe2\x94\x80\xe2\x94\x80\xe2\x94\x80\xe2\x94\x80\xe2\x94\x80\xe2\x94\x80\xe2\x94\x80\xe2\x94\x80\xe2\x94\x80\xe2\x94\x80\xe2\x94\x80\xe2\x94\x80\xe2\x94\x80\xe2\x94\x80\xe2\x94\x80\xe2\x94\x80\xe2\x94\x80\xe2\x94\x80\xe2\x94\x80\xe2\x94\x80\xe2\x94\x80\xe2\x94\x80\xe2\x94\x80\xe2\x94\x80\xe2\x94\x80\xe2\x94\x80\xe2\x94\x80\xe2\x94\x80\xe2\x94\x80\xe2\x94\x80\xe2\x94\x80\xe2\x94\x80\xe2\x94\x80\xe2\x94\x80\xe2\x94\x80\xe2\x94\x80\xe2\x94\x80\xe2\x94\x80\xe2\x94\x80\xe2\x94\x80\xe2\x94\x80\xe2\x94\x80\xe2\x94\x80\xe2\x94\x80\xe2\x94\x80\xe2\x94\x80\xe2\x94\x80 */\n        .table-cq { color: var(--cq-text); }\n        .table-cq thead th {\n            background: var(--cq-navy-light);\n            color: var(--cq-cyan);\n            border-color: var(--cq-border);\n            font-family: var(--font-heading);\n            font-size: 0.8rem;\n            letter-spacing: 1px;\n        }\n        .table-cq tbody tr {\n            border-color: var(--cq-border);\n        }\n        .table-cq tbody tr:hover {\n            background: rgba(0,180,216,0.05);\n        }\n        .table-cq td, .table-cq th {\n            border-color: var(--cq-border);\n            vertical-align: middle;\n        }\n\n        /* \xe2\x94\x80\xe2\x94\x80 Dark Forms \xe2\x94\x80\xe2\x94\x80\xe2\x94\x80\xe2\x94\x80\xe2\x94\x80\xe2\x94\x80\xe2\x94\x80\xe2\x94\x80\xe2\x94\x80\xe2\x94\x80\xe2\x94\x80\xe2\x94\x80\xe2\x94\x80\xe2\x94\x80\xe2\x94\x80\xe2\x94\x80\xe2\x94\x80\xe2\x94\x80\xe2\x94\x80\xe2\x94\x80\xe2\x94\x80\xe2\x94\x80\xe2\x94\x80\xe2\x94\x80\xe2\x94\x80\xe2\x94\x80\xe2\x94\x80\xe2\x94\x80\xe2\x94\x80\xe2\x94\x80\xe2\x94\x80\xe2\x94\x80\xe2\x94\x80\xe2\x94\x80\xe2\x94\x80\xe2\x94\x80\xe2\x94\x80\xe2\x94\x80\xe2\x94\x80\xe2\x94\x80\xe2\x94\x80\xe2\x94\x80\xe2\x94\x80\xe2\x94\x80\xe2\x94\x80\xe2\x94\x80\xe2\x94\x80\xe2\x94\x80\xe2\x94\x80\xe2\x94\x80 */\n        .form-control-cq, .form-select-cq {\n            background: var(--cq-navy-light);\n            border: 1px solid var(--cq-border);\n            color: var(--cq-text);\n            border-radius: 8px;\n        }\n        .form-control-cq:focus, .form-select-cq:focus {\n            background: var(--cq-navy-light);\n            border-color: var(--cq-cyan);\n            color: var(--cq-text);\n            box-shadow: 0 0 0 3px rgba(0,180,216,0.2);\n        }\n        .form-control-cq::placeholder { color: var(--cq-text-muted); }\n\n        /* \xe2\x94\x80\xe2\x94\x80 CyberQuest Buttons \xe2\x94\x80\xe2\x94\x80\xe2\x94\x80\xe2\x94\x80\xe2\x94\x80\xe2\x94\x80\xe2\x94\x80\xe2\x94\x80\xe2\x94\x80\xe2\x94\x80\xe2\x94\x80\xe2\x94\x80\xe2\x94\x80\xe2\x94\x80\xe2\x94\x80\xe2\x94\x80\xe2\x94\x80\xe2\x94\x80\xe2\x94\x80\xe2\x94\x80\xe2\x94\x80\xe2\x94\x80\xe2\x94\x80\xe2\x94\x80\xe2\x94\x80\xe2\x94\x80\xe2\x94\x80\xe2\x94\x80\xe2\x94\x80\xe2\x94\x80\xe2\x94\x80\xe2\x94\x80\xe2\x94\x80\xe2\x94\x80\xe2\x94\x80\xe2\x94\x80\xe2\x94\x80\xe2\x94\x80\xe2\x94\x80\xe2\x94\x80\xe2\x94\x80\xe2\x94\x80 */\n        .btn-cq-primary {\n            background: var(--cq-cyan); color: var(--cq-navy);\n            border: none; font-weight: 700; border-radius: 8px;\n            font-family: var(--font-body); letter-spacing: 0.5px;\n            transition: all 0.2s;\n        }\n        .btn-cq-primary:hover {\n            background: var(--cq-cyan-glow);\n            box-shadow: 0 4px 16px rgba(0,180,216,0.4);\n        }\n        .btn-cq-outline {\n            border: 1px solid var(--cq-cyan); color: var(--cq-cyan);\n            background: transparent; border-radius: 8px;\n            font-weight: 600; transition: all 0.2s;\n        }\n        .btn-cq-outline:hover {\n            background: rgba(0,180,216,0.12); color: var(--cq-cyan-glow);\n        }\n        .btn-cq-danger {\n            border: 1px solid var(--cq-red); color: var(--cq-red);\n            background: transparent; border-radius: 8px;\n            font-weight: 600; transition: all 0.2s;\n        }\n        .btn-cq-danger:hover { background: rgba(255,77,109,0.12); }\n\n        /* \xe2\x94\x80\xe2\x94\x80 Badges / Pills \xe2\x94\x80\xe2\x94\x80\xe2\x94\x80\xe2\x94\x80\xe2\x94\x80\xe2\x94\x80\xe2\x94\x80\xe2\x94\x80\xe2\x94\x80\xe2\x94\x80\xe2\x94\x80\xe2\x94\x80\xe2\x94\x80\xe2\x94\x80\xe2\x94\x80\xe2\x94\x80\xe2\x94\x80\xe2\x94\x80\xe2\x94\x80\xe2\x94\x80\xe2\x94\x80\xe2\x94\x80\xe2\x94\x80\xe2\x94\x80\xe2\x94\x80\xe2\x94\x80\xe2\x94\x80\xe2\x94\x80\xe2\x94\x80\xe2\x94\x80\xe2\x94\x80\xe2\x94\x80\xe2\x94\x80\xe2\x94\x80\xe2\x94\x80\xe2\x94\x80\xe2\x94\x80\xe2\x94\x80\xe2\x94\x80\xe2\x94\x80\xe2\x94\x80\xe2\x94\x80\xe2\x94\x80\xe2\x94\x80\xe2\x94\x80\xe2\x94\x80 */\n        .badge-cq-cyan {\n            background: rgba(0,180,216,0.15);\n            color: var(--cq-cyan);\n            border: 1px solid var(--cq-border);\n            border-radius: 20px; padding: 0.3rem 0.8rem;\n            font-size: 0.8rem; font-weight: 600;\n        }\n        .badge-cq-gold {\n            background: rgba(255,214,10,0.15);\n            color: var(--cq-yellow);\n            border: 1px solid rgba(255,214,10,0.3);\n            border-radius: 20px; padding: 0.3rem 0.8rem;\n            font-size: 0.8rem; font-weight: 600;\n        }\n\n        /* \xe2\x94\x80\xe2\x94\x80 Progress bars \xe2\x94\x80\xe2\x94\x80\xe2\x94\x80\xe2\x94\x80\xe2\x94\x80\xe2\x94\x80\xe2\x94\x80\xe2\x94\x80\xe2\x94\x80\xe2\x94\x80\xe2\x94\x80\xe2\x94\x80\xe2\x94\x80\xe2\x94\x80\xe2\x94\x80\xe2\x94\x80\xe2\x94\x80\xe2\x94\x80\xe2\x94\x80\xe2\x94\x80\xe2\x94\x80\xe2\x94\x80\xe2\x94\x80\xe2\x94\x80\xe2\x94\x80\xe2\x94\x80\xe2\x94\x80\xe2\x94\x80\xe2\x94\x80\xe2\x94\x80\xe2\x94\x80\xe2\x94\x80\xe2\x94\x80\xe2\x94\x80\xe2\x94\x80\xe2\x94\x80\xe2\x94\x80\xe2\x94\x80\xe2\x94\x80\xe2\x94\x80\xe2\x94\x80\xe2\x94\x80\xe2\x94\x80\xe2\x94\x80\xe2\x94\x80\xe2\x94\x80\xe2\x94\x80 */\n        .progress-cq {\n            background: var(--cq-navy-light);\n            border-radius: 10px; height: 8px;\n        }\n        .progress-cq .progress-bar {\n            background: linear-gradient(90deg, var(--cq-cyan), var(--cq-green));\n            border-radius: 10px;\n        }\n\n        /* \xe2\x94\x80\xe2\x94\x80 Stat Cards \xe2\x94\x80\xe2\x94\x80\xe2\x94\x80\xe2\x94\x80\xe2\x94\x80\xe2\x94\x80\xe2\x94\x80\xe2\x94\x80\xe2\x94\x80\xe2\x94\x80\xe2\x94\x80\xe2\x94\x80\xe2\x94\x80\xe2\x94\x80\xe2\x94\x80\xe2\x94\x80\xe2\x94\x80\xe2\x94\x80\xe2\x94\x80\xe2\x94\x80\xe2\x94\x80\xe2\x94\x80\xe2\x94\x80\xe2\x94\x80\xe2\x94\x80\xe2\x94\x80\xe2\x94\x80\xe2\x94\x80\xe2\x94\x80\xe2\x94\x80\xe2\x94\x80\xe2\x94\x80\xe2\x94\x80\xe2\x94\x80\xe2\x94\x80\xe2\x94\x80\xe2\x94\x80\xe2\x94\x80\xe2\x94\x80\xe2\x94\x80\xe2\x94\x80\xe2\x94\x80\xe2\x94\x80\xe2\x94\x80\xe2\x94\x80\xe2\x94\x80\xe2\x94\x80\xe2\x94\x80\xe2\x94\x80\xe2\x94\x80 */\n        .stat-card {\n            background: var(--cq-navy-mid);\n            border: 1px solid var(--cq-border);\n            border-radius: var(--cq-radius);\n            padding: 1.5rem 1rem;\n            text-align: center;\n            transition: border-color 0.2s, transform 0.2s;\n        }\n        .stat-card:hover {\n            border-color: var(--cq-cyan);\n            transform: translateY(-2px);\n        }\n        .stat-card .stat-number {\n            font-family: var(--font-heading); font-size: 2rem;\n            font-weight: 800;\n        }\n        .stat-card .stat-label { color: var(--cq-text-muted); font-size: 0.85rem; }\n\n        /* \xe2\x94\x80\xe2\x94\x80 Footer \xe2\x94\x80\xe2\x94\x80\xe2\x94\x80\xe2\x94\x80\xe2\x94\x80\xe2\x94\x80\xe2\x94\x80\xe2\x94\x80\xe2\x94\x80\xe2\x94\x80\xe2\x94\x80\xe2\x94\x80\xe2\x94\x80\xe2\x94\x80\xe2\x94\x80\xe2\x94\x80\xe2\x94\x80\xe2\x94\x80\xe2\x94\x80\xe2\x94\x80\xe2\x94\x80\xe2\x94\x80\xe2\x94\x80\xe2\x94\x80\xe2\x94\x80\xe2\x94\x80\xe2\x94\x80\xe2\x94\x80\xe2\x94\x80\xe2\x94\x80\xe2\x94\x80\xe2\x94\x80\xe2\x94\x80\xe2\x94\x80\xe2\x94\x80\xe2\x94\x80\xe2\x94\x80\xe2\x94\x80\xe2\x94\x80\xe2\x94\x80\xe2\x94\x80\xe2\x94\x80\xe2\x94\x80\xe2\x94\x80\xe2\x94\x80\xe2\x94\x80\xe2\x94\x80\xe2\x94\x80\xe2\x94\x80\xe2\x94\x80\xe2\x94\x80\xe2\x94\x80\xe2\x94\x80\xe2\x94\x80 */\n        .footer-cq {\n            background: var(--cq-navy-mid);\n            border-top: 1px solid var(--cq-border);\n            padding: 1.5rem 0;\n            margin-top: auto;\n        }\n        .footer-brand {\n            font-family: var(--font-heading); font-weight: 800;\n            color: var(--cq-cyan); font-size: 1rem; letter-spacing: 2px;\n        }\n        .footer-text { color: var(--cq-text-muted); font-size: 0.85rem; }\n        .footer-team { color: var(--cq-cyan); font-size: 0.85rem; font-weight: 600; }\n\n        /* \xe2\x94\x80\xe2\x94\x80 Scrollbar \xe2\x94\x80\xe2\x94\x80\xe2\x94\x80\xe2\x94\x80\xe2\x94\x80\xe2\x94\x80\xe2\x94\x80\xe2\x94\x80\xe2\x94\x80\xe2\x94\x80\xe2\x94\x80\xe2\x94\x80\xe2\x94\x80\xe2\x94\x80\xe2\x94\x80\xe2\x94\x80\xe2\x94\x80\xe2\x94\x80\xe2\x94\x80\xe2\x94\x80\xe2\x94\x80\xe2\x94\x80\xe2\x94\x80\xe2\x94\x80\xe2\x94\x80\xe2\x94\x80\xe2\x94\x80\xe2\x94\x80\xe2\x94\x80\xe2\x94\x80\xe2\x94\x80\xe2\x94\x80\xe2\x94\x80\xe2\x94\x80\xe2\x94\x80\xe2\x94\x80\xe2\x94\x80\xe2\x94\x80\xe2\x94\x80\xe2\x94\x80\xe2\x94\x80\xe2\x94\x80\xe2\x94\x80\xe2\x94\x80\xe2\x94\x80\xe2\x94\x80\xe2\x94\x80\xe2\x94\x80\xe2\x94\x80\xe2\x94\x80\xe2\x94\x80 */\n        ::-webkit-scrollbar { width: 6px; }\n        ::-webkit-scrollbar-track { background: var(--cq-navy); }\n        ::-webkit-scrollbar-thumb { background: var(--cq-navy-light); border-radius: 3px; }\n        ::-webkit-scrollbar-thumb:hover { background: var(--cq-cyan); }\n    </style>\n\n    \n</head>\n\n<body>\n\n<!-- \xe2\x94\x80\xe2\x94\x80 Navbar \xe2\x94\x80\xe2\x94\x80\xe2\x94\x80\xe2\x94\x80\xe2\x94\x80\xe2\x94\x80\xe2\x94\x80\xe2\x94\x80\xe2\x94\x80\xe2\x94\x80\xe2\x94\x80\xe2\x94\x80\xe2\x94\x80\xe2\x94\x80\xe2\x94\x80\xe2\x94\x80\xe2\x94\x80\xe2\x94\x80\xe2\x94\x80\xe2\x94\x80\xe2\x94\x80\xe2\x94\x80\xe2\x94\x80\xe2\x94\x80\xe2\x94\x80\xe2\x94\x80\xe2\x94\x80\xe2\x94\x80\xe2\x94\x80\xe2\x94\x80\xe2\x94\x80\xe2\x94\x80\xe2\x94\x80\xe2\x94\x80\xe2\x94\x80\xe2\x94\x80\xe2\x94\x80\xe2\x94\x80\xe2\x94\x80\xe2\x94\x80\xe2\x94\x80\xe2\x94\x80\xe2\x94\x80\xe2\x94\x80\xe2\x94\x80\xe2\x94\x80\xe2\x94\x80\xe2\x94\x80\xe2\x94\x80\xe2\x94\x80\xe2\x94\x80\xe2\x94\x80\xe2\x94\x80\xe2\x94\x80\xe2\x94\x80\xe2\x94\x80\xe2\x94\x80\xe2\x94\x80\xe2\x94\x80\xe2\x94\x80\xe2\x94\x80 -->\n<nav class="navbar navbar-expand-lg navbar-cyberquest">\n    <div class="container">\n        <!-- Fixed: use auth.login instead of non-existent \'home\' route -->\n        <a class="navbar-brand-cq"\n           href="/challenges">\n            <i class="bi bi-shield-fill-check brand-icon"></i>\n            CYBER<span style="color:#fff;">QUEST</span>\n        </a>\n\n        <button class="navbar-toggler" type="button"\n                data-bs-toggle="collapse" data-bs-target="#navbarMain">\n            <span class="navbar-toggler-icon"></span>\n        </button>\n\n        <div class="collapse navbar-collapse" id="navbarMain">\n            \n            <ul class="navbar-nav me-auto mb-2 mb-lg-0">\n                \n                <li class="nav-item">\n                    <a class="nav-link nav-link-cq" href="/challenges">\n                        <i class="bi bi-controller me-1"></i> Challenges\n                    </a>\n                </li>\n                <li class="nav-item">\n                    <a class="nav-link nav-link-cq" href="/progress">\n                        <i class="bi bi-bar-chart-fill me-1"></i> My Progress\n                    </a>\n                </li>\n                <li class="nav-item">\n                    <a class="nav-link nav-link-cq" href="/result">\n                        <i class="bi bi-trophy me-1"></i> Results\n                    </a>\n                </li>\n                \n            </ul>\n            \n\n            <div class="d-flex align-items-center gap-2">\n                \n                    <span class="navbar-username d-none d-md-inline">\n                        <i class="bi bi-person-circle me-1"></i>\n                        <strong>newstudent_test</strong>\n                        <span class="badge ms-1"\n                              style="background:rgba(0,180,216,0.15);\n                                     color:var(--cq-cyan); font-size:0.7rem;">\n                            Student\n                        </span>\n                    </span>\n                    \n                    <a href="/2fa/setup"\n                       class="btn-nav-login btn"\n                       title="2FA Settings">\n                        <i class="bi bi-shield-lock"></i>\n                    </a>\n                    \n                    <a href="/logout" class="btn-nav-login btn">\n                        <i class="bi bi-box-arrow-right me-1"></i> Logout\n                    </a>\n                \n            </div>\n        </div>\n    </div>\n</nav>\n\n<!-- \xe2\x94\x80\xe2\x94\x80 Flash Messages (handled once here, not in child templates) \xe2\x94\x80\xe2\x94\x80\xe2\x94\x80\xe2\x94\x80\xe2\x94\x80\xe2\x94\x80\xe2\x94\x80\xe2\x94\x80\xe2\x94\x80\xe2\x94\x80 -->\n<div class="flash-container">\n    <div class="container">\n        \n            \n        \n    </div>\n</div>\n\n<!-- \xe2\x94\x80\xe2\x94\x80 Main Content \xe2\x94\x80\xe2\x94\x80\xe2\x94\x80\xe2\x94\x80\xe2\x94\x80\xe2\x94\x80\xe2\x94\x80\xe2\x94\x80\xe2\x94\x80\xe2\x94\x80\xe2\x94\x80\xe2\x94\x80\xe2\x94\x80\xe2\x94\x80\xe2\x94\x80\xe2\x94\x80\xe2\x94\x80\xe2\x94\x80\xe2\x94\x80\xe2\x94\x80\xe2\x94\x80\xe2\x94\x80\xe2\x94\x80\xe2\x94\x80\xe2\x94\x80\xe2\x94\x80\xe2\x94\x80\xe2\x94\x80\xe2\x94\x80\xe2\x94\x80\xe2\x94\x80\xe2\x94\x80\xe2\x94\x80\xe2\x94\x80\xe2\x94\x80\xe2\x94\x80\xe2\x94\x80\xe2\x94\x80\xe2\x94\x80\xe2\x94\x80\xe2\x94\x80\xe2\x94\x80\xe2\x94\x80\xe2\x94\x80\xe2\x94\x80\xe2\x94\x80\xe2\x94\x80\xe2\x94\x80\xe2\x94\x80\xe2\x94\x80\xe2\x94\x80\xe2\x94\x80\xe2\x94\x80\xe2\x94\x80\xe2\x94\x80\xe2\x94\x80 -->\n<main>\n    \n<div class="container py-4">\n\n  <div class="d-flex justify-content-between align-items-center mb-4">\n    <div>\n      <h2 class="mb-0" style="color:var(--cq-cyan);">\xf0\x9f\x9b\xa1\xef\xb8\x8f Challenge Categories</h2>\n      <p style="color:var(--cq-text-muted);" class="mb-0">Choose a category to start earning points</p>\n    </div>\n    <div class="text-end">\n      <span class="badge-cq-gold fs-6 px-3 py-2">\xe2\xad\x90 0 pts</span>\n      <a href="/progress" class="btn btn-cq-outline ms-2">\xf0\x9f\x93\x8a My Progress</a>\n    </div>\n  </div>\n\n  <!-- Category Cards -->\n  <div class="row g-4 mb-5">\n    \n    <div class="col-md-4">\n      <div class="card-cq h-100 p-4 text-center" style="transition:border-color 0.2s,transform 0.2s;"\n           onmouseover="this.style.borderColor=\'var(--cq-cyan)\';this.style.transform=\'translateY(-4px)\'"\n           onmouseout="this.style.borderColor=\'var(--cq-border)\';this.style.transform=\'none\'">\n        <div style="font-size:3.5rem;" class="mb-3">\xf0\x9f\x8e\xa3</div>\n        <h4 style="color:var(--cq-cyan);">Phishing Awareness</h4>\n        <p style="color:var(--cq-text-muted);" class="small mb-3">Learn to spot phishing emails and social engineering attacks.</p>\n\n        <div class="mb-3">\n          <div class="d-flex justify-content-between small mb-1"\n               style="color:var(--cq-text-muted);">\n            <span>Progress</span>\n            <span>0/5</span>\n          </div>\n          <div class="progress-cq">\n            <div class="progress-bar" role="progressbar"\n                 style="width:0%">\n            </div>\n          </div>\n        </div>\n\n        <a href="/challenge/phishing"\n           class="btn btn-cq-primary w-100 fw-bold">\n          \xf0\x9f\x9a\x80 Start\n        </a>\n      </div>\n    </div>\n    \n    <div class="col-md-4">\n      <div class="card-cq h-100 p-4 text-center" style="transition:border-color 0.2s,transform 0.2s;"\n           onmouseover="this.style.borderColor=\'var(--cq-cyan)\';this.style.transform=\'translateY(-4px)\'"\n           onmouseout="this.style.borderColor=\'var(--cq-border)\';this.style.transform=\'none\'">\n        <div style="font-size:3.5rem;" class="mb-3">\xf0\x9f\x94\x90</div>\n        <h4 style="color:var(--cq-cyan);">Password Security</h4>\n        <p style="color:var(--cq-text-muted);" class="small mb-3">Master the art of strong passwords and authentication.</p>\n\n        <div class="mb-3">\n          <div class="d-flex justify-content-between small mb-1"\n               style="color:var(--cq-text-muted);">\n            <span>Progress</span>\n            <span>0/5</span>\n          </div>\n          <div class="progress-cq">\n            <div class="progress-bar" role="progressbar"\n                 style="width:0%">\n            </div>\n          </div>\n        </div>\n\n        <a href="/challenge/password"\n           class="btn btn-cq-primary w-100 fw-bold">\n          \xf0\x9f\x9a\x80 Start\n        </a>\n      </div>\n    </div>\n    \n    <div class="col-md-4">\n      <div class="card-cq h-100 p-4 text-center" style="transition:border-color 0.2s,transform 0.2s;"\n           onmouseover="this.style.borderColor=\'var(--cq-cyan)\';this.style.transform=\'translateY(-4px)\'"\n           onmouseout="this.style.borderColor=\'var(--cq-border)\';this.style.transform=\'none\'">\n        <div style="font-size:3.5rem;" class="mb-3">\xf0\x9f\x8c\x90</div>\n        <h4 style="color:var(--cq-cyan);">Safe Browsing</h4>\n        <p style="color:var(--cq-text-muted);" class="small mb-3">Stay safe online \xe2\x80\x94 VPNs, HTTPS, and browser threats.</p>\n\n        <div class="mb-3">\n          <div class="d-flex justify-content-between small mb-1"\n               style="color:var(--cq-text-muted);">\n            <span>Progress</span>\n            <span>0/5</span>\n          </div>\n          <div class="progress-cq">\n            <div class="progress-bar" role="progressbar"\n                 style="width:0%">\n            </div>\n          </div>\n        </div>\n\n        <a href="/challenge/browsing"\n           class="btn btn-cq-primary w-100 fw-bold">\n          \xf0\x9f\x9a\x80 Start\n        </a>\n      </div>\n    </div>\n    \n  </div>\n\n  <!-- Badges -->\n  \n\n</div>\n\n</main>\n\n<!-- \xe2\x94\x80\xe2\x94\x80 Footer \xe2\x94\x80\xe2\x94\x80\xe2\x94\x80\xe2\x94\x80\xe2\x94\x80\xe2\x94\x80\xe2\x94\x80\xe2\x94\x80\xe2\x94\x80\xe2\x94\x80\xe2\x94\x80\xe2\x94\x80\xe2\x94\x80\xe2\x94\x80\xe2\x94\x80\xe2\x94\x80\xe2\x94\x80\xe2\x94\x80\xe2\x94\x80\xe2\x94\x80\xe2\x94\x80\xe2\x94\x80\xe2\x94\x80\xe2\x94\x80\xe2\x94\x80\xe2\x94\x80\xe2\x94\x80\xe2\x94\x80\xe2\x94\x80\xe2\x94\x80\xe2\x94\x80\xe2\x94\x80\xe2\x94\x80\xe2\x94\x80\xe2\x94\x80\xe2\x94\x80\xe2\x94\x80\xe2\x94\x80\xe2\x94\x80\xe2\x94\x80\xe2\x94\x80\xe2\x94\x80\xe2\x94\x80\xe2\x94\x80\xe2\x94\x80\xe2\x94\x80\xe2\x94\x80\xe2\x94\x80\xe2\x94\x80\xe2\x94\x80\xe2\x94\x80\xe2\x94\x80\xe2\x94\x80\xe2\x94\x80\xe2\x94\x80\xe2\x94\x80\xe2\x94\x80\xe2\x94\x80\xe2\x94\x80\xe2\x94\x80\xe2\x94\x80 -->\n<footer class="footer-cq">\n    <div class="container">\n        <div class="row align-items-center">\n            <div class="col-md-3 mb-2 mb-md-0">\n                <div class="footer-brand"><i class="bi bi-shield-fill-check me-2"></i>CYBERQUEST</div>\n                <div class="footer-text">Cybersecurity Awareness Game</div>\n            </div>\n            <div class="col-md-5 mb-2 mb-md-0">\n                <div class="footer-text">\n                    <i class="bi bi-mortarboard-fill me-1"></i>\n                    ICT932 \xe2\x80\x94 Cybersecurity Testing and Assurance<br>\n                    Crown Institute of Higher Education (CIHE) \xc2\xa9 2026\n                </div>\n            </div>\n            <div class="col-md-4 text-md-end">\n                <div class="footer-team">\n                    Prashan Manandhar | Raju Kshetri | Pramesh Silwal | Susanta Dhakal\n                </div>\n            </div>\n        </div>\n    </div>\n</footer>\n\n<script src="https://cdn.jsdelivr.net/npm/bootstrap@5.3.0/dist/js/bootstrap.bundle.min.js"></script>\n\n\n</body>\n</html>' = <WrapperTestResponse 20602 bytes [200 OK]>.data
______________ TestRegistration.test_register_password_mismatch _______________
tests\test_auth.py:72: in test_register_password_mismatch
    assert b'do not match' in response.data
E   assert b'do not match' in b'<!DOCTYPE html>\n<!--\n    base.html \xe2\x80\x94 Shared base template for CyberQuest\n    Authors: Susanta Dhakal (CIHE250321) & Pramesh Silwal (CIHE241339)\n    Fixed: Prashan Manandhar (CIHE241182) \xe2\x80\x94 removed broken url_for(\'home\')\n-->\n<html lang="en">\n<head>\n    <meta charset="UTF-8">\n    <meta name="viewport" content="width=device-width, initial-scale=1.0">\n    <meta name="description" content="CyberQuest \xe2\x80\x94 Cybersecurity Awareness Game for ICT932 CIHE">\n    <title>Challenges \xe2\x80\x94 CyberQuest | ICT932</title>\n\n    <!-- Bootstrap 5 CSS -->\n    <link href="https://cdn.jsdelivr.net/npm/bootstrap@5.3.0/dist/css/bootstrap.min.css" rel="stylesheet">\n    <!-- Bootstrap Icons -->\n    <link href="https://cdn.jsdelivr.net/npm/bootstrap-icons@1.11.0/font/bootstrap-icons.css" rel="stylesheet">\n    <!-- Google Fonts -->\n    <link href="https://fonts.googleapis.com/css2?family=Orbitron:wght@400;600;800&family=Rajdhani:wght@300;400;500;600&display=swap" rel="stylesheet">\n\n    <style>\n        /* \xe2\x94\x80\xe2\x94\x80 Design Tokens \xe2\x94\x80\xe2\x94\x80\xe2\x94\x80\xe2\x94\x80\xe2\x94\x80\xe2\x94\x80\xe2\x94\x80\xe2\x94\x80\xe2\x94\x80\xe2\x94\x80\xe2\x94\x80\xe2\x94\x80\xe2\x94\x80\xe2\x94\x80\xe2\x94\x80\xe2\x94\x80\xe2\x94\x80\xe2\x94\x80\xe2\x94\x80\xe2\x94\x80\xe2\x94\x80\xe2\x94\x80\xe2\x94\x80\xe2\x94\x80\xe2\x94\x80\xe2\x94\x80\xe2\x94\x80\xe2\x94\x80\xe2\x94\x80\xe2\x94\x80\xe2\x94\x80\xe2\x94\x80\xe2\x94\x80\xe2\x94\x80\xe2\x94\x80\xe2\x94\x80\xe2\x94\x80\xe2\x94\x80\xe2\x94\x80\xe2\x94\x80\xe2\x94\x80\xe2\x94\x80\xe2\x94\x80\xe2\x94\x80\xe2\x94\x80\xe2\x94\x80\xe2\x94\x80 */\n        :root {\n            --cq-navy:      #0D1B2A;\n            --cq-navy-mid:  #112233;\n            --cq-navy-light:#1A2E42;\n            --cq-cyan:      #00B4D8;\n            --cq-cyan-glow: #00D4FF;\n            --cq-green:     #00E676;\n            --cq-red:       #FF4D6D;\n            --cq-yellow:    #FFD60A;\n            --cq-text:      #E0EAF4;\n            --cq-text-muted:#7A9BB5;\n            --cq-border:    rgba(0, 180, 216, 0.2);\n            --cq-shadow:    0 4px 24px rgba(0, 180, 216, 0.12);\n            --cq-radius:    12px;\n            --font-heading: \'Orbitron\', monospace;\n            --font-body:    \'Rajdhani\', sans-serif;\n        }\n\n        *, *::before, *::after { box-sizing: border-box; }\n        html { scroll-behavior: smooth; }\n\n        body {\n            background-color: var(--cq-navy);\n            color: var(--cq-text);\n            font-family: var(--font-body);\n            font-size: 1.05rem;\n            min-height: 100vh;\n            display: flex;\n            flex-direction: column;\n        }\n\n        h1,h2,h3,h4,h5,h6 { font-family: var(--font-heading); }\n        main { flex: 1; }\n\n        /* \xe2\x94\x80\xe2\x94\x80 Navbar \xe2\x94\x80\xe2\x94\x80\xe2\x94\x80\xe2\x94\x80\xe2\x94\x80\xe2\x94\x80\xe2\x94\x80\xe2\x94\x80\xe2\x94\x80\xe2\x94\x80\xe2\x94\x80\xe2\x94\x80\xe2\x94\x80\xe2\x94\x80\xe2\x94\x80\xe2\x94\x80\xe2\x94\x80\xe2\x94\x80\xe2\x94\x80\xe2\x94\x80\xe2\x94\x80\xe2\x94\x80\xe2\x94\x80\xe2\x94\x80\xe2\x94\x80\xe2\x94\x80\xe2\x94\x80\xe2\x94\x80\xe2\x94\x80\xe2\x94\x80\xe2\x94\x80\xe2\x94\x80\xe2\x94\x80\xe2\x94\x80\xe2\x94\x80\xe2\x94\x80\xe2\x94\x80\xe2\x94\x80\xe2\x94\x80\xe2\x94\x80\xe2\x94\x80\xe2\x94\x80\xe2\x94\x80\xe2\x94\x80\xe2\x94\x80\xe2\x94\x80\xe2\x94\x80\xe2\x94\x80\xe2\x94\x80\xe2\x94\x80\xe2\x94\x80\xe2\x94\x80\xe2\x94\x80\xe2\x94\x80 */\n        .navbar-cyberquest {\n            background: rgba(13,27,42,0.97);\n            border-bottom: 1px solid var(--cq-border);\n            backdrop-filter: blur(10px);\n            padding: 0.75rem 0;\n            position: sticky; top: 0; z-index: 1000;\n        }\n        .navbar-brand-cq {\n            font-family: var(--font-heading); font-weight: 800;\n            font-size: 1.35rem; color: var(--cq-cyan) !important;\n            text-decoration: none; letter-spacing: 2px;\n            display: flex; align-items: center; gap: 0.5rem;\n        }\n        .navbar-brand-cq .brand-icon {\n            color: var(--cq-cyan-glow); font-size: 1.5rem;\n            filter: drop-shadow(0 0 6px var(--cq-cyan));\n        }\n        .navbar-brand-cq:hover { color: var(--cq-cyan-glow) !important; }\n        .nav-link-cq {\n            color: var(--cq-text-muted) !important;\n            font-family: var(--font-body); font-weight: 500;\n            font-size: 0.95rem; letter-spacing: 0.5px;\n            padding: 0.5rem 0.85rem !important;\n            border-radius: 6px;\n            transition: color 0.2s, background 0.2s;\n        }\n        .nav-link-cq:hover, .nav-link-cq.active {\n            color: var(--cq-cyan) !important;\n            background: rgba(0,180,216,0.08);\n        }\n        .btn-nav-login {\n            border: 1px solid var(--cq-cyan); color: var(--cq-cyan);\n            background: transparent; border-radius: 6px;\n            padding: 0.4rem 1rem; font-weight: 600; font-size: 0.9rem;\n            transition: all 0.2s;\n        }\n        .btn-nav-login:hover {\n            background: rgba(0,180,216,0.15); color: var(--cq-cyan-glow);\n        }\n        .btn-nav-register {\n            background: var(--cq-cyan); color: var(--cq-navy);\n            border: none; border-radius: 6px;\n            padding: 0.4rem 1rem; font-weight: 700; font-size: 0.9rem;\n            transition: all 0.2s;\n        }\n        .btn-nav-register:hover {\n            background: var(--cq-cyan-glow);\n            box-shadow: 0 4px 12px rgba(0,180,216,0.35);\n        }\n        .navbar-username { color: var(--cq-text-muted); font-size: 0.85rem; }\n        .navbar-username strong { color: var(--cq-cyan); }\n        .navbar-toggler { border-color: var(--cq-border); }\n        .navbar-toggler-icon { filter: invert(60%) sepia(80%) saturate(400%) hue-rotate(165deg); }\n\n        /* \xe2\x94\x80\xe2\x94\x80 Flash Messages \xe2\x94\x80\xe2\x94\x80\xe2\x94\x80\xe2\x94\x80\xe2\x94\x80\xe2\x94\x80\xe2\x94\x80\xe2\x94\x80\xe2\x94\x80\xe2\x94\x80\xe2\x94\x80\xe2\x94\x80\xe2\x94\x80\xe2\x94\x80\xe2\x94\x80\xe2\x94\x80\xe2\x94\x80\xe2\x94\x80\xe2\x94\x80\xe2\x94\x80\xe2\x94\x80\xe2\x94\x80\xe2\x94\x80\xe2\x94\x80\xe2\x94\x80\xe2\x94\x80\xe2\x94\x80\xe2\x94\x80\xe2\x94\x80\xe2\x94\x80\xe2\x94\x80\xe2\x94\x80\xe2\x94\x80\xe2\x94\x80\xe2\x94\x80\xe2\x94\x80\xe2\x94\x80\xe2\x94\x80\xe2\x94\x80\xe2\x94\x80\xe2\x94\x80\xe2\x94\x80\xe2\x94\x80\xe2\x94\x80\xe2\x94\x80\xe2\x94\x80 */\n        .flash-container { padding: 0.5rem 0; }\n        .alert-cq {\n            border-left: 4px solid; border-radius: 0 var(--cq-radius) var(--cq-radius) 0;\n            background: var(--cq-navy-mid); color: var(--cq-text);\n            border-top: none; border-right: none; border-bottom: none;\n            font-weight: 500;\n        }\n        .alert-cq.alert-success { border-color: var(--cq-green); }\n        .alert-cq.alert-danger  { border-color: var(--cq-red); }\n        .alert-cq.alert-info    { border-color: var(--cq-cyan); }\n        .alert-cq.alert-warning { border-color: var(--cq-yellow); }\n\n        /* \xe2\x94\x80\xe2\x94\x80 Dark Cards \xe2\x94\x80\xe2\x94\x80\xe2\x94\x80\xe2\x94\x80\xe2\x94\x80\xe2\x94\x80\xe2\x94\x80\xe2\x94\x80\xe2\x94\x80\xe2\x94\x80\xe2\x94\x80\xe2\x94\x80\xe2\x94\x80\xe2\x94\x80\xe2\x94\x80\xe2\x94\x80\xe2\x94\x80\xe2\x94\x80\xe2\x94\x80\xe2\x94\x80\xe2\x94\x80\xe2\x94\x80\xe2\x94\x80\xe2\x94\x80\xe2\x94\x80\xe2\x94\x80\xe2\x94\x80\xe2\x94\x80\xe2\x94\x80\xe2\x94\x80\xe2\x94\x80\xe2\x94\x80\xe2\x94\x80\xe2\x94\x80\xe2\x94\x80\xe2\x94\x80\xe2\x94\x80\xe2\x94\x80\xe2\x94\x80\xe2\x94\x80\xe2\x94\x80\xe2\x94\x80\xe2\x94\x80\xe2\x94\x80\xe2\x94\x80\xe2\x94\x80\xe2\x94\x80\xe2\x94\x80\xe2\x94\x80\xe2\x94\x80 */\n        .card-cq {\n            background: var(--cq-navy-mid);\n            border: 1px solid var(--cq-border);\n            border-radius: var(--cq-radius);\n            color: var(--cq-text);\n            box-shadow: var(--cq-shadow);\n        }\n        .card-cq .card-header {\n            background: var(--cq-navy-light);\n            border-bottom: 1px solid var(--cq-border);\n            color: var(--cq-text);\n            border-radius: var(--cq-radius) var(--cq-radius) 0 0;\n        }\n\n        /* \xe2\x94\x80\xe2\x94\x80 Dark Tables \xe2\x94\x80\xe2\x94\x80\xe2\x94\x80\xe2\x94\x80\xe2\x94\x80\xe2\x94\x80\xe2\x94\x80\xe2\x94\x80\xe2\x94\x80\xe2\x94\x80\xe2\x94\x80\xe2\x94\x80\xe2\x94\x80\xe2\x94\x80\xe2\x94\x80\xe2\x94\x80\xe2\x94\x80\xe2\x94\x80\xe2\x94\x80\xe2\x94\x80\xe2\x94\x80\xe2\x94\x80\xe2\x94\x80\xe2\x94\x80\xe2\x94\x80\xe2\x94\x80\xe2\x94\x80\xe2\x94\x80\xe2\x94\x80\xe2\x94\x80\xe2\x94\x80\xe2\x94\x80\xe2\x94\x80\xe2\x94\x80\xe2\x94\x80\xe2\x94\x80\xe2\x94\x80\xe2\x94\x80\xe2\x94\x80\xe2\x94\x80\xe2\x94\x80\xe2\x94\x80\xe2\x94\x80\xe2\x94\x80\xe2\x94\x80\xe2\x94\x80\xe2\x94\x80\xe2\x94\x80\xe2\x94\x80 */\n        .table-cq { color: var(--cq-text); }\n        .table-cq thead th {\n            background: var(--cq-navy-light);\n            color: var(--cq-cyan);\n            border-color: var(--cq-border);\n            font-family: var(--font-heading);\n            font-size: 0.8rem;\n            letter-spacing: 1px;\n        }\n        .table-cq tbody tr {\n            border-color: var(--cq-border);\n        }\n        .table-cq tbody tr:hover {\n            background: rgba(0,180,216,0.05);\n        }\n        .table-cq td, .table-cq th {\n            border-color: var(--cq-border);\n            vertical-align: middle;\n        }\n\n        /* \xe2\x94\x80\xe2\x94\x80 Dark Forms \xe2\x94\x80\xe2\x94\x80\xe2\x94\x80\xe2\x94\x80\xe2\x94\x80\xe2\x94\x80\xe2\x94\x80\xe2\x94\x80\xe2\x94\x80\xe2\x94\x80\xe2\x94\x80\xe2\x94\x80\xe2\x94\x80\xe2\x94\x80\xe2\x94\x80\xe2\x94\x80\xe2\x94\x80\xe2\x94\x80\xe2\x94\x80\xe2\x94\x80\xe2\x94\x80\xe2\x94\x80\xe2\x94\x80\xe2\x94\x80\xe2\x94\x80\xe2\x94\x80\xe2\x94\x80\xe2\x94\x80\xe2\x94\x80\xe2\x94\x80\xe2\x94\x80\xe2\x94\x80\xe2\x94\x80\xe2\x94\x80\xe2\x94\x80\xe2\x94\x80\xe2\x94\x80\xe2\x94\x80\xe2\x94\x80\xe2\x94\x80\xe2\x94\x80\xe2\x94\x80\xe2\x94\x80\xe2\x94\x80\xe2\x94\x80\xe2\x94\x80\xe2\x94\x80\xe2\x94\x80\xe2\x94\x80\xe2\x94\x80 */\n        .form-control-cq, .form-select-cq {\n            background: var(--cq-navy-light);\n            border: 1px solid var(--cq-border);\n            color: var(--cq-text);\n            border-radius: 8px;\n        }\n        .form-control-cq:focus, .form-select-cq:focus {\n            background: var(--cq-navy-light);\n            border-color: var(--cq-cyan);\n            color: var(--cq-text);\n            box-shadow: 0 0 0 3px rgba(0,180,216,0.2);\n        }\n        .form-control-cq::placeholder { color: var(--cq-text-muted); }\n\n        /* \xe2\x94\x80\xe2\x94\x80 CyberQuest Buttons \xe2\x94\x80\xe2\x94\x80\xe2\x94\x80\xe2\x94\x80\xe2\x94\x80\xe2\x94\x80\xe2\x94\x80\xe2\x94\x80\xe2\x94\x80\xe2\x94\x80\xe2\x94\x80\xe2\x94\x80\xe2\x94\x80\xe2\x94\x80\xe2\x94\x80\xe2\x94\x80\xe2\x94\x80\xe2\x94\x80\xe2\x94\x80\xe2\x94\x80\xe2\x94\x80\xe2\x94\x80\xe2\x94\x80\xe2\x94\x80\xe2\x94\x80\xe2\x94\x80\xe2\x94\x80\xe2\x94\x80\xe2\x94\x80\xe2\x94\x80\xe2\x94\x80\xe2\x94\x80\xe2\x94\x80\xe2\x94\x80\xe2\x94\x80\xe2\x94\x80\xe2\x94\x80\xe2\x94\x80\xe2\x94\x80\xe2\x94\x80\xe2\x94\x80\xe2\x94\x80 */\n        .btn-cq-primary {\n            background: var(--cq-cyan); color: var(--cq-navy);\n            border: none; font-weight: 700; border-radius: 8px;\n            font-family: var(--font-body); letter-spacing: 0.5px;\n            transition: all 0.2s;\n        }\n        .btn-cq-primary:hover {\n            background: var(--cq-cyan-glow);\n            box-shadow: 0 4px 16px rgba(0,180,216,0.4);\n        }\n        .btn-cq-outline {\n            border: 1px solid var(--cq-cyan); color: var(--cq-cyan);\n            background: transparent; border-radius: 8px;\n            font-weight: 600; transition: all 0.2s;\n        }\n        .btn-cq-outline:hover {\n            background: rgba(0,180,216,0.12); color: var(--cq-cyan-glow);\n        }\n        .btn-cq-danger {\n            border: 1px solid var(--cq-red); color: var(--cq-red);\n            background: transparent; border-radius: 8px;\n            font-weight: 600; transition: all 0.2s;\n        }\n        .btn-cq-danger:hover { background: rgba(255,77,109,0.12); }\n\n        /* \xe2\x94\x80\xe2\x94\x80 Badges / Pills \xe2\x94\x80\xe2\x94\x80\xe2\x94\x80\xe2\x94\x80\xe2\x94\x80\xe2\x94\x80\xe2\x94\x80\xe2\x94\x80\xe2\x94\x80\xe2\x94\x80\xe2\x94\x80\xe2\x94\x80\xe2\x94\x80\xe2\x94\x80\xe2\x94\x80\xe2\x94\x80\xe2\x94\x80\xe2\x94\x80\xe2\x94\x80\xe2\x94\x80\xe2\x94\x80\xe2\x94\x80\xe2\x94\x80\xe2\x94\x80\xe2\x94\x80\xe2\x94\x80\xe2\x94\x80\xe2\x94\x80\xe2\x94\x80\xe2\x94\x80\xe2\x94\x80\xe2\x94\x80\xe2\x94\x80\xe2\x94\x80\xe2\x94\x80\xe2\x94\x80\xe2\x94\x80\xe2\x94\x80\xe2\x94\x80\xe2\x94\x80\xe2\x94\x80\xe2\x94\x80\xe2\x94\x80\xe2\x94\x80\xe2\x94\x80\xe2\x94\x80 */\n        .badge-cq-cyan {\n            background: rgba(0,180,216,0.15);\n            color: var(--cq-cyan);\n            border: 1px solid var(--cq-border);\n            border-radius: 20px; padding: 0.3rem 0.8rem;\n            font-size: 0.8rem; font-weight: 600;\n        }\n        .badge-cq-gold {\n            background: rgba(255,214,10,0.15);\n            color: var(--cq-yellow);\n            border: 1px solid rgba(255,214,10,0.3);\n            border-radius: 20px; padding: 0.3rem 0.8rem;\n            font-size: 0.8rem; font-weight: 600;\n        }\n\n        /* \xe2\x94\x80\xe2\x94\x80 Progress bars \xe2\x94\x80\xe2\x94\x80\xe2\x94\x80\xe2\x94\x80\xe2\x94\x80\xe2\x94\x80\xe2\x94\x80\xe2\x94\x80\xe2\x94\x80\xe2\x94\x80\xe2\x94\x80\xe2\x94\x80\xe2\x94\x80\xe2\x94\x80\xe2\x94\x80\xe2\x94\x80\xe2\x94\x80\xe2\x94\x80\xe2\x94\x80\xe2\x94\x80\xe2\x94\x80\xe2\x94\x80\xe2\x94\x80\xe2\x94\x80\xe2\x94\x80\xe2\x94\x80\xe2\x94\x80\xe2\x94\x80\xe2\x94\x80\xe2\x94\x80\xe2\x94\x80\xe2\x94\x80\xe2\x94\x80\xe2\x94\x80\xe2\x94\x80\xe2\x94\x80\xe2\x94\x80\xe2\x94\x80\xe2\x94\x80\xe2\x94\x80\xe2\x94\x80\xe2\x94\x80\xe2\x94\x80\xe2\x94\x80\xe2\x94\x80\xe2\x94\x80\xe2\x94\x80 */\n        .progress-cq {\n            background: var(--cq-navy-light);\n            border-radius: 10px; height: 8px;\n        }\n        .progress-cq .progress-bar {\n            background: linear-gradient(90deg, var(--cq-cyan), var(--cq-green));\n            border-radius: 10px;\n        }\n\n        /* \xe2\x94\x80\xe2\x94\x80 Stat Cards \xe2\x94\x80\xe2\x94\x80\xe2\x94\x80\xe2\x94\x80\xe2\x94\x80\xe2\x94\x80\xe2\x94\x80\xe2\x94\x80\xe2\x94\x80\xe2\x94\x80\xe2\x94\x80\xe2\x94\x80\xe2\x94\x80\xe2\x94\x80\xe2\x94\x80\xe2\x94\x80\xe2\x94\x80\xe2\x94\x80\xe2\x94\x80\xe2\x94\x80\xe2\x94\x80\xe2\x94\x80\xe2\x94\x80\xe2\x94\x80\xe2\x94\x80\xe2\x94\x80\xe2\x94\x80\xe2\x94\x80\xe2\x94\x80\xe2\x94\x80\xe2\x94\x80\xe2\x94\x80\xe2\x94\x80\xe2\x94\x80\xe2\x94\x80\xe2\x94\x80\xe2\x94\x80\xe2\x94\x80\xe2\x94\x80\xe2\x94\x80\xe2\x94\x80\xe2\x94\x80\xe2\x94\x80\xe2\x94\x80\xe2\x94\x80\xe2\x94\x80\xe2\x94\x80\xe2\x94\x80\xe2\x94\x80\xe2\x94\x80 */\n        .stat-card {\n            background: var(--cq-navy-mid);\n            border: 1px solid var(--cq-border);\n            border-radius: var(--cq-radius);\n            padding: 1.5rem 1rem;\n            text-align: center;\n            transition: border-color 0.2s, transform 0.2s;\n        }\n        .stat-card:hover {\n            border-color: var(--cq-cyan);\n            transform: translateY(-2px);\n        }\n        .stat-card .stat-number {\n            font-family: var(--font-heading); font-size: 2rem;\n            font-weight: 800;\n        }\n        .stat-card .stat-label { color: var(--cq-text-muted); font-size: 0.85rem; }\n\n        /* \xe2\x94\x80\xe2\x94\x80 Footer \xe2\x94\x80\xe2\x94\x80\xe2\x94\x80\xe2\x94\x80\xe2\x94\x80\xe2\x94\x80\xe2\x94\x80\xe2\x94\x80\xe2\x94\x80\xe2\x94\x80\xe2\x94\x80\xe2\x94\x80\xe2\x94\x80\xe2\x94\x80\xe2\x94\x80\xe2\x94\x80\xe2\x94\x80\xe2\x94\x80\xe2\x94\x80\xe2\x94\x80\xe2\x94\x80\xe2\x94\x80\xe2\x94\x80\xe2\x94\x80\xe2\x94\x80\xe2\x94\x80\xe2\x94\x80\xe2\x94\x80\xe2\x94\x80\xe2\x94\x80\xe2\x94\x80\xe2\x94\x80\xe2\x94\x80\xe2\x94\x80\xe2\x94\x80\xe2\x94\x80\xe2\x94\x80\xe2\x94\x80\xe2\x94\x80\xe2\x94\x80\xe2\x94\x80\xe2\x94\x80\xe2\x94\x80\xe2\x94\x80\xe2\x94\x80\xe2\x94\x80\xe2\x94\x80\xe2\x94\x80\xe2\x94\x80\xe2\x94\x80\xe2\x94\x80\xe2\x94\x80\xe2\x94\x80\xe2\x94\x80 */\n        .footer-cq {\n            background: var(--cq-navy-mid);\n            border-top: 1px solid var(--cq-border);\n            padding: 1.5rem 0;\n            margin-top: auto;\n        }\n        .footer-brand {\n            font-family: var(--font-heading); font-weight: 800;\n            color: var(--cq-cyan); font-size: 1rem; letter-spacing: 2px;\n        }\n        .footer-text { color: var(--cq-text-muted); font-size: 0.85rem; }\n        .footer-team { color: var(--cq-cyan); font-size: 0.85rem; font-weight: 600; }\n\n        /* \xe2\x94\x80\xe2\x94\x80 Scrollbar \xe2\x94\x80\xe2\x94\x80\xe2\x94\x80\xe2\x94\x80\xe2\x94\x80\xe2\x94\x80\xe2\x94\x80\xe2\x94\x80\xe2\x94\x80\xe2\x94\x80\xe2\x94\x80\xe2\x94\x80\xe2\x94\x80\xe2\x94\x80\xe2\x94\x80\xe2\x94\x80\xe2\x94\x80\xe2\x94\x80\xe2\x94\x80\xe2\x94\x80\xe2\x94\x80\xe2\x94\x80\xe2\x94\x80\xe2\x94\x80\xe2\x94\x80\xe2\x94\x80\xe2\x94\x80\xe2\x94\x80\xe2\x94\x80\xe2\x94\x80\xe2\x94\x80\xe2\x94\x80\xe2\x94\x80\xe2\x94\x80\xe2\x94\x80\xe2\x94\x80\xe2\x94\x80\xe2\x94\x80\xe2\x94\x80\xe2\x94\x80\xe2\x94\x80\xe2\x94\x80\xe2\x94\x80\xe2\x94\x80\xe2\x94\x80\xe2\x94\x80\xe2\x94\x80\xe2\x94\x80\xe2\x94\x80\xe2\x94\x80\xe2\x94\x80 */\n        ::-webkit-scrollbar { width: 6px; }\n        ::-webkit-scrollbar-track { background: var(--cq-navy); }\n        ::-webkit-scrollbar-thumb { background: var(--cq-navy-light); border-radius: 3px; }\n        ::-webkit-scrollbar-thumb:hover { background: var(--cq-cyan); }\n    </style>\n\n    \n</head>\n\n<body>\n\n<!-- \xe2\x94\x80\xe2\x94\x80 Navbar \xe2\x94\x80\xe2\x94\x80\xe2\x94\x80\xe2\x94\x80\xe2\x94\x80\xe2\x94\x80\xe2\x94\x80\xe2\x94\x80\xe2\x94\x80\xe2\x94\x80\xe2\x94\x80\xe2\x94\x80\xe2\x94\x80\xe2\x94\x80\xe2\x94\x80\xe2\x94\x80\xe2\x94\x80\xe2\x94\x80\xe2\x94\x80\xe2\x94\x80\xe2\x94\x80\xe2\x94\x80\xe2\x94\x80\xe2\x94\x80\xe2\x94\x80\xe2\x94\x80\xe2\x94\x80\xe2\x94\x80\xe2\x94\x80\xe2\x94\x80\xe2\x94\x80\xe2\x94\x80\xe2\x94\x80\xe2\x94\x80\xe2\x94\x80\xe2\x94\x80\xe2\x94\x80\xe2\x94\x80\xe2\x94\x80\xe2\x94\x80\xe2\x94\x80\xe2\x94\x80\xe2\x94\x80\xe2\x94\x80\xe2\x94\x80\xe2\x94\x80\xe2\x94\x80\xe2\x94\x80\xe2\x94\x80\xe2\x94\x80\xe2\x94\x80\xe2\x94\x80\xe2\x94\x80\xe2\x94\x80\xe2\x94\x80\xe2\x94\x80\xe2\x94\x80\xe2\x94\x80\xe2\x94\x80\xe2\x94\x80\xe2\x94\x80 -->\n<nav class="navbar navbar-expand-lg navbar-cyberquest">\n    <div class="container">\n        <!-- Fixed: use auth.login instead of non-existent \'home\' route -->\n        <a class="navbar-brand-cq"\n           href="/challenges">\n            <i class="bi bi-shield-fill-check brand-icon"></i>\n            CYBER<span style="color:#fff;">QUEST</span>\n        </a>\n\n        <button class="navbar-toggler" type="button"\n                data-bs-toggle="collapse" data-bs-target="#navbarMain">\n            <span class="navbar-toggler-icon"></span>\n        </button>\n\n        <div class="collapse navbar-collapse" id="navbarMain">\n            \n            <ul class="navbar-nav me-auto mb-2 mb-lg-0">\n                \n                <li class="nav-item">\n                    <a class="nav-link nav-link-cq" href="/challenges">\n                        <i class="bi bi-controller me-1"></i> Challenges\n                    </a>\n                </li>\n                <li class="nav-item">\n                    <a class="nav-link nav-link-cq" href="/progress">\n                        <i class="bi bi-bar-chart-fill me-1"></i> My Progress\n                    </a>\n                </li>\n                <li class="nav-item">\n                    <a class="nav-link nav-link-cq" href="/result">\n                        <i class="bi bi-trophy me-1"></i> Results\n                    </a>\n                </li>\n                \n            </ul>\n            \n\n            <div class="d-flex align-items-center gap-2">\n                \n                    <span class="navbar-username d-none d-md-inline">\n                        <i class="bi bi-person-circle me-1"></i>\n                        <strong>newstudent_test</strong>\n                        <span class="badge ms-1"\n                              style="background:rgba(0,180,216,0.15);\n                                     color:var(--cq-cyan); font-size:0.7rem;">\n                            Student\n                        </span>\n                    </span>\n                    \n                    <a href="/2fa/setup"\n                       class="btn-nav-login btn"\n                       title="2FA Settings">\n                        <i class="bi bi-shield-lock"></i>\n                    </a>\n                    \n                    <a href="/logout" class="btn-nav-login btn">\n                        <i class="bi bi-box-arrow-right me-1"></i> Logout\n                    </a>\n                \n            </div>\n        </div>\n    </div>\n</nav>\n\n<!-- \xe2\x94\x80\xe2\x94\x80 Flash Messages (handled once here, not in child templates) \xe2\x94\x80\xe2\x94\x80\xe2\x94\x80\xe2\x94\x80\xe2\x94\x80\xe2\x94\x80\xe2\x94\x80\xe2\x94\x80\xe2\x94\x80\xe2\x94\x80 -->\n<div class="flash-container">\n    <div class="container">\n        \n            \n        \n    </div>\n</div>\n\n<!-- \xe2\x94\x80\xe2\x94\x80 Main Content \xe2\x94\x80\xe2\x94\x80\xe2\x94\x80\xe2\x94\x80\xe2\x94\x80\xe2\x94\x80\xe2\x94\x80\xe2\x94\x80\xe2\x94\x80\xe2\x94\x80\xe2\x94\x80\xe2\x94\x80\xe2\x94\x80\xe2\x94\x80\xe2\x94\x80\xe2\x94\x80\xe2\x94\x80\xe2\x94\x80\xe2\x94\x80\xe2\x94\x80\xe2\x94\x80\xe2\x94\x80\xe2\x94\x80\xe2\x94\x80\xe2\x94\x80\xe2\x94\x80\xe2\x94\x80\xe2\x94\x80\xe2\x94\x80\xe2\x94\x80\xe2\x94\x80\xe2\x94\x80\xe2\x94\x80\xe2\x94\x80\xe2\x94\x80\xe2\x94\x80\xe2\x94\x80\xe2\x94\x80\xe2\x94\x80\xe2\x94\x80\xe2\x94\x80\xe2\x94\x80\xe2\x94\x80\xe2\x94\x80\xe2\x94\x80\xe2\x94\x80\xe2\x94\x80\xe2\x94\x80\xe2\x94\x80\xe2\x94\x80\xe2\x94\x80\xe2\x94\x80\xe2\x94\x80\xe2\x94\x80\xe2\x94\x80\xe2\x94\x80 -->\n<main>\n    \n<div class="container py-4">\n\n  <div class="d-flex justify-content-between align-items-center mb-4">\n    <div>\n      <h2 class="mb-0" style="color:var(--cq-cyan);">\xf0\x9f\x9b\xa1\xef\xb8\x8f Challenge Categories</h2>\n      <p style="color:var(--cq-text-muted);" class="mb-0">Choose a category to start earning points</p>\n    </div>\n    <div class="text-end">\n      <span class="badge-cq-gold fs-6 px-3 py-2">\xe2\xad\x90 0 pts</span>\n      <a href="/progress" class="btn btn-cq-outline ms-2">\xf0\x9f\x93\x8a My Progress</a>\n    </div>\n  </div>\n\n  <!-- Category Cards -->\n  <div class="row g-4 mb-5">\n    \n    <div class="col-md-4">\n      <div class="card-cq h-100 p-4 text-center" style="transition:border-color 0.2s,transform 0.2s;"\n           onmouseover="this.style.borderColor=\'var(--cq-cyan)\';this.style.transform=\'translateY(-4px)\'"\n           onmouseout="this.style.borderColor=\'var(--cq-border)\';this.style.transform=\'none\'">\n        <div style="font-size:3.5rem;" class="mb-3">\xf0\x9f\x8e\xa3</div>\n        <h4 style="color:var(--cq-cyan);">Phishing Awareness</h4>\n        <p style="color:var(--cq-text-muted);" class="small mb-3">Learn to spot phishing emails and social engineering attacks.</p>\n\n        <div class="mb-3">\n          <div class="d-flex justify-content-between small mb-1"\n               style="color:var(--cq-text-muted);">\n            <span>Progress</span>\n            <span>0/5</span>\n          </div>\n          <div class="progress-cq">\n            <div class="progress-bar" role="progressbar"\n                 style="width:0%">\n            </div>\n          </div>\n        </div>\n\n        <a href="/challenge/phishing"\n           class="btn btn-cq-primary w-100 fw-bold">\n          \xf0\x9f\x9a\x80 Start\n        </a>\n      </div>\n    </div>\n    \n    <div class="col-md-4">\n      <div class="card-cq h-100 p-4 text-center" style="transition:border-color 0.2s,transform 0.2s;"\n           onmouseover="this.style.borderColor=\'var(--cq-cyan)\';this.style.transform=\'translateY(-4px)\'"\n           onmouseout="this.style.borderColor=\'var(--cq-border)\';this.style.transform=\'none\'">\n        <div style="font-size:3.5rem;" class="mb-3">\xf0\x9f\x94\x90</div>\n        <h4 style="color:var(--cq-cyan);">Password Security</h4>\n        <p style="color:var(--cq-text-muted);" class="small mb-3">Master the art of strong passwords and authentication.</p>\n\n        <div class="mb-3">\n          <div class="d-flex justify-content-between small mb-1"\n               style="color:var(--cq-text-muted);">\n            <span>Progress</span>\n            <span>0/5</span>\n          </div>\n          <div class="progress-cq">\n            <div class="progress-bar" role="progressbar"\n                 style="width:0%">\n            </div>\n          </div>\n        </div>\n\n        <a href="/challenge/password"\n           class="btn btn-cq-primary w-100 fw-bold">\n          \xf0\x9f\x9a\x80 Start\n        </a>\n      </div>\n    </div>\n    \n    <div class="col-md-4">\n      <div class="card-cq h-100 p-4 text-center" style="transition:border-color 0.2s,transform 0.2s;"\n           onmouseover="this.style.borderColor=\'var(--cq-cyan)\';this.style.transform=\'translateY(-4px)\'"\n           onmouseout="this.style.borderColor=\'var(--cq-border)\';this.style.transform=\'none\'">\n        <div style="font-size:3.5rem;" class="mb-3">\xf0\x9f\x8c\x90</div>\n        <h4 style="color:var(--cq-cyan);">Safe Browsing</h4>\n        <p style="color:var(--cq-text-muted);" class="small mb-3">Stay safe online \xe2\x80\x94 VPNs, HTTPS, and browser threats.</p>\n\n        <div class="mb-3">\n          <div class="d-flex justify-content-between small mb-1"\n               style="color:var(--cq-text-muted);">\n            <span>Progress</span>\n            <span>0/5</span>\n          </div>\n          <div class="progress-cq">\n            <div class="progress-bar" role="progressbar"\n                 style="width:0%">\n            </div>\n          </div>\n        </div>\n\n        <a href="/challenge/browsing"\n           class="btn btn-cq-primary w-100 fw-bold">\n          \xf0\x9f\x9a\x80 Start\n        </a>\n      </div>\n    </div>\n    \n  </div>\n\n  <!-- Badges -->\n  \n\n</div>\n\n</main>\n\n<!-- \xe2\x94\x80\xe2\x94\x80 Footer \xe2\x94\x80\xe2\x94\x80\xe2\x94\x80\xe2\x94\x80\xe2\x94\x80\xe2\x94\x80\xe2\x94\x80\xe2\x94\x80\xe2\x94\x80\xe2\x94\x80\xe2\x94\x80\xe2\x94\x80\xe2\x94\x80\xe2\x94\x80\xe2\x94\x80\xe2\x94\x80\xe2\x94\x80\xe2\x94\x80\xe2\x94\x80\xe2\x94\x80\xe2\x94\x80\xe2\x94\x80\xe2\x94\x80\xe2\x94\x80\xe2\x94\x80\xe2\x94\x80\xe2\x94\x80\xe2\x94\x80\xe2\x94\x80\xe2\x94\x80\xe2\x94\x80\xe2\x94\x80\xe2\x94\x80\xe2\x94\x80\xe2\x94\x80\xe2\x94\x80\xe2\x94\x80\xe2\x94\x80\xe2\x94\x80\xe2\x94\x80\xe2\x94\x80\xe2\x94\x80\xe2\x94\x80\xe2\x94\x80\xe2\x94\x80\xe2\x94\x80\xe2\x94\x80\xe2\x94\x80\xe2\x94\x80\xe2\x94\x80\xe2\x94\x80\xe2\x94\x80\xe2\x94\x80\xe2\x94\x80\xe2\x94\x80\xe2\x94\x80\xe2\x94\x80\xe2\x94\x80\xe2\x94\x80\xe2\x94\x80\xe2\x94\x80 -->\n<footer class="footer-cq">\n    <div class="container">\n        <div class="row align-items-center">\n            <div class="col-md-3 mb-2 mb-md-0">\n                <div class="footer-brand"><i class="bi bi-shield-fill-check me-2"></i>CYBERQUEST</div>\n                <div class="footer-text">Cybersecurity Awareness Game</div>\n            </div>\n            <div class="col-md-5 mb-2 mb-md-0">\n                <div class="footer-text">\n                    <i class="bi bi-mortarboard-fill me-1"></i>\n                    ICT932 \xe2\x80\x94 Cybersecurity Testing and Assurance<br>\n                    Crown Institute of Higher Education (CIHE) \xc2\xa9 2026\n                </div>\n            </div>\n            <div class="col-md-4 text-md-end">\n                <div class="footer-team">\n                    Prashan Manandhar | Raju Kshetri | Pramesh Silwal | Susanta Dhakal\n                </div>\n            </div>\n        </div>\n    </div>\n</footer>\n\n<script src="https://cdn.jsdelivr.net/npm/bootstrap@5.3.0/dist/js/bootstrap.bundle.min.js"></script>\n\n\n</body>\n</html>'
E    +  where b'<!DOCTYPE html>\n<!--\n    base.html \xe2\x80\x94 Shared base template for CyberQuest\n    Authors: Susanta Dhakal (CIHE250321) & Pramesh Silwal (CIHE241339)\n    Fixed: Prashan Manandhar (CIHE241182) \xe2\x80\x94 removed broken url_for(\'home\')\n-->\n<html lang="en">\n<head>\n    <meta charset="UTF-8">\n    <meta name="viewport" content="width=device-width, initial-scale=1.0">\n    <meta name="description" content="CyberQuest \xe2\x80\x94 Cybersecurity Awareness Game for ICT932 CIHE">\n    <title>Challenges \xe2\x80\x94 CyberQuest | ICT932</title>\n\n    <!-- Bootstrap 5 CSS -->\n    <link href="https://cdn.jsdelivr.net/npm/bootstrap@5.3.0/dist/css/bootstrap.min.css" rel="stylesheet">\n    <!-- Bootstrap Icons -->\n    <link href="https://cdn.jsdelivr.net/npm/bootstrap-icons@1.11.0/font/bootstrap-icons.css" rel="stylesheet">\n    <!-- Google Fonts -->\n    <link href="https://fonts.googleapis.com/css2?family=Orbitron:wght@400;600;800&family=Rajdhani:wght@300;400;500;600&display=swap" rel="stylesheet">\n\n    <style>\n        /* \xe2\x94\x80\xe2\x94\x80 Design Tokens \xe2\x94\x80\xe2\x94\x80\xe2\x94\x80\xe2\x94\x80\xe2\x94\x80\xe2\x94\x80\xe2\x94\x80\xe2\x94\x80\xe2\x94\x80\xe2\x94\x80\xe2\x94\x80\xe2\x94\x80\xe2\x94\x80\xe2\x94\x80\xe2\x94\x80\xe2\x94\x80\xe2\x94\x80\xe2\x94\x80\xe2\x94\x80\xe2\x94\x80\xe2\x94\x80\xe2\x94\x80\xe2\x94\x80\xe2\x94\x80\xe2\x94\x80\xe2\x94\x80\xe2\x94\x80\xe2\x94\x80\xe2\x94\x80\xe2\x94\x80\xe2\x94\x80\xe2\x94\x80\xe2\x94\x80\xe2\x94\x80\xe2\x94\x80\xe2\x94\x80\xe2\x94\x80\xe2\x94\x80\xe2\x94\x80\xe2\x94\x80\xe2\x94\x80\xe2\x94\x80\xe2\x94\x80\xe2\x94\x80\xe2\x94\x80\xe2\x94\x80\xe2\x94\x80 */\n        :root {\n            --cq-navy:      #0D1B2A;\n            --cq-navy-mid:  #112233;\n            --cq-navy-light:#1A2E42;\n            --cq-cyan:      #00B4D8;\n            --cq-cyan-glow: #00D4FF;\n            --cq-green:     #00E676;\n            --cq-red:       #FF4D6D;\n            --cq-yellow:    #FFD60A;\n            --cq-text:      #E0EAF4;\n            --cq-text-muted:#7A9BB5;\n            --cq-border:    rgba(0, 180, 216, 0.2);\n            --cq-shadow:    0 4px 24px rgba(0, 180, 216, 0.12);\n            --cq-radius:    12px;\n            --font-heading: \'Orbitron\', monospace;\n            --font-body:    \'Rajdhani\', sans-serif;\n        }\n\n        *, *::before, *::after { box-sizing: border-box; }\n        html { scroll-behavior: smooth; }\n\n        body {\n            background-color: var(--cq-navy);\n            color: var(--cq-text);\n            font-family: var(--font-body);\n            font-size: 1.05rem;\n            min-height: 100vh;\n            display: flex;\n            flex-direction: column;\n        }\n\n        h1,h2,h3,h4,h5,h6 { font-family: var(--font-heading); }\n        main { flex: 1; }\n\n        /* \xe2\x94\x80\xe2\x94\x80 Navbar \xe2\x94\x80\xe2\x94\x80\xe2\x94\x80\xe2\x94\x80\xe2\x94\x80\xe2\x94\x80\xe2\x94\x80\xe2\x94\x80\xe2\x94\x80\xe2\x94\x80\xe2\x94\x80\xe2\x94\x80\xe2\x94\x80\xe2\x94\x80\xe2\x94\x80\xe2\x94\x80\xe2\x94\x80\xe2\x94\x80\xe2\x94\x80\xe2\x94\x80\xe2\x94\x80\xe2\x94\x80\xe2\x94\x80\xe2\x94\x80\xe2\x94\x80\xe2\x94\x80\xe2\x94\x80\xe2\x94\x80\xe2\x94\x80\xe2\x94\x80\xe2\x94\x80\xe2\x94\x80\xe2\x94\x80\xe2\x94\x80\xe2\x94\x80\xe2\x94\x80\xe2\x94\x80\xe2\x94\x80\xe2\x94\x80\xe2\x94\x80\xe2\x94\x80\xe2\x94\x80\xe2\x94\x80\xe2\x94\x80\xe2\x94\x80\xe2\x94\x80\xe2\x94\x80\xe2\x94\x80\xe2\x94\x80\xe2\x94\x80\xe2\x94\x80\xe2\x94\x80\xe2\x94\x80\xe2\x94\x80 */\n        .navbar-cyberquest {\n            background: rgba(13,27,42,0.97);\n            border-bottom: 1px solid var(--cq-border);\n            backdrop-filter: blur(10px);\n            padding: 0.75rem 0;\n            position: sticky; top: 0; z-index: 1000;\n        }\n        .navbar-brand-cq {\n            font-family: var(--font-heading); font-weight: 800;\n            font-size: 1.35rem; color: var(--cq-cyan) !important;\n            text-decoration: none; letter-spacing: 2px;\n            display: flex; align-items: center; gap: 0.5rem;\n        }\n        .navbar-brand-cq .brand-icon {\n            color: var(--cq-cyan-glow); font-size: 1.5rem;\n            filter: drop-shadow(0 0 6px var(--cq-cyan));\n        }\n        .navbar-brand-cq:hover { color: var(--cq-cyan-glow) !important; }\n        .nav-link-cq {\n            color: var(--cq-text-muted) !important;\n            font-family: var(--font-body); font-weight: 500;\n            font-size: 0.95rem; letter-spacing: 0.5px;\n            padding: 0.5rem 0.85rem !important;\n            border-radius: 6px;\n            transition: color 0.2s, background 0.2s;\n        }\n        .nav-link-cq:hover, .nav-link-cq.active {\n            color: var(--cq-cyan) !important;\n            background: rgba(0,180,216,0.08);\n        }\n        .btn-nav-login {\n            border: 1px solid var(--cq-cyan); color: var(--cq-cyan);\n            background: transparent; border-radius: 6px;\n            padding: 0.4rem 1rem; font-weight: 600; font-size: 0.9rem;\n            transition: all 0.2s;\n        }\n        .btn-nav-login:hover {\n            background: rgba(0,180,216,0.15); color: var(--cq-cyan-glow);\n        }\n        .btn-nav-register {\n            background: var(--cq-cyan); color: var(--cq-navy);\n            border: none; border-radius: 6px;\n            padding: 0.4rem 1rem; font-weight: 700; font-size: 0.9rem;\n            transition: all 0.2s;\n        }\n        .btn-nav-register:hover {\n            background: var(--cq-cyan-glow);\n            box-shadow: 0 4px 12px rgba(0,180,216,0.35);\n        }\n        .navbar-username { color: var(--cq-text-muted); font-size: 0.85rem; }\n        .navbar-username strong { color: var(--cq-cyan); }\n        .navbar-toggler { border-color: var(--cq-border); }\n        .navbar-toggler-icon { filter: invert(60%) sepia(80%) saturate(400%) hue-rotate(165deg); }\n\n        /* \xe2\x94\x80\xe2\x94\x80 Flash Messages \xe2\x94\x80\xe2\x94\x80\xe2\x94\x80\xe2\x94\x80\xe2\x94\x80\xe2\x94\x80\xe2\x94\x80\xe2\x94\x80\xe2\x94\x80\xe2\x94\x80\xe2\x94\x80\xe2\x94\x80\xe2\x94\x80\xe2\x94\x80\xe2\x94\x80\xe2\x94\x80\xe2\x94\x80\xe2\x94\x80\xe2\x94\x80\xe2\x94\x80\xe2\x94\x80\xe2\x94\x80\xe2\x94\x80\xe2\x94\x80\xe2\x94\x80\xe2\x94\x80\xe2\x94\x80\xe2\x94\x80\xe2\x94\x80\xe2\x94\x80\xe2\x94\x80\xe2\x94\x80\xe2\x94\x80\xe2\x94\x80\xe2\x94\x80\xe2\x94\x80\xe2\x94\x80\xe2\x94\x80\xe2\x94\x80\xe2\x94\x80\xe2\x94\x80\xe2\x94\x80\xe2\x94\x80\xe2\x94\x80\xe2\x94\x80\xe2\x94\x80 */\n        .flash-container { padding: 0.5rem 0; }\n        .alert-cq {\n            border-left: 4px solid; border-radius: 0 var(--cq-radius) var(--cq-radius) 0;\n            background: var(--cq-navy-mid); color: var(--cq-text);\n            border-top: none; border-right: none; border-bottom: none;\n            font-weight: 500;\n        }\n        .alert-cq.alert-success { border-color: var(--cq-green); }\n        .alert-cq.alert-danger  { border-color: var(--cq-red); }\n        .alert-cq.alert-info    { border-color: var(--cq-cyan); }\n        .alert-cq.alert-warning { border-color: var(--cq-yellow); }\n\n        /* \xe2\x94\x80\xe2\x94\x80 Dark Cards \xe2\x94\x80\xe2\x94\x80\xe2\x94\x80\xe2\x94\x80\xe2\x94\x80\xe2\x94\x80\xe2\x94\x80\xe2\x94\x80\xe2\x94\x80\xe2\x94\x80\xe2\x94\x80\xe2\x94\x80\xe2\x94\x80\xe2\x94\x80\xe2\x94\x80\xe2\x94\x80\xe2\x94\x80\xe2\x94\x80\xe2\x94\x80\xe2\x94\x80\xe2\x94\x80\xe2\x94\x80\xe2\x94\x80\xe2\x94\x80\xe2\x94\x80\xe2\x94\x80\xe2\x94\x80\xe2\x94\x80\xe2\x94\x80\xe2\x94\x80\xe2\x94\x80\xe2\x94\x80\xe2\x94\x80\xe2\x94\x80\xe2\x94\x80\xe2\x94\x80\xe2\x94\x80\xe2\x94\x80\xe2\x94\x80\xe2\x94\x80\xe2\x94\x80\xe2\x94\x80\xe2\x94\x80\xe2\x94\x80\xe2\x94\x80\xe2\x94\x80\xe2\x94\x80\xe2\x94\x80\xe2\x94\x80\xe2\x94\x80 */\n        .card-cq {\n            background: var(--cq-navy-mid);\n            border: 1px solid var(--cq-border);\n            border-radius: var(--cq-radius);\n            color: var(--cq-text);\n            box-shadow: var(--cq-shadow);\n        }\n        .card-cq .card-header {\n            background: var(--cq-navy-light);\n            border-bottom: 1px solid var(--cq-border);\n            color: var(--cq-text);\n            border-radius: var(--cq-radius) var(--cq-radius) 0 0;\n        }\n\n        /* \xe2\x94\x80\xe2\x94\x80 Dark Tables \xe2\x94\x80\xe2\x94\x80\xe2\x94\x80\xe2\x94\x80\xe2\x94\x80\xe2\x94\x80\xe2\x94\x80\xe2\x94\x80\xe2\x94\x80\xe2\x94\x80\xe2\x94\x80\xe2\x94\x80\xe2\x94\x80\xe2\x94\x80\xe2\x94\x80\xe2\x94\x80\xe2\x94\x80\xe2\x94\x80\xe2\x94\x80\xe2\x94\x80\xe2\x94\x80\xe2\x94\x80\xe2\x94\x80\xe2\x94\x80\xe2\x94\x80\xe2\x94\x80\xe2\x94\x80\xe2\x94\x80\xe2\x94\x80\xe2\x94\x80\xe2\x94\x80\xe2\x94\x80\xe2\x94\x80\xe2\x94\x80\xe2\x94\x80\xe2\x94\x80\xe2\x94\x80\xe2\x94\x80\xe2\x94\x80\xe2\x94\x80\xe2\x94\x80\xe2\x94\x80\xe2\x94\x80\xe2\x94\x80\xe2\x94\x80\xe2\x94\x80\xe2\x94\x80\xe2\x94\x80\xe2\x94\x80 */\n        .table-cq { color: var(--cq-text); }\n        .table-cq thead th {\n            background: var(--cq-navy-light);\n            color: var(--cq-cyan);\n            border-color: var(--cq-border);\n            font-family: var(--font-heading);\n            font-size: 0.8rem;\n            letter-spacing: 1px;\n        }\n        .table-cq tbody tr {\n            border-color: var(--cq-border);\n        }\n        .table-cq tbody tr:hover {\n            background: rgba(0,180,216,0.05);\n        }\n        .table-cq td, .table-cq th {\n            border-color: var(--cq-border);\n            vertical-align: middle;\n        }\n\n        /* \xe2\x94\x80\xe2\x94\x80 Dark Forms \xe2\x94\x80\xe2\x94\x80\xe2\x94\x80\xe2\x94\x80\xe2\x94\x80\xe2\x94\x80\xe2\x94\x80\xe2\x94\x80\xe2\x94\x80\xe2\x94\x80\xe2\x94\x80\xe2\x94\x80\xe2\x94\x80\xe2\x94\x80\xe2\x94\x80\xe2\x94\x80\xe2\x94\x80\xe2\x94\x80\xe2\x94\x80\xe2\x94\x80\xe2\x94\x80\xe2\x94\x80\xe2\x94\x80\xe2\x94\x80\xe2\x94\x80\xe2\x94\x80\xe2\x94\x80\xe2\x94\x80\xe2\x94\x80\xe2\x94\x80\xe2\x94\x80\xe2\x94\x80\xe2\x94\x80\xe2\x94\x80\xe2\x94\x80\xe2\x94\x80\xe2\x94\x80\xe2\x94\x80\xe2\x94\x80\xe2\x94\x80\xe2\x94\x80\xe2\x94\x80\xe2\x94\x80\xe2\x94\x80\xe2\x94\x80\xe2\x94\x80\xe2\x94\x80\xe2\x94\x80\xe2\x94\x80\xe2\x94\x80 */\n        .form-control-cq, .form-select-cq {\n            background: var(--cq-navy-light);\n            border: 1px solid var(--cq-border);\n            color: var(--cq-text);\n            border-radius: 8px;\n        }\n        .form-control-cq:focus, .form-select-cq:focus {\n            background: var(--cq-navy-light);\n            border-color: var(--cq-cyan);\n            color: var(--cq-text);\n            box-shadow: 0 0 0 3px rgba(0,180,216,0.2);\n        }\n        .form-control-cq::placeholder { color: var(--cq-text-muted); }\n\n        /* \xe2\x94\x80\xe2\x94\x80 CyberQuest Buttons \xe2\x94\x80\xe2\x94\x80\xe2\x94\x80\xe2\x94\x80\xe2\x94\x80\xe2\x94\x80\xe2\x94\x80\xe2\x94\x80\xe2\x94\x80\xe2\x94\x80\xe2\x94\x80\xe2\x94\x80\xe2\x94\x80\xe2\x94\x80\xe2\x94\x80\xe2\x94\x80\xe2\x94\x80\xe2\x94\x80\xe2\x94\x80\xe2\x94\x80\xe2\x94\x80\xe2\x94\x80\xe2\x94\x80\xe2\x94\x80\xe2\x94\x80\xe2\x94\x80\xe2\x94\x80\xe2\x94\x80\xe2\x94\x80\xe2\x94\x80\xe2\x94\x80\xe2\x94\x80\xe2\x94\x80\xe2\x94\x80\xe2\x94\x80\xe2\x94\x80\xe2\x94\x80\xe2\x94\x80\xe2\x94\x80\xe2\x94\x80\xe2\x94\x80\xe2\x94\x80 */\n        .btn-cq-primary {\n            background: var(--cq-cyan); color: var(--cq-navy);\n            border: none; font-weight: 700; border-radius: 8px;\n            font-family: var(--font-body); letter-spacing: 0.5px;\n            transition: all 0.2s;\n        }\n        .btn-cq-primary:hover {\n            background: var(--cq-cyan-glow);\n            box-shadow: 0 4px 16px rgba(0,180,216,0.4);\n        }\n        .btn-cq-outline {\n            border: 1px solid var(--cq-cyan); color: var(--cq-cyan);\n            background: transparent; border-radius: 8px;\n            font-weight: 600; transition: all 0.2s;\n        }\n        .btn-cq-outline:hover {\n            background: rgba(0,180,216,0.12); color: var(--cq-cyan-glow);\n        }\n        .btn-cq-danger {\n            border: 1px solid var(--cq-red); color: var(--cq-red);\n            background: transparent; border-radius: 8px;\n            font-weight: 600; transition: all 0.2s;\n        }\n        .btn-cq-danger:hover { background: rgba(255,77,109,0.12); }\n\n        /* \xe2\x94\x80\xe2\x94\x80 Badges / Pills \xe2\x94\x80\xe2\x94\x80\xe2\x94\x80\xe2\x94\x80\xe2\x94\x80\xe2\x94\x80\xe2\x94\x80\xe2\x94\x80\xe2\x94\x80\xe2\x94\x80\xe2\x94\x80\xe2\x94\x80\xe2\x94\x80\xe2\x94\x80\xe2\x94\x80\xe2\x94\x80\xe2\x94\x80\xe2\x94\x80\xe2\x94\x80\xe2\x94\x80\xe2\x94\x80\xe2\x94\x80\xe2\x94\x80\xe2\x94\x80\xe2\x94\x80\xe2\x94\x80\xe2\x94\x80\xe2\x94\x80\xe2\x94\x80\xe2\x94\x80\xe2\x94\x80\xe2\x94\x80\xe2\x94\x80\xe2\x94\x80\xe2\x94\x80\xe2\x94\x80\xe2\x94\x80\xe2\x94\x80\xe2\x94\x80\xe2\x94\x80\xe2\x94\x80\xe2\x94\x80\xe2\x94\x80\xe2\x94\x80\xe2\x94\x80\xe2\x94\x80 */\n        .badge-cq-cyan {\n            background: rgba(0,180,216,0.15);\n            color: var(--cq-cyan);\n            border: 1px solid var(--cq-border);\n            border-radius: 20px; padding: 0.3rem 0.8rem;\n            font-size: 0.8rem; font-weight: 600;\n        }\n        .badge-cq-gold {\n            background: rgba(255,214,10,0.15);\n            color: var(--cq-yellow);\n            border: 1px solid rgba(255,214,10,0.3);\n            border-radius: 20px; padding: 0.3rem 0.8rem;\n            font-size: 0.8rem; font-weight: 600;\n        }\n\n        /* \xe2\x94\x80\xe2\x94\x80 Progress bars \xe2\x94\x80\xe2\x94\x80\xe2\x94\x80\xe2\x94\x80\xe2\x94\x80\xe2\x94\x80\xe2\x94\x80\xe2\x94\x80\xe2\x94\x80\xe2\x94\x80\xe2\x94\x80\xe2\x94\x80\xe2\x94\x80\xe2\x94\x80\xe2\x94\x80\xe2\x94\x80\xe2\x94\x80\xe2\x94\x80\xe2\x94\x80\xe2\x94\x80\xe2\x94\x80\xe2\x94\x80\xe2\x94\x80\xe2\x94\x80\xe2\x94\x80\xe2\x94\x80\xe2\x94\x80\xe2\x94\x80\xe2\x94\x80\xe2\x94\x80\xe2\x94\x80\xe2\x94\x80\xe2\x94\x80\xe2\x94\x80\xe2\x94\x80\xe2\x94\x80\xe2\x94\x80\xe2\x94\x80\xe2\x94\x80\xe2\x94\x80\xe2\x94\x80\xe2\x94\x80\xe2\x94\x80\xe2\x94\x80\xe2\x94\x80\xe2\x94\x80\xe2\x94\x80 */\n        .progress-cq {\n            background: var(--cq-navy-light);\n            border-radius: 10px; height: 8px;\n        }\n        .progress-cq .progress-bar {\n            background: linear-gradient(90deg, var(--cq-cyan), var(--cq-green));\n            border-radius: 10px;\n        }\n\n        /* \xe2\x94\x80\xe2\x94\x80 Stat Cards \xe2\x94\x80\xe2\x94\x80\xe2\x94\x80\xe2\x94\x80\xe2\x94\x80\xe2\x94\x80\xe2\x94\x80\xe2\x94\x80\xe2\x94\x80\xe2\x94\x80\xe2\x94\x80\xe2\x94\x80\xe2\x94\x80\xe2\x94\x80\xe2\x94\x80\xe2\x94\x80\xe2\x94\x80\xe2\x94\x80\xe2\x94\x80\xe2\x94\x80\xe2\x94\x80\xe2\x94\x80\xe2\x94\x80\xe2\x94\x80\xe2\x94\x80\xe2\x94\x80\xe2\x94\x80\xe2\x94\x80\xe2\x94\x80\xe2\x94\x80\xe2\x94\x80\xe2\x94\x80\xe2\x94\x80\xe2\x94\x80\xe2\x94\x80\xe2\x94\x80\xe2\x94\x80\xe2\x94\x80\xe2\x94\x80\xe2\x94\x80\xe2\x94\x80\xe2\x94\x80\xe2\x94\x80\xe2\x94\x80\xe2\x94\x80\xe2\x94\x80\xe2\x94\x80\xe2\x94\x80\xe2\x94\x80\xe2\x94\x80 */\n        .stat-card {\n            background: var(--cq-navy-mid);\n            border: 1px solid var(--cq-border);\n            border-radius: var(--cq-radius);\n            padding: 1.5rem 1rem;\n            text-align: center;\n            transition: border-color 0.2s, transform 0.2s;\n        }\n        .stat-card:hover {\n            border-color: var(--cq-cyan);\n            transform: translateY(-2px);\n        }\n        .stat-card .stat-number {\n            font-family: var(--font-heading); font-size: 2rem;\n            font-weight: 800;\n        }\n        .stat-card .stat-label { color: var(--cq-text-muted); font-size: 0.85rem; }\n\n        /* \xe2\x94\x80\xe2\x94\x80 Footer \xe2\x94\x80\xe2\x94\x80\xe2\x94\x80\xe2\x94\x80\xe2\x94\x80\xe2\x94\x80\xe2\x94\x80\xe2\x94\x80\xe2\x94\x80\xe2\x94\x80\xe2\x94\x80\xe2\x94\x80\xe2\x94\x80\xe2\x94\x80\xe2\x94\x80\xe2\x94\x80\xe2\x94\x80\xe2\x94\x80\xe2\x94\x80\xe2\x94\x80\xe2\x94\x80\xe2\x94\x80\xe2\x94\x80\xe2\x94\x80\xe2\x94\x80\xe2\x94\x80\xe2\x94\x80\xe2\x94\x80\xe2\x94\x80\xe2\x94\x80\xe2\x94\x80\xe2\x94\x80\xe2\x94\x80\xe2\x94\x80\xe2\x94\x80\xe2\x94\x80\xe2\x94\x80\xe2\x94\x80\xe2\x94\x80\xe2\x94\x80\xe2\x94\x80\xe2\x94\x80\xe2\x94\x80\xe2\x94\x80\xe2\x94\x80\xe2\x94\x80\xe2\x94\x80\xe2\x94\x80\xe2\x94\x80\xe2\x94\x80\xe2\x94\x80\xe2\x94\x80\xe2\x94\x80\xe2\x94\x80 */\n        .footer-cq {\n            background: var(--cq-navy-mid);\n            border-top: 1px solid var(--cq-border);\n            padding: 1.5rem 0;\n            margin-top: auto;\n        }\n        .footer-brand {\n            font-family: var(--font-heading); font-weight: 800;\n            color: var(--cq-cyan); font-size: 1rem; letter-spacing: 2px;\n        }\n        .footer-text { color: var(--cq-text-muted); font-size: 0.85rem; }\n        .footer-team { color: var(--cq-cyan); font-size: 0.85rem; font-weight: 600; }\n\n        /* \xe2\x94\x80\xe2\x94\x80 Scrollbar \xe2\x94\x80\xe2\x94\x80\xe2\x94\x80\xe2\x94\x80\xe2\x94\x80\xe2\x94\x80\xe2\x94\x80\xe2\x94\x80\xe2\x94\x80\xe2\x94\x80\xe2\x94\x80\xe2\x94\x80\xe2\x94\x80\xe2\x94\x80\xe2\x94\x80\xe2\x94\x80\xe2\x94\x80\xe2\x94\x80\xe2\x94\x80\xe2\x94\x80\xe2\x94\x80\xe2\x94\x80\xe2\x94\x80\xe2\x94\x80\xe2\x94\x80\xe2\x94\x80\xe2\x94\x80\xe2\x94\x80\xe2\x94\x80\xe2\x94\x80\xe2\x94\x80\xe2\x94\x80\xe2\x94\x80\xe2\x94\x80\xe2\x94\x80\xe2\x94\x80\xe2\x94\x80\xe2\x94\x80\xe2\x94\x80\xe2\x94\x80\xe2\x94\x80\xe2\x94\x80\xe2\x94\x80\xe2\x94\x80\xe2\x94\x80\xe2\x94\x80\xe2\x94\x80\xe2\x94\x80\xe2\x94\x80\xe2\x94\x80\xe2\x94\x80 */\n        ::-webkit-scrollbar { width: 6px; }\n        ::-webkit-scrollbar-track { background: var(--cq-navy); }\n        ::-webkit-scrollbar-thumb { background: var(--cq-navy-light); border-radius: 3px; }\n        ::-webkit-scrollbar-thumb:hover { background: var(--cq-cyan); }\n    </style>\n\n    \n</head>\n\n<body>\n\n<!-- \xe2\x94\x80\xe2\x94\x80 Navbar \xe2\x94\x80\xe2\x94\x80\xe2\x94\x80\xe2\x94\x80\xe2\x94\x80\xe2\x94\x80\xe2\x94\x80\xe2\x94\x80\xe2\x94\x80\xe2\x94\x80\xe2\x94\x80\xe2\x94\x80\xe2\x94\x80\xe2\x94\x80\xe2\x94\x80\xe2\x94\x80\xe2\x94\x80\xe2\x94\x80\xe2\x94\x80\xe2\x94\x80\xe2\x94\x80\xe2\x94\x80\xe2\x94\x80\xe2\x94\x80\xe2\x94\x80\xe2\x94\x80\xe2\x94\x80\xe2\x94\x80\xe2\x94\x80\xe2\x94\x80\xe2\x94\x80\xe2\x94\x80\xe2\x94\x80\xe2\x94\x80\xe2\x94\x80\xe2\x94\x80\xe2\x94\x80\xe2\x94\x80\xe2\x94\x80\xe2\x94\x80\xe2\x94\x80\xe2\x94\x80\xe2\x94\x80\xe2\x94\x80\xe2\x94\x80\xe2\x94\x80\xe2\x94\x80\xe2\x94\x80\xe2\x94\x80\xe2\x94\x80\xe2\x94\x80\xe2\x94\x80\xe2\x94\x80\xe2\x94\x80\xe2\x94\x80\xe2\x94\x80\xe2\x94\x80\xe2\x94\x80\xe2\x94\x80\xe2\x94\x80\xe2\x94\x80 -->\n<nav class="navbar navbar-expand-lg navbar-cyberquest">\n    <div class="container">\n        <!-- Fixed: use auth.login instead of non-existent \'home\' route -->\n        <a class="navbar-brand-cq"\n           href="/challenges">\n            <i class="bi bi-shield-fill-check brand-icon"></i>\n            CYBER<span style="color:#fff;">QUEST</span>\n        </a>\n\n        <button class="navbar-toggler" type="button"\n                data-bs-toggle="collapse" data-bs-target="#navbarMain">\n            <span class="navbar-toggler-icon"></span>\n        </button>\n\n        <div class="collapse navbar-collapse" id="navbarMain">\n            \n            <ul class="navbar-nav me-auto mb-2 mb-lg-0">\n                \n                <li class="nav-item">\n                    <a class="nav-link nav-link-cq" href="/challenges">\n                        <i class="bi bi-controller me-1"></i> Challenges\n                    </a>\n                </li>\n                <li class="nav-item">\n                    <a class="nav-link nav-link-cq" href="/progress">\n                        <i class="bi bi-bar-chart-fill me-1"></i> My Progress\n                    </a>\n                </li>\n                <li class="nav-item">\n                    <a class="nav-link nav-link-cq" href="/result">\n                        <i class="bi bi-trophy me-1"></i> Results\n                    </a>\n                </li>\n                \n            </ul>\n            \n\n            <div class="d-flex align-items-center gap-2">\n                \n                    <span class="navbar-username d-none d-md-inline">\n                        <i class="bi bi-person-circle me-1"></i>\n                        <strong>newstudent_test</strong>\n                        <span class="badge ms-1"\n                              style="background:rgba(0,180,216,0.15);\n                                     color:var(--cq-cyan); font-size:0.7rem;">\n                            Student\n                        </span>\n                    </span>\n                    \n                    <a href="/2fa/setup"\n                       class="btn-nav-login btn"\n                       title="2FA Settings">\n                        <i class="bi bi-shield-lock"></i>\n                    </a>\n                    \n                    <a href="/logout" class="btn-nav-login btn">\n                        <i class="bi bi-box-arrow-right me-1"></i> Logout\n                    </a>\n                \n            </div>\n        </div>\n    </div>\n</nav>\n\n<!-- \xe2\x94\x80\xe2\x94\x80 Flash Messages (handled once here, not in child templates) \xe2\x94\x80\xe2\x94\x80\xe2\x94\x80\xe2\x94\x80\xe2\x94\x80\xe2\x94\x80\xe2\x94\x80\xe2\x94\x80\xe2\x94\x80\xe2\x94\x80 -->\n<div class="flash-container">\n    <div class="container">\n        \n            \n        \n    </div>\n</div>\n\n<!-- \xe2\x94\x80\xe2\x94\x80 Main Content \xe2\x94\x80\xe2\x94\x80\xe2\x94\x80\xe2\x94\x80\xe2\x94\x80\xe2\x94\x80\xe2\x94\x80\xe2\x94\x80\xe2\x94\x80\xe2\x94\x80\xe2\x94\x80\xe2\x94\x80\xe2\x94\x80\xe2\x94\x80\xe2\x94\x80\xe2\x94\x80\xe2\x94\x80\xe2\x94\x80\xe2\x94\x80\xe2\x94\x80\xe2\x94\x80\xe2\x94\x80\xe2\x94\x80\xe2\x94\x80\xe2\x94\x80\xe2\x94\x80\xe2\x94\x80\xe2\x94\x80\xe2\x94\x80\xe2\x94\x80\xe2\x94\x80\xe2\x94\x80\xe2\x94\x80\xe2\x94\x80\xe2\x94\x80\xe2\x94\x80\xe2\x94\x80\xe2\x94\x80\xe2\x94\x80\xe2\x94\x80\xe2\x94\x80\xe2\x94\x80\xe2\x94\x80\xe2\x94\x80\xe2\x94\x80\xe2\x94\x80\xe2\x94\x80\xe2\x94\x80\xe2\x94\x80\xe2\x94\x80\xe2\x94\x80\xe2\x94\x80\xe2\x94\x80\xe2\x94\x80\xe2\x94\x80\xe2\x94\x80 -->\n<main>\n    \n<div class="container py-4">\n\n  <div class="d-flex justify-content-between align-items-center mb-4">\n    <div>\n      <h2 class="mb-0" style="color:var(--cq-cyan);">\xf0\x9f\x9b\xa1\xef\xb8\x8f Challenge Categories</h2>\n      <p style="color:var(--cq-text-muted);" class="mb-0">Choose a category to start earning points</p>\n    </div>\n    <div class="text-end">\n      <span class="badge-cq-gold fs-6 px-3 py-2">\xe2\xad\x90 0 pts</span>\n      <a href="/progress" class="btn btn-cq-outline ms-2">\xf0\x9f\x93\x8a My Progress</a>\n    </div>\n  </div>\n\n  <!-- Category Cards -->\n  <div class="row g-4 mb-5">\n    \n    <div class="col-md-4">\n      <div class="card-cq h-100 p-4 text-center" style="transition:border-color 0.2s,transform 0.2s;"\n           onmouseover="this.style.borderColor=\'var(--cq-cyan)\';this.style.transform=\'translateY(-4px)\'"\n           onmouseout="this.style.borderColor=\'var(--cq-border)\';this.style.transform=\'none\'">\n        <div style="font-size:3.5rem;" class="mb-3">\xf0\x9f\x8e\xa3</div>\n        <h4 style="color:var(--cq-cyan);">Phishing Awareness</h4>\n        <p style="color:var(--cq-text-muted);" class="small mb-3">Learn to spot phishing emails and social engineering attacks.</p>\n\n        <div class="mb-3">\n          <div class="d-flex justify-content-between small mb-1"\n               style="color:var(--cq-text-muted);">\n            <span>Progress</span>\n            <span>0/5</span>\n          </div>\n          <div class="progress-cq">\n            <div class="progress-bar" role="progressbar"\n                 style="width:0%">\n            </div>\n          </div>\n        </div>\n\n        <a href="/challenge/phishing"\n           class="btn btn-cq-primary w-100 fw-bold">\n          \xf0\x9f\x9a\x80 Start\n        </a>\n      </div>\n    </div>\n    \n    <div class="col-md-4">\n      <div class="card-cq h-100 p-4 text-center" style="transition:border-color 0.2s,transform 0.2s;"\n           onmouseover="this.style.borderColor=\'var(--cq-cyan)\';this.style.transform=\'translateY(-4px)\'"\n           onmouseout="this.style.borderColor=\'var(--cq-border)\';this.style.transform=\'none\'">\n        <div style="font-size:3.5rem;" class="mb-3">\xf0\x9f\x94\x90</div>\n        <h4 style="color:var(--cq-cyan);">Password Security</h4>\n        <p style="color:var(--cq-text-muted);" class="small mb-3">Master the art of strong passwords and authentication.</p>\n\n        <div class="mb-3">\n          <div class="d-flex justify-content-between small mb-1"\n               style="color:var(--cq-text-muted);">\n            <span>Progress</span>\n            <span>0/5</span>\n          </div>\n          <div class="progress-cq">\n            <div class="progress-bar" role="progressbar"\n                 style="width:0%">\n            </div>\n          </div>\n        </div>\n\n        <a href="/challenge/password"\n           class="btn btn-cq-primary w-100 fw-bold">\n          \xf0\x9f\x9a\x80 Start\n        </a>\n      </div>\n    </div>\n    \n    <div class="col-md-4">\n      <div class="card-cq h-100 p-4 text-center" style="transition:border-color 0.2s,transform 0.2s;"\n           onmouseover="this.style.borderColor=\'var(--cq-cyan)\';this.style.transform=\'translateY(-4px)\'"\n           onmouseout="this.style.borderColor=\'var(--cq-border)\';this.style.transform=\'none\'">\n        <div style="font-size:3.5rem;" class="mb-3">\xf0\x9f\x8c\x90</div>\n        <h4 style="color:var(--cq-cyan);">Safe Browsing</h4>\n        <p style="color:var(--cq-text-muted);" class="small mb-3">Stay safe online \xe2\x80\x94 VPNs, HTTPS, and browser threats.</p>\n\n        <div class="mb-3">\n          <div class="d-flex justify-content-between small mb-1"\n               style="color:var(--cq-text-muted);">\n            <span>Progress</span>\n            <span>0/5</span>\n          </div>\n          <div class="progress-cq">\n            <div class="progress-bar" role="progressbar"\n                 style="width:0%">\n            </div>\n          </div>\n        </div>\n\n        <a href="/challenge/browsing"\n           class="btn btn-cq-primary w-100 fw-bold">\n          \xf0\x9f\x9a\x80 Start\n        </a>\n      </div>\n    </div>\n    \n  </div>\n\n  <!-- Badges -->\n  \n\n</div>\n\n</main>\n\n<!-- \xe2\x94\x80\xe2\x94\x80 Footer \xe2\x94\x80\xe2\x94\x80\xe2\x94\x80\xe2\x94\x80\xe2\x94\x80\xe2\x94\x80\xe2\x94\x80\xe2\x94\x80\xe2\x94\x80\xe2\x94\x80\xe2\x94\x80\xe2\x94\x80\xe2\x94\x80\xe2\x94\x80\xe2\x94\x80\xe2\x94\x80\xe2\x94\x80\xe2\x94\x80\xe2\x94\x80\xe2\x94\x80\xe2\x94\x80\xe2\x94\x80\xe2\x94\x80\xe2\x94\x80\xe2\x94\x80\xe2\x94\x80\xe2\x94\x80\xe2\x94\x80\xe2\x94\x80\xe2\x94\x80\xe2\x94\x80\xe2\x94\x80\xe2\x94\x80\xe2\x94\x80\xe2\x94\x80\xe2\x94\x80\xe2\x94\x80\xe2\x94\x80\xe2\x94\x80\xe2\x94\x80\xe2\x94\x80\xe2\x94\x80\xe2\x94\x80\xe2\x94\x80\xe2\x94\x80\xe2\x94\x80\xe2\x94\x80\xe2\x94\x80\xe2\x94\x80\xe2\x94\x80\xe2\x94\x80\xe2\x94\x80\xe2\x94\x80\xe2\x94\x80\xe2\x94\x80\xe2\x94\x80\xe2\x94\x80\xe2\x94\x80\xe2\x94\x80\xe2\x94\x80\xe2\x94\x80 -->\n<footer class="footer-cq">\n    <div class="container">\n        <div class="row align-items-center">\n            <div class="col-md-3 mb-2 mb-md-0">\n                <div class="footer-brand"><i class="bi bi-shield-fill-check me-2"></i>CYBERQUEST</div>\n                <div class="footer-text">Cybersecurity Awareness Game</div>\n            </div>\n            <div class="col-md-5 mb-2 mb-md-0">\n                <div class="footer-text">\n                    <i class="bi bi-mortarboard-fill me-1"></i>\n                    ICT932 \xe2\x80\x94 Cybersecurity Testing and Assurance<br>\n                    Crown Institute of Higher Education (CIHE) \xc2\xa9 2026\n                </div>\n            </div>\n            <div class="col-md-4 text-md-end">\n                <div class="footer-team">\n                    Prashan Manandhar | Raju Kshetri | Pramesh Silwal | Susanta Dhakal\n                </div>\n            </div>\n        </div>\n    </div>\n</footer>\n\n<script src="https://cdn.jsdelivr.net/npm/bootstrap@5.3.0/dist/js/bootstrap.bundle.min.js"></script>\n\n\n</body>\n</html>' = <WrapperTestResponse 20602 bytes [200 OK]>.data
__________ TestRegistration.test_register_weak_password_no_uppercase __________
tests\test_auth.py:83: in test_register_weak_password_no_uppercase
    assert b'uppercase' in response.data
E   assert b'uppercase' in b'<!DOCTYPE html>\n<!--\n    base.html \xe2\x80\x94 Shared base template for CyberQuest\n    Authors: Susanta Dhakal (CIHE250321) & Pramesh Silwal (CIHE241339)\n    Fixed: Prashan Manandhar (CIHE241182) \xe2\x80\x94 removed broken url_for(\'home\')\n-->\n<html lang="en">\n<head>\n    <meta charset="UTF-8">\n    <meta name="viewport" content="width=device-width, initial-scale=1.0">\n    <meta name="description" content="CyberQuest \xe2\x80\x94 Cybersecurity Awareness Game for ICT932 CIHE">\n    <title>Challenges \xe2\x80\x94 CyberQuest | ICT932</title>\n\n    <!-- Bootstrap 5 CSS -->\n    <link href="https://cdn.jsdelivr.net/npm/bootstrap@5.3.0/dist/css/bootstrap.min.css" rel="stylesheet">\n    <!-- Bootstrap Icons -->\n    <link href="https://cdn.jsdelivr.net/npm/bootstrap-icons@1.11.0/font/bootstrap-icons.css" rel="stylesheet">\n    <!-- Google Fonts -->\n    <link href="https://fonts.googleapis.com/css2?family=Orbitron:wght@400;600;800&family=Rajdhani:wght@300;400;500;600&display=swap" rel="stylesheet">\n\n    <style>\n        /* \xe2\x94\x80\xe2\x94\x80 Design Tokens \xe2\x94\x80\xe2\x94\x80\xe2\x94\x80\xe2\x94\x80\xe2\x94\x80\xe2\x94\x80\xe2\x94\x80\xe2\x94\x80\xe2\x94\x80\xe2\x94\x80\xe2\x94\x80\xe2\x94\x80\xe2\x94\x80\xe2\x94\x80\xe2\x94\x80\xe2\x94\x80\xe2\x94\x80\xe2\x94\x80\xe2\x94\x80\xe2\x94\x80\xe2\x94\x80\xe2\x94\x80\xe2\x94\x80\xe2\x94\x80\xe2\x94\x80\xe2\x94\x80\xe2\x94\x80\xe2\x94\x80\xe2\x94\x80\xe2\x94\x80\xe2\x94\x80\xe2\x94\x80\xe2\x94\x80\xe2\x94\x80\xe2\x94\x80\xe2\x94\x80\xe2\x94\x80\xe2\x94\x80\xe2\x94\x80\xe2\x94\x80\xe2\x94\x80\xe2\x94\x80\xe2\x94\x80\xe2\x94\x80\xe2\x94\x80\xe2\x94\x80\xe2\x94\x80 */\n        :root {\n            --cq-navy:      #0D1B2A;\n            --cq-navy-mid:  #112233;\n            --cq-navy-light:#1A2E42;\n            --cq-cyan:      #00B4D8;\n            --cq-cyan-glow: #00D4FF;\n            --cq-green:     #00E676;\n            --cq-red:       #FF4D6D;\n            --cq-yellow:    #FFD60A;\n            --cq-text:      #E0EAF4;\n            --cq-text-muted:#7A9BB5;\n            --cq-border:    rgba(0, 180, 216, 0.2);\n            --cq-shadow:    0 4px 24px rgba(0, 180, 216, 0.12);\n            --cq-radius:    12px;\n            --font-heading: \'Orbitron\', monospace;\n            --font-body:    \'Rajdhani\', sans-serif;\n        }\n\n        *, *::before, *::after { box-sizing: border-box; }\n        html { scroll-behavior: smooth; }\n\n        body {\n            background-color: var(--cq-navy);\n            color: var(--cq-text);\n            font-family: var(--font-body);\n            font-size: 1.05rem;\n            min-height: 100vh;\n            display: flex;\n            flex-direction: column;\n        }\n\n        h1,h2,h3,h4,h5,h6 { font-family: var(--font-heading); }\n        main { flex: 1; }\n\n        /* \xe2\x94\x80\xe2\x94\x80 Navbar \xe2\x94\x80\xe2\x94\x80\xe2\x94\x80\xe2\x94\x80\xe2\x94\x80\xe2\x94\x80\xe2\x94\x80\xe2\x94\x80\xe2\x94\x80\xe2\x94\x80\xe2\x94\x80\xe2\x94\x80\xe2\x94\x80\xe2\x94\x80\xe2\x94\x80\xe2\x94\x80\xe2\x94\x80\xe2\x94\x80\xe2\x94\x80\xe2\x94\x80\xe2\x94\x80\xe2\x94\x80\xe2\x94\x80\xe2\x94\x80\xe2\x94\x80\xe2\x94\x80\xe2\x94\x80\xe2\x94\x80\xe2\x94\x80\xe2\x94\x80\xe2\x94\x80\xe2\x94\x80\xe2\x94\x80\xe2\x94\x80\xe2\x94\x80\xe2\x94\x80\xe2\x94\x80\xe2\x94\x80\xe2\x94\x80\xe2\x94\x80\xe2\x94\x80\xe2\x94\x80\xe2\x94\x80\xe2\x94\x80\xe2\x94\x80\xe2\x94\x80\xe2\x94\x80\xe2\x94\x80\xe2\x94\x80\xe2\x94\x80\xe2\x94\x80\xe2\x94\x80\xe2\x94\x80\xe2\x94\x80 */\n        .navbar-cyberquest {\n            background: rgba(13,27,42,0.97);\n            border-bottom: 1px solid var(--cq-border);\n            backdrop-filter: blur(10px);\n            padding: 0.75rem 0;\n            position: sticky; top: 0; z-index: 1000;\n        }\n        .navbar-brand-cq {\n            font-family: var(--font-heading); font-weight: 800;\n            font-size: 1.35rem; color: var(--cq-cyan) !important;\n            text-decoration: none; letter-spacing: 2px;\n            display: flex; align-items: center; gap: 0.5rem;\n        }\n        .navbar-brand-cq .brand-icon {\n            color: var(--cq-cyan-glow); font-size: 1.5rem;\n            filter: drop-shadow(0 0 6px var(--cq-cyan));\n        }\n        .navbar-brand-cq:hover { color: var(--cq-cyan-glow) !important; }\n        .nav-link-cq {\n            color: var(--cq-text-muted) !important;\n            font-family: var(--font-body); font-weight: 500;\n            font-size: 0.95rem; letter-spacing: 0.5px;\n            padding: 0.5rem 0.85rem !important;\n            border-radius: 6px;\n            transition: color 0.2s, background 0.2s;\n        }\n        .nav-link-cq:hover, .nav-link-cq.active {\n            color: var(--cq-cyan) !important;\n            background: rgba(0,180,216,0.08);\n        }\n        .btn-nav-login {\n            border: 1px solid var(--cq-cyan); color: var(--cq-cyan);\n            background: transparent; border-radius: 6px;\n            padding: 0.4rem 1rem; font-weight: 600; font-size: 0.9rem;\n            transition: all 0.2s;\n        }\n        .btn-nav-login:hover {\n            background: rgba(0,180,216,0.15); color: var(--cq-cyan-glow);\n        }\n        .btn-nav-register {\n            background: var(--cq-cyan); color: var(--cq-navy);\n            border: none; border-radius: 6px;\n            padding: 0.4rem 1rem; font-weight: 700; font-size: 0.9rem;\n            transition: all 0.2s;\n        }\n        .btn-nav-register:hover {\n            background: var(--cq-cyan-glow);\n            box-shadow: 0 4px 12px rgba(0,180,216,0.35);\n        }\n        .navbar-username { color: var(--cq-text-muted); font-size: 0.85rem; }\n        .navbar-username strong { color: var(--cq-cyan); }\n        .navbar-toggler { border-color: var(--cq-border); }\n        .navbar-toggler-icon { filter: invert(60%) sepia(80%) saturate(400%) hue-rotate(165deg); }\n\n        /* \xe2\x94\x80\xe2\x94\x80 Flash Messages \xe2\x94\x80\xe2\x94\x80\xe2\x94\x80\xe2\x94\x80\xe2\x94\x80\xe2\x94\x80\xe2\x94\x80\xe2\x94\x80\xe2\x94\x80\xe2\x94\x80\xe2\x94\x80\xe2\x94\x80\xe2\x94\x80\xe2\x94\x80\xe2\x94\x80\xe2\x94\x80\xe2\x94\x80\xe2\x94\x80\xe2\x94\x80\xe2\x94\x80\xe2\x94\x80\xe2\x94\x80\xe2\x94\x80\xe2\x94\x80\xe2\x94\x80\xe2\x94\x80\xe2\x94\x80\xe2\x94\x80\xe2\x94\x80\xe2\x94\x80\xe2\x94\x80\xe2\x94\x80\xe2\x94\x80\xe2\x94\x80\xe2\x94\x80\xe2\x94\x80\xe2\x94\x80\xe2\x94\x80\xe2\x94\x80\xe2\x94\x80\xe2\x94\x80\xe2\x94\x80\xe2\x94\x80\xe2\x94\x80\xe2\x94\x80\xe2\x94\x80 */\n        .flash-container { padding: 0.5rem 0; }\n        .alert-cq {\n            border-left: 4px solid; border-radius: 0 var(--cq-radius) var(--cq-radius) 0;\n            background: var(--cq-navy-mid); color: var(--cq-text);\n            border-top: none; border-right: none; border-bottom: none;\n            font-weight: 500;\n        }\n        .alert-cq.alert-success { border-color: var(--cq-green); }\n        .alert-cq.alert-danger  { border-color: var(--cq-red); }\n        .alert-cq.alert-info    { border-color: var(--cq-cyan); }\n        .alert-cq.alert-warning { border-color: var(--cq-yellow); }\n\n        /* \xe2\x94\x80\xe2\x94\x80 Dark Cards \xe2\x94\x80\xe2\x94\x80\xe2\x94\x80\xe2\x94\x80\xe2\x94\x80\xe2\x94\x80\xe2\x94\x80\xe2\x94\x80\xe2\x94\x80\xe2\x94\x80\xe2\x94\x80\xe2\x94\x80\xe2\x94\x80\xe2\x94\x80\xe2\x94\x80\xe2\x94\x80\xe2\x94\x80\xe2\x94\x80\xe2\x94\x80\xe2\x94\x80\xe2\x94\x80\xe2\x94\x80\xe2\x94\x80\xe2\x94\x80\xe2\x94\x80\xe2\x94\x80\xe2\x94\x80\xe2\x94\x80\xe2\x94\x80\xe2\x94\x80\xe2\x94\x80\xe2\x94\x80\xe2\x94\x80\xe2\x94\x80\xe2\x94\x80\xe2\x94\x80\xe2\x94\x80\xe2\x94\x80\xe2\x94\x80\xe2\x94\x80\xe2\x94\x80\xe2\x94\x80\xe2\x94\x80\xe2\x94\x80\xe2\x94\x80\xe2\x94\x80\xe2\x94\x80\xe2\x94\x80\xe2\x94\x80\xe2\x94\x80 */\n        .card-cq {\n            background: var(--cq-navy-mid);\n            border: 1px solid var(--cq-border);\n            border-radius: var(--cq-radius);\n            color: var(--cq-text);\n            box-shadow: var(--cq-shadow);\n        }\n        .card-cq .card-header {\n            background: var(--cq-navy-light);\n            border-bottom: 1px solid var(--cq-border);\n            color: var(--cq-text);\n            border-radius: var(--cq-radius) var(--cq-radius) 0 0;\n        }\n\n        /* \xe2\x94\x80\xe2\x94\x80 Dark Tables \xe2\x94\x80\xe2\x94\x80\xe2\x94\x80\xe2\x94\x80\xe2\x94\x80\xe2\x94\x80\xe2\x94\x80\xe2\x94\x80\xe2\x94\x80\xe2\x94\x80\xe2\x94\x80\xe2\x94\x80\xe2\x94\x80\xe2\x94\x80\xe2\x94\x80\xe2\x94\x80\xe2\x94\x80\xe2\x94\x80\xe2\x94\x80\xe2\x94\x80\xe2\x94\x80\xe2\x94\x80\xe2\x94\x80\xe2\x94\x80\xe2\x94\x80\xe2\x94\x80\xe2\x94\x80\xe2\x94\x80\xe2\x94\x80\xe2\x94\x80\xe2\x94\x80\xe2\x94\x80\xe2\x94\x80\xe2\x94\x80\xe2\x94\x80\xe2\x94\x80\xe2\x94\x80\xe2\x94\x80\xe2\x94\x80\xe2\x94\x80\xe2\x94\x80\xe2\x94\x80\xe2\x94\x80\xe2\x94\x80\xe2\x94\x80\xe2\x94\x80\xe2\x94\x80\xe2\x94\x80\xe2\x94\x80 */\n        .table-cq { color: var(--cq-text); }\n        .table-cq thead th {\n            background: var(--cq-navy-light);\n            color: var(--cq-cyan);\n            border-color: var(--cq-border);\n            font-family: var(--font-heading);\n            font-size: 0.8rem;\n            letter-spacing: 1px;\n        }\n        .table-cq tbody tr {\n            border-color: var(--cq-border);\n        }\n        .table-cq tbody tr:hover {\n            background: rgba(0,180,216,0.05);\n        }\n        .table-cq td, .table-cq th {\n            border-color: var(--cq-border);\n            vertical-align: middle;\n        }\n\n        /* \xe2\x94\x80\xe2\x94\x80 Dark Forms \xe2\x94\x80\xe2\x94\x80\xe2\x94\x80\xe2\x94\x80\xe2\x94\x80\xe2\x94\x80\xe2\x94\x80\xe2\x94\x80\xe2\x94\x80\xe2\x94\x80\xe2\x94\x80\xe2\x94\x80\xe2\x94\x80\xe2\x94\x80\xe2\x94\x80\xe2\x94\x80\xe2\x94\x80\xe2\x94\x80\xe2\x94\x80\xe2\x94\x80\xe2\x94\x80\xe2\x94\x80\xe2\x94\x80\xe2\x94\x80\xe2\x94\x80\xe2\x94\x80\xe2\x94\x80\xe2\x94\x80\xe2\x94\x80\xe2\x94\x80\xe2\x94\x80\xe2\x94\x80\xe2\x94\x80\xe2\x94\x80\xe2\x94\x80\xe2\x94\x80\xe2\x94\x80\xe2\x94\x80\xe2\x94\x80\xe2\x94\x80\xe2\x94\x80\xe2\x94\x80\xe2\x94\x80\xe2\x94\x80\xe2\x94\x80\xe2\x94\x80\xe2\x94\x80\xe2\x94\x80\xe2\x94\x80\xe2\x94\x80 */\n        .form-control-cq, .form-select-cq {\n            background: var(--cq-navy-light);\n            border: 1px solid var(--cq-border);\n            color: var(--cq-text);\n            border-radius: 8px;\n        }\n        .form-control-cq:focus, .form-select-cq:focus {\n            background: var(--cq-navy-light);\n            border-color: var(--cq-cyan);\n            color: var(--cq-text);\n            box-shadow: 0 0 0 3px rgba(0,180,216,0.2);\n        }\n        .form-control-cq::placeholder { color: var(--cq-text-muted); }\n\n        /* \xe2\x94\x80\xe2\x94\x80 CyberQuest Buttons \xe2\x94\x80\xe2\x94\x80\xe2\x94\x80\xe2\x94\x80\xe2\x94\x80\xe2\x94\x80\xe2\x94\x80\xe2\x94\x80\xe2\x94\x80\xe2\x94\x80\xe2\x94\x80\xe2\x94\x80\xe2\x94\x80\xe2\x94\x80\xe2\x94\x80\xe2\x94\x80\xe2\x94\x80\xe2\x94\x80\xe2\x94\x80\xe2\x94\x80\xe2\x94\x80\xe2\x94\x80\xe2\x94\x80\xe2\x94\x80\xe2\x94\x80\xe2\x94\x80\xe2\x94\x80\xe2\x94\x80\xe2\x94\x80\xe2\x94\x80\xe2\x94\x80\xe2\x94\x80\xe2\x94\x80\xe2\x94\x80\xe2\x94\x80\xe2\x94\x80\xe2\x94\x80\xe2\x94\x80\xe2\x94\x80\xe2\x94\x80\xe2\x94\x80\xe2\x94\x80 */\n        .btn-cq-primary {\n            background: var(--cq-cyan); color: var(--cq-navy);\n            border: none; font-weight: 700; border-radius: 8px;\n            font-family: var(--font-body); letter-spacing: 0.5px;\n            transition: all 0.2s;\n        }\n        .btn-cq-primary:hover {\n            background: var(--cq-cyan-glow);\n            box-shadow: 0 4px 16px rgba(0,180,216,0.4);\n        }\n        .btn-cq-outline {\n            border: 1px solid var(--cq-cyan); color: var(--cq-cyan);\n            background: transparent; border-radius: 8px;\n            font-weight: 600; transition: all 0.2s;\n        }\n        .btn-cq-outline:hover {\n            background: rgba(0,180,216,0.12); color: var(--cq-cyan-glow);\n        }\n        .btn-cq-danger {\n            border: 1px solid var(--cq-red); color: var(--cq-red);\n            background: transparent; border-radius: 8px;\n            font-weight: 600; transition: all 0.2s;\n        }\n        .btn-cq-danger:hover { background: rgba(255,77,109,0.12); }\n\n        /* \xe2\x94\x80\xe2\x94\x80 Badges / Pills \xe2\x94\x80\xe2\x94\x80\xe2\x94\x80\xe2\x94\x80\xe2\x94\x80\xe2\x94\x80\xe2\x94\x80\xe2\x94\x80\xe2\x94\x80\xe2\x94\x80\xe2\x94\x80\xe2\x94\x80\xe2\x94\x80\xe2\x94\x80\xe2\x94\x80\xe2\x94\x80\xe2\x94\x80\xe2\x94\x80\xe2\x94\x80\xe2\x94\x80\xe2\x94\x80\xe2\x94\x80\xe2\x94\x80\xe2\x94\x80\xe2\x94\x80\xe2\x94\x80\xe2\x94\x80\xe2\x94\x80\xe2\x94\x80\xe2\x94\x80\xe2\x94\x80\xe2\x94\x80\xe2\x94\x80\xe2\x94\x80\xe2\x94\x80\xe2\x94\x80\xe2\x94\x80\xe2\x94\x80\xe2\x94\x80\xe2\x94\x80\xe2\x94\x80\xe2\x94\x80\xe2\x94\x80\xe2\x94\x80\xe2\x94\x80\xe2\x94\x80 */\n        .badge-cq-cyan {\n            background: rgba(0,180,216,0.15);\n            color: var(--cq-cyan);\n            border: 1px solid var(--cq-border);\n            border-radius: 20px; padding: 0.3rem 0.8rem;\n            font-size: 0.8rem; font-weight: 600;\n        }\n        .badge-cq-gold {\n            background: rgba(255,214,10,0.15);\n            color: var(--cq-yellow);\n            border: 1px solid rgba(255,214,10,0.3);\n            border-radius: 20px; padding: 0.3rem 0.8rem;\n            font-size: 0.8rem; font-weight: 600;\n        }\n\n        /* \xe2\x94\x80\xe2\x94\x80 Progress bars \xe2\x94\x80\xe2\x94\x80\xe2\x94\x80\xe2\x94\x80\xe2\x94\x80\xe2\x94\x80\xe2\x94\x80\xe2\x94\x80\xe2\x94\x80\xe2\x94\x80\xe2\x94\x80\xe2\x94\x80\xe2\x94\x80\xe2\x94\x80\xe2\x94\x80\xe2\x94\x80\xe2\x94\x80\xe2\x94\x80\xe2\x94\x80\xe2\x94\x80\xe2\x94\x80\xe2\x94\x80\xe2\x94\x80\xe2\x94\x80\xe2\x94\x80\xe2\x94\x80\xe2\x94\x80\xe2\x94\x80\xe2\x94\x80\xe2\x94\x80\xe2\x94\x80\xe2\x94\x80\xe2\x94\x80\xe2\x94\x80\xe2\x94\x80\xe2\x94\x80\xe2\x94\x80\xe2\x94\x80\xe2\x94\x80\xe2\x94\x80\xe2\x94\x80\xe2\x94\x80\xe2\x94\x80\xe2\x94\x80\xe2\x94\x80\xe2\x94\x80\xe2\x94\x80 */\n        .progress-cq {\n            background: var(--cq-navy-light);\n            border-radius: 10px; height: 8px;\n        }\n        .progress-cq .progress-bar {\n            background: linear-gradient(90deg, var(--cq-cyan), var(--cq-green));\n            border-radius: 10px;\n        }\n\n        /* \xe2\x94\x80\xe2\x94\x80 Stat Cards \xe2\x94\x80\xe2\x94\x80\xe2\x94\x80\xe2\x94\x80\xe2\x94\x80\xe2\x94\x80\xe2\x94\x80\xe2\x94\x80\xe2\x94\x80\xe2\x94\x80\xe2\x94\x80\xe2\x94\x80\xe2\x94\x80\xe2\x94\x80\xe2\x94\x80\xe2\x94\x80\xe2\x94\x80\xe2\x94\x80\xe2\x94\x80\xe2\x94\x80\xe2\x94\x80\xe2\x94\x80\xe2\x94\x80\xe2\x94\x80\xe2\x94\x80\xe2\x94\x80\xe2\x94\x80\xe2\x94\x80\xe2\x94\x80\xe2\x94\x80\xe2\x94\x80\xe2\x94\x80\xe2\x94\x80\xe2\x94\x80\xe2\x94\x80\xe2\x94\x80\xe2\x94\x80\xe2\x94\x80\xe2\x94\x80\xe2\x94\x80\xe2\x94\x80\xe2\x94\x80\xe2\x94\x80\xe2\x94\x80\xe2\x94\x80\xe2\x94\x80\xe2\x94\x80\xe2\x94\x80\xe2\x94\x80\xe2\x94\x80 */\n        .stat-card {\n            background: var(--cq-navy-mid);\n            border: 1px solid var(--cq-border);\n            border-radius: var(--cq-radius);\n            padding: 1.5rem 1rem;\n            text-align: center;\n            transition: border-color 0.2s, transform 0.2s;\n        }\n        .stat-card:hover {\n            border-color: var(--cq-cyan);\n            transform: translateY(-2px);\n        }\n        .stat-card .stat-number {\n            font-family: var(--font-heading); font-size: 2rem;\n            font-weight: 800;\n        }\n        .stat-card .stat-label { color: var(--cq-text-muted); font-size: 0.85rem; }\n\n        /* \xe2\x94\x80\xe2\x94\x80 Footer \xe2\x94\x80\xe2\x94\x80\xe2\x94\x80\xe2\x94\x80\xe2\x94\x80\xe2\x94\x80\xe2\x94\x80\xe2\x94\x80\xe2\x94\x80\xe2\x94\x80\xe2\x94\x80\xe2\x94\x80\xe2\x94\x80\xe2\x94\x80\xe2\x94\x80\xe2\x94\x80\xe2\x94\x80\xe2\x94\x80\xe2\x94\x80\xe2\x94\x80\xe2\x94\x80\xe2\x94\x80\xe2\x94\x80\xe2\x94\x80\xe2\x94\x80\xe2\x94\x80\xe2\x94\x80\xe2\x94\x80\xe2\x94\x80\xe2\x94\x80\xe2\x94\x80\xe2\x94\x80\xe2\x94\x80\xe2\x94\x80\xe2\x94\x80\xe2\x94\x80\xe2\x94\x80\xe2\x94\x80\xe2\x94\x80\xe2\x94\x80\xe2\x94\x80\xe2\x94\x80\xe2\x94\x80\xe2\x94\x80\xe2\x94\x80\xe2\x94\x80\xe2\x94\x80\xe2\x94\x80\xe2\x94\x80\xe2\x94\x80\xe2\x94\x80\xe2\x94\x80\xe2\x94\x80\xe2\x94\x80 */\n        .footer-cq {\n            background: var(--cq-navy-mid);\n            border-top: 1px solid var(--cq-border);\n            padding: 1.5rem 0;\n            margin-top: auto;\n        }\n        .footer-brand {\n            font-family: var(--font-heading); font-weight: 800;\n            color: var(--cq-cyan); font-size: 1rem; letter-spacing: 2px;\n        }\n        .footer-text { color: var(--cq-text-muted); font-size: 0.85rem; }\n        .footer-team { color: var(--cq-cyan); font-size: 0.85rem; font-weight: 600; }\n\n        /* \xe2\x94\x80\xe2\x94\x80 Scrollbar \xe2\x94\x80\xe2\x94\x80\xe2\x94\x80\xe2\x94\x80\xe2\x94\x80\xe2\x94\x80\xe2\x94\x80\xe2\x94\x80\xe2\x94\x80\xe2\x94\x80\xe2\x94\x80\xe2\x94\x80\xe2\x94\x80\xe2\x94\x80\xe2\x94\x80\xe2\x94\x80\xe2\x94\x80\xe2\x94\x80\xe2\x94\x80\xe2\x94\x80\xe2\x94\x80\xe2\x94\x80\xe2\x94\x80\xe2\x94\x80\xe2\x94\x80\xe2\x94\x80\xe2\x94\x80\xe2\x94\x80\xe2\x94\x80\xe2\x94\x80\xe2\x94\x80\xe2\x94\x80\xe2\x94\x80\xe2\x94\x80\xe2\x94\x80\xe2\x94\x80\xe2\x94\x80\xe2\x94\x80\xe2\x94\x80\xe2\x94\x80\xe2\x94\x80\xe2\x94\x80\xe2\x94\x80\xe2\x94\x80\xe2\x94\x80\xe2\x94\x80\xe2\x94\x80\xe2\x94\x80\xe2\x94\x80\xe2\x94\x80\xe2\x94\x80 */\n        ::-webkit-scrollbar { width: 6px; }\n        ::-webkit-scrollbar-track { background: var(--cq-navy); }\n        ::-webkit-scrollbar-thumb { background: var(--cq-navy-light); border-radius: 3px; }\n        ::-webkit-scrollbar-thumb:hover { background: var(--cq-cyan); }\n    </style>\n\n    \n</head>\n\n<body>\n\n<!-- \xe2\x94\x80\xe2\x94\x80 Navbar \xe2\x94\x80\xe2\x94\x80\xe2\x94\x80\xe2\x94\x80\xe2\x94\x80\xe2\x94\x80\xe2\x94\x80\xe2\x94\x80\xe2\x94\x80\xe2\x94\x80\xe2\x94\x80\xe2\x94\x80\xe2\x94\x80\xe2\x94\x80\xe2\x94\x80\xe2\x94\x80\xe2\x94\x80\xe2\x94\x80\xe2\x94\x80\xe2\x94\x80\xe2\x94\x80\xe2\x94\x80\xe2\x94\x80\xe2\x94\x80\xe2\x94\x80\xe2\x94\x80\xe2\x94\x80\xe2\x94\x80\xe2\x94\x80\xe2\x94\x80\xe2\x94\x80\xe2\x94\x80\xe2\x94\x80\xe2\x94\x80\xe2\x94\x80\xe2\x94\x80\xe2\x94\x80\xe2\x94\x80\xe2\x94\x80\xe2\x94\x80\xe2\x94\x80\xe2\x94\x80\xe2\x94\x80\xe2\x94\x80\xe2\x94\x80\xe2\x94\x80\xe2\x94\x80\xe2\x94\x80\xe2\x94\x80\xe2\x94\x80\xe2\x94\x80\xe2\x94\x80\xe2\x94\x80\xe2\x94\x80\xe2\x94\x80\xe2\x94\x80\xe2\x94\x80\xe2\x94\x80\xe2\x94\x80\xe2\x94\x80\xe2\x94\x80 -->\n<nav class="navbar navbar-expand-lg navbar-cyberquest">\n    <div class="container">\n        <!-- Fixed: use auth.login instead of non-existent \'home\' route -->\n        <a class="navbar-brand-cq"\n           href="/challenges">\n            <i class="bi bi-shield-fill-check brand-icon"></i>\n            CYBER<span style="color:#fff;">QUEST</span>\n        </a>\n\n        <button class="navbar-toggler" type="button"\n                data-bs-toggle="collapse" data-bs-target="#navbarMain">\n            <span class="navbar-toggler-icon"></span>\n        </button>\n\n        <div class="collapse navbar-collapse" id="navbarMain">\n            \n            <ul class="navbar-nav me-auto mb-2 mb-lg-0">\n                \n                <li class="nav-item">\n                    <a class="nav-link nav-link-cq" href="/challenges">\n                        <i class="bi bi-controller me-1"></i> Challenges\n                    </a>\n                </li>\n                <li class="nav-item">\n                    <a class="nav-link nav-link-cq" href="/progress">\n                        <i class="bi bi-bar-chart-fill me-1"></i> My Progress\n                    </a>\n                </li>\n                <li class="nav-item">\n                    <a class="nav-link nav-link-cq" href="/result">\n                        <i class="bi bi-trophy me-1"></i> Results\n                    </a>\n                </li>\n                \n            </ul>\n            \n\n            <div class="d-flex align-items-center gap-2">\n                \n                    <span class="navbar-username d-none d-md-inline">\n                        <i class="bi bi-person-circle me-1"></i>\n                        <strong>newstudent_test</strong>\n                        <span class="badge ms-1"\n                              style="background:rgba(0,180,216,0.15);\n                                     color:var(--cq-cyan); font-size:0.7rem;">\n                            Student\n                        </span>\n                    </span>\n                    \n                    <a href="/2fa/setup"\n                       class="btn-nav-login btn"\n                       title="2FA Settings">\n                        <i class="bi bi-shield-lock"></i>\n                    </a>\n                    \n                    <a href="/logout" class="btn-nav-login btn">\n                        <i class="bi bi-box-arrow-right me-1"></i> Logout\n                    </a>\n                \n            </div>\n        </div>\n    </div>\n</nav>\n\n<!-- \xe2\x94\x80\xe2\x94\x80 Flash Messages (handled once here, not in child templates) \xe2\x94\x80\xe2\x94\x80\xe2\x94\x80\xe2\x94\x80\xe2\x94\x80\xe2\x94\x80\xe2\x94\x80\xe2\x94\x80\xe2\x94\x80\xe2\x94\x80 -->\n<div class="flash-container">\n    <div class="container">\n        \n            \n        \n    </div>\n</div>\n\n<!-- \xe2\x94\x80\xe2\x94\x80 Main Content \xe2\x94\x80\xe2\x94\x80\xe2\x94\x80\xe2\x94\x80\xe2\x94\x80\xe2\x94\x80\xe2\x94\x80\xe2\x94\x80\xe2\x94\x80\xe2\x94\x80\xe2\x94\x80\xe2\x94\x80\xe2\x94\x80\xe2\x94\x80\xe2\x94\x80\xe2\x94\x80\xe2\x94\x80\xe2\x94\x80\xe2\x94\x80\xe2\x94\x80\xe2\x94\x80\xe2\x94\x80\xe2\x94\x80\xe2\x94\x80\xe2\x94\x80\xe2\x94\x80\xe2\x94\x80\xe2\x94\x80\xe2\x94\x80\xe2\x94\x80\xe2\x94\x80\xe2\x94\x80\xe2\x94\x80\xe2\x94\x80\xe2\x94\x80\xe2\x94\x80\xe2\x94\x80\xe2\x94\x80\xe2\x94\x80\xe2\x94\x80\xe2\x94\x80\xe2\x94\x80\xe2\x94\x80\xe2\x94\x80\xe2\x94\x80\xe2\x94\x80\xe2\x94\x80\xe2\x94\x80\xe2\x94\x80\xe2\x94\x80\xe2\x94\x80\xe2\x94\x80\xe2\x94\x80\xe2\x94\x80\xe2\x94\x80\xe2\x94\x80 -->\n<main>\n    \n<div class="container py-4">\n\n  <div class="d-flex justify-content-between align-items-center mb-4">\n    <div>\n      <h2 class="mb-0" style="color:var(--cq-cyan);">\xf0\x9f\x9b\xa1\xef\xb8\x8f Challenge Categories</h2>\n      <p style="color:var(--cq-text-muted);" class="mb-0">Choose a category to start earning points</p>\n    </div>\n    <div class="text-end">\n      <span class="badge-cq-gold fs-6 px-3 py-2">\xe2\xad\x90 0 pts</span>\n      <a href="/progress" class="btn btn-cq-outline ms-2">\xf0\x9f\x93\x8a My Progress</a>\n    </div>\n  </div>\n\n  <!-- Category Cards -->\n  <div class="row g-4 mb-5">\n    \n    <div class="col-md-4">\n      <div class="card-cq h-100 p-4 text-center" style="transition:border-color 0.2s,transform 0.2s;"\n           onmouseover="this.style.borderColor=\'var(--cq-cyan)\';this.style.transform=\'translateY(-4px)\'"\n           onmouseout="this.style.borderColor=\'var(--cq-border)\';this.style.transform=\'none\'">\n        <div style="font-size:3.5rem;" class="mb-3">\xf0\x9f\x8e\xa3</div>\n        <h4 style="color:var(--cq-cyan);">Phishing Awareness</h4>\n        <p style="color:var(--cq-text-muted);" class="small mb-3">Learn to spot phishing emails and social engineering attacks.</p>\n\n        <div class="mb-3">\n          <div class="d-flex justify-content-between small mb-1"\n               style="color:var(--cq-text-muted);">\n            <span>Progress</span>\n            <span>0/5</span>\n          </div>\n          <div class="progress-cq">\n            <div class="progress-bar" role="progressbar"\n                 style="width:0%">\n            </div>\n          </div>\n        </div>\n\n        <a href="/challenge/phishing"\n           class="btn btn-cq-primary w-100 fw-bold">\n          \xf0\x9f\x9a\x80 Start\n        </a>\n      </div>\n    </div>\n    \n    <div class="col-md-4">\n      <div class="card-cq h-100 p-4 text-center" style="transition:border-color 0.2s,transform 0.2s;"\n           onmouseover="this.style.borderColor=\'var(--cq-cyan)\';this.style.transform=\'translateY(-4px)\'"\n           onmouseout="this.style.borderColor=\'var(--cq-border)\';this.style.transform=\'none\'">\n        <div style="font-size:3.5rem;" class="mb-3">\xf0\x9f\x94\x90</div>\n        <h4 style="color:var(--cq-cyan);">Password Security</h4>\n        <p style="color:var(--cq-text-muted);" class="small mb-3">Master the art of strong passwords and authentication.</p>\n\n        <div class="mb-3">\n          <div class="d-flex justify-content-between small mb-1"\n               style="color:var(--cq-text-muted);">\n            <span>Progress</span>\n            <span>0/5</span>\n          </div>\n          <div class="progress-cq">\n            <div class="progress-bar" role="progressbar"\n                 style="width:0%">\n            </div>\n          </div>\n        </div>\n\n        <a href="/challenge/password"\n           class="btn btn-cq-primary w-100 fw-bold">\n          \xf0\x9f\x9a\x80 Start\n        </a>\n      </div>\n    </div>\n    \n    <div class="col-md-4">\n      <div class="card-cq h-100 p-4 text-center" style="transition:border-color 0.2s,transform 0.2s;"\n           onmouseover="this.style.borderColor=\'var(--cq-cyan)\';this.style.transform=\'translateY(-4px)\'"\n           onmouseout="this.style.borderColor=\'var(--cq-border)\';this.style.transform=\'none\'">\n        <div style="font-size:3.5rem;" class="mb-3">\xf0\x9f\x8c\x90</div>\n        <h4 style="color:var(--cq-cyan);">Safe Browsing</h4>\n        <p style="color:var(--cq-text-muted);" class="small mb-3">Stay safe online \xe2\x80\x94 VPNs, HTTPS, and browser threats.</p>\n\n        <div class="mb-3">\n          <div class="d-flex justify-content-between small mb-1"\n               style="color:var(--cq-text-muted);">\n            <span>Progress</span>\n            <span>0/5</span>\n          </div>\n          <div class="progress-cq">\n            <div class="progress-bar" role="progressbar"\n                 style="width:0%">\n            </div>\n          </div>\n        </div>\n\n        <a href="/challenge/browsing"\n           class="btn btn-cq-primary w-100 fw-bold">\n          \xf0\x9f\x9a\x80 Start\n        </a>\n      </div>\n    </div>\n    \n  </div>\n\n  <!-- Badges -->\n  \n\n</div>\n\n</main>\n\n<!-- \xe2\x94\x80\xe2\x94\x80 Footer \xe2\x94\x80\xe2\x94\x80\xe2\x94\x80\xe2\x94\x80\xe2\x94\x80\xe2\x94\x80\xe2\x94\x80\xe2\x94\x80\xe2\x94\x80\xe2\x94\x80\xe2\x94\x80\xe2\x94\x80\xe2\x94\x80\xe2\x94\x80\xe2\x94\x80\xe2\x94\x80\xe2\x94\x80\xe2\x94\x80\xe2\x94\x80\xe2\x94\x80\xe2\x94\x80\xe2\x94\x80\xe2\x94\x80\xe2\x94\x80\xe2\x94\x80\xe2\x94\x80\xe2\x94\x80\xe2\x94\x80\xe2\x94\x80\xe2\x94\x80\xe2\x94\x80\xe2\x94\x80\xe2\x94\x80\xe2\x94\x80\xe2\x94\x80\xe2\x94\x80\xe2\x94\x80\xe2\x94\x80\xe2\x94\x80\xe2\x94\x80\xe2\x94\x80\xe2\x94\x80\xe2\x94\x80\xe2\x94\x80\xe2\x94\x80\xe2\x94\x80\xe2\x94\x80\xe2\x94\x80\xe2\x94\x80\xe2\x94\x80\xe2\x94\x80\xe2\x94\x80\xe2\x94\x80\xe2\x94\x80\xe2\x94\x80\xe2\x94\x80\xe2\x94\x80\xe2\x94\x80\xe2\x94\x80\xe2\x94\x80\xe2\x94\x80 -->\n<footer class="footer-cq">\n    <div class="container">\n        <div class="row align-items-center">\n            <div class="col-md-3 mb-2 mb-md-0">\n                <div class="footer-brand"><i class="bi bi-shield-fill-check me-2"></i>CYBERQUEST</div>\n                <div class="footer-text">Cybersecurity Awareness Game</div>\n            </div>\n            <div class="col-md-5 mb-2 mb-md-0">\n                <div class="footer-text">\n                    <i class="bi bi-mortarboard-fill me-1"></i>\n                    ICT932 \xe2\x80\x94 Cybersecurity Testing and Assurance<br>\n                    Crown Institute of Higher Education (CIHE) \xc2\xa9 2026\n                </div>\n            </div>\n            <div class="col-md-4 text-md-end">\n                <div class="footer-team">\n                    Prashan Manandhar | Raju Kshetri | Pramesh Silwal | Susanta Dhakal\n                </div>\n            </div>\n        </div>\n    </div>\n</footer>\n\n<script src="https://cdn.jsdelivr.net/npm/bootstrap@5.3.0/dist/js/bootstrap.bundle.min.js"></script>\n\n\n</body>\n</html>'
E    +  where b'<!DOCTYPE html>\n<!--\n    base.html \xe2\x80\x94 Shared base template for CyberQuest\n    Authors: Susanta Dhakal (CIHE250321) & Pramesh Silwal (CIHE241339)\n    Fixed: Prashan Manandhar (CIHE241182) \xe2\x80\x94 removed broken url_for(\'home\')\n-->\n<html lang="en">\n<head>\n    <meta charset="UTF-8">\n    <meta name="viewport" content="width=device-width, initial-scale=1.0">\n    <meta name="description" content="CyberQuest \xe2\x80\x94 Cybersecurity Awareness Game for ICT932 CIHE">\n    <title>Challenges \xe2\x80\x94 CyberQuest | ICT932</title>\n\n    <!-- Bootstrap 5 CSS -->\n    <link href="https://cdn.jsdelivr.net/npm/bootstrap@5.3.0/dist/css/bootstrap.min.css" rel="stylesheet">\n    <!-- Bootstrap Icons -->\n    <link href="https://cdn.jsdelivr.net/npm/bootstrap-icons@1.11.0/font/bootstrap-icons.css" rel="stylesheet">\n    <!-- Google Fonts -->\n    <link href="https://fonts.googleapis.com/css2?family=Orbitron:wght@400;600;800&family=Rajdhani:wght@300;400;500;600&display=swap" rel="stylesheet">\n\n    <style>\n        /* \xe2\x94\x80\xe2\x94\x80 Design Tokens \xe2\x94\x80\xe2\x94\x80\xe2\x94\x80\xe2\x94\x80\xe2\x94\x80\xe2\x94\x80\xe2\x94\x80\xe2\x94\x80\xe2\x94\x80\xe2\x94\x80\xe2\x94\x80\xe2\x94\x80\xe2\x94\x80\xe2\x94\x80\xe2\x94\x80\xe2\x94\x80\xe2\x94\x80\xe2\x94\x80\xe2\x94\x80\xe2\x94\x80\xe2\x94\x80\xe2\x94\x80\xe2\x94\x80\xe2\x94\x80\xe2\x94\x80\xe2\x94\x80\xe2\x94\x80\xe2\x94\x80\xe2\x94\x80\xe2\x94\x80\xe2\x94\x80\xe2\x94\x80\xe2\x94\x80\xe2\x94\x80\xe2\x94\x80\xe2\x94\x80\xe2\x94\x80\xe2\x94\x80\xe2\x94\x80\xe2\x94\x80\xe2\x94\x80\xe2\x94\x80\xe2\x94\x80\xe2\x94\x80\xe2\x94\x80\xe2\x94\x80\xe2\x94\x80 */\n        :root {\n            --cq-navy:      #0D1B2A;\n            --cq-navy-mid:  #112233;\n            --cq-navy-light:#1A2E42;\n            --cq-cyan:      #00B4D8;\n            --cq-cyan-glow: #00D4FF;\n            --cq-green:     #00E676;\n            --cq-red:       #FF4D6D;\n            --cq-yellow:    #FFD60A;\n            --cq-text:      #E0EAF4;\n            --cq-text-muted:#7A9BB5;\n            --cq-border:    rgba(0, 180, 216, 0.2);\n            --cq-shadow:    0 4px 24px rgba(0, 180, 216, 0.12);\n            --cq-radius:    12px;\n            --font-heading: \'Orbitron\', monospace;\n            --font-body:    \'Rajdhani\', sans-serif;\n        }\n\n        *, *::before, *::after { box-sizing: border-box; }\n        html { scroll-behavior: smooth; }\n\n        body {\n            background-color: var(--cq-navy);\n            color: var(--cq-text);\n            font-family: var(--font-body);\n            font-size: 1.05rem;\n            min-height: 100vh;\n            display: flex;\n            flex-direction: column;\n        }\n\n        h1,h2,h3,h4,h5,h6 { font-family: var(--font-heading); }\n        main { flex: 1; }\n\n        /* \xe2\x94\x80\xe2\x94\x80 Navbar \xe2\x94\x80\xe2\x94\x80\xe2\x94\x80\xe2\x94\x80\xe2\x94\x80\xe2\x94\x80\xe2\x94\x80\xe2\x94\x80\xe2\x94\x80\xe2\x94\x80\xe2\x94\x80\xe2\x94\x80\xe2\x94\x80\xe2\x94\x80\xe2\x94\x80\xe2\x94\x80\xe2\x94\x80\xe2\x94\x80\xe2\x94\x80\xe2\x94\x80\xe2\x94\x80\xe2\x94\x80\xe2\x94\x80\xe2\x94\x80\xe2\x94\x80\xe2\x94\x80\xe2\x94\x80\xe2\x94\x80\xe2\x94\x80\xe2\x94\x80\xe2\x94\x80\xe2\x94\x80\xe2\x94\x80\xe2\x94\x80\xe2\x94\x80\xe2\x94\x80\xe2\x94\x80\xe2\x94\x80\xe2\x94\x80\xe2\x94\x80\xe2\x94\x80\xe2\x94\x80\xe2\x94\x80\xe2\x94\x80\xe2\x94\x80\xe2\x94\x80\xe2\x94\x80\xe2\x94\x80\xe2\x94\x80\xe2\x94\x80\xe2\x94\x80\xe2\x94\x80\xe2\x94\x80\xe2\x94\x80 */\n        .navbar-cyberquest {\n            background: rgba(13,27,42,0.97);\n            border-bottom: 1px solid var(--cq-border);\n            backdrop-filter: blur(10px);\n            padding: 0.75rem 0;\n            position: sticky; top: 0; z-index: 1000;\n        }\n        .navbar-brand-cq {\n            font-family: var(--font-heading); font-weight: 800;\n            font-size: 1.35rem; color: var(--cq-cyan) !important;\n            text-decoration: none; letter-spacing: 2px;\n            display: flex; align-items: center; gap: 0.5rem;\n        }\n        .navbar-brand-cq .brand-icon {\n            color: var(--cq-cyan-glow); font-size: 1.5rem;\n            filter: drop-shadow(0 0 6px var(--cq-cyan));\n        }\n        .navbar-brand-cq:hover { color: var(--cq-cyan-glow) !important; }\n        .nav-link-cq {\n            color: var(--cq-text-muted) !important;\n            font-family: var(--font-body); font-weight: 500;\n            font-size: 0.95rem; letter-spacing: 0.5px;\n            padding: 0.5rem 0.85rem !important;\n            border-radius: 6px;\n            transition: color 0.2s, background 0.2s;\n        }\n        .nav-link-cq:hover, .nav-link-cq.active {\n            color: var(--cq-cyan) !important;\n            background: rgba(0,180,216,0.08);\n        }\n        .btn-nav-login {\n            border: 1px solid var(--cq-cyan); color: var(--cq-cyan);\n            background: transparent; border-radius: 6px;\n            padding: 0.4rem 1rem; font-weight: 600; font-size: 0.9rem;\n            transition: all 0.2s;\n        }\n        .btn-nav-login:hover {\n            background: rgba(0,180,216,0.15); color: var(--cq-cyan-glow);\n        }\n        .btn-nav-register {\n            background: var(--cq-cyan); color: var(--cq-navy);\n            border: none; border-radius: 6px;\n            padding: 0.4rem 1rem; font-weight: 700; font-size: 0.9rem;\n            transition: all 0.2s;\n        }\n        .btn-nav-register:hover {\n            background: var(--cq-cyan-glow);\n            box-shadow: 0 4px 12px rgba(0,180,216,0.35);\n        }\n        .navbar-username { color: var(--cq-text-muted); font-size: 0.85rem; }\n        .navbar-username strong { color: var(--cq-cyan); }\n        .navbar-toggler { border-color: var(--cq-border); }\n        .navbar-toggler-icon { filter: invert(60%) sepia(80%) saturate(400%) hue-rotate(165deg); }\n\n        /* \xe2\x94\x80\xe2\x94\x80 Flash Messages \xe2\x94\x80\xe2\x94\x80\xe2\x94\x80\xe2\x94\x80\xe2\x94\x80\xe2\x94\x80\xe2\x94\x80\xe2\x94\x80\xe2\x94\x80\xe2\x94\x80\xe2\x94\x80\xe2\x94\x80\xe2\x94\x80\xe2\x94\x80\xe2\x94\x80\xe2\x94\x80\xe2\x94\x80\xe2\x94\x80\xe2\x94\x80\xe2\x94\x80\xe2\x94\x80\xe2\x94\x80\xe2\x94\x80\xe2\x94\x80\xe2\x94\x80\xe2\x94\x80\xe2\x94\x80\xe2\x94\x80\xe2\x94\x80\xe2\x94\x80\xe2\x94\x80\xe2\x94\x80\xe2\x94\x80\xe2\x94\x80\xe2\x94\x80\xe2\x94\x80\xe2\x94\x80\xe2\x94\x80\xe2\x94\x80\xe2\x94\x80\xe2\x94\x80\xe2\x94\x80\xe2\x94\x80\xe2\x94\x80\xe2\x94\x80\xe2\x94\x80 */\n        .flash-container { padding: 0.5rem 0; }\n        .alert-cq {\n            border-left: 4px solid; border-radius: 0 var(--cq-radius) var(--cq-radius) 0;\n            background: var(--cq-navy-mid); color: var(--cq-text);\n            border-top: none; border-right: none; border-bottom: none;\n            font-weight: 500;\n        }\n        .alert-cq.alert-success { border-color: var(--cq-green); }\n        .alert-cq.alert-danger  { border-color: var(--cq-red); }\n        .alert-cq.alert-info    { border-color: var(--cq-cyan); }\n        .alert-cq.alert-warning { border-color: var(--cq-yellow); }\n\n        /* \xe2\x94\x80\xe2\x94\x80 Dark Cards \xe2\x94\x80\xe2\x94\x80\xe2\x94\x80\xe2\x94\x80\xe2\x94\x80\xe2\x94\x80\xe2\x94\x80\xe2\x94\x80\xe2\x94\x80\xe2\x94\x80\xe2\x94\x80\xe2\x94\x80\xe2\x94\x80\xe2\x94\x80\xe2\x94\x80\xe2\x94\x80\xe2\x94\x80\xe2\x94\x80\xe2\x94\x80\xe2\x94\x80\xe2\x94\x80\xe2\x94\x80\xe2\x94\x80\xe2\x94\x80\xe2\x94\x80\xe2\x94\x80\xe2\x94\x80\xe2\x94\x80\xe2\x94\x80\xe2\x94\x80\xe2\x94\x80\xe2\x94\x80\xe2\x94\x80\xe2\x94\x80\xe2\x94\x80\xe2\x94\x80\xe2\x94\x80\xe2\x94\x80\xe2\x94\x80\xe2\x94\x80\xe2\x94\x80\xe2\x94\x80\xe2\x94\x80\xe2\x94\x80\xe2\x94\x80\xe2\x94\x80\xe2\x94\x80\xe2\x94\x80\xe2\x94\x80\xe2\x94\x80 */\n        .card-cq {\n            background: var(--cq-navy-mid);\n            border: 1px solid var(--cq-border);\n            border-radius: var(--cq-radius);\n            color: var(--cq-text);\n            box-shadow: var(--cq-shadow);\n        }\n        .card-cq .card-header {\n            background: var(--cq-navy-light);\n            border-bottom: 1px solid var(--cq-border);\n            color: var(--cq-text);\n            border-radius: var(--cq-radius) var(--cq-radius) 0 0;\n        }\n\n        /* \xe2\x94\x80\xe2\x94\x80 Dark Tables \xe2\x94\x80\xe2\x94\x80\xe2\x94\x80\xe2\x94\x80\xe2\x94\x80\xe2\x94\x80\xe2\x94\x80\xe2\x94\x80\xe2\x94\x80\xe2\x94\x80\xe2\x94\x80\xe2\x94\x80\xe2\x94\x80\xe2\x94\x80\xe2\x94\x80\xe2\x94\x80\xe2\x94\x80\xe2\x94\x80\xe2\x94\x80\xe2\x94\x80\xe2\x94\x80\xe2\x94\x80\xe2\x94\x80\xe2\x94\x80\xe2\x94\x80\xe2\x94\x80\xe2\x94\x80\xe2\x94\x80\xe2\x94\x80\xe2\x94\x80\xe2\x94\x80\xe2\x94\x80\xe2\x94\x80\xe2\x94\x80\xe2\x94\x80\xe2\x94\x80\xe2\x94\x80\xe2\x94\x80\xe2\x94\x80\xe2\x94\x80\xe2\x94\x80\xe2\x94\x80\xe2\x94\x80\xe2\x94\x80\xe2\x94\x80\xe2\x94\x80\xe2\x94\x80\xe2\x94\x80\xe2\x94\x80 */\n        .table-cq { color: var(--cq-text); }\n        .table-cq thead th {\n            background: var(--cq-navy-light);\n            color: var(--cq-cyan);\n            border-color: var(--cq-border);\n            font-family: var(--font-heading);\n            font-size: 0.8rem;\n            letter-spacing: 1px;\n        }\n        .table-cq tbody tr {\n            border-color: var(--cq-border);\n        }\n        .table-cq tbody tr:hover {\n            background: rgba(0,180,216,0.05);\n        }\n        .table-cq td, .table-cq th {\n            border-color: var(--cq-border);\n            vertical-align: middle;\n        }\n\n        /* \xe2\x94\x80\xe2\x94\x80 Dark Forms \xe2\x94\x80\xe2\x94\x80\xe2\x94\x80\xe2\x94\x80\xe2\x94\x80\xe2\x94\x80\xe2\x94\x80\xe2\x94\x80\xe2\x94\x80\xe2\x94\x80\xe2\x94\x80\xe2\x94\x80\xe2\x94\x80\xe2\x94\x80\xe2\x94\x80\xe2\x94\x80\xe2\x94\x80\xe2\x94\x80\xe2\x94\x80\xe2\x94\x80\xe2\x94\x80\xe2\x94\x80\xe2\x94\x80\xe2\x94\x80\xe2\x94\x80\xe2\x94\x80\xe2\x94\x80\xe2\x94\x80\xe2\x94\x80\xe2\x94\x80\xe2\x94\x80\xe2\x94\x80\xe2\x94\x80\xe2\x94\x80\xe2\x94\x80\xe2\x94\x80\xe2\x94\x80\xe2\x94\x80\xe2\x94\x80\xe2\x94\x80\xe2\x94\x80\xe2\x94\x80\xe2\x94\x80\xe2\x94\x80\xe2\x94\x80\xe2\x94\x80\xe2\x94\x80\xe2\x94\x80\xe2\x94\x80\xe2\x94\x80 */\n        .form-control-cq, .form-select-cq {\n            background: var(--cq-navy-light);\n            border: 1px solid var(--cq-border);\n            color: var(--cq-text);\n            border-radius: 8px;\n        }\n        .form-control-cq:focus, .form-select-cq:focus {\n            background: var(--cq-navy-light);\n            border-color: var(--cq-cyan);\n            color: var(--cq-text);\n            box-shadow: 0 0 0 3px rgba(0,180,216,0.2);\n        }\n        .form-control-cq::placeholder { color: var(--cq-text-muted); }\n\n        /* \xe2\x94\x80\xe2\x94\x80 CyberQuest Buttons \xe2\x94\x80\xe2\x94\x80\xe2\x94\x80\xe2\x94\x80\xe2\x94\x80\xe2\x94\x80\xe2\x94\x80\xe2\x94\x80\xe2\x94\x80\xe2\x94\x80\xe2\x94\x80\xe2\x94\x80\xe2\x94\x80\xe2\x94\x80\xe2\x94\x80\xe2\x94\x80\xe2\x94\x80\xe2\x94\x80\xe2\x94\x80\xe2\x94\x80\xe2\x94\x80\xe2\x94\x80\xe2\x94\x80\xe2\x94\x80\xe2\x94\x80\xe2\x94\x80\xe2\x94\x80\xe2\x94\x80\xe2\x94\x80\xe2\x94\x80\xe2\x94\x80\xe2\x94\x80\xe2\x94\x80\xe2\x94\x80\xe2\x94\x80\xe2\x94\x80\xe2\x94\x80\xe2\x94\x80\xe2\x94\x80\xe2\x94\x80\xe2\x94\x80\xe2\x94\x80 */\n        .btn-cq-primary {\n            background: var(--cq-cyan); color: var(--cq-navy);\n            border: none; font-weight: 700; border-radius: 8px;\n            font-family: var(--font-body); letter-spacing: 0.5px;\n            transition: all 0.2s;\n        }\n        .btn-cq-primary:hover {\n            background: var(--cq-cyan-glow);\n            box-shadow: 0 4px 16px rgba(0,180,216,0.4);\n        }\n        .btn-cq-outline {\n            border: 1px solid var(--cq-cyan); color: var(--cq-cyan);\n            background: transparent; border-radius: 8px;\n            font-weight: 600; transition: all 0.2s;\n        }\n        .btn-cq-outline:hover {\n            background: rgba(0,180,216,0.12); color: var(--cq-cyan-glow);\n        }\n        .btn-cq-danger {\n            border: 1px solid var(--cq-red); color: var(--cq-red);\n            background: transparent; border-radius: 8px;\n            font-weight: 600; transition: all 0.2s;\n        }\n        .btn-cq-danger:hover { background: rgba(255,77,109,0.12); }\n\n        /* \xe2\x94\x80\xe2\x94\x80 Badges / Pills \xe2\x94\x80\xe2\x94\x80\xe2\x94\x80\xe2\x94\x80\xe2\x94\x80\xe2\x94\x80\xe2\x94\x80\xe2\x94\x80\xe2\x94\x80\xe2\x94\x80\xe2\x94\x80\xe2\x94\x80\xe2\x94\x80\xe2\x94\x80\xe2\x94\x80\xe2\x94\x80\xe2\x94\x80\xe2\x94\x80\xe2\x94\x80\xe2\x94\x80\xe2\x94\x80\xe2\x94\x80\xe2\x94\x80\xe2\x94\x80\xe2\x94\x80\xe2\x94\x80\xe2\x94\x80\xe2\x94\x80\xe2\x94\x80\xe2\x94\x80\xe2\x94\x80\xe2\x94\x80\xe2\x94\x80\xe2\x94\x80\xe2\x94\x80\xe2\x94\x80\xe2\x94\x80\xe2\x94\x80\xe2\x94\x80\xe2\x94\x80\xe2\x94\x80\xe2\x94\x80\xe2\x94\x80\xe2\x94\x80\xe2\x94\x80\xe2\x94\x80 */\n        .badge-cq-cyan {\n            background: rgba(0,180,216,0.15);\n            color: var(--cq-cyan);\n            border: 1px solid var(--cq-border);\n            border-radius: 20px; padding: 0.3rem 0.8rem;\n            font-size: 0.8rem; font-weight: 600;\n        }\n        .badge-cq-gold {\n            background: rgba(255,214,10,0.15);\n            color: var(--cq-yellow);\n            border: 1px solid rgba(255,214,10,0.3);\n            border-radius: 20px; padding: 0.3rem 0.8rem;\n            font-size: 0.8rem; font-weight: 600;\n        }\n\n        /* \xe2\x94\x80\xe2\x94\x80 Progress bars \xe2\x94\x80\xe2\x94\x80\xe2\x94\x80\xe2\x94\x80\xe2\x94\x80\xe2\x94\x80\xe2\x94\x80\xe2\x94\x80\xe2\x94\x80\xe2\x94\x80\xe2\x94\x80\xe2\x94\x80\xe2\x94\x80\xe2\x94\x80\xe2\x94\x80\xe2\x94\x80\xe2\x94\x80\xe2\x94\x80\xe2\x94\x80\xe2\x94\x80\xe2\x94\x80\xe2\x94\x80\xe2\x94\x80\xe2\x94\x80\xe2\x94\x80\xe2\x94\x80\xe2\x94\x80\xe2\x94\x80\xe2\x94\x80\xe2\x94\x80\xe2\x94\x80\xe2\x94\x80\xe2\x94\x80\xe2\x94\x80\xe2\x94\x80\xe2\x94\x80\xe2\x94\x80\xe2\x94\x80\xe2\x94\x80\xe2\x94\x80\xe2\x94\x80\xe2\x94\x80\xe2\x94\x80\xe2\x94\x80\xe2\x94\x80\xe2\x94\x80\xe2\x94\x80 */\n        .progress-cq {\n            background: var(--cq-navy-light);\n            border-radius: 10px; height: 8px;\n        }\n        .progress-cq .progress-bar {\n            background: linear-gradient(90deg, var(--cq-cyan), var(--cq-green));\n            border-radius: 10px;\n        }\n\n        /* \xe2\x94\x80\xe2\x94\x80 Stat Cards \xe2\x94\x80\xe2\x94\x80\xe2\x94\x80\xe2\x94\x80\xe2\x94\x80\xe2\x94\x80\xe2\x94\x80\xe2\x94\x80\xe2\x94\x80\xe2\x94\x80\xe2\x94\x80\xe2\x94\x80\xe2\x94\x80\xe2\x94\x80\xe2\x94\x80\xe2\x94\x80\xe2\x94\x80\xe2\x94\x80\xe2\x94\x80\xe2\x94\x80\xe2\x94\x80\xe2\x94\x80\xe2\x94\x80\xe2\x94\x80\xe2\x94\x80\xe2\x94\x80\xe2\x94\x80\xe2\x94\x80\xe2\x94\x80\xe2\x94\x80\xe2\x94\x80\xe2\x94\x80\xe2\x94\x80\xe2\x94\x80\xe2\x94\x80\xe2\x94\x80\xe2\x94\x80\xe2\x94\x80\xe2\x94\x80\xe2\x94\x80\xe2\x94\x80\xe2\x94\x80\xe2\x94\x80\xe2\x94\x80\xe2\x94\x80\xe2\x94\x80\xe2\x94\x80\xe2\x94\x80\xe2\x94\x80\xe2\x94\x80 */\n        .stat-card {\n            background: var(--cq-navy-mid);\n            border: 1px solid var(--cq-border);\n            border-radius: var(--cq-radius);\n            padding: 1.5rem 1rem;\n            text-align: center;\n            transition: border-color 0.2s, transform 0.2s;\n        }\n        .stat-card:hover {\n            border-color: var(--cq-cyan);\n            transform: translateY(-2px);\n        }\n        .stat-card .stat-number {\n            font-family: var(--font-heading); font-size: 2rem;\n            font-weight: 800;\n        }\n        .stat-card .stat-label { color: var(--cq-text-muted); font-size: 0.85rem; }\n\n        /* \xe2\x94\x80\xe2\x94\x80 Footer \xe2\x94\x80\xe2\x94\x80\xe2\x94\x80\xe2\x94\x80\xe2\x94\x80\xe2\x94\x80\xe2\x94\x80\xe2\x94\x80\xe2\x94\x80\xe2\x94\x80\xe2\x94\x80\xe2\x94\x80\xe2\x94\x80\xe2\x94\x80\xe2\x94\x80\xe2\x94\x80\xe2\x94\x80\xe2\x94\x80\xe2\x94\x80\xe2\x94\x80\xe2\x94\x80\xe2\x94\x80\xe2\x94\x80\xe2\x94\x80\xe2\x94\x80\xe2\x94\x80\xe2\x94\x80\xe2\x94\x80\xe2\x94\x80\xe2\x94\x80\xe2\x94\x80\xe2\x94\x80\xe2\x94\x80\xe2\x94\x80\xe2\x94\x80\xe2\x94\x80\xe2\x94\x80\xe2\x94\x80\xe2\x94\x80\xe2\x94\x80\xe2\x94\x80\xe2\x94\x80\xe2\x94\x80\xe2\x94\x80\xe2\x94\x80\xe2\x94\x80\xe2\x94\x80\xe2\x94\x80\xe2\x94\x80\xe2\x94\x80\xe2\x94\x80\xe2\x94\x80\xe2\x94\x80\xe2\x94\x80 */\n        .footer-cq {\n            background: var(--cq-navy-mid);\n            border-top: 1px solid var(--cq-border);\n            padding: 1.5rem 0;\n            margin-top: auto;\n        }\n        .footer-brand {\n            font-family: var(--font-heading); font-weight: 800;\n            color: var(--cq-cyan); font-size: 1rem; letter-spacing: 2px;\n        }\n        .footer-text { color: var(--cq-text-muted); font-size: 0.85rem; }\n        .footer-team { color: var(--cq-cyan); font-size: 0.85rem; font-weight: 600; }\n\n        /* \xe2\x94\x80\xe2\x94\x80 Scrollbar \xe2\x94\x80\xe2\x94\x80\xe2\x94\x80\xe2\x94\x80\xe2\x94\x80\xe2\x94\x80\xe2\x94\x80\xe2\x94\x80\xe2\x94\x80\xe2\x94\x80\xe2\x94\x80\xe2\x94\x80\xe2\x94\x80\xe2\x94\x80\xe2\x94\x80\xe2\x94\x80\xe2\x94\x80\xe2\x94\x80\xe2\x94\x80\xe2\x94\x80\xe2\x94\x80\xe2\x94\x80\xe2\x94\x80\xe2\x94\x80\xe2\x94\x80\xe2\x94\x80\xe2\x94\x80\xe2\x94\x80\xe2\x94\x80\xe2\x94\x80\xe2\x94\x80\xe2\x94\x80\xe2\x94\x80\xe2\x94\x80\xe2\x94\x80\xe2\x94\x80\xe2\x94\x80\xe2\x94\x80\xe2\x94\x80\xe2\x94\x80\xe2\x94\x80\xe2\x94\x80\xe2\x94\x80\xe2\x94\x80\xe2\x94\x80\xe2\x94\x80\xe2\x94\x80\xe2\x94\x80\xe2\x94\x80\xe2\x94\x80\xe2\x94\x80 */\n        ::-webkit-scrollbar { width: 6px; }\n        ::-webkit-scrollbar-track { background: var(--cq-navy); }\n        ::-webkit-scrollbar-thumb { background: var(--cq-navy-light); border-radius: 3px; }\n        ::-webkit-scrollbar-thumb:hover { background: var(--cq-cyan); }\n    </style>\n\n    \n</head>\n\n<body>\n\n<!-- \xe2\x94\x80\xe2\x94\x80 Navbar \xe2\x94\x80\xe2\x94\x80\xe2\x94\x80\xe2\x94\x80\xe2\x94\x80\xe2\x94\x80\xe2\x94\x80\xe2\x94\x80\xe2\x94\x80\xe2\x94\x80\xe2\x94\x80\xe2\x94\x80\xe2\x94\x80\xe2\x94\x80\xe2\x94\x80\xe2\x94\x80\xe2\x94\x80\xe2\x94\x80\xe2\x94\x80\xe2\x94\x80\xe2\x94\x80\xe2\x94\x80\xe2\x94\x80\xe2\x94\x80\xe2\x94\x80\xe2\x94\x80\xe2\x94\x80\xe2\x94\x80\xe2\x94\x80\xe2\x94\x80\xe2\x94\x80\xe2\x94\x80\xe2\x94\x80\xe2\x94\x80\xe2\x94\x80\xe2\x94\x80\xe2\x94\x80\xe2\x94\x80\xe2\x94\x80\xe2\x94\x80\xe2\x94\x80\xe2\x94\x80\xe2\x94\x80\xe2\x94\x80\xe2\x94\x80\xe2\x94\x80\xe2\x94\x80\xe2\x94\x80\xe2\x94\x80\xe2\x94\x80\xe2\x94\x80\xe2\x94\x80\xe2\x94\x80\xe2\x94\x80\xe2\x94\x80\xe2\x94\x80\xe2\x94\x80\xe2\x94\x80\xe2\x94\x80\xe2\x94\x80\xe2\x94\x80 -->\n<nav class="navbar navbar-expand-lg navbar-cyberquest">\n    <div class="container">\n        <!-- Fixed: use auth.login instead of non-existent \'home\' route -->\n        <a class="navbar-brand-cq"\n           href="/challenges">\n            <i class="bi bi-shield-fill-check brand-icon"></i>\n            CYBER<span style="color:#fff;">QUEST</span>\n        </a>\n\n        <button class="navbar-toggler" type="button"\n                data-bs-toggle="collapse" data-bs-target="#navbarMain">\n            <span class="navbar-toggler-icon"></span>\n        </button>\n\n        <div class="collapse navbar-collapse" id="navbarMain">\n            \n            <ul class="navbar-nav me-auto mb-2 mb-lg-0">\n                \n                <li class="nav-item">\n                    <a class="nav-link nav-link-cq" href="/challenges">\n                        <i class="bi bi-controller me-1"></i> Challenges\n                    </a>\n                </li>\n                <li class="nav-item">\n                    <a class="nav-link nav-link-cq" href="/progress">\n                        <i class="bi bi-bar-chart-fill me-1"></i> My Progress\n                    </a>\n                </li>\n                <li class="nav-item">\n                    <a class="nav-link nav-link-cq" href="/result">\n                        <i class="bi bi-trophy me-1"></i> Results\n                    </a>\n                </li>\n                \n            </ul>\n            \n\n            <div class="d-flex align-items-center gap-2">\n                \n                    <span class="navbar-username d-none d-md-inline">\n                        <i class="bi bi-person-circle me-1"></i>\n                        <strong>newstudent_test</strong>\n                        <span class="badge ms-1"\n                              style="background:rgba(0,180,216,0.15);\n                                     color:var(--cq-cyan); font-size:0.7rem;">\n                            Student\n                        </span>\n                    </span>\n                    \n                    <a href="/2fa/setup"\n                       class="btn-nav-login btn"\n                       title="2FA Settings">\n                        <i class="bi bi-shield-lock"></i>\n                    </a>\n                    \n                    <a href="/logout" class="btn-nav-login btn">\n                        <i class="bi bi-box-arrow-right me-1"></i> Logout\n                    </a>\n                \n            </div>\n        </div>\n    </div>\n</nav>\n\n<!-- \xe2\x94\x80\xe2\x94\x80 Flash Messages (handled once here, not in child templates) \xe2\x94\x80\xe2\x94\x80\xe2\x94\x80\xe2\x94\x80\xe2\x94\x80\xe2\x94\x80\xe2\x94\x80\xe2\x94\x80\xe2\x94\x80\xe2\x94\x80 -->\n<div class="flash-container">\n    <div class="container">\n        \n            \n        \n    </div>\n</div>\n\n<!-- \xe2\x94\x80\xe2\x94\x80 Main Content \xe2\x94\x80\xe2\x94\x80\xe2\x94\x80\xe2\x94\x80\xe2\x94\x80\xe2\x94\x80\xe2\x94\x80\xe2\x94\x80\xe2\x94\x80\xe2\x94\x80\xe2\x94\x80\xe2\x94\x80\xe2\x94\x80\xe2\x94\x80\xe2\x94\x80\xe2\x94\x80\xe2\x94\x80\xe2\x94\x80\xe2\x94\x80\xe2\x94\x80\xe2\x94\x80\xe2\x94\x80\xe2\x94\x80\xe2\x94\x80\xe2\x94\x80\xe2\x94\x80\xe2\x94\x80\xe2\x94\x80\xe2\x94\x80\xe2\x94\x80\xe2\x94\x80\xe2\x94\x80\xe2\x94\x80\xe2\x94\x80\xe2\x94\x80\xe2\x94\x80\xe2\x94\x80\xe2\x94\x80\xe2\x94\x80\xe2\x94\x80\xe2\x94\x80\xe2\x94\x80\xe2\x94\x80\xe2\x94\x80\xe2\x94\x80\xe2\x94\x80\xe2\x94\x80\xe2\x94\x80\xe2\x94\x80\xe2\x94\x80\xe2\x94\x80\xe2\x94\x80\xe2\x94\x80\xe2\x94\x80\xe2\x94\x80\xe2\x94\x80 -->\n<main>\n    \n<div class="container py-4">\n\n  <div class="d-flex justify-content-between align-items-center mb-4">\n    <div>\n      <h2 class="mb-0" style="color:var(--cq-cyan);">\xf0\x9f\x9b\xa1\xef\xb8\x8f Challenge Categories</h2>\n      <p style="color:var(--cq-text-muted);" class="mb-0">Choose a category to start earning points</p>\n    </div>\n    <div class="text-end">\n      <span class="badge-cq-gold fs-6 px-3 py-2">\xe2\xad\x90 0 pts</span>\n      <a href="/progress" class="btn btn-cq-outline ms-2">\xf0\x9f\x93\x8a My Progress</a>\n    </div>\n  </div>\n\n  <!-- Category Cards -->\n  <div class="row g-4 mb-5">\n    \n    <div class="col-md-4">\n      <div class="card-cq h-100 p-4 text-center" style="transition:border-color 0.2s,transform 0.2s;"\n           onmouseover="this.style.borderColor=\'var(--cq-cyan)\';this.style.transform=\'translateY(-4px)\'"\n           onmouseout="this.style.borderColor=\'var(--cq-border)\';this.style.transform=\'none\'">\n        <div style="font-size:3.5rem;" class="mb-3">\xf0\x9f\x8e\xa3</div>\n        <h4 style="color:var(--cq-cyan);">Phishing Awareness</h4>\n        <p style="color:var(--cq-text-muted);" class="small mb-3">Learn to spot phishing emails and social engineering attacks.</p>\n\n        <div class="mb-3">\n          <div class="d-flex justify-content-between small mb-1"\n               style="color:var(--cq-text-muted);">\n            <span>Progress</span>\n            <span>0/5</span>\n          </div>\n          <div class="progress-cq">\n            <div class="progress-bar" role="progressbar"\n                 style="width:0%">\n            </div>\n          </div>\n        </div>\n\n        <a href="/challenge/phishing"\n           class="btn btn-cq-primary w-100 fw-bold">\n          \xf0\x9f\x9a\x80 Start\n        </a>\n      </div>\n    </div>\n    \n    <div class="col-md-4">\n      <div class="card-cq h-100 p-4 text-center" style="transition:border-color 0.2s,transform 0.2s;"\n           onmouseover="this.style.borderColor=\'var(--cq-cyan)\';this.style.transform=\'translateY(-4px)\'"\n           onmouseout="this.style.borderColor=\'var(--cq-border)\';this.style.transform=\'none\'">\n        <div style="font-size:3.5rem;" class="mb-3">\xf0\x9f\x94\x90</div>\n        <h4 style="color:var(--cq-cyan);">Password Security</h4>\n        <p style="color:var(--cq-text-muted);" class="small mb-3">Master the art of strong passwords and authentication.</p>\n\n        <div class="mb-3">\n          <div class="d-flex justify-content-between small mb-1"\n               style="color:var(--cq-text-muted);">\n            <span>Progress</span>\n            <span>0/5</span>\n          </div>\n          <div class="progress-cq">\n            <div class="progress-bar" role="progressbar"\n                 style="width:0%">\n            </div>\n          </div>\n        </div>\n\n        <a href="/challenge/password"\n           class="btn btn-cq-primary w-100 fw-bold">\n          \xf0\x9f\x9a\x80 Start\n        </a>\n      </div>\n    </div>\n    \n    <div class="col-md-4">\n      <div class="card-cq h-100 p-4 text-center" style="transition:border-color 0.2s,transform 0.2s;"\n           onmouseover="this.style.borderColor=\'var(--cq-cyan)\';this.style.transform=\'translateY(-4px)\'"\n           onmouseout="this.style.borderColor=\'var(--cq-border)\';this.style.transform=\'none\'">\n        <div style="font-size:3.5rem;" class="mb-3">\xf0\x9f\x8c\x90</div>\n        <h4 style="color:var(--cq-cyan);">Safe Browsing</h4>\n        <p style="color:var(--cq-text-muted);" class="small mb-3">Stay safe online \xe2\x80\x94 VPNs, HTTPS, and browser threats.</p>\n\n        <div class="mb-3">\n          <div class="d-flex justify-content-between small mb-1"\n               style="color:var(--cq-text-muted);">\n            <span>Progress</span>\n            <span>0/5</span>\n          </div>\n          <div class="progress-cq">\n            <div class="progress-bar" role="progressbar"\n                 style="width:0%">\n            </div>\n          </div>\n        </div>\n\n        <a href="/challenge/browsing"\n           class="btn btn-cq-primary w-100 fw-bold">\n          \xf0\x9f\x9a\x80 Start\n        </a>\n      </div>\n    </div>\n    \n  </div>\n\n  <!-- Badges -->\n  \n\n</div>\n\n</main>\n\n<!-- \xe2\x94\x80\xe2\x94\x80 Footer \xe2\x94\x80\xe2\x94\x80\xe2\x94\x80\xe2\x94\x80\xe2\x94\x80\xe2\x94\x80\xe2\x94\x80\xe2\x94\x80\xe2\x94\x80\xe2\x94\x80\xe2\x94\x80\xe2\x94\x80\xe2\x94\x80\xe2\x94\x80\xe2\x94\x80\xe2\x94\x80\xe2\x94\x80\xe2\x94\x80\xe2\x94\x80\xe2\x94\x80\xe2\x94\x80\xe2\x94\x80\xe2\x94\x80\xe2\x94\x80\xe2\x94\x80\xe2\x94\x80\xe2\x94\x80\xe2\x94\x80\xe2\x94\x80\xe2\x94\x80\xe2\x94\x80\xe2\x94\x80\xe2\x94\x80\xe2\x94\x80\xe2\x94\x80\xe2\x94\x80\xe2\x94\x80\xe2\x94\x80\xe2\x94\x80\xe2\x94\x80\xe2\x94\x80\xe2\x94\x80\xe2\x94\x80\xe2\x94\x80\xe2\x94\x80\xe2\x94\x80\xe2\x94\x80\xe2\x94\x80\xe2\x94\x80\xe2\x94\x80\xe2\x94\x80\xe2\x94\x80\xe2\x94\x80\xe2\x94\x80\xe2\x94\x80\xe2\x94\x80\xe2\x94\x80\xe2\x94\x80\xe2\x94\x80\xe2\x94\x80\xe2\x94\x80 -->\n<footer class="footer-cq">\n    <div class="container">\n        <div class="row align-items-center">\n            <div class="col-md-3 mb-2 mb-md-0">\n                <div class="footer-brand"><i class="bi bi-shield-fill-check me-2"></i>CYBERQUEST</div>\n                <div class="footer-text">Cybersecurity Awareness Game</div>\n            </div>\n            <div class="col-md-5 mb-2 mb-md-0">\n                <div class="footer-text">\n                    <i class="bi bi-mortarboard-fill me-1"></i>\n                    ICT932 \xe2\x80\x94 Cybersecurity Testing and Assurance<br>\n                    Crown Institute of Higher Education (CIHE) \xc2\xa9 2026\n                </div>\n            </div>\n            <div class="col-md-4 text-md-end">\n                <div class="footer-team">\n                    Prashan Manandhar | Raju Kshetri | Pramesh Silwal | Susanta Dhakal\n                </div>\n            </div>\n        </div>\n    </div>\n</footer>\n\n<script src="https://cdn.jsdelivr.net/npm/bootstrap@5.3.0/dist/js/bootstrap.bundle.min.js"></script>\n\n\n</body>\n</html>' = <WrapperTestResponse 20602 bytes [200 OK]>.data
___________ TestRegistration.test_register_weak_password_no_special ___________
tests\test_auth.py:94: in test_register_weak_password_no_special
    assert b'special' in response.data
E   assert b'special' in b'<!DOCTYPE html>\n<!--\n    base.html \xe2\x80\x94 Shared base template for CyberQuest\n    Authors: Susanta Dhakal (CIHE250321) & Pramesh Silwal (CIHE241339)\n    Fixed: Prashan Manandhar (CIHE241182) \xe2\x80\x94 removed broken url_for(\'home\')\n-->\n<html lang="en">\n<head>\n    <meta charset="UTF-8">\n    <meta name="viewport" content="width=device-width, initial-scale=1.0">\n    <meta name="description" content="CyberQuest \xe2\x80\x94 Cybersecurity Awareness Game for ICT932 CIHE">\n    <title>Challenges \xe2\x80\x94 CyberQuest | ICT932</title>\n\n    <!-- Bootstrap 5 CSS -->\n    <link href="https://cdn.jsdelivr.net/npm/bootstrap@5.3.0/dist/css/bootstrap.min.css" rel="stylesheet">\n    <!-- Bootstrap Icons -->\n    <link href="https://cdn.jsdelivr.net/npm/bootstrap-icons@1.11.0/font/bootstrap-icons.css" rel="stylesheet">\n    <!-- Google Fonts -->\n    <link href="https://fonts.googleapis.com/css2?family=Orbitron:wght@400;600;800&family=Rajdhani:wght@300;400;500;600&display=swap" rel="stylesheet">\n\n    <style>\n        /* \xe2\x94\x80\xe2\x94\x80 Design Tokens \xe2\x94\x80\xe2\x94\x80\xe2\x94\x80\xe2\x94\x80\xe2\x94\x80\xe2\x94\x80\xe2\x94\x80\xe2\x94\x80\xe2\x94\x80\xe2\x94\x80\xe2\x94\x80\xe2\x94\x80\xe2\x94\x80\xe2\x94\x80\xe2\x94\x80\xe2\x94\x80\xe2\x94\x80\xe2\x94\x80\xe2\x94\x80\xe2\x94\x80\xe2\x94\x80\xe2\x94\x80\xe2\x94\x80\xe2\x94\x80\xe2\x94\x80\xe2\x94\x80\xe2\x94\x80\xe2\x94\x80\xe2\x94\x80\xe2\x94\x80\xe2\x94\x80\xe2\x94\x80\xe2\x94\x80\xe2\x94\x80\xe2\x94\x80\xe2\x94\x80\xe2\x94\x80\xe2\x94\x80\xe2\x94\x80\xe2\x94\x80\xe2\x94\x80\xe2\x94\x80\xe2\x94\x80\xe2\x94\x80\xe2\x94\x80\xe2\x94\x80\xe2\x94\x80 */\n        :root {\n            --cq-navy:      #0D1B2A;\n            --cq-navy-mid:  #112233;\n            --cq-navy-light:#1A2E42;\n            --cq-cyan:      #00B4D8;\n            --cq-cyan-glow: #00D4FF;\n            --cq-green:     #00E676;\n            --cq-red:       #FF4D6D;\n            --cq-yellow:    #FFD60A;\n            --cq-text:      #E0EAF4;\n            --cq-text-muted:#7A9BB5;\n            --cq-border:    rgba(0, 180, 216, 0.2);\n            --cq-shadow:    0 4px 24px rgba(0, 180, 216, 0.12);\n            --cq-radius:    12px;\n            --font-heading: \'Orbitron\', monospace;\n            --font-body:    \'Rajdhani\', sans-serif;\n        }\n\n        *, *::before, *::after { box-sizing: border-box; }\n        html { scroll-behavior: smooth; }\n\n        body {\n            background-color: var(--cq-navy);\n            color: var(--cq-text);\n            font-family: var(--font-body);\n            font-size: 1.05rem;\n            min-height: 100vh;\n            display: flex;\n            flex-direction: column;\n        }\n\n        h1,h2,h3,h4,h5,h6 { font-family: var(--font-heading); }\n        main { flex: 1; }\n\n        /* \xe2\x94\x80\xe2\x94\x80 Navbar \xe2\x94\x80\xe2\x94\x80\xe2\x94\x80\xe2\x94\x80\xe2\x94\x80\xe2\x94\x80\xe2\x94\x80\xe2\x94\x80\xe2\x94\x80\xe2\x94\x80\xe2\x94\x80\xe2\x94\x80\xe2\x94\x80\xe2\x94\x80\xe2\x94\x80\xe2\x94\x80\xe2\x94\x80\xe2\x94\x80\xe2\x94\x80\xe2\x94\x80\xe2\x94\x80\xe2\x94\x80\xe2\x94\x80\xe2\x94\x80\xe2\x94\x80\xe2\x94\x80\xe2\x94\x80\xe2\x94\x80\xe2\x94\x80\xe2\x94\x80\xe2\x94\x80\xe2\x94\x80\xe2\x94\x80\xe2\x94\x80\xe2\x94\x80\xe2\x94\x80\xe2\x94\x80\xe2\x94\x80\xe2\x94\x80\xe2\x94\x80\xe2\x94\x80\xe2\x94\x80\xe2\x94\x80\xe2\x94\x80\xe2\x94\x80\xe2\x94\x80\xe2\x94\x80\xe2\x94\x80\xe2\x94\x80\xe2\x94\x80\xe2\x94\x80\xe2\x94\x80\xe2\x94\x80\xe2\x94\x80 */\n        .navbar-cyberquest {\n            background: rgba(13,27,42,0.97);\n            border-bottom: 1px solid var(--cq-border);\n            backdrop-filter: blur(10px);\n            padding: 0.75rem 0;\n            position: sticky; top: 0; z-index: 1000;\n        }\n        .navbar-brand-cq {\n            font-family: var(--font-heading); font-weight: 800;\n            font-size: 1.35rem; color: var(--cq-cyan) !important;\n            text-decoration: none; letter-spacing: 2px;\n            display: flex; align-items: center; gap: 0.5rem;\n        }\n        .navbar-brand-cq .brand-icon {\n            color: var(--cq-cyan-glow); font-size: 1.5rem;\n            filter: drop-shadow(0 0 6px var(--cq-cyan));\n        }\n        .navbar-brand-cq:hover { color: var(--cq-cyan-glow) !important; }\n        .nav-link-cq {\n            color: var(--cq-text-muted) !important;\n            font-family: var(--font-body); font-weight: 500;\n            font-size: 0.95rem; letter-spacing: 0.5px;\n            padding: 0.5rem 0.85rem !important;\n            border-radius: 6px;\n            transition: color 0.2s, background 0.2s;\n        }\n        .nav-link-cq:hover, .nav-link-cq.active {\n            color: var(--cq-cyan) !important;\n            background: rgba(0,180,216,0.08);\n        }\n        .btn-nav-login {\n            border: 1px solid var(--cq-cyan); color: var(--cq-cyan);\n            background: transparent; border-radius: 6px;\n            padding: 0.4rem 1rem; font-weight: 600; font-size: 0.9rem;\n            transition: all 0.2s;\n        }\n        .btn-nav-login:hover {\n            background: rgba(0,180,216,0.15); color: var(--cq-cyan-glow);\n        }\n        .btn-nav-register {\n            background: var(--cq-cyan); color: var(--cq-navy);\n            border: none; border-radius: 6px;\n            padding: 0.4rem 1rem; font-weight: 700; font-size: 0.9rem;\n            transition: all 0.2s;\n        }\n        .btn-nav-register:hover {\n            background: var(--cq-cyan-glow);\n            box-shadow: 0 4px 12px rgba(0,180,216,0.35);\n        }\n        .navbar-username { color: var(--cq-text-muted); font-size: 0.85rem; }\n        .navbar-username strong { color: var(--cq-cyan); }\n        .navbar-toggler { border-color: var(--cq-border); }\n        .navbar-toggler-icon { filter: invert(60%) sepia(80%) saturate(400%) hue-rotate(165deg); }\n\n        /* \xe2\x94\x80\xe2\x94\x80 Flash Messages \xe2\x94\x80\xe2\x94\x80\xe2\x94\x80\xe2\x94\x80\xe2\x94\x80\xe2\x94\x80\xe2\x94\x80\xe2\x94\x80\xe2\x94\x80\xe2\x94\x80\xe2\x94\x80\xe2\x94\x80\xe2\x94\x80\xe2\x94\x80\xe2\x94\x80\xe2\x94\x80\xe2\x94\x80\xe2\x94\x80\xe2\x94\x80\xe2\x94\x80\xe2\x94\x80\xe2\x94\x80\xe2\x94\x80\xe2\x94\x80\xe2\x94\x80\xe2\x94\x80\xe2\x94\x80\xe2\x94\x80\xe2\x94\x80\xe2\x94\x80\xe2\x94\x80\xe2\x94\x80\xe2\x94\x80\xe2\x94\x80\xe2\x94\x80\xe2\x94\x80\xe2\x94\x80\xe2\x94\x80\xe2\x94\x80\xe2\x94\x80\xe2\x94\x80\xe2\x94\x80\xe2\x94\x80\xe2\x94\x80\xe2\x94\x80\xe2\x94\x80 */\n        .flash-container { padding: 0.5rem 0; }\n        .alert-cq {\n            border-left: 4px solid; border-radius: 0 var(--cq-radius) var(--cq-radius) 0;\n            background: var(--cq-navy-mid); color: var(--cq-text);\n            border-top: none; border-right: none; border-bottom: none;\n            font-weight: 500;\n        }\n        .alert-cq.alert-success { border-color: var(--cq-green); }\n        .alert-cq.alert-danger  { border-color: var(--cq-red); }\n        .alert-cq.alert-info    { border-color: var(--cq-cyan); }\n        .alert-cq.alert-warning { border-color: var(--cq-yellow); }\n\n        /* \xe2\x94\x80\xe2\x94\x80 Dark Cards \xe2\x94\x80\xe2\x94\x80\xe2\x94\x80\xe2\x94\x80\xe2\x94\x80\xe2\x94\x80\xe2\x94\x80\xe2\x94\x80\xe2\x94\x80\xe2\x94\x80\xe2\x94\x80\xe2\x94\x80\xe2\x94\x80\xe2\x94\x80\xe2\x94\x80\xe2\x94\x80\xe2\x94\x80\xe2\x94\x80\xe2\x94\x80\xe2\x94\x80\xe2\x94\x80\xe2\x94\x80\xe2\x94\x80\xe2\x94\x80\xe2\x94\x80\xe2\x94\x80\xe2\x94\x80\xe2\x94\x80\xe2\x94\x80\xe2\x94\x80\xe2\x94\x80\xe2\x94\x80\xe2\x94\x80\xe2\x94\x80\xe2\x94\x80\xe2\x94\x80\xe2\x94\x80\xe2\x94\x80\xe2\x94\x80\xe2\x94\x80\xe2\x94\x80\xe2\x94\x80\xe2\x94\x80\xe2\x94\x80\xe2\x94\x80\xe2\x94\x80\xe2\x94\x80\xe2\x94\x80\xe2\x94\x80\xe2\x94\x80 */\n        .card-cq {\n            background: var(--cq-navy-mid);\n            border: 1px solid var(--cq-border);\n            border-radius: var(--cq-radius);\n            color: var(--cq-text);\n            box-shadow: var(--cq-shadow);\n        }\n        .card-cq .card-header {\n            background: var(--cq-navy-light);\n            border-bottom: 1px solid var(--cq-border);\n            color: var(--cq-text);\n            border-radius: var(--cq-radius) var(--cq-radius) 0 0;\n        }\n\n        /* \xe2\x94\x80\xe2\x94\x80 Dark Tables \xe2\x94\x80\xe2\x94\x80\xe2\x94\x80\xe2\x94\x80\xe2\x94\x80\xe2\x94\x80\xe2\x94\x80\xe2\x94\x80\xe2\x94\x80\xe2\x94\x80\xe2\x94\x80\xe2\x94\x80\xe2\x94\x80\xe2\x94\x80\xe2\x94\x80\xe2\x94\x80\xe2\x94\x80\xe2\x94\x80\xe2\x94\x80\xe2\x94\x80\xe2\x94\x80\xe2\x94\x80\xe2\x94\x80\xe2\x94\x80\xe2\x94\x80\xe2\x94\x80\xe2\x94\x80\xe2\x94\x80\xe2\x94\x80\xe2\x94\x80\xe2\x94\x80\xe2\x94\x80\xe2\x94\x80\xe2\x94\x80\xe2\x94\x80\xe2\x94\x80\xe2\x94\x80\xe2\x94\x80\xe2\x94\x80\xe2\x94\x80\xe2\x94\x80\xe2\x94\x80\xe2\x94\x80\xe2\x94\x80\xe2\x94\x80\xe2\x94\x80\xe2\x94\x80\xe2\x94\x80\xe2\x94\x80 */\n        .table-cq { color: var(--cq-text); }\n        .table-cq thead th {\n            background: var(--cq-navy-light);\n            color: var(--cq-cyan);\n            border-color: var(--cq-border);\n            font-family: var(--font-heading);\n            font-size: 0.8rem;\n            letter-spacing: 1px;\n        }\n        .table-cq tbody tr {\n            border-color: var(--cq-border);\n        }\n        .table-cq tbody tr:hover {\n            background: rgba(0,180,216,0.05);\n        }\n        .table-cq td, .table-cq th {\n            border-color: var(--cq-border);\n            vertical-align: middle;\n        }\n\n        /* \xe2\x94\x80\xe2\x94\x80 Dark Forms \xe2\x94\x80\xe2\x94\x80\xe2\x94\x80\xe2\x94\x80\xe2\x94\x80\xe2\x94\x80\xe2\x94\x80\xe2\x94\x80\xe2\x94\x80\xe2\x94\x80\xe2\x94\x80\xe2\x94\x80\xe2\x94\x80\xe2\x94\x80\xe2\x94\x80\xe2\x94\x80\xe2\x94\x80\xe2\x94\x80\xe2\x94\x80\xe2\x94\x80\xe2\x94\x80\xe2\x94\x80\xe2\x94\x80\xe2\x94\x80\xe2\x94\x80\xe2\x94\x80\xe2\x94\x80\xe2\x94\x80\xe2\x94\x80\xe2\x94\x80\xe2\x94\x80\xe2\x94\x80\xe2\x94\x80\xe2\x94\x80\xe2\x94\x80\xe2\x94\x80\xe2\x94\x80\xe2\x94\x80\xe2\x94\x80\xe2\x94\x80\xe2\x94\x80\xe2\x94\x80\xe2\x94\x80\xe2\x94\x80\xe2\x94\x80\xe2\x94\x80\xe2\x94\x80\xe2\x94\x80\xe2\x94\x80\xe2\x94\x80 */\n        .form-control-cq, .form-select-cq {\n            background: var(--cq-navy-light);\n            border: 1px solid var(--cq-border);\n            color: var(--cq-text);\n            border-radius: 8px;\n        }\n        .form-control-cq:focus, .form-select-cq:focus {\n            background: var(--cq-navy-light);\n            border-color: var(--cq-cyan);\n            color: var(--cq-text);\n            box-shadow: 0 0 0 3px rgba(0,180,216,0.2);\n        }\n        .form-control-cq::placeholder { color: var(--cq-text-muted); }\n\n        /* \xe2\x94\x80\xe2\x94\x80 CyberQuest Buttons \xe2\x94\x80\xe2\x94\x80\xe2\x94\x80\xe2\x94\x80\xe2\x94\x80\xe2\x94\x80\xe2\x94\x80\xe2\x94\x80\xe2\x94\x80\xe2\x94\x80\xe2\x94\x80\xe2\x94\x80\xe2\x94\x80\xe2\x94\x80\xe2\x94\x80\xe2\x94\x80\xe2\x94\x80\xe2\x94\x80\xe2\x94\x80\xe2\x94\x80\xe2\x94\x80\xe2\x94\x80\xe2\x94\x80\xe2\x94\x80\xe2\x94\x80\xe2\x94\x80\xe2\x94\x80\xe2\x94\x80\xe2\x94\x80\xe2\x94\x80\xe2\x94\x80\xe2\x94\x80\xe2\x94\x80\xe2\x94\x80\xe2\x94\x80\xe2\x94\x80\xe2\x94\x80\xe2\x94\x80\xe2\x94\x80\xe2\x94\x80\xe2\x94\x80\xe2\x94\x80 */\n        .btn-cq-primary {\n            background: var(--cq-cyan); color: var(--cq-navy);\n            border: none; font-weight: 700; border-radius: 8px;\n            font-family: var(--font-body); letter-spacing: 0.5px;\n            transition: all 0.2s;\n        }\n        .btn-cq-primary:hover {\n            background: var(--cq-cyan-glow);\n            box-shadow: 0 4px 16px rgba(0,180,216,0.4);\n        }\n        .btn-cq-outline {\n            border: 1px solid var(--cq-cyan); color: var(--cq-cyan);\n            background: transparent; border-radius: 8px;\n            font-weight: 600; transition: all 0.2s;\n        }\n        .btn-cq-outline:hover {\n            background: rgba(0,180,216,0.12); color: var(--cq-cyan-glow);\n        }\n        .btn-cq-danger {\n            border: 1px solid var(--cq-red); color: var(--cq-red);\n            background: transparent; border-radius: 8px;\n            font-weight: 600; transition: all 0.2s;\n        }\n        .btn-cq-danger:hover { background: rgba(255,77,109,0.12); }\n\n        /* \xe2\x94\x80\xe2\x94\x80 Badges / Pills \xe2\x94\x80\xe2\x94\x80\xe2\x94\x80\xe2\x94\x80\xe2\x94\x80\xe2\x94\x80\xe2\x94\x80\xe2\x94\x80\xe2\x94\x80\xe2\x94\x80\xe2\x94\x80\xe2\x94\x80\xe2\x94\x80\xe2\x94\x80\xe2\x94\x80\xe2\x94\x80\xe2\x94\x80\xe2\x94\x80\xe2\x94\x80\xe2\x94\x80\xe2\x94\x80\xe2\x94\x80\xe2\x94\x80\xe2\x94\x80\xe2\x94\x80\xe2\x94\x80\xe2\x94\x80\xe2\x94\x80\xe2\x94\x80\xe2\x94\x80\xe2\x94\x80\xe2\x94\x80\xe2\x94\x80\xe2\x94\x80\xe2\x94\x80\xe2\x94\x80\xe2\x94\x80\xe2\x94\x80\xe2\x94\x80\xe2\x94\x80\xe2\x94\x80\xe2\x94\x80\xe2\x94\x80\xe2\x94\x80\xe2\x94\x80\xe2\x94\x80 */\n        .badge-cq-cyan {\n            background: rgba(0,180,216,0.15);\n            color: var(--cq-cyan);\n            border: 1px solid var(--cq-border);\n            border-radius: 20px; padding: 0.3rem 0.8rem;\n            font-size: 0.8rem; font-weight: 600;\n        }\n        .badge-cq-gold {\n            background: rgba(255,214,10,0.15);\n            color: var(--cq-yellow);\n            border: 1px solid rgba(255,214,10,0.3);\n            border-radius: 20px; padding: 0.3rem 0.8rem;\n            font-size: 0.8rem; font-weight: 600;\n        }\n\n        /* \xe2\x94\x80\xe2\x94\x80 Progress bars \xe2\x94\x80\xe2\x94\x80\xe2\x94\x80\xe2\x94\x80\xe2\x94\x80\xe2\x94\x80\xe2\x94\x80\xe2\x94\x80\xe2\x94\x80\xe2\x94\x80\xe2\x94\x80\xe2\x94\x80\xe2\x94\x80\xe2\x94\x80\xe2\x94\x80\xe2\x94\x80\xe2\x94\x80\xe2\x94\x80\xe2\x94\x80\xe2\x94\x80\xe2\x94\x80\xe2\x94\x80\xe2\x94\x80\xe2\x94\x80\xe2\x94\x80\xe2\x94\x80\xe2\x94\x80\xe2\x94\x80\xe2\x94\x80\xe2\x94\x80\xe2\x94\x80\xe2\x94\x80\xe2\x94\x80\xe2\x94\x80\xe2\x94\x80\xe2\x94\x80\xe2\x94\x80\xe2\x94\x80\xe2\x94\x80\xe2\x94\x80\xe2\x94\x80\xe2\x94\x80\xe2\x94\x80\xe2\x94\x80\xe2\x94\x80\xe2\x94\x80\xe2\x94\x80 */\n        .progress-cq {\n            background: var(--cq-navy-light);\n            border-radius: 10px; height: 8px;\n        }\n        .progress-cq .progress-bar {\n            background: linear-gradient(90deg, var(--cq-cyan), var(--cq-green));\n            border-radius: 10px;\n        }\n\n        /* \xe2\x94\x80\xe2\x94\x80 Stat Cards \xe2\x94\x80\xe2\x94\x80\xe2\x94\x80\xe2\x94\x80\xe2\x94\x80\xe2\x94\x80\xe2\x94\x80\xe2\x94\x80\xe2\x94\x80\xe2\x94\x80\xe2\x94\x80\xe2\x94\x80\xe2\x94\x80\xe2\x94\x80\xe2\x94\x80\xe2\x94\x80\xe2\x94\x80\xe2\x94\x80\xe2\x94\x80\xe2\x94\x80\xe2\x94\x80\xe2\x94\x80\xe2\x94\x80\xe2\x94\x80\xe2\x94\x80\xe2\x94\x80\xe2\x94\x80\xe2\x94\x80\xe2\x94\x80\xe2\x94\x80\xe2\x94\x80\xe2\x94\x80\xe2\x94\x80\xe2\x94\x80\xe2\x94\x80\xe2\x94\x80\xe2\x94\x80\xe2\x94\x80\xe2\x94\x80\xe2\x94\x80\xe2\x94\x80\xe2\x94\x80\xe2\x94\x80\xe2\x94\x80\xe2\x94\x80\xe2\x94\x80\xe2\x94\x80\xe2\x94\x80\xe2\x94\x80\xe2\x94\x80 */\n        .stat-card {\n            background: var(--cq-navy-mid);\n            border: 1px solid var(--cq-border);\n            border-radius: var(--cq-radius);\n            padding: 1.5rem 1rem;\n            text-align: center;\n            transition: border-color 0.2s, transform 0.2s;\n        }\n        .stat-card:hover {\n            border-color: var(--cq-cyan);\n            transform: translateY(-2px);\n        }\n        .stat-card .stat-number {\n            font-family: var(--font-heading); font-size: 2rem;\n            font-weight: 800;\n        }\n        .stat-card .stat-label { color: var(--cq-text-muted); font-size: 0.85rem; }\n\n        /* \xe2\x94\x80\xe2\x94\x80 Footer \xe2\x94\x80\xe2\x94\x80\xe2\x94\x80\xe2\x94\x80\xe2\x94\x80\xe2\x94\x80\xe2\x94\x80\xe2\x94\x80\xe2\x94\x80\xe2\x94\x80\xe2\x94\x80\xe2\x94\x80\xe2\x94\x80\xe2\x94\x80\xe2\x94\x80\xe2\x94\x80\xe2\x94\x80\xe2\x94\x80\xe2\x94\x80\xe2\x94\x80\xe2\x94\x80\xe2\x94\x80\xe2\x94\x80\xe2\x94\x80\xe2\x94\x80\xe2\x94\x80\xe2\x94\x80\xe2\x94\x80\xe2\x94\x80\xe2\x94\x80\xe2\x94\x80\xe2\x94\x80\xe2\x94\x80\xe2\x94\x80\xe2\x94\x80\xe2\x94\x80\xe2\x94\x80\xe2\x94\x80\xe2\x94\x80\xe2\x94\x80\xe2\x94\x80\xe2\x94\x80\xe2\x94\x80\xe2\x94\x80\xe2\x94\x80\xe2\x94\x80\xe2\x94\x80\xe2\x94\x80\xe2\x94\x80\xe2\x94\x80\xe2\x94\x80\xe2\x94\x80\xe2\x94\x80\xe2\x94\x80 */\n        .footer-cq {\n            background: var(--cq-navy-mid);\n            border-top: 1px solid var(--cq-border);\n            padding: 1.5rem 0;\n            margin-top: auto;\n        }\n        .footer-brand {\n            font-family: var(--font-heading); font-weight: 800;\n            color: var(--cq-cyan); font-size: 1rem; letter-spacing: 2px;\n        }\n        .footer-text { color: var(--cq-text-muted); font-size: 0.85rem; }\n        .footer-team { color: var(--cq-cyan); font-size: 0.85rem; font-weight: 600; }\n\n        /* \xe2\x94\x80\xe2\x94\x80 Scrollbar \xe2\x94\x80\xe2\x94\x80\xe2\x94\x80\xe2\x94\x80\xe2\x94\x80\xe2\x94\x80\xe2\x94\x80\xe2\x94\x80\xe2\x94\x80\xe2\x94\x80\xe2\x94\x80\xe2\x94\x80\xe2\x94\x80\xe2\x94\x80\xe2\x94\x80\xe2\x94\x80\xe2\x94\x80\xe2\x94\x80\xe2\x94\x80\xe2\x94\x80\xe2\x94\x80\xe2\x94\x80\xe2\x94\x80\xe2\x94\x80\xe2\x94\x80\xe2\x94\x80\xe2\x94\x80\xe2\x94\x80\xe2\x94\x80\xe2\x94\x80\xe2\x94\x80\xe2\x94\x80\xe2\x94\x80\xe2\x94\x80\xe2\x94\x80\xe2\x94\x80\xe2\x94\x80\xe2\x94\x80\xe2\x94\x80\xe2\x94\x80\xe2\x94\x80\xe2\x94\x80\xe2\x94\x80\xe2\x94\x80\xe2\x94\x80\xe2\x94\x80\xe2\x94\x80\xe2\x94\x80\xe2\x94\x80\xe2\x94\x80\xe2\x94\x80 */\n        ::-webkit-scrollbar { width: 6px; }\n        ::-webkit-scrollbar-track { background: var(--cq-navy); }\n        ::-webkit-scrollbar-thumb { background: var(--cq-navy-light); border-radius: 3px; }\n        ::-webkit-scrollbar-thumb:hover { background: var(--cq-cyan); }\n    </style>\n\n    \n</head>\n\n<body>\n\n<!-- \xe2\x94\x80\xe2\x94\x80 Navbar \xe2\x94\x80\xe2\x94\x80\xe2\x94\x80\xe2\x94\x80\xe2\x94\x80\xe2\x94\x80\xe2\x94\x80\xe2\x94\x80\xe2\x94\x80\xe2\x94\x80\xe2\x94\x80\xe2\x94\x80\xe2\x94\x80\xe2\x94\x80\xe2\x94\x80\xe2\x94\x80\xe2\x94\x80\xe2\x94\x80\xe2\x94\x80\xe2\x94\x80\xe2\x94\x80\xe2\x94\x80\xe2\x94\x80\xe2\x94\x80\xe2\x94\x80\xe2\x94\x80\xe2\x94\x80\xe2\x94\x80\xe2\x94\x80\xe2\x94\x80\xe2\x94\x80\xe2\x94\x80\xe2\x94\x80\xe2\x94\x80\xe2\x94\x80\xe2\x94\x80\xe2\x94\x80\xe2\x94\x80\xe2\x94\x80\xe2\x94\x80\xe2\x94\x80\xe2\x94\x80\xe2\x94\x80\xe2\x94\x80\xe2\x94\x80\xe2\x94\x80\xe2\x94\x80\xe2\x94\x80\xe2\x94\x80\xe2\x94\x80\xe2\x94\x80\xe2\x94\x80\xe2\x94\x80\xe2\x94\x80\xe2\x94\x80\xe2\x94\x80\xe2\x94\x80\xe2\x94\x80\xe2\x94\x80\xe2\x94\x80\xe2\x94\x80 -->\n<nav class="navbar navbar-expand-lg navbar-cyberquest">\n    <div class="container">\n        <!-- Fixed: use auth.login instead of non-existent \'home\' route -->\n        <a class="navbar-brand-cq"\n           href="/challenges">\n            <i class="bi bi-shield-fill-check brand-icon"></i>\n            CYBER<span style="color:#fff;">QUEST</span>\n        </a>\n\n        <button class="navbar-toggler" type="button"\n                data-bs-toggle="collapse" data-bs-target="#navbarMain">\n            <span class="navbar-toggler-icon"></span>\n        </button>\n\n        <div class="collapse navbar-collapse" id="navbarMain">\n            \n            <ul class="navbar-nav me-auto mb-2 mb-lg-0">\n                \n                <li class="nav-item">\n                    <a class="nav-link nav-link-cq" href="/challenges">\n                        <i class="bi bi-controller me-1"></i> Challenges\n                    </a>\n                </li>\n                <li class="nav-item">\n                    <a class="nav-link nav-link-cq" href="/progress">\n                        <i class="bi bi-bar-chart-fill me-1"></i> My Progress\n                    </a>\n                </li>\n                <li class="nav-item">\n                    <a class="nav-link nav-link-cq" href="/result">\n                        <i class="bi bi-trophy me-1"></i> Results\n                    </a>\n                </li>\n                \n            </ul>\n            \n\n            <div class="d-flex align-items-center gap-2">\n                \n                    <span class="navbar-username d-none d-md-inline">\n                        <i class="bi bi-person-circle me-1"></i>\n                        <strong>newstudent_test</strong>\n                        <span class="badge ms-1"\n                              style="background:rgba(0,180,216,0.15);\n                                     color:var(--cq-cyan); font-size:0.7rem;">\n                            Student\n                        </span>\n                    </span>\n                    \n                    <a href="/2fa/setup"\n                       class="btn-nav-login btn"\n                       title="2FA Settings">\n                        <i class="bi bi-shield-lock"></i>\n                    </a>\n                    \n                    <a href="/logout" class="btn-nav-login btn">\n                        <i class="bi bi-box-arrow-right me-1"></i> Logout\n                    </a>\n                \n            </div>\n        </div>\n    </div>\n</nav>\n\n<!-- \xe2\x94\x80\xe2\x94\x80 Flash Messages (handled once here, not in child templates) \xe2\x94\x80\xe2\x94\x80\xe2\x94\x80\xe2\x94\x80\xe2\x94\x80\xe2\x94\x80\xe2\x94\x80\xe2\x94\x80\xe2\x94\x80\xe2\x94\x80 -->\n<div class="flash-container">\n    <div class="container">\n        \n            \n        \n    </div>\n</div>\n\n<!-- \xe2\x94\x80\xe2\x94\x80 Main Content \xe2\x94\x80\xe2\x94\x80\xe2\x94\x80\xe2\x94\x80\xe2\x94\x80\xe2\x94\x80\xe2\x94\x80\xe2\x94\x80\xe2\x94\x80\xe2\x94\x80\xe2\x94\x80\xe2\x94\x80\xe2\x94\x80\xe2\x94\x80\xe2\x94\x80\xe2\x94\x80\xe2\x94\x80\xe2\x94\x80\xe2\x94\x80\xe2\x94\x80\xe2\x94\x80\xe2\x94\x80\xe2\x94\x80\xe2\x94\x80\xe2\x94\x80\xe2\x94\x80\xe2\x94\x80\xe2\x94\x80\xe2\x94\x80\xe2\x94\x80\xe2\x94\x80\xe2\x94\x80\xe2\x94\x80\xe2\x94\x80\xe2\x94\x80\xe2\x94\x80\xe2\x94\x80\xe2\x94\x80\xe2\x94\x80\xe2\x94\x80\xe2\x94\x80\xe2\x94\x80\xe2\x94\x80\xe2\x94\x80\xe2\x94\x80\xe2\x94\x80\xe2\x94\x80\xe2\x94\x80\xe2\x94\x80\xe2\x94\x80\xe2\x94\x80\xe2\x94\x80\xe2\x94\x80\xe2\x94\x80\xe2\x94\x80\xe2\x94\x80 -->\n<main>\n    \n<div class="container py-4">\n\n  <div class="d-flex justify-content-between align-items-center mb-4">\n    <div>\n      <h2 class="mb-0" style="color:var(--cq-cyan);">\xf0\x9f\x9b\xa1\xef\xb8\x8f Challenge Categories</h2>\n      <p style="color:var(--cq-text-muted);" class="mb-0">Choose a category to start earning points</p>\n    </div>\n    <div class="text-end">\n      <span class="badge-cq-gold fs-6 px-3 py-2">\xe2\xad\x90 0 pts</span>\n      <a href="/progress" class="btn btn-cq-outline ms-2">\xf0\x9f\x93\x8a My Progress</a>\n    </div>\n  </div>\n\n  <!-- Category Cards -->\n  <div class="row g-4 mb-5">\n    \n    <div class="col-md-4">\n      <div class="card-cq h-100 p-4 text-center" style="transition:border-color 0.2s,transform 0.2s;"\n           onmouseover="this.style.borderColor=\'var(--cq-cyan)\';this.style.transform=\'translateY(-4px)\'"\n           onmouseout="this.style.borderColor=\'var(--cq-border)\';this.style.transform=\'none\'">\n        <div style="font-size:3.5rem;" class="mb-3">\xf0\x9f\x8e\xa3</div>\n        <h4 style="color:var(--cq-cyan);">Phishing Awareness</h4>\n        <p style="color:var(--cq-text-muted);" class="small mb-3">Learn to spot phishing emails and social engineering attacks.</p>\n\n        <div class="mb-3">\n          <div class="d-flex justify-content-between small mb-1"\n               style="color:var(--cq-text-muted);">\n            <span>Progress</span>\n            <span>0/5</span>\n          </div>\n          <div class="progress-cq">\n            <div class="progress-bar" role="progressbar"\n                 style="width:0%">\n            </div>\n          </div>\n        </div>\n\n        <a href="/challenge/phishing"\n           class="btn btn-cq-primary w-100 fw-bold">\n          \xf0\x9f\x9a\x80 Start\n        </a>\n      </div>\n    </div>\n    \n    <div class="col-md-4">\n      <div class="card-cq h-100 p-4 text-center" style="transition:border-color 0.2s,transform 0.2s;"\n           onmouseover="this.style.borderColor=\'var(--cq-cyan)\';this.style.transform=\'translateY(-4px)\'"\n           onmouseout="this.style.borderColor=\'var(--cq-border)\';this.style.transform=\'none\'">\n        <div style="font-size:3.5rem;" class="mb-3">\xf0\x9f\x94\x90</div>\n        <h4 style="color:var(--cq-cyan);">Password Security</h4>\n        <p style="color:var(--cq-text-muted);" class="small mb-3">Master the art of strong passwords and authentication.</p>\n\n        <div class="mb-3">\n          <div class="d-flex justify-content-between small mb-1"\n               style="color:var(--cq-text-muted);">\n            <span>Progress</span>\n            <span>0/5</span>\n          </div>\n          <div class="progress-cq">\n            <div class="progress-bar" role="progressbar"\n                 style="width:0%">\n            </div>\n          </div>\n        </div>\n\n        <a href="/challenge/password"\n           class="btn btn-cq-primary w-100 fw-bold">\n          \xf0\x9f\x9a\x80 Start\n        </a>\n      </div>\n    </div>\n    \n    <div class="col-md-4">\n      <div class="card-cq h-100 p-4 text-center" style="transition:border-color 0.2s,transform 0.2s;"\n           onmouseover="this.style.borderColor=\'var(--cq-cyan)\';this.style.transform=\'translateY(-4px)\'"\n           onmouseout="this.style.borderColor=\'var(--cq-border)\';this.style.transform=\'none\'">\n        <div style="font-size:3.5rem;" class="mb-3">\xf0\x9f\x8c\x90</div>\n        <h4 style="color:var(--cq-cyan);">Safe Browsing</h4>\n        <p style="color:var(--cq-text-muted);" class="small mb-3">Stay safe online \xe2\x80\x94 VPNs, HTTPS, and browser threats.</p>\n\n        <div class="mb-3">\n          <div class="d-flex justify-content-between small mb-1"\n               style="color:var(--cq-text-muted);">\n            <span>Progress</span>\n            <span>0/5</span>\n          </div>\n          <div class="progress-cq">\n            <div class="progress-bar" role="progressbar"\n                 style="width:0%">\n            </div>\n          </div>\n        </div>\n\n        <a href="/challenge/browsing"\n           class="btn btn-cq-primary w-100 fw-bold">\n          \xf0\x9f\x9a\x80 Start\n        </a>\n      </div>\n    </div>\n    \n  </div>\n\n  <!-- Badges -->\n  \n\n</div>\n\n</main>\n\n<!-- \xe2\x94\x80\xe2\x94\x80 Footer \xe2\x94\x80\xe2\x94\x80\xe2\x94\x80\xe2\x94\x80\xe2\x94\x80\xe2\x94\x80\xe2\x94\x80\xe2\x94\x80\xe2\x94\x80\xe2\x94\x80\xe2\x94\x80\xe2\x94\x80\xe2\x94\x80\xe2\x94\x80\xe2\x94\x80\xe2\x94\x80\xe2\x94\x80\xe2\x94\x80\xe2\x94\x80\xe2\x94\x80\xe2\x94\x80\xe2\x94\x80\xe2\x94\x80\xe2\x94\x80\xe2\x94\x80\xe2\x94\x80\xe2\x94\x80\xe2\x94\x80\xe2\x94\x80\xe2\x94\x80\xe2\x94\x80\xe2\x94\x80\xe2\x94\x80\xe2\x94\x80\xe2\x94\x80\xe2\x94\x80\xe2\x94\x80\xe2\x94\x80\xe2\x94\x80\xe2\x94\x80\xe2\x94\x80\xe2\x94\x80\xe2\x94\x80\xe2\x94\x80\xe2\x94\x80\xe2\x94\x80\xe2\x94\x80\xe2\x94\x80\xe2\x94\x80\xe2\x94\x80\xe2\x94\x80\xe2\x94\x80\xe2\x94\x80\xe2\x94\x80\xe2\x94\x80\xe2\x94\x80\xe2\x94\x80\xe2\x94\x80\xe2\x94\x80\xe2\x94\x80\xe2\x94\x80 -->\n<footer class="footer-cq">\n    <div class="container">\n        <div class="row align-items-center">\n            <div class="col-md-3 mb-2 mb-md-0">\n                <div class="footer-brand"><i class="bi bi-shield-fill-check me-2"></i>CYBERQUEST</div>\n                <div class="footer-text">Cybersecurity Awareness Game</div>\n            </div>\n            <div class="col-md-5 mb-2 mb-md-0">\n                <div class="footer-text">\n                    <i class="bi bi-mortarboard-fill me-1"></i>\n                    ICT932 \xe2\x80\x94 Cybersecurity Testing and Assurance<br>\n                    Crown Institute of Higher Education (CIHE) \xc2\xa9 2026\n                </div>\n            </div>\n            <div class="col-md-4 text-md-end">\n                <div class="footer-team">\n                    Prashan Manandhar | Raju Kshetri | Pramesh Silwal | Susanta Dhakal\n                </div>\n            </div>\n        </div>\n    </div>\n</footer>\n\n<script src="https://cdn.jsdelivr.net/npm/bootstrap@5.3.0/dist/js/bootstrap.bundle.min.js"></script>\n\n\n</body>\n</html>'
E    +  where b'<!DOCTYPE html>\n<!--\n    base.html \xe2\x80\x94 Shared base template for CyberQuest\n    Authors: Susanta Dhakal (CIHE250321) & Pramesh Silwal (CIHE241339)\n    Fixed: Prashan Manandhar (CIHE241182) \xe2\x80\x94 removed broken url_for(\'home\')\n-->\n<html lang="en">\n<head>\n    <meta charset="UTF-8">\n    <meta name="viewport" content="width=device-width, initial-scale=1.0">\n    <meta name="description" content="CyberQuest \xe2\x80\x94 Cybersecurity Awareness Game for ICT932 CIHE">\n    <title>Challenges \xe2\x80\x94 CyberQuest | ICT932</title>\n\n    <!-- Bootstrap 5 CSS -->\n    <link href="https://cdn.jsdelivr.net/npm/bootstrap@5.3.0/dist/css/bootstrap.min.css" rel="stylesheet">\n    <!-- Bootstrap Icons -->\n    <link href="https://cdn.jsdelivr.net/npm/bootstrap-icons@1.11.0/font/bootstrap-icons.css" rel="stylesheet">\n    <!-- Google Fonts -->\n    <link href="https://fonts.googleapis.com/css2?family=Orbitron:wght@400;600;800&family=Rajdhani:wght@300;400;500;600&display=swap" rel="stylesheet">\n\n    <style>\n        /* \xe2\x94\x80\xe2\x94\x80 Design Tokens \xe2\x94\x80\xe2\x94\x80\xe2\x94\x80\xe2\x94\x80\xe2\x94\x80\xe2\x94\x80\xe2\x94\x80\xe2\x94\x80\xe2\x94\x80\xe2\x94\x80\xe2\x94\x80\xe2\x94\x80\xe2\x94\x80\xe2\x94\x80\xe2\x94\x80\xe2\x94\x80\xe2\x94\x80\xe2\x94\x80\xe2\x94\x80\xe2\x94\x80\xe2\x94\x80\xe2\x94\x80\xe2\x94\x80\xe2\x94\x80\xe2\x94\x80\xe2\x94\x80\xe2\x94\x80\xe2\x94\x80\xe2\x94\x80\xe2\x94\x80\xe2\x94\x80\xe2\x94\x80\xe2\x94\x80\xe2\x94\x80\xe2\x94\x80\xe2\x94\x80\xe2\x94\x80\xe2\x94\x80\xe2\x94\x80\xe2\x94\x80\xe2\x94\x80\xe2\x94\x80\xe2\x94\x80\xe2\x94\x80\xe2\x94\x80\xe2\x94\x80\xe2\x94\x80 */\n        :root {\n            --cq-navy:      #0D1B2A;\n            --cq-navy-mid:  #112233;\n            --cq-navy-light:#1A2E42;\n            --cq-cyan:      #00B4D8;\n            --cq-cyan-glow: #00D4FF;\n            --cq-green:     #00E676;\n            --cq-red:       #FF4D6D;\n            --cq-yellow:    #FFD60A;\n            --cq-text:      #E0EAF4;\n            --cq-text-muted:#7A9BB5;\n            --cq-border:    rgba(0, 180, 216, 0.2);\n            --cq-shadow:    0 4px 24px rgba(0, 180, 216, 0.12);\n            --cq-radius:    12px;\n            --font-heading: \'Orbitron\', monospace;\n            --font-body:    \'Rajdhani\', sans-serif;\n        }\n\n        *, *::before, *::after { box-sizing: border-box; }\n        html { scroll-behavior: smooth; }\n\n        body {\n            background-color: var(--cq-navy);\n            color: var(--cq-text);\n            font-family: var(--font-body);\n            font-size: 1.05rem;\n            min-height: 100vh;\n            display: flex;\n            flex-direction: column;\n        }\n\n        h1,h2,h3,h4,h5,h6 { font-family: var(--font-heading); }\n        main { flex: 1; }\n\n        /* \xe2\x94\x80\xe2\x94\x80 Navbar \xe2\x94\x80\xe2\x94\x80\xe2\x94\x80\xe2\x94\x80\xe2\x94\x80\xe2\x94\x80\xe2\x94\x80\xe2\x94\x80\xe2\x94\x80\xe2\x94\x80\xe2\x94\x80\xe2\x94\x80\xe2\x94\x80\xe2\x94\x80\xe2\x94\x80\xe2\x94\x80\xe2\x94\x80\xe2\x94\x80\xe2\x94\x80\xe2\x94\x80\xe2\x94\x80\xe2\x94\x80\xe2\x94\x80\xe2\x94\x80\xe2\x94\x80\xe2\x94\x80\xe2\x94\x80\xe2\x94\x80\xe2\x94\x80\xe2\x94\x80\xe2\x94\x80\xe2\x94\x80\xe2\x94\x80\xe2\x94\x80\xe2\x94\x80\xe2\x94\x80\xe2\x94\x80\xe2\x94\x80\xe2\x94\x80\xe2\x94\x80\xe2\x94\x80\xe2\x94\x80\xe2\x94\x80\xe2\x94\x80\xe2\x94\x80\xe2\x94\x80\xe2\x94\x80\xe2\x94\x80\xe2\x94\x80\xe2\x94\x80\xe2\x94\x80\xe2\x94\x80\xe2\x94\x80\xe2\x94\x80 */\n        .navbar-cyberquest {\n            background: rgba(13,27,42,0.97);\n            border-bottom: 1px solid var(--cq-border);\n            backdrop-filter: blur(10px);\n            padding: 0.75rem 0;\n            position: sticky; top: 0; z-index: 1000;\n        }\n        .navbar-brand-cq {\n            font-family: var(--font-heading); font-weight: 800;\n            font-size: 1.35rem; color: var(--cq-cyan) !important;\n            text-decoration: none; letter-spacing: 2px;\n            display: flex; align-items: center; gap: 0.5rem;\n        }\n        .navbar-brand-cq .brand-icon {\n            color: var(--cq-cyan-glow); font-size: 1.5rem;\n            filter: drop-shadow(0 0 6px var(--cq-cyan));\n        }\n        .navbar-brand-cq:hover { color: var(--cq-cyan-glow) !important; }\n        .nav-link-cq {\n            color: var(--cq-text-muted) !important;\n            font-family: var(--font-body); font-weight: 500;\n            font-size: 0.95rem; letter-spacing: 0.5px;\n            padding: 0.5rem 0.85rem !important;\n            border-radius: 6px;\n            transition: color 0.2s, background 0.2s;\n        }\n        .nav-link-cq:hover, .nav-link-cq.active {\n            color: var(--cq-cyan) !important;\n            background: rgba(0,180,216,0.08);\n        }\n        .btn-nav-login {\n            border: 1px solid var(--cq-cyan); color: var(--cq-cyan);\n            background: transparent; border-radius: 6px;\n            padding: 0.4rem 1rem; font-weight: 600; font-size: 0.9rem;\n            transition: all 0.2s;\n        }\n        .btn-nav-login:hover {\n            background: rgba(0,180,216,0.15); color: var(--cq-cyan-glow);\n        }\n        .btn-nav-register {\n            background: var(--cq-cyan); color: var(--cq-navy);\n            border: none; border-radius: 6px;\n            padding: 0.4rem 1rem; font-weight: 700; font-size: 0.9rem;\n            transition: all 0.2s;\n        }\n        .btn-nav-register:hover {\n            background: var(--cq-cyan-glow);\n            box-shadow: 0 4px 12px rgba(0,180,216,0.35);\n        }\n        .navbar-username { color: var(--cq-text-muted); font-size: 0.85rem; }\n        .navbar-username strong { color: var(--cq-cyan); }\n        .navbar-toggler { border-color: var(--cq-border); }\n        .navbar-toggler-icon { filter: invert(60%) sepia(80%) saturate(400%) hue-rotate(165deg); }\n\n        /* \xe2\x94\x80\xe2\x94\x80 Flash Messages \xe2\x94\x80\xe2\x94\x80\xe2\x94\x80\xe2\x94\x80\xe2\x94\x80\xe2\x94\x80\xe2\x94\x80\xe2\x94\x80\xe2\x94\x80\xe2\x94\x80\xe2\x94\x80\xe2\x94\x80\xe2\x94\x80\xe2\x94\x80\xe2\x94\x80\xe2\x94\x80\xe2\x94\x80\xe2\x94\x80\xe2\x94\x80\xe2\x94\x80\xe2\x94\x80\xe2\x94\x80\xe2\x94\x80\xe2\x94\x80\xe2\x94\x80\xe2\x94\x80\xe2\x94\x80\xe2\x94\x80\xe2\x94\x80\xe2\x94\x80\xe2\x94\x80\xe2\x94\x80\xe2\x94\x80\xe2\x94\x80\xe2\x94\x80\xe2\x94\x80\xe2\x94\x80\xe2\x94\x80\xe2\x94\x80\xe2\x94\x80\xe2\x94\x80\xe2\x94\x80\xe2\x94\x80\xe2\x94\x80\xe2\x94\x80\xe2\x94\x80 */\n        .flash-container { padding: 0.5rem 0; }\n        .alert-cq {\n            border-left: 4px solid; border-radius: 0 var(--cq-radius) var(--cq-radius) 0;\n            background: var(--cq-navy-mid); color: var(--cq-text);\n            border-top: none; border-right: none; border-bottom: none;\n            font-weight: 500;\n        }\n        .alert-cq.alert-success { border-color: var(--cq-green); }\n        .alert-cq.alert-danger  { border-color: var(--cq-red); }\n        .alert-cq.alert-info    { border-color: var(--cq-cyan); }\n        .alert-cq.alert-warning { border-color: var(--cq-yellow); }\n\n        /* \xe2\x94\x80\xe2\x94\x80 Dark Cards \xe2\x94\x80\xe2\x94\x80\xe2\x94\x80\xe2\x94\x80\xe2\x94\x80\xe2\x94\x80\xe2\x94\x80\xe2\x94\x80\xe2\x94\x80\xe2\x94\x80\xe2\x94\x80\xe2\x94\x80\xe2\x94\x80\xe2\x94\x80\xe2\x94\x80\xe2\x94\x80\xe2\x94\x80\xe2\x94\x80\xe2\x94\x80\xe2\x94\x80\xe2\x94\x80\xe2\x94\x80\xe2\x94\x80\xe2\x94\x80\xe2\x94\x80\xe2\x94\x80\xe2\x94\x80\xe2\x94\x80\xe2\x94\x80\xe2\x94\x80\xe2\x94\x80\xe2\x94\x80\xe2\x94\x80\xe2\x94\x80\xe2\x94\x80\xe2\x94\x80\xe2\x94\x80\xe2\x94\x80\xe2\x94\x80\xe2\x94\x80\xe2\x94\x80\xe2\x94\x80\xe2\x94\x80\xe2\x94\x80\xe2\x94\x80\xe2\x94\x80\xe2\x94\x80\xe2\x94\x80\xe2\x94\x80\xe2\x94\x80 */\n        .card-cq {\n            background: var(--cq-navy-mid);\n            border: 1px solid var(--cq-border);\n            border-radius: var(--cq-radius);\n            color: var(--cq-text);\n            box-shadow: var(--cq-shadow);\n        }\n        .card-cq .card-header {\n            background: var(--cq-navy-light);\n            border-bottom: 1px solid var(--cq-border);\n            color: var(--cq-text);\n            border-radius: var(--cq-radius) var(--cq-radius) 0 0;\n        }\n\n        /* \xe2\x94\x80\xe2\x94\x80 Dark Tables \xe2\x94\x80\xe2\x94\x80\xe2\x94\x80\xe2\x94\x80\xe2\x94\x80\xe2\x94\x80\xe2\x94\x80\xe2\x94\x80\xe2\x94\x80\xe2\x94\x80\xe2\x94\x80\xe2\x94\x80\xe2\x94\x80\xe2\x94\x80\xe2\x94\x80\xe2\x94\x80\xe2\x94\x80\xe2\x94\x80\xe2\x94\x80\xe2\x94\x80\xe2\x94\x80\xe2\x94\x80\xe2\x94\x80\xe2\x94\x80\xe2\x94\x80\xe2\x94\x80\xe2\x94\x80\xe2\x94\x80\xe2\x94\x80\xe2\x94\x80\xe2\x94\x80\xe2\x94\x80\xe2\x94\x80\xe2\x94\x80\xe2\x94\x80\xe2\x94\x80\xe2\x94\x80\xe2\x94\x80\xe2\x94\x80\xe2\x94\x80\xe2\x94\x80\xe2\x94\x80\xe2\x94\x80\xe2\x94\x80\xe2\x94\x80\xe2\x94\x80\xe2\x94\x80\xe2\x94\x80\xe2\x94\x80 */\n        .table-cq { color: var(--cq-text); }\n        .table-cq thead th {\n            background: var(--cq-navy-light);\n            color: var(--cq-cyan);\n            border-color: var(--cq-border);\n            font-family: var(--font-heading);\n            font-size: 0.8rem;\n            letter-spacing: 1px;\n        }\n        .table-cq tbody tr {\n            border-color: var(--cq-border);\n        }\n        .table-cq tbody tr:hover {\n            background: rgba(0,180,216,0.05);\n        }\n        .table-cq td, .table-cq th {\n            border-color: var(--cq-border);\n            vertical-align: middle;\n        }\n\n        /* \xe2\x94\x80\xe2\x94\x80 Dark Forms \xe2\x94\x80\xe2\x94\x80\xe2\x94\x80\xe2\x94\x80\xe2\x94\x80\xe2\x94\x80\xe2\x94\x80\xe2\x94\x80\xe2\x94\x80\xe2\x94\x80\xe2\x94\x80\xe2\x94\x80\xe2\x94\x80\xe2\x94\x80\xe2\x94\x80\xe2\x94\x80\xe2\x94\x80\xe2\x94\x80\xe2\x94\x80\xe2\x94\x80\xe2\x94\x80\xe2\x94\x80\xe2\x94\x80\xe2\x94\x80\xe2\x94\x80\xe2\x94\x80\xe2\x94\x80\xe2\x94\x80\xe2\x94\x80\xe2\x94\x80\xe2\x94\x80\xe2\x94\x80\xe2\x94\x80\xe2\x94\x80\xe2\x94\x80\xe2\x94\x80\xe2\x94\x80\xe2\x94\x80\xe2\x94\x80\xe2\x94\x80\xe2\x94\x80\xe2\x94\x80\xe2\x94\x80\xe2\x94\x80\xe2\x94\x80\xe2\x94\x80\xe2\x94\x80\xe2\x94\x80\xe2\x94\x80\xe2\x94\x80 */\n        .form-control-cq, .form-select-cq {\n            background: var(--cq-navy-light);\n            border: 1px solid var(--cq-border);\n            color: var(--cq-text);\n            border-radius: 8px;\n        }\n        .form-control-cq:focus, .form-select-cq:focus {\n            background: var(--cq-navy-light);\n            border-color: var(--cq-cyan);\n            color: var(--cq-text);\n            box-shadow: 0 0 0 3px rgba(0,180,216,0.2);\n        }\n        .form-control-cq::placeholder { color: var(--cq-text-muted); }\n\n        /* \xe2\x94\x80\xe2\x94\x80 CyberQuest Buttons \xe2\x94\x80\xe2\x94\x80\xe2\x94\x80\xe2\x94\x80\xe2\x94\x80\xe2\x94\x80\xe2\x94\x80\xe2\x94\x80\xe2\x94\x80\xe2\x94\x80\xe2\x94\x80\xe2\x94\x80\xe2\x94\x80\xe2\x94\x80\xe2\x94\x80\xe2\x94\x80\xe2\x94\x80\xe2\x94\x80\xe2\x94\x80\xe2\x94\x80\xe2\x94\x80\xe2\x94\x80\xe2\x94\x80\xe2\x94\x80\xe2\x94\x80\xe2\x94\x80\xe2\x94\x80\xe2\x94\x80\xe2\x94\x80\xe2\x94\x80\xe2\x94\x80\xe2\x94\x80\xe2\x94\x80\xe2\x94\x80\xe2\x94\x80\xe2\x94\x80\xe2\x94\x80\xe2\x94\x80\xe2\x94\x80\xe2\x94\x80\xe2\x94\x80\xe2\x94\x80 */\n        .btn-cq-primary {\n            background: var(--cq-cyan); color: var(--cq-navy);\n            border: none; font-weight: 700; border-radius: 8px;\n            font-family: var(--font-body); letter-spacing: 0.5px;\n            transition: all 0.2s;\n        }\n        .btn-cq-primary:hover {\n            background: var(--cq-cyan-glow);\n            box-shadow: 0 4px 16px rgba(0,180,216,0.4);\n        }\n        .btn-cq-outline {\n            border: 1px solid var(--cq-cyan); color: var(--cq-cyan);\n            background: transparent; border-radius: 8px;\n            font-weight: 600; transition: all 0.2s;\n        }\n        .btn-cq-outline:hover {\n            background: rgba(0,180,216,0.12); color: var(--cq-cyan-glow);\n        }\n        .btn-cq-danger {\n            border: 1px solid var(--cq-red); color: var(--cq-red);\n            background: transparent; border-radius: 8px;\n            font-weight: 600; transition: all 0.2s;\n        }\n        .btn-cq-danger:hover { background: rgba(255,77,109,0.12); }\n\n        /* \xe2\x94\x80\xe2\x94\x80 Badges / Pills \xe2\x94\x80\xe2\x94\x80\xe2\x94\x80\xe2\x94\x80\xe2\x94\x80\xe2\x94\x80\xe2\x94\x80\xe2\x94\x80\xe2\x94\x80\xe2\x94\x80\xe2\x94\x80\xe2\x94\x80\xe2\x94\x80\xe2\x94\x80\xe2\x94\x80\xe2\x94\x80\xe2\x94\x80\xe2\x94\x80\xe2\x94\x80\xe2\x94\x80\xe2\x94\x80\xe2\x94\x80\xe2\x94\x80\xe2\x94\x80\xe2\x94\x80\xe2\x94\x80\xe2\x94\x80\xe2\x94\x80\xe2\x94\x80\xe2\x94\x80\xe2\x94\x80\xe2\x94\x80\xe2\x94\x80\xe2\x94\x80\xe2\x94\x80\xe2\x94\x80\xe2\x94\x80\xe2\x94\x80\xe2\x94\x80\xe2\x94\x80\xe2\x94\x80\xe2\x94\x80\xe2\x94\x80\xe2\x94\x80\xe2\x94\x80\xe2\x94\x80 */\n        .badge-cq-cyan {\n            background: rgba(0,180,216,0.15);\n            color: var(--cq-cyan);\n            border: 1px solid var(--cq-border);\n            border-radius: 20px; padding: 0.3rem 0.8rem;\n            font-size: 0.8rem; font-weight: 600;\n        }\n        .badge-cq-gold {\n            background: rgba(255,214,10,0.15);\n            color: var(--cq-yellow);\n            border: 1px solid rgba(255,214,10,0.3);\n            border-radius: 20px; padding: 0.3rem 0.8rem;\n            font-size: 0.8rem; font-weight: 600;\n        }\n\n        /* \xe2\x94\x80\xe2\x94\x80 Progress bars \xe2\x94\x80\xe2\x94\x80\xe2\x94\x80\xe2\x94\x80\xe2\x94\x80\xe2\x94\x80\xe2\x94\x80\xe2\x94\x80\xe2\x94\x80\xe2\x94\x80\xe2\x94\x80\xe2\x94\x80\xe2\x94\x80\xe2\x94\x80\xe2\x94\x80\xe2\x94\x80\xe2\x94\x80\xe2\x94\x80\xe2\x94\x80\xe2\x94\x80\xe2\x94\x80\xe2\x94\x80\xe2\x94\x80\xe2\x94\x80\xe2\x94\x80\xe2\x94\x80\xe2\x94\x80\xe2\x94\x80\xe2\x94\x80\xe2\x94\x80\xe2\x94\x80\xe2\x94\x80\xe2\x94\x80\xe2\x94\x80\xe2\x94\x80\xe2\x94\x80\xe2\x94\x80\xe2\x94\x80\xe2\x94\x80\xe2\x94\x80\xe2\x94\x80\xe2\x94\x80\xe2\x94\x80\xe2\x94\x80\xe2\x94\x80\xe2\x94\x80\xe2\x94\x80 */\n        .progress-cq {\n            background: var(--cq-navy-light);\n            border-radius: 10px; height: 8px;\n        }\n        .progress-cq .progress-bar {\n            background: linear-gradient(90deg, var(--cq-cyan), var(--cq-green));\n            border-radius: 10px;\n        }\n\n        /* \xe2\x94\x80\xe2\x94\x80 Stat Cards \xe2\x94\x80\xe2\x94\x80\xe2\x94\x80\xe2\x94\x80\xe2\x94\x80\xe2\x94\x80\xe2\x94\x80\xe2\x94\x80\xe2\x94\x80\xe2\x94\x80\xe2\x94\x80\xe2\x94\x80\xe2\x94\x80\xe2\x94\x80\xe2\x94\x80\xe2\x94\x80\xe2\x94\x80\xe2\x94\x80\xe2\x94\x80\xe2\x94\x80\xe2\x94\x80\xe2\x94\x80\xe2\x94\x80\xe2\x94\x80\xe2\x94\x80\xe2\x94\x80\xe2\x94\x80\xe2\x94\x80\xe2\x94\x80\xe2\x94\x80\xe2\x94\x80\xe2\x94\x80\xe2\x94\x80\xe2\x94\x80\xe2\x94\x80\xe2\x94\x80\xe2\x94\x80\xe2\x94\x80\xe2\x94\x80\xe2\x94\x80\xe2\x94\x80\xe2\x94\x80\xe2\x94\x80\xe2\x94\x80\xe2\x94\x80\xe2\x94\x80\xe2\x94\x80\xe2\x94\x80\xe2\x94\x80\xe2\x94\x80 */\n        .stat-card {\n            background: var(--cq-navy-mid);\n            border: 1px solid var(--cq-border);\n            border-radius: var(--cq-radius);\n            padding: 1.5rem 1rem;\n            text-align: center;\n            transition: border-color 0.2s, transform 0.2s;\n        }\n        .stat-card:hover {\n            border-color: var(--cq-cyan);\n            transform: translateY(-2px);\n        }\n        .stat-card .stat-number {\n            font-family: var(--font-heading); font-size: 2rem;\n            font-weight: 800;\n        }\n        .stat-card .stat-label { color: var(--cq-text-muted); font-size: 0.85rem; }\n\n        /* \xe2\x94\x80\xe2\x94\x80 Footer \xe2\x94\x80\xe2\x94\x80\xe2\x94\x80\xe2\x94\x80\xe2\x94\x80\xe2\x94\x80\xe2\x94\x80\xe2\x94\x80\xe2\x94\x80\xe2\x94\x80\xe2\x94\x80\xe2\x94\x80\xe2\x94\x80\xe2\x94\x80\xe2\x94\x80\xe2\x94\x80\xe2\x94\x80\xe2\x94\x80\xe2\x94\x80\xe2\x94\x80\xe2\x94\x80\xe2\x94\x80\xe2\x94\x80\xe2\x94\x80\xe2\x94\x80\xe2\x94\x80\xe2\x94\x80\xe2\x94\x80\xe2\x94\x80\xe2\x94\x80\xe2\x94\x80\xe2\x94\x80\xe2\x94\x80\xe2\x94\x80\xe2\x94\x80\xe2\x94\x80\xe2\x94\x80\xe2\x94\x80\xe2\x94\x80\xe2\x94\x80\xe2\x94\x80\xe2\x94\x80\xe2\x94\x80\xe2\x94\x80\xe2\x94\x80\xe2\x94\x80\xe2\x94\x80\xe2\x94\x80\xe2\x94\x80\xe2\x94\x80\xe2\x94\x80\xe2\x94\x80\xe2\x94\x80\xe2\x94\x80 */\n        .footer-cq {\n            background: var(--cq-navy-mid);\n            border-top: 1px solid var(--cq-border);\n            padding: 1.5rem 0;\n            margin-top: auto;\n        }\n        .footer-brand {\n            font-family: var(--font-heading); font-weight: 800;\n            color: var(--cq-cyan); font-size: 1rem; letter-spacing: 2px;\n        }\n        .footer-text { color: var(--cq-text-muted); font-size: 0.85rem; }\n        .footer-team { color: var(--cq-cyan); font-size: 0.85rem; font-weight: 600; }\n\n        /* \xe2\x94\x80\xe2\x94\x80 Scrollbar \xe2\x94\x80\xe2\x94\x80\xe2\x94\x80\xe2\x94\x80\xe2\x94\x80\xe2\x94\x80\xe2\x94\x80\xe2\x94\x80\xe2\x94\x80\xe2\x94\x80\xe2\x94\x80\xe2\x94\x80\xe2\x94\x80\xe2\x94\x80\xe2\x94\x80\xe2\x94\x80\xe2\x94\x80\xe2\x94\x80\xe2\x94\x80\xe2\x94\x80\xe2\x94\x80\xe2\x94\x80\xe2\x94\x80\xe2\x94\x80\xe2\x94\x80\xe2\x94\x80\xe2\x94\x80\xe2\x94\x80\xe2\x94\x80\xe2\x94\x80\xe2\x94\x80\xe2\x94\x80\xe2\x94\x80\xe2\x94\x80\xe2\x94\x80\xe2\x94\x80\xe2\x94\x80\xe2\x94\x80\xe2\x94\x80\xe2\x94\x80\xe2\x94\x80\xe2\x94\x80\xe2\x94\x80\xe2\x94\x80\xe2\x94\x80\xe2\x94\x80\xe2\x94\x80\xe2\x94\x80\xe2\x94\x80\xe2\x94\x80\xe2\x94\x80 */\n        ::-webkit-scrollbar { width: 6px; }\n        ::-webkit-scrollbar-track { background: var(--cq-navy); }\n        ::-webkit-scrollbar-thumb { background: var(--cq-navy-light); border-radius: 3px; }\n        ::-webkit-scrollbar-thumb:hover { background: var(--cq-cyan); }\n    </style>\n\n    \n</head>\n\n<body>\n\n<!-- \xe2\x94\x80\xe2\x94\x80 Navbar \xe2\x94\x80\xe2\x94\x80\xe2\x94\x80\xe2\x94\x80\xe2\x94\x80\xe2\x94\x80\xe2\x94\x80\xe2\x94\x80\xe2\x94\x80\xe2\x94\x80\xe2\x94\x80\xe2\x94\x80\xe2\x94\x80\xe2\x94\x80\xe2\x94\x80\xe2\x94\x80\xe2\x94\x80\xe2\x94\x80\xe2\x94\x80\xe2\x94\x80\xe2\x94\x80\xe2\x94\x80\xe2\x94\x80\xe2\x94\x80\xe2\x94\x80\xe2\x94\x80\xe2\x94\x80\xe2\x94\x80\xe2\x94\x80\xe2\x94\x80\xe2\x94\x80\xe2\x94\x80\xe2\x94\x80\xe2\x94\x80\xe2\x94\x80\xe2\x94\x80\xe2\x94\x80\xe2\x94\x80\xe2\x94\x80\xe2\x94\x80\xe2\x94\x80\xe2\x94\x80\xe2\x94\x80\xe2\x94\x80\xe2\x94\x80\xe2\x94\x80\xe2\x94\x80\xe2\x94\x80\xe2\x94\x80\xe2\x94\x80\xe2\x94\x80\xe2\x94\x80\xe2\x94\x80\xe2\x94\x80\xe2\x94\x80\xe2\x94\x80\xe2\x94\x80\xe2\x94\x80\xe2\x94\x80\xe2\x94\x80\xe2\x94\x80 -->\n<nav class="navbar navbar-expand-lg navbar-cyberquest">\n    <div class="container">\n        <!-- Fixed: use auth.login instead of non-existent \'home\' route -->\n        <a class="navbar-brand-cq"\n           href="/challenges">\n            <i class="bi bi-shield-fill-check brand-icon"></i>\n            CYBER<span style="color:#fff;">QUEST</span>\n        </a>\n\n        <button class="navbar-toggler" type="button"\n                data-bs-toggle="collapse" data-bs-target="#navbarMain">\n            <span class="navbar-toggler-icon"></span>\n        </button>\n\n        <div class="collapse navbar-collapse" id="navbarMain">\n            \n            <ul class="navbar-nav me-auto mb-2 mb-lg-0">\n                \n                <li class="nav-item">\n                    <a class="nav-link nav-link-cq" href="/challenges">\n                        <i class="bi bi-controller me-1"></i> Challenges\n                    </a>\n                </li>\n                <li class="nav-item">\n                    <a class="nav-link nav-link-cq" href="/progress">\n                        <i class="bi bi-bar-chart-fill me-1"></i> My Progress\n                    </a>\n                </li>\n                <li class="nav-item">\n                    <a class="nav-link nav-link-cq" href="/result">\n                        <i class="bi bi-trophy me-1"></i> Results\n                    </a>\n                </li>\n                \n            </ul>\n            \n\n            <div class="d-flex align-items-center gap-2">\n                \n                    <span class="navbar-username d-none d-md-inline">\n                        <i class="bi bi-person-circle me-1"></i>\n                        <strong>newstudent_test</strong>\n                        <span class="badge ms-1"\n                              style="background:rgba(0,180,216,0.15);\n                                     color:var(--cq-cyan); font-size:0.7rem;">\n                            Student\n                        </span>\n                    </span>\n                    \n                    <a href="/2fa/setup"\n                       class="btn-nav-login btn"\n                       title="2FA Settings">\n                        <i class="bi bi-shield-lock"></i>\n                    </a>\n                    \n                    <a href="/logout" class="btn-nav-login btn">\n                        <i class="bi bi-box-arrow-right me-1"></i> Logout\n                    </a>\n                \n            </div>\n        </div>\n    </div>\n</nav>\n\n<!-- \xe2\x94\x80\xe2\x94\x80 Flash Messages (handled once here, not in child templates) \xe2\x94\x80\xe2\x94\x80\xe2\x94\x80\xe2\x94\x80\xe2\x94\x80\xe2\x94\x80\xe2\x94\x80\xe2\x94\x80\xe2\x94\x80\xe2\x94\x80 -->\n<div class="flash-container">\n    <div class="container">\n        \n            \n        \n    </div>\n</div>\n\n<!-- \xe2\x94\x80\xe2\x94\x80 Main Content \xe2\x94\x80\xe2\x94\x80\xe2\x94\x80\xe2\x94\x80\xe2\x94\x80\xe2\x94\x80\xe2\x94\x80\xe2\x94\x80\xe2\x94\x80\xe2\x94\x80\xe2\x94\x80\xe2\x94\x80\xe2\x94\x80\xe2\x94\x80\xe2\x94\x80\xe2\x94\x80\xe2\x94\x80\xe2\x94\x80\xe2\x94\x80\xe2\x94\x80\xe2\x94\x80\xe2\x94\x80\xe2\x94\x80\xe2\x94\x80\xe2\x94\x80\xe2\x94\x80\xe2\x94\x80\xe2\x94\x80\xe2\x94\x80\xe2\x94\x80\xe2\x94\x80\xe2\x94\x80\xe2\x94\x80\xe2\x94\x80\xe2\x94\x80\xe2\x94\x80\xe2\x94\x80\xe2\x94\x80\xe2\x94\x80\xe2\x94\x80\xe2\x94\x80\xe2\x94\x80\xe2\x94\x80\xe2\x94\x80\xe2\x94\x80\xe2\x94\x80\xe2\x94\x80\xe2\x94\x80\xe2\x94\x80\xe2\x94\x80\xe2\x94\x80\xe2\x94\x80\xe2\x94\x80\xe2\x94\x80\xe2\x94\x80\xe2\x94\x80 -->\n<main>\n    \n<div class="container py-4">\n\n  <div class="d-flex justify-content-between align-items-center mb-4">\n    <div>\n      <h2 class="mb-0" style="color:var(--cq-cyan);">\xf0\x9f\x9b\xa1\xef\xb8\x8f Challenge Categories</h2>\n      <p style="color:var(--cq-text-muted);" class="mb-0">Choose a category to start earning points</p>\n    </div>\n    <div class="text-end">\n      <span class="badge-cq-gold fs-6 px-3 py-2">\xe2\xad\x90 0 pts</span>\n      <a href="/progress" class="btn btn-cq-outline ms-2">\xf0\x9f\x93\x8a My Progress</a>\n    </div>\n  </div>\n\n  <!-- Category Cards -->\n  <div class="row g-4 mb-5">\n    \n    <div class="col-md-4">\n      <div class="card-cq h-100 p-4 text-center" style="transition:border-color 0.2s,transform 0.2s;"\n           onmouseover="this.style.borderColor=\'var(--cq-cyan)\';this.style.transform=\'translateY(-4px)\'"\n           onmouseout="this.style.borderColor=\'var(--cq-border)\';this.style.transform=\'none\'">\n        <div style="font-size:3.5rem;" class="mb-3">\xf0\x9f\x8e\xa3</div>\n        <h4 style="color:var(--cq-cyan);">Phishing Awareness</h4>\n        <p style="color:var(--cq-text-muted);" class="small mb-3">Learn to spot phishing emails and social engineering attacks.</p>\n\n        <div class="mb-3">\n          <div class="d-flex justify-content-between small mb-1"\n               style="color:var(--cq-text-muted);">\n            <span>Progress</span>\n            <span>0/5</span>\n          </div>\n          <div class="progress-cq">\n            <div class="progress-bar" role="progressbar"\n                 style="width:0%">\n            </div>\n          </div>\n        </div>\n\n        <a href="/challenge/phishing"\n           class="btn btn-cq-primary w-100 fw-bold">\n          \xf0\x9f\x9a\x80 Start\n        </a>\n      </div>\n    </div>\n    \n    <div class="col-md-4">\n      <div class="card-cq h-100 p-4 text-center" style="transition:border-color 0.2s,transform 0.2s;"\n           onmouseover="this.style.borderColor=\'var(--cq-cyan)\';this.style.transform=\'translateY(-4px)\'"\n           onmouseout="this.style.borderColor=\'var(--cq-border)\';this.style.transform=\'none\'">\n        <div style="font-size:3.5rem;" class="mb-3">\xf0\x9f\x94\x90</div>\n        <h4 style="color:var(--cq-cyan);">Password Security</h4>\n        <p style="color:var(--cq-text-muted);" class="small mb-3">Master the art of strong passwords and authentication.</p>\n\n        <div class="mb-3">\n          <div class="d-flex justify-content-between small mb-1"\n               style="color:var(--cq-text-muted);">\n            <span>Progress</span>\n            <span>0/5</span>\n          </div>\n          <div class="progress-cq">\n            <div class="progress-bar" role="progressbar"\n                 style="width:0%">\n            </div>\n          </div>\n        </div>\n\n        <a href="/challenge/password"\n           class="btn btn-cq-primary w-100 fw-bold">\n          \xf0\x9f\x9a\x80 Start\n        </a>\n      </div>\n    </div>\n    \n    <div class="col-md-4">\n      <div class="card-cq h-100 p-4 text-center" style="transition:border-color 0.2s,transform 0.2s;"\n           onmouseover="this.style.borderColor=\'var(--cq-cyan)\';this.style.transform=\'translateY(-4px)\'"\n           onmouseout="this.style.borderColor=\'var(--cq-border)\';this.style.transform=\'none\'">\n        <div style="font-size:3.5rem;" class="mb-3">\xf0\x9f\x8c\x90</div>\n        <h4 style="color:var(--cq-cyan);">Safe Browsing</h4>\n        <p style="color:var(--cq-text-muted);" class="small mb-3">Stay safe online \xe2\x80\x94 VPNs, HTTPS, and browser threats.</p>\n\n        <div class="mb-3">\n          <div class="d-flex justify-content-between small mb-1"\n               style="color:var(--cq-text-muted);">\n            <span>Progress</span>\n            <span>0/5</span>\n          </div>\n          <div class="progress-cq">\n            <div class="progress-bar" role="progressbar"\n                 style="width:0%">\n            </div>\n          </div>\n        </div>\n\n        <a href="/challenge/browsing"\n           class="btn btn-cq-primary w-100 fw-bold">\n          \xf0\x9f\x9a\x80 Start\n        </a>\n      </div>\n    </div>\n    \n  </div>\n\n  <!-- Badges -->\n  \n\n</div>\n\n</main>\n\n<!-- \xe2\x94\x80\xe2\x94\x80 Footer \xe2\x94\x80\xe2\x94\x80\xe2\x94\x80\xe2\x94\x80\xe2\x94\x80\xe2\x94\x80\xe2\x94\x80\xe2\x94\x80\xe2\x94\x80\xe2\x94\x80\xe2\x94\x80\xe2\x94\x80\xe2\x94\x80\xe2\x94\x80\xe2\x94\x80\xe2\x94\x80\xe2\x94\x80\xe2\x94\x80\xe2\x94\x80\xe2\x94\x80\xe2\x94\x80\xe2\x94\x80\xe2\x94\x80\xe2\x94\x80\xe2\x94\x80\xe2\x94\x80\xe2\x94\x80\xe2\x94\x80\xe2\x94\x80\xe2\x94\x80\xe2\x94\x80\xe2\x94\x80\xe2\x94\x80\xe2\x94\x80\xe2\x94\x80\xe2\x94\x80\xe2\x94\x80\xe2\x94\x80\xe2\x94\x80\xe2\x94\x80\xe2\x94\x80\xe2\x94\x80\xe2\x94\x80\xe2\x94\x80\xe2\x94\x80\xe2\x94\x80\xe2\x94\x80\xe2\x94\x80\xe2\x94\x80\xe2\x94\x80\xe2\x94\x80\xe2\x94\x80\xe2\x94\x80\xe2\x94\x80\xe2\x94\x80\xe2\x94\x80\xe2\x94\x80\xe2\x94\x80\xe2\x94\x80\xe2\x94\x80\xe2\x94\x80 -->\n<footer class="footer-cq">\n    <div class="container">\n        <div class="row align-items-center">\n            <div class="col-md-3 mb-2 mb-md-0">\n                <div class="footer-brand"><i class="bi bi-shield-fill-check me-2"></i>CYBERQUEST</div>\n                <div class="footer-text">Cybersecurity Awareness Game</div>\n            </div>\n            <div class="col-md-5 mb-2 mb-md-0">\n                <div class="footer-text">\n                    <i class="bi bi-mortarboard-fill me-1"></i>\n                    ICT932 \xe2\x80\x94 Cybersecurity Testing and Assurance<br>\n                    Crown Institute of Higher Education (CIHE) \xc2\xa9 2026\n                </div>\n            </div>\n            <div class="col-md-4 text-md-end">\n                <div class="footer-team">\n                    Prashan Manandhar | Raju Kshetri | Pramesh Silwal | Susanta Dhakal\n                </div>\n            </div>\n        </div>\n    </div>\n</footer>\n\n<script src="https://cdn.jsdelivr.net/npm/bootstrap@5.3.0/dist/js/bootstrap.bundle.min.js"></script>\n\n\n</body>\n</html>' = <WrapperTestResponse 20602 bytes [200 OK]>.data
___________ TestRegistration.test_register_weak_password_too_short ____________
tests\test_auth.py:105: in test_register_weak_password_too_short
    assert b'8 characters' in response.data
E   assert b'8 characters' in b'<!DOCTYPE html>\n<!--\n    base.html \xe2\x80\x94 Shared base template for CyberQuest\n    Authors: Susanta Dhakal (CIHE250321) & Pramesh Silwal (CIHE241339)\n    Fixed: Prashan Manandhar (CIHE241182) \xe2\x80\x94 removed broken url_for(\'home\')\n-->\n<html lang="en">\n<head>\n    <meta charset="UTF-8">\n    <meta name="viewport" content="width=device-width, initial-scale=1.0">\n    <meta name="description" content="CyberQuest \xe2\x80\x94 Cybersecurity Awareness Game for ICT932 CIHE">\n    <title>Challenges \xe2\x80\x94 CyberQuest | ICT932</title>\n\n    <!-- Bootstrap 5 CSS -->\n    <link href="https://cdn.jsdelivr.net/npm/bootstrap@5.3.0/dist/css/bootstrap.min.css" rel="stylesheet">\n    <!-- Bootstrap Icons -->\n    <link href="https://cdn.jsdelivr.net/npm/bootstrap-icons@1.11.0/font/bootstrap-icons.css" rel="stylesheet">\n    <!-- Google Fonts -->\n    <link href="https://fonts.googleapis.com/css2?family=Orbitron:wght@400;600;800&family=Rajdhani:wght@300;400;500;600&display=swap" rel="stylesheet">\n\n    <style>\n        /* \xe2\x94\x80\xe2\x94\x80 Design Tokens \xe2\x94\x80\xe2\x94\x80\xe2\x94\x80\xe2\x94\x80\xe2\x94\x80\xe2\x94\x80\xe2\x94\x80\xe2\x94\x80\xe2\x94\x80\xe2\x94\x80\xe2\x94\x80\xe2\x94\x80\xe2\x94\x80\xe2\x94\x80\xe2\x94\x80\xe2\x94\x80\xe2\x94\x80\xe2\x94\x80\xe2\x94\x80\xe2\x94\x80\xe2\x94\x80\xe2\x94\x80\xe2\x94\x80\xe2\x94\x80\xe2\x94\x80\xe2\x94\x80\xe2\x94\x80\xe2\x94\x80\xe2\x94\x80\xe2\x94\x80\xe2\x94\x80\xe2\x94\x80\xe2\x94\x80\xe2\x94\x80\xe2\x94\x80\xe2\x94\x80\xe2\x94\x80\xe2\x94\x80\xe2\x94\x80\xe2\x94\x80\xe2\x94\x80\xe2\x94\x80\xe2\x94\x80\xe2\x94\x80\xe2\x94\x80\xe2\x94\x80\xe2\x94\x80 */\n        :root {\n            --cq-navy:      #0D1B2A;\n            --cq-navy-mid:  #112233;\n            --cq-navy-light:#1A2E42;\n            --cq-cyan:      #00B4D8;\n            --cq-cyan-glow: #00D4FF;\n            --cq-green:     #00E676;\n            --cq-red:       #FF4D6D;\n            --cq-yellow:    #FFD60A;\n            --cq-text:      #E0EAF4;\n            --cq-text-muted:#7A9BB5;\n            --cq-border:    rgba(0, 180, 216, 0.2);\n            --cq-shadow:    0 4px 24px rgba(0, 180, 216, 0.12);\n            --cq-radius:    12px;\n            --font-heading: \'Orbitron\', monospace;\n            --font-body:    \'Rajdhani\', sans-serif;\n        }\n\n        *, *::before, *::after { box-sizing: border-box; }\n        html { scroll-behavior: smooth; }\n\n        body {\n            background-color: var(--cq-navy);\n            color: var(--cq-text);\n            font-family: var(--font-body);\n            font-size: 1.05rem;\n            min-height: 100vh;\n            display: flex;\n            flex-direction: column;\n        }\n\n        h1,h2,h3,h4,h5,h6 { font-family: var(--font-heading); }\n        main { flex: 1; }\n\n        /* \xe2\x94\x80\xe2\x94\x80 Navbar \xe2\x94\x80\xe2\x94\x80\xe2\x94\x80\xe2\x94\x80\xe2\x94\x80\xe2\x94\x80\xe2\x94\x80\xe2\x94\x80\xe2\x94\x80\xe2\x94\x80\xe2\x94\x80\xe2\x94\x80\xe2\x94\x80\xe2\x94\x80\xe2\x94\x80\xe2\x94\x80\xe2\x94\x80\xe2\x94\x80\xe2\x94\x80\xe2\x94\x80\xe2\x94\x80\xe2\x94\x80\xe2\x94\x80\xe2\x94\x80\xe2\x94\x80\xe2\x94\x80\xe2\x94\x80\xe2\x94\x80\xe2\x94\x80\xe2\x94\x80\xe2\x94\x80\xe2\x94\x80\xe2\x94\x80\xe2\x94\x80\xe2\x94\x80\xe2\x94\x80\xe2\x94\x80\xe2\x94\x80\xe2\x94\x80\xe2\x94\x80\xe2\x94\x80\xe2\x94\x80\xe2\x94\x80\xe2\x94\x80\xe2\x94\x80\xe2\x94\x80\xe2\x94\x80\xe2\x94\x80\xe2\x94\x80\xe2\x94\x80\xe2\x94\x80\xe2\x94\x80\xe2\x94\x80\xe2\x94\x80 */\n        .navbar-cyberquest {\n            background: rgba(13,27,42,0.97);\n            border-bottom: 1px solid var(--cq-border);\n            backdrop-filter: blur(10px);\n            padding: 0.75rem 0;\n            position: sticky; top: 0; z-index: 1000;\n        }\n        .navbar-brand-cq {\n            font-family: var(--font-heading); font-weight: 800;\n            font-size: 1.35rem; color: var(--cq-cyan) !important;\n            text-decoration: none; letter-spacing: 2px;\n            display: flex; align-items: center; gap: 0.5rem;\n        }\n        .navbar-brand-cq .brand-icon {\n            color: var(--cq-cyan-glow); font-size: 1.5rem;\n            filter: drop-shadow(0 0 6px var(--cq-cyan));\n        }\n        .navbar-brand-cq:hover { color: var(--cq-cyan-glow) !important; }\n        .nav-link-cq {\n            color: var(--cq-text-muted) !important;\n            font-family: var(--font-body); font-weight: 500;\n            font-size: 0.95rem; letter-spacing: 0.5px;\n            padding: 0.5rem 0.85rem !important;\n            border-radius: 6px;\n            transition: color 0.2s, background 0.2s;\n        }\n        .nav-link-cq:hover, .nav-link-cq.active {\n            color: var(--cq-cyan) !important;\n            background: rgba(0,180,216,0.08);\n        }\n        .btn-nav-login {\n            border: 1px solid var(--cq-cyan); color: var(--cq-cyan);\n            background: transparent; border-radius: 6px;\n            padding: 0.4rem 1rem; font-weight: 600; font-size: 0.9rem;\n            transition: all 0.2s;\n        }\n        .btn-nav-login:hover {\n            background: rgba(0,180,216,0.15); color: var(--cq-cyan-glow);\n        }\n        .btn-nav-register {\n            background: var(--cq-cyan); color: var(--cq-navy);\n            border: none; border-radius: 6px;\n            padding: 0.4rem 1rem; font-weight: 700; font-size: 0.9rem;\n            transition: all 0.2s;\n        }\n        .btn-nav-register:hover {\n            background: var(--cq-cyan-glow);\n            box-shadow: 0 4px 12px rgba(0,180,216,0.35);\n        }\n        .navbar-username { color: var(--cq-text-muted); font-size: 0.85rem; }\n        .navbar-username strong { color: var(--cq-cyan); }\n        .navbar-toggler { border-color: var(--cq-border); }\n        .navbar-toggler-icon { filter: invert(60%) sepia(80%) saturate(400%) hue-rotate(165deg); }\n\n        /* \xe2\x94\x80\xe2\x94\x80 Flash Messages \xe2\x94\x80\xe2\x94\x80\xe2\x94\x80\xe2\x94\x80\xe2\x94\x80\xe2\x94\x80\xe2\x94\x80\xe2\x94\x80\xe2\x94\x80\xe2\x94\x80\xe2\x94\x80\xe2\x94\x80\xe2\x94\x80\xe2\x94\x80\xe2\x94\x80\xe2\x94\x80\xe2\x94\x80\xe2\x94\x80\xe2\x94\x80\xe2\x94\x80\xe2\x94\x80\xe2\x94\x80\xe2\x94\x80\xe2\x94\x80\xe2\x94\x80\xe2\x94\x80\xe2\x94\x80\xe2\x94\x80\xe2\x94\x80\xe2\x94\x80\xe2\x94\x80\xe2\x94\x80\xe2\x94\x80\xe2\x94\x80\xe2\x94\x80\xe2\x94\x80\xe2\x94\x80\xe2\x94\x80\xe2\x94\x80\xe2\x94\x80\xe2\x94\x80\xe2\x94\x80\xe2\x94\x80\xe2\x94\x80\xe2\x94\x80\xe2\x94\x80 */\n        .flash-container { padding: 0.5rem 0; }\n        .alert-cq {\n            border-left: 4px solid; border-radius: 0 var(--cq-radius) var(--cq-radius) 0;\n            background: var(--cq-navy-mid); color: var(--cq-text);\n            border-top: none; border-right: none; border-bottom: none;\n            font-weight: 500;\n        }\n        .alert-cq.alert-success { border-color: var(--cq-green); }\n        .alert-cq.alert-danger  { border-color: var(--cq-red); }\n        .alert-cq.alert-info    { border-color: var(--cq-cyan); }\n        .alert-cq.alert-warning { border-color: var(--cq-yellow); }\n\n        /* \xe2\x94\x80\xe2\x94\x80 Dark Cards \xe2\x94\x80\xe2\x94\x80\xe2\x94\x80\xe2\x94\x80\xe2\x94\x80\xe2\x94\x80\xe2\x94\x80\xe2\x94\x80\xe2\x94\x80\xe2\x94\x80\xe2\x94\x80\xe2\x94\x80\xe2\x94\x80\xe2\x94\x80\xe2\x94\x80\xe2\x94\x80\xe2\x94\x80\xe2\x94\x80\xe2\x94\x80\xe2\x94\x80\xe2\x94\x80\xe2\x94\x80\xe2\x94\x80\xe2\x94\x80\xe2\x94\x80\xe2\x94\x80\xe2\x94\x80\xe2\x94\x80\xe2\x94\x80\xe2\x94\x80\xe2\x94\x80\xe2\x94\x80\xe2\x94\x80\xe2\x94\x80\xe2\x94\x80\xe2\x94\x80\xe2\x94\x80\xe2\x94\x80\xe2\x94\x80\xe2\x94\x80\xe2\x94\x80\xe2\x94\x80\xe2\x94\x80\xe2\x94\x80\xe2\x94\x80\xe2\x94\x80\xe2\x94\x80\xe2\x94\x80\xe2\x94\x80\xe2\x94\x80 */\n        .card-cq {\n            background: var(--cq-navy-mid);\n            border: 1px solid var(--cq-border);\n            border-radius: var(--cq-radius);\n            color: var(--cq-text);\n            box-shadow: var(--cq-shadow);\n        }\n        .card-cq .card-header {\n            background: var(--cq-navy-light);\n            border-bottom: 1px solid var(--cq-border);\n            color: var(--cq-text);\n            border-radius: var(--cq-radius) var(--cq-radius) 0 0;\n        }\n\n        /* \xe2\x94\x80\xe2\x94\x80 Dark Tables \xe2\x94\x80\xe2\x94\x80\xe2\x94\x80\xe2\x94\x80\xe2\x94\x80\xe2\x94\x80\xe2\x94\x80\xe2\x94\x80\xe2\x94\x80\xe2\x94\x80\xe2\x94\x80\xe2\x94\x80\xe2\x94\x80\xe2\x94\x80\xe2\x94\x80\xe2\x94\x80\xe2\x94\x80\xe2\x94\x80\xe2\x94\x80\xe2\x94\x80\xe2\x94\x80\xe2\x94\x80\xe2\x94\x80\xe2\x94\x80\xe2\x94\x80\xe2\x94\x80\xe2\x94\x80\xe2\x94\x80\xe2\x94\x80\xe2\x94\x80\xe2\x94\x80\xe2\x94\x80\xe2\x94\x80\xe2\x94\x80\xe2\x94\x80\xe2\x94\x80\xe2\x94\x80\xe2\x94\x80\xe2\x94\x80\xe2\x94\x80\xe2\x94\x80\xe2\x94\x80\xe2\x94\x80\xe2\x94\x80\xe2\x94\x80\xe2\x94\x80\xe2\x94\x80\xe2\x94\x80\xe2\x94\x80 */\n        .table-cq { color: var(--cq-text); }\n        .table-cq thead th {\n            background: var(--cq-navy-light);\n            color: var(--cq-cyan);\n            border-color: var(--cq-border);\n            font-family: var(--font-heading);\n            font-size: 0.8rem;\n            letter-spacing: 1px;\n        }\n        .table-cq tbody tr {\n            border-color: var(--cq-border);\n        }\n        .table-cq tbody tr:hover {\n            background: rgba(0,180,216,0.05);\n        }\n        .table-cq td, .table-cq th {\n            border-color: var(--cq-border);\n            vertical-align: middle;\n        }\n\n        /* \xe2\x94\x80\xe2\x94\x80 Dark Forms \xe2\x94\x80\xe2\x94\x80\xe2\x94\x80\xe2\x94\x80\xe2\x94\x80\xe2\x94\x80\xe2\x94\x80\xe2\x94\x80\xe2\x94\x80\xe2\x94\x80\xe2\x94\x80\xe2\x94\x80\xe2\x94\x80\xe2\x94\x80\xe2\x94\x80\xe2\x94\x80\xe2\x94\x80\xe2\x94\x80\xe2\x94\x80\xe2\x94\x80\xe2\x94\x80\xe2\x94\x80\xe2\x94\x80\xe2\x94\x80\xe2\x94\x80\xe2\x94\x80\xe2\x94\x80\xe2\x94\x80\xe2\x94\x80\xe2\x94\x80\xe2\x94\x80\xe2\x94\x80\xe2\x94\x80\xe2\x94\x80\xe2\x94\x80\xe2\x94\x80\xe2\x94\x80\xe2\x94\x80\xe2\x94\x80\xe2\x94\x80\xe2\x94\x80\xe2\x94\x80\xe2\x94\x80\xe2\x94\x80\xe2\x94\x80\xe2\x94\x80\xe2\x94\x80\xe2\x94\x80\xe2\x94\x80\xe2\x94\x80 */\n        .form-control-cq, .form-select-cq {\n            background: var(--cq-navy-light);\n            border: 1px solid var(--cq-border);\n            color: var(--cq-text);\n            border-radius: 8px;\n        }\n        .form-control-cq:focus, .form-select-cq:focus {\n            background: var(--cq-navy-light);\n            border-color: var(--cq-cyan);\n            color: var(--cq-text);\n            box-shadow: 0 0 0 3px rgba(0,180,216,0.2);\n        }\n        .form-control-cq::placeholder { color: var(--cq-text-muted); }\n\n        /* \xe2\x94\x80\xe2\x94\x80 CyberQuest Buttons \xe2\x94\x80\xe2\x94\x80\xe2\x94\x80\xe2\x94\x80\xe2\x94\x80\xe2\x94\x80\xe2\x94\x80\xe2\x94\x80\xe2\x94\x80\xe2\x94\x80\xe2\x94\x80\xe2\x94\x80\xe2\x94\x80\xe2\x94\x80\xe2\x94\x80\xe2\x94\x80\xe2\x94\x80\xe2\x94\x80\xe2\x94\x80\xe2\x94\x80\xe2\x94\x80\xe2\x94\x80\xe2\x94\x80\xe2\x94\x80\xe2\x94\x80\xe2\x94\x80\xe2\x94\x80\xe2\x94\x80\xe2\x94\x80\xe2\x94\x80\xe2\x94\x80\xe2\x94\x80\xe2\x94\x80\xe2\x94\x80\xe2\x94\x80\xe2\x94\x80\xe2\x94\x80\xe2\x94\x80\xe2\x94\x80\xe2\x94\x80\xe2\x94\x80\xe2\x94\x80 */\n        .btn-cq-primary {\n            background: var(--cq-cyan); color: var(--cq-navy);\n            border: none; font-weight: 700; border-radius: 8px;\n            font-family: var(--font-body); letter-spacing: 0.5px;\n            transition: all 0.2s;\n        }\n        .btn-cq-primary:hover {\n            background: var(--cq-cyan-glow);\n            box-shadow: 0 4px 16px rgba(0,180,216,0.4);\n        }\n        .btn-cq-outline {\n            border: 1px solid var(--cq-cyan); color: var(--cq-cyan);\n            background: transparent; border-radius: 8px;\n            font-weight: 600; transition: all 0.2s;\n        }\n        .btn-cq-outline:hover {\n            background: rgba(0,180,216,0.12); color: var(--cq-cyan-glow);\n        }\n        .btn-cq-danger {\n            border: 1px solid var(--cq-red); color: var(--cq-red);\n            background: transparent; border-radius: 8px;\n            font-weight: 600; transition: all 0.2s;\n        }\n        .btn-cq-danger:hover { background: rgba(255,77,109,0.12); }\n\n        /* \xe2\x94\x80\xe2\x94\x80 Badges / Pills \xe2\x94\x80\xe2\x94\x80\xe2\x94\x80\xe2\x94\x80\xe2\x94\x80\xe2\x94\x80\xe2\x94\x80\xe2\x94\x80\xe2\x94\x80\xe2\x94\x80\xe2\x94\x80\xe2\x94\x80\xe2\x94\x80\xe2\x94\x80\xe2\x94\x80\xe2\x94\x80\xe2\x94\x80\xe2\x94\x80\xe2\x94\x80\xe2\x94\x80\xe2\x94\x80\xe2\x94\x80\xe2\x94\x80\xe2\x94\x80\xe2\x94\x80\xe2\x94\x80\xe2\x94\x80\xe2\x94\x80\xe2\x94\x80\xe2\x94\x80\xe2\x94\x80\xe2\x94\x80\xe2\x94\x80\xe2\x94\x80\xe2\x94\x80\xe2\x94\x80\xe2\x94\x80\xe2\x94\x80\xe2\x94\x80\xe2\x94\x80\xe2\x94\x80\xe2\x94\x80\xe2\x94\x80\xe2\x94\x80\xe2\x94\x80\xe2\x94\x80 */\n        .badge-cq-cyan {\n            background: rgba(0,180,216,0.15);\n            color: var(--cq-cyan);\n            border: 1px solid var(--cq-border);\n            border-radius: 20px; padding: 0.3rem 0.8rem;\n            font-size: 0.8rem; font-weight: 600;\n        }\n        .badge-cq-gold {\n            background: rgba(255,214,10,0.15);\n            color: var(--cq-yellow);\n            border: 1px solid rgba(255,214,10,0.3);\n            border-radius: 20px; padding: 0.3rem 0.8rem;\n            font-size: 0.8rem; font-weight: 600;\n        }\n\n        /* \xe2\x94\x80\xe2\x94\x80 Progress bars \xe2\x94\x80\xe2\x94\x80\xe2\x94\x80\xe2\x94\x80\xe2\x94\x80\xe2\x94\x80\xe2\x94\x80\xe2\x94\x80\xe2\x94\x80\xe2\x94\x80\xe2\x94\x80\xe2\x94\x80\xe2\x94\x80\xe2\x94\x80\xe2\x94\x80\xe2\x94\x80\xe2\x94\x80\xe2\x94\x80\xe2\x94\x80\xe2\x94\x80\xe2\x94\x80\xe2\x94\x80\xe2\x94\x80\xe2\x94\x80\xe2\x94\x80\xe2\x94\x80\xe2\x94\x80\xe2\x94\x80\xe2\x94\x80\xe2\x94\x80\xe2\x94\x80\xe2\x94\x80\xe2\x94\x80\xe2\x94\x80\xe2\x94\x80\xe2\x94\x80\xe2\x94\x80\xe2\x94\x80\xe2\x94\x80\xe2\x94\x80\xe2\x94\x80\xe2\x94\x80\xe2\x94\x80\xe2\x94\x80\xe2\x94\x80\xe2\x94\x80\xe2\x94\x80 */\n        .progress-cq {\n            background: var(--cq-navy-light);\n            border-radius: 10px; height: 8px;\n        }\n        .progress-cq .progress-bar {\n            background: linear-gradient(90deg, var(--cq-cyan), var(--cq-green));\n            border-radius: 10px;\n        }\n\n        /* \xe2\x94\x80\xe2\x94\x80 Stat Cards \xe2\x94\x80\xe2\x94\x80\xe2\x94\x80\xe2\x94\x80\xe2\x94\x80\xe2\x94\x80\xe2\x94\x80\xe2\x94\x80\xe2\x94\x80\xe2\x94\x80\xe2\x94\x80\xe2\x94\x80\xe2\x94\x80\xe2\x94\x80\xe2\x94\x80\xe2\x94\x80\xe2\x94\x80\xe2\x94\x80\xe2\x94\x80\xe2\x94\x80\xe2\x94\x80\xe2\x94\x80\xe2\x94\x80\xe2\x94\x80\xe2\x94\x80\xe2\x94\x80\xe2\x94\x80\xe2\x94\x80\xe2\x94\x80\xe2\x94\x80\xe2\x94\x80\xe2\x94\x80\xe2\x94\x80\xe2\x94\x80\xe2\x94\x80\xe2\x94\x80\xe2\x94\x80\xe2\x94\x80\xe2\x94\x80\xe2\x94\x80\xe2\x94\x80\xe2\x94\x80\xe2\x94\x80\xe2\x94\x80\xe2\x94\x80\xe2\x94\x80\xe2\x94\x80\xe2\x94\x80\xe2\x94\x80\xe2\x94\x80 */\n        .stat-card {\n            background: var(--cq-navy-mid);\n            border: 1px solid var(--cq-border);\n            border-radius: var(--cq-radius);\n            padding: 1.5rem 1rem;\n            text-align: center;\n            transition: border-color 0.2s, transform 0.2s;\n        }\n        .stat-card:hover {\n            border-color: var(--cq-cyan);\n            transform: translateY(-2px);\n        }\n        .stat-card .stat-number {\n            font-family: var(--font-heading); font-size: 2rem;\n            font-weight: 800;\n        }\n        .stat-card .stat-label { color: var(--cq-text-muted); font-size: 0.85rem; }\n\n        /* \xe2\x94\x80\xe2\x94\x80 Footer \xe2\x94\x80\xe2\x94\x80\xe2\x94\x80\xe2\x94\x80\xe2\x94\x80\xe2\x94\x80\xe2\x94\x80\xe2\x94\x80\xe2\x94\x80\xe2\x94\x80\xe2\x94\x80\xe2\x94\x80\xe2\x94\x80\xe2\x94\x80\xe2\x94\x80\xe2\x94\x80\xe2\x94\x80\xe2\x94\x80\xe2\x94\x80\xe2\x94\x80\xe2\x94\x80\xe2\x94\x80\xe2\x94\x80\xe2\x94\x80\xe2\x94\x80\xe2\x94\x80\xe2\x94\x80\xe2\x94\x80\xe2\x94\x80\xe2\x94\x80\xe2\x94\x80\xe2\x94\x80\xe2\x94\x80\xe2\x94\x80\xe2\x94\x80\xe2\x94\x80\xe2\x94\x80\xe2\x94\x80\xe2\x94\x80\xe2\x94\x80\xe2\x94\x80\xe2\x94\x80\xe2\x94\x80\xe2\x94\x80\xe2\x94\x80\xe2\x94\x80\xe2\x94\x80\xe2\x94\x80\xe2\x94\x80\xe2\x94\x80\xe2\x94\x80\xe2\x94\x80\xe2\x94\x80\xe2\x94\x80 */\n        .footer-cq {\n            background: var(--cq-navy-mid);\n            border-top: 1px solid var(--cq-border);\n            padding: 1.5rem 0;\n            margin-top: auto;\n        }\n        .footer-brand {\n            font-family: var(--font-heading); font-weight: 800;\n            color: var(--cq-cyan); font-size: 1rem; letter-spacing: 2px;\n        }\n        .footer-text { color: var(--cq-text-muted); font-size: 0.85rem; }\n        .footer-team { color: var(--cq-cyan); font-size: 0.85rem; font-weight: 600; }\n\n        /* \xe2\x94\x80\xe2\x94\x80 Scrollbar \xe2\x94\x80\xe2\x94\x80\xe2\x94\x80\xe2\x94\x80\xe2\x94\x80\xe2\x94\x80\xe2\x94\x80\xe2\x94\x80\xe2\x94\x80\xe2\x94\x80\xe2\x94\x80\xe2\x94\x80\xe2\x94\x80\xe2\x94\x80\xe2\x94\x80\xe2\x94\x80\xe2\x94\x80\xe2\x94\x80\xe2\x94\x80\xe2\x94\x80\xe2\x94\x80\xe2\x94\x80\xe2\x94\x80\xe2\x94\x80\xe2\x94\x80\xe2\x94\x80\xe2\x94\x80\xe2\x94\x80\xe2\x94\x80\xe2\x94\x80\xe2\x94\x80\xe2\x94\x80\xe2\x94\x80\xe2\x94\x80\xe2\x94\x80\xe2\x94\x80\xe2\x94\x80\xe2\x94\x80\xe2\x94\x80\xe2\x94\x80\xe2\x94\x80\xe2\x94\x80\xe2\x94\x80\xe2\x94\x80\xe2\x94\x80\xe2\x94\x80\xe2\x94\x80\xe2\x94\x80\xe2\x94\x80\xe2\x94\x80\xe2\x94\x80 */\n        ::-webkit-scrollbar { width: 6px; }\n        ::-webkit-scrollbar-track { background: var(--cq-navy); }\n        ::-webkit-scrollbar-thumb { background: var(--cq-navy-light); border-radius: 3px; }\n        ::-webkit-scrollbar-thumb:hover { background: var(--cq-cyan); }\n    </style>\n\n    \n</head>\n\n<body>\n\n<!-- \xe2\x94\x80\xe2\x94\x80 Navbar \xe2\x94\x80\xe2\x94\x80\xe2\x94\x80\xe2\x94\x80\xe2\x94\x80\xe2\x94\x80\xe2\x94\x80\xe2\x94\x80\xe2\x94\x80\xe2\x94\x80\xe2\x94\x80\xe2\x94\x80\xe2\x94\x80\xe2\x94\x80\xe2\x94\x80\xe2\x94\x80\xe2\x94\x80\xe2\x94\x80\xe2\x94\x80\xe2\x94\x80\xe2\x94\x80\xe2\x94\x80\xe2\x94\x80\xe2\x94\x80\xe2\x94\x80\xe2\x94\x80\xe2\x94\x80\xe2\x94\x80\xe2\x94\x80\xe2\x94\x80\xe2\x94\x80\xe2\x94\x80\xe2\x94\x80\xe2\x94\x80\xe2\x94\x80\xe2\x94\x80\xe2\x94\x80\xe2\x94\x80\xe2\x94\x80\xe2\x94\x80\xe2\x94\x80\xe2\x94\x80\xe2\x94\x80\xe2\x94\x80\xe2\x94\x80\xe2\x94\x80\xe2\x94\x80\xe2\x94\x80\xe2\x94\x80\xe2\x94\x80\xe2\x94\x80\xe2\x94\x80\xe2\x94\x80\xe2\x94\x80\xe2\x94\x80\xe2\x94\x80\xe2\x94\x80\xe2\x94\x80\xe2\x94\x80\xe2\x94\x80\xe2\x94\x80 -->\n<nav class="navbar navbar-expand-lg navbar-cyberquest">\n    <div class="container">\n        <!-- Fixed: use auth.login instead of non-existent \'home\' route -->\n        <a class="navbar-brand-cq"\n           href="/challenges">\n            <i class="bi bi-shield-fill-check brand-icon"></i>\n            CYBER<span style="color:#fff;">QUEST</span>\n        </a>\n\n        <button class="navbar-toggler" type="button"\n                data-bs-toggle="collapse" data-bs-target="#navbarMain">\n            <span class="navbar-toggler-icon"></span>\n        </button>\n\n        <div class="collapse navbar-collapse" id="navbarMain">\n            \n            <ul class="navbar-nav me-auto mb-2 mb-lg-0">\n                \n                <li class="nav-item">\n                    <a class="nav-link nav-link-cq" href="/challenges">\n                        <i class="bi bi-controller me-1"></i> Challenges\n                    </a>\n                </li>\n                <li class="nav-item">\n                    <a class="nav-link nav-link-cq" href="/progress">\n                        <i class="bi bi-bar-chart-fill me-1"></i> My Progress\n                    </a>\n                </li>\n                <li class="nav-item">\n                    <a class="nav-link nav-link-cq" href="/result">\n                        <i class="bi bi-trophy me-1"></i> Results\n                    </a>\n                </li>\n                \n            </ul>\n            \n\n            <div class="d-flex align-items-center gap-2">\n                \n                    <span class="navbar-username d-none d-md-inline">\n                        <i class="bi bi-person-circle me-1"></i>\n                        <strong>newstudent_test</strong>\n                        <span class="badge ms-1"\n                              style="background:rgba(0,180,216,0.15);\n                                     color:var(--cq-cyan); font-size:0.7rem;">\n                            Student\n                        </span>\n                    </span>\n                    \n                    <a href="/2fa/setup"\n                       class="btn-nav-login btn"\n                       title="2FA Settings">\n                        <i class="bi bi-shield-lock"></i>\n                    </a>\n                    \n                    <a href="/logout" class="btn-nav-login btn">\n                        <i class="bi bi-box-arrow-right me-1"></i> Logout\n                    </a>\n                \n            </div>\n        </div>\n    </div>\n</nav>\n\n<!-- \xe2\x94\x80\xe2\x94\x80 Flash Messages (handled once here, not in child templates) \xe2\x94\x80\xe2\x94\x80\xe2\x94\x80\xe2\x94\x80\xe2\x94\x80\xe2\x94\x80\xe2\x94\x80\xe2\x94\x80\xe2\x94\x80\xe2\x94\x80 -->\n<div class="flash-container">\n    <div class="container">\n        \n            \n        \n    </div>\n</div>\n\n<!-- \xe2\x94\x80\xe2\x94\x80 Main Content \xe2\x94\x80\xe2\x94\x80\xe2\x94\x80\xe2\x94\x80\xe2\x94\x80\xe2\x94\x80\xe2\x94\x80\xe2\x94\x80\xe2\x94\x80\xe2\x94\x80\xe2\x94\x80\xe2\x94\x80\xe2\x94\x80\xe2\x94\x80\xe2\x94\x80\xe2\x94\x80\xe2\x94\x80\xe2\x94\x80\xe2\x94\x80\xe2\x94\x80\xe2\x94\x80\xe2\x94\x80\xe2\x94\x80\xe2\x94\x80\xe2\x94\x80\xe2\x94\x80\xe2\x94\x80\xe2\x94\x80\xe2\x94\x80\xe2\x94\x80\xe2\x94\x80\xe2\x94\x80\xe2\x94\x80\xe2\x94\x80\xe2\x94\x80\xe2\x94\x80\xe2\x94\x80\xe2\x94\x80\xe2\x94\x80\xe2\x94\x80\xe2\x94\x80\xe2\x94\x80\xe2\x94\x80\xe2\x94\x80\xe2\x94\x80\xe2\x94\x80\xe2\x94\x80\xe2\x94\x80\xe2\x94\x80\xe2\x94\x80\xe2\x94\x80\xe2\x94\x80\xe2\x94\x80\xe2\x94\x80\xe2\x94\x80\xe2\x94\x80 -->\n<main>\n    \n<div class="container py-4">\n\n  <div class="d-flex justify-content-between align-items-center mb-4">\n    <div>\n      <h2 class="mb-0" style="color:var(--cq-cyan);">\xf0\x9f\x9b\xa1\xef\xb8\x8f Challenge Categories</h2>\n      <p style="color:var(--cq-text-muted);" class="mb-0">Choose a category to start earning points</p>\n    </div>\n    <div class="text-end">\n      <span class="badge-cq-gold fs-6 px-3 py-2">\xe2\xad\x90 0 pts</span>\n      <a href="/progress" class="btn btn-cq-outline ms-2">\xf0\x9f\x93\x8a My Progress</a>\n    </div>\n  </div>\n\n  <!-- Category Cards -->\n  <div class="row g-4 mb-5">\n    \n    <div class="col-md-4">\n      <div class="card-cq h-100 p-4 text-center" style="transition:border-color 0.2s,transform 0.2s;"\n           onmouseover="this.style.borderColor=\'var(--cq-cyan)\';this.style.transform=\'translateY(-4px)\'"\n           onmouseout="this.style.borderColor=\'var(--cq-border)\';this.style.transform=\'none\'">\n        <div style="font-size:3.5rem;" class="mb-3">\xf0\x9f\x8e\xa3</div>\n        <h4 style="color:var(--cq-cyan);">Phishing Awareness</h4>\n        <p style="color:var(--cq-text-muted);" class="small mb-3">Learn to spot phishing emails and social engineering attacks.</p>\n\n        <div class="mb-3">\n          <div class="d-flex justify-content-between small mb-1"\n               style="color:var(--cq-text-muted);">\n            <span>Progress</span>\n            <span>0/5</span>\n          </div>\n          <div class="progress-cq">\n            <div class="progress-bar" role="progressbar"\n                 style="width:0%">\n            </div>\n          </div>\n        </div>\n\n        <a href="/challenge/phishing"\n           class="btn btn-cq-primary w-100 fw-bold">\n          \xf0\x9f\x9a\x80 Start\n        </a>\n      </div>\n    </div>\n    \n    <div class="col-md-4">\n      <div class="card-cq h-100 p-4 text-center" style="transition:border-color 0.2s,transform 0.2s;"\n           onmouseover="this.style.borderColor=\'var(--cq-cyan)\';this.style.transform=\'translateY(-4px)\'"\n           onmouseout="this.style.borderColor=\'var(--cq-border)\';this.style.transform=\'none\'">\n        <div style="font-size:3.5rem;" class="mb-3">\xf0\x9f\x94\x90</div>\n        <h4 style="color:var(--cq-cyan);">Password Security</h4>\n        <p style="color:var(--cq-text-muted);" class="small mb-3">Master the art of strong passwords and authentication.</p>\n\n        <div class="mb-3">\n          <div class="d-flex justify-content-between small mb-1"\n               style="color:var(--cq-text-muted);">\n            <span>Progress</span>\n            <span>0/5</span>\n          </div>\n          <div class="progress-cq">\n            <div class="progress-bar" role="progressbar"\n                 style="width:0%">\n            </div>\n          </div>\n        </div>\n\n        <a href="/challenge/password"\n           class="btn btn-cq-primary w-100 fw-bold">\n          \xf0\x9f\x9a\x80 Start\n        </a>\n      </div>\n    </div>\n    \n    <div class="col-md-4">\n      <div class="card-cq h-100 p-4 text-center" style="transition:border-color 0.2s,transform 0.2s;"\n           onmouseover="this.style.borderColor=\'var(--cq-cyan)\';this.style.transform=\'translateY(-4px)\'"\n           onmouseout="this.style.borderColor=\'var(--cq-border)\';this.style.transform=\'none\'">\n        <div style="font-size:3.5rem;" class="mb-3">\xf0\x9f\x8c\x90</div>\n        <h4 style="color:var(--cq-cyan);">Safe Browsing</h4>\n        <p style="color:var(--cq-text-muted);" class="small mb-3">Stay safe online \xe2\x80\x94 VPNs, HTTPS, and browser threats.</p>\n\n        <div class="mb-3">\n          <div class="d-flex justify-content-between small mb-1"\n               style="color:var(--cq-text-muted);">\n            <span>Progress</span>\n            <span>0/5</span>\n          </div>\n          <div class="progress-cq">\n            <div class="progress-bar" role="progressbar"\n                 style="width:0%">\n            </div>\n          </div>\n        </div>\n\n        <a href="/challenge/browsing"\n           class="btn btn-cq-primary w-100 fw-bold">\n          \xf0\x9f\x9a\x80 Start\n        </a>\n      </div>\n    </div>\n    \n  </div>\n\n  <!-- Badges -->\n  \n\n</div>\n\n</main>\n\n<!-- \xe2\x94\x80\xe2\x94\x80 Footer \xe2\x94\x80\xe2\x94\x80\xe2\x94\x80\xe2\x94\x80\xe2\x94\x80\xe2\x94\x80\xe2\x94\x80\xe2\x94\x80\xe2\x94\x80\xe2\x94\x80\xe2\x94\x80\xe2\x94\x80\xe2\x94\x80\xe2\x94\x80\xe2\x94\x80\xe2\x94\x80\xe2\x94\x80\xe2\x94\x80\xe2\x94\x80\xe2\x94\x80\xe2\x94\x80\xe2\x94\x80\xe2\x94\x80\xe2\x94\x80\xe2\x94\x80\xe2\x94\x80\xe2\x94\x80\xe2\x94\x80\xe2\x94\x80\xe2\x94\x80\xe2\x94\x80\xe2\x94\x80\xe2\x94\x80\xe2\x94\x80\xe2\x94\x80\xe2\x94\x80\xe2\x94\x80\xe2\x94\x80\xe2\x94\x80\xe2\x94\x80\xe2\x94\x80\xe2\x94\x80\xe2\x94\x80\xe2\x94\x80\xe2\x94\x80\xe2\x94\x80\xe2\x94\x80\xe2\x94\x80\xe2\x94\x80\xe2\x94\x80\xe2\x94\x80\xe2\x94\x80\xe2\x94\x80\xe2\x94\x80\xe2\x94\x80\xe2\x94\x80\xe2\x94\x80\xe2\x94\x80\xe2\x94\x80\xe2\x94\x80\xe2\x94\x80 -->\n<footer class="footer-cq">\n    <div class="container">\n        <div class="row align-items-center">\n            <div class="col-md-3 mb-2 mb-md-0">\n                <div class="footer-brand"><i class="bi bi-shield-fill-check me-2"></i>CYBERQUEST</div>\n                <div class="footer-text">Cybersecurity Awareness Game</div>\n            </div>\n            <div class="col-md-5 mb-2 mb-md-0">\n                <div class="footer-text">\n                    <i class="bi bi-mortarboard-fill me-1"></i>\n                    ICT932 \xe2\x80\x94 Cybersecurity Testing and Assurance<br>\n                    Crown Institute of Higher Education (CIHE) \xc2\xa9 2026\n                </div>\n            </div>\n            <div class="col-md-4 text-md-end">\n                <div class="footer-team">\n                    Prashan Manandhar | Raju Kshetri | Pramesh Silwal | Susanta Dhakal\n                </div>\n            </div>\n        </div>\n    </div>\n</footer>\n\n<script src="https://cdn.jsdelivr.net/npm/bootstrap@5.3.0/dist/js/bootstrap.bundle.min.js"></script>\n\n\n</body>\n</html>'
E    +  where b'<!DOCTYPE html>\n<!--\n    base.html \xe2\x80\x94 Shared base template for CyberQuest\n    Authors: Susanta Dhakal (CIHE250321) & Pramesh Silwal (CIHE241339)\n    Fixed: Prashan Manandhar (CIHE241182) \xe2\x80\x94 removed broken url_for(\'home\')\n-->\n<html lang="en">\n<head>\n    <meta charset="UTF-8">\n    <meta name="viewport" content="width=device-width, initial-scale=1.0">\n    <meta name="description" content="CyberQuest \xe2\x80\x94 Cybersecurity Awareness Game for ICT932 CIHE">\n    <title>Challenges \xe2\x80\x94 CyberQuest | ICT932</title>\n\n    <!-- Bootstrap 5 CSS -->\n    <link href="https://cdn.jsdelivr.net/npm/bootstrap@5.3.0/dist/css/bootstrap.min.css" rel="stylesheet">\n    <!-- Bootstrap Icons -->\n    <link href="https://cdn.jsdelivr.net/npm/bootstrap-icons@1.11.0/font/bootstrap-icons.css" rel="stylesheet">\n    <!-- Google Fonts -->\n    <link href="https://fonts.googleapis.com/css2?family=Orbitron:wght@400;600;800&family=Rajdhani:wght@300;400;500;600&display=swap" rel="stylesheet">\n\n    <style>\n        /* \xe2\x94\x80\xe2\x94\x80 Design Tokens \xe2\x94\x80\xe2\x94\x80\xe2\x94\x80\xe2\x94\x80\xe2\x94\x80\xe2\x94\x80\xe2\x94\x80\xe2\x94\x80\xe2\x94\x80\xe2\x94\x80\xe2\x94\x80\xe2\x94\x80\xe2\x94\x80\xe2\x94\x80\xe2\x94\x80\xe2\x94\x80\xe2\x94\x80\xe2\x94\x80\xe2\x94\x80\xe2\x94\x80\xe2\x94\x80\xe2\x94\x80\xe2\x94\x80\xe2\x94\x80\xe2\x94\x80\xe2\x94\x80\xe2\x94\x80\xe2\x94\x80\xe2\x94\x80\xe2\x94\x80\xe2\x94\x80\xe2\x94\x80\xe2\x94\x80\xe2\x94\x80\xe2\x94\x80\xe2\x94\x80\xe2\x94\x80\xe2\x94\x80\xe2\x94\x80\xe2\x94\x80\xe2\x94\x80\xe2\x94\x80\xe2\x94\x80\xe2\x94\x80\xe2\x94\x80\xe2\x94\x80\xe2\x94\x80 */\n        :root {\n            --cq-navy:      #0D1B2A;\n            --cq-navy-mid:  #112233;\n            --cq-navy-light:#1A2E42;\n            --cq-cyan:      #00B4D8;\n            --cq-cyan-glow: #00D4FF;\n            --cq-green:     #00E676;\n            --cq-red:       #FF4D6D;\n            --cq-yellow:    #FFD60A;\n            --cq-text:      #E0EAF4;\n            --cq-text-muted:#7A9BB5;\n            --cq-border:    rgba(0, 180, 216, 0.2);\n            --cq-shadow:    0 4px 24px rgba(0, 180, 216, 0.12);\n            --cq-radius:    12px;\n            --font-heading: \'Orbitron\', monospace;\n            --font-body:    \'Rajdhani\', sans-serif;\n        }\n\n        *, *::before, *::after { box-sizing: border-box; }\n        html { scroll-behavior: smooth; }\n\n        body {\n            background-color: var(--cq-navy);\n            color: var(--cq-text);\n            font-family: var(--font-body);\n            font-size: 1.05rem;\n            min-height: 100vh;\n            display: flex;\n            flex-direction: column;\n        }\n\n        h1,h2,h3,h4,h5,h6 { font-family: var(--font-heading); }\n        main { flex: 1; }\n\n        /* \xe2\x94\x80\xe2\x94\x80 Navbar \xe2\x94\x80\xe2\x94\x80\xe2\x94\x80\xe2\x94\x80\xe2\x94\x80\xe2\x94\x80\xe2\x94\x80\xe2\x94\x80\xe2\x94\x80\xe2\x94\x80\xe2\x94\x80\xe2\x94\x80\xe2\x94\x80\xe2\x94\x80\xe2\x94\x80\xe2\x94\x80\xe2\x94\x80\xe2\x94\x80\xe2\x94\x80\xe2\x94\x80\xe2\x94\x80\xe2\x94\x80\xe2\x94\x80\xe2\x94\x80\xe2\x94\x80\xe2\x94\x80\xe2\x94\x80\xe2\x94\x80\xe2\x94\x80\xe2\x94\x80\xe2\x94\x80\xe2\x94\x80\xe2\x94\x80\xe2\x94\x80\xe2\x94\x80\xe2\x94\x80\xe2\x94\x80\xe2\x94\x80\xe2\x94\x80\xe2\x94\x80\xe2\x94\x80\xe2\x94\x80\xe2\x94\x80\xe2\x94\x80\xe2\x94\x80\xe2\x94\x80\xe2\x94\x80\xe2\x94\x80\xe2\x94\x80\xe2\x94\x80\xe2\x94\x80\xe2\x94\x80\xe2\x94\x80\xe2\x94\x80 */\n        .navbar-cyberquest {\n            background: rgba(13,27,42,0.97);\n            border-bottom: 1px solid var(--cq-border);\n            backdrop-filter: blur(10px);\n            padding: 0.75rem 0;\n            position: sticky; top: 0; z-index: 1000;\n        }\n        .navbar-brand-cq {\n            font-family: var(--font-heading); font-weight: 800;\n            font-size: 1.35rem; color: var(--cq-cyan) !important;\n            text-decoration: none; letter-spacing: 2px;\n            display: flex; align-items: center; gap: 0.5rem;\n        }\n        .navbar-brand-cq .brand-icon {\n            color: var(--cq-cyan-glow); font-size: 1.5rem;\n            filter: drop-shadow(0 0 6px var(--cq-cyan));\n        }\n        .navbar-brand-cq:hover { color: var(--cq-cyan-glow) !important; }\n        .nav-link-cq {\n            color: var(--cq-text-muted) !important;\n            font-family: var(--font-body); font-weight: 500;\n            font-size: 0.95rem; letter-spacing: 0.5px;\n            padding: 0.5rem 0.85rem !important;\n            border-radius: 6px;\n            transition: color 0.2s, background 0.2s;\n        }\n        .nav-link-cq:hover, .nav-link-cq.active {\n            color: var(--cq-cyan) !important;\n            background: rgba(0,180,216,0.08);\n        }\n        .btn-nav-login {\n            border: 1px solid var(--cq-cyan); color: var(--cq-cyan);\n            background: transparent; border-radius: 6px;\n            padding: 0.4rem 1rem; font-weight: 600; font-size: 0.9rem;\n            transition: all 0.2s;\n        }\n        .btn-nav-login:hover {\n            background: rgba(0,180,216,0.15); color: var(--cq-cyan-glow);\n        }\n        .btn-nav-register {\n            background: var(--cq-cyan); color: var(--cq-navy);\n            border: none; border-radius: 6px;\n            padding: 0.4rem 1rem; font-weight: 700; font-size: 0.9rem;\n            transition: all 0.2s;\n        }\n        .btn-nav-register:hover {\n            background: var(--cq-cyan-glow);\n            box-shadow: 0 4px 12px rgba(0,180,216,0.35);\n        }\n        .navbar-username { color: var(--cq-text-muted); font-size: 0.85rem; }\n        .navbar-username strong { color: var(--cq-cyan); }\n        .navbar-toggler { border-color: var(--cq-border); }\n        .navbar-toggler-icon { filter: invert(60%) sepia(80%) saturate(400%) hue-rotate(165deg); }\n\n        /* \xe2\x94\x80\xe2\x94\x80 Flash Messages \xe2\x94\x80\xe2\x94\x80\xe2\x94\x80\xe2\x94\x80\xe2\x94\x80\xe2\x94\x80\xe2\x94\x80\xe2\x94\x80\xe2\x94\x80\xe2\x94\x80\xe2\x94\x80\xe2\x94\x80\xe2\x94\x80\xe2\x94\x80\xe2\x94\x80\xe2\x94\x80\xe2\x94\x80\xe2\x94\x80\xe2\x94\x80\xe2\x94\x80\xe2\x94\x80\xe2\x94\x80\xe2\x94\x80\xe2\x94\x80\xe2\x94\x80\xe2\x94\x80\xe2\x94\x80\xe2\x94\x80\xe2\x94\x80\xe2\x94\x80\xe2\x94\x80\xe2\x94\x80\xe2\x94\x80\xe2\x94\x80\xe2\x94\x80\xe2\x94\x80\xe2\x94\x80\xe2\x94\x80\xe2\x94\x80\xe2\x94\x80\xe2\x94\x80\xe2\x94\x80\xe2\x94\x80\xe2\x94\x80\xe2\x94\x80\xe2\x94\x80 */\n        .flash-container { padding: 0.5rem 0; }\n        .alert-cq {\n            border-left: 4px solid; border-radius: 0 var(--cq-radius) var(--cq-radius) 0;\n            background: var(--cq-navy-mid); color: var(--cq-text);\n            border-top: none; border-right: none; border-bottom: none;\n            font-weight: 500;\n        }\n        .alert-cq.alert-success { border-color: var(--cq-green); }\n        .alert-cq.alert-danger  { border-color: var(--cq-red); }\n        .alert-cq.alert-info    { border-color: var(--cq-cyan); }\n        .alert-cq.alert-warning { border-color: var(--cq-yellow); }\n\n        /* \xe2\x94\x80\xe2\x94\x80 Dark Cards \xe2\x94\x80\xe2\x94\x80\xe2\x94\x80\xe2\x94\x80\xe2\x94\x80\xe2\x94\x80\xe2\x94\x80\xe2\x94\x80\xe2\x94\x80\xe2\x94\x80\xe2\x94\x80\xe2\x94\x80\xe2\x94\x80\xe2\x94\x80\xe2\x94\x80\xe2\x94\x80\xe2\x94\x80\xe2\x94\x80\xe2\x94\x80\xe2\x94\x80\xe2\x94\x80\xe2\x94\x80\xe2\x94\x80\xe2\x94\x80\xe2\x94\x80\xe2\x94\x80\xe2\x94\x80\xe2\x94\x80\xe2\x94\x80\xe2\x94\x80\xe2\x94\x80\xe2\x94\x80\xe2\x94\x80\xe2\x94\x80\xe2\x94\x80\xe2\x94\x80\xe2\x94\x80\xe2\x94\x80\xe2\x94\x80\xe2\x94\x80\xe2\x94\x80\xe2\x94\x80\xe2\x94\x80\xe2\x94\x80\xe2\x94\x80\xe2\x94\x80\xe2\x94\x80\xe2\x94\x80\xe2\x94\x80\xe2\x94\x80 */\n        .card-cq {\n            background: var(--cq-navy-mid);\n            border: 1px solid var(--cq-border);\n            border-radius: var(--cq-radius);\n            color: var(--cq-text);\n            box-shadow: var(--cq-shadow);\n        }\n        .card-cq .card-header {\n            background: var(--cq-navy-light);\n            border-bottom: 1px solid var(--cq-border);\n            color: var(--cq-text);\n            border-radius: var(--cq-radius) var(--cq-radius) 0 0;\n        }\n\n        /* \xe2\x94\x80\xe2\x94\x80 Dark Tables \xe2\x94\x80\xe2\x94\x80\xe2\x94\x80\xe2\x94\x80\xe2\x94\x80\xe2\x94\x80\xe2\x94\x80\xe2\x94\x80\xe2\x94\x80\xe2\x94\x80\xe2\x94\x80\xe2\x94\x80\xe2\x94\x80\xe2\x94\x80\xe2\x94\x80\xe2\x94\x80\xe2\x94\x80\xe2\x94\x80\xe2\x94\x80\xe2\x94\x80\xe2\x94\x80\xe2\x94\x80\xe2\x94\x80\xe2\x94\x80\xe2\x94\x80\xe2\x94\x80\xe2\x94\x80\xe2\x94\x80\xe2\x94\x80\xe2\x94\x80\xe2\x94\x80\xe2\x94\x80\xe2\x94\x80\xe2\x94\x80\xe2\x94\x80\xe2\x94\x80\xe2\x94\x80\xe2\x94\x80\xe2\x94\x80\xe2\x94\x80\xe2\x94\x80\xe2\x94\x80\xe2\x94\x80\xe2\x94\x80\xe2\x94\x80\xe2\x94\x80\xe2\x94\x80\xe2\x94\x80\xe2\x94\x80 */\n        .table-cq { color: var(--cq-text); }\n        .table-cq thead th {\n            background: var(--cq-navy-light);\n            color: var(--cq-cyan);\n            border-color: var(--cq-border);\n            font-family: var(--font-heading);\n            font-size: 0.8rem;\n            letter-spacing: 1px;\n        }\n        .table-cq tbody tr {\n            border-color: var(--cq-border);\n        }\n        .table-cq tbody tr:hover {\n            background: rgba(0,180,216,0.05);\n        }\n        .table-cq td, .table-cq th {\n            border-color: var(--cq-border);\n            vertical-align: middle;\n        }\n\n        /* \xe2\x94\x80\xe2\x94\x80 Dark Forms \xe2\x94\x80\xe2\x94\x80\xe2\x94\x80\xe2\x94\x80\xe2\x94\x80\xe2\x94\x80\xe2\x94\x80\xe2\x94\x80\xe2\x94\x80\xe2\x94\x80\xe2\x94\x80\xe2\x94\x80\xe2\x94\x80\xe2\x94\x80\xe2\x94\x80\xe2\x94\x80\xe2\x94\x80\xe2\x94\x80\xe2\x94\x80\xe2\x94\x80\xe2\x94\x80\xe2\x94\x80\xe2\x94\x80\xe2\x94\x80\xe2\x94\x80\xe2\x94\x80\xe2\x94\x80\xe2\x94\x80\xe2\x94\x80\xe2\x94\x80\xe2\x94\x80\xe2\x94\x80\xe2\x94\x80\xe2\x94\x80\xe2\x94\x80\xe2\x94\x80\xe2\x94\x80\xe2\x94\x80\xe2\x94\x80\xe2\x94\x80\xe2\x94\x80\xe2\x94\x80\xe2\x94\x80\xe2\x94\x80\xe2\x94\x80\xe2\x94\x80\xe2\x94\x80\xe2\x94\x80\xe2\x94\x80\xe2\x94\x80 */\n        .form-control-cq, .form-select-cq {\n            background: var(--cq-navy-light);\n            border: 1px solid var(--cq-border);\n            color: var(--cq-text);\n            border-radius: 8px;\n        }\n        .form-control-cq:focus, .form-select-cq:focus {\n            background: var(--cq-navy-light);\n            border-color: var(--cq-cyan);\n            color: var(--cq-text);\n            box-shadow: 0 0 0 3px rgba(0,180,216,0.2);\n        }\n        .form-control-cq::placeholder { color: var(--cq-text-muted); }\n\n        /* \xe2\x94\x80\xe2\x94\x80 CyberQuest Buttons \xe2\x94\x80\xe2\x94\x80\xe2\x94\x80\xe2\x94\x80\xe2\x94\x80\xe2\x94\x80\xe2\x94\x80\xe2\x94\x80\xe2\x94\x80\xe2\x94\x80\xe2\x94\x80\xe2\x94\x80\xe2\x94\x80\xe2\x94\x80\xe2\x94\x80\xe2\x94\x80\xe2\x94\x80\xe2\x94\x80\xe2\x94\x80\xe2\x94\x80\xe2\x94\x80\xe2\x94\x80\xe2\x94\x80\xe2\x94\x80\xe2\x94\x80\xe2\x94\x80\xe2\x94\x80\xe2\x94\x80\xe2\x94\x80\xe2\x94\x80\xe2\x94\x80\xe2\x94\x80\xe2\x94\x80\xe2\x94\x80\xe2\x94\x80\xe2\x94\x80\xe2\x94\x80\xe2\x94\x80\xe2\x94\x80\xe2\x94\x80\xe2\x94\x80\xe2\x94\x80 */\n        .btn-cq-primary {\n            background: var(--cq-cyan); color: var(--cq-navy);\n            border: none; font-weight: 700; border-radius: 8px;\n            font-family: var(--font-body); letter-spacing: 0.5px;\n            transition: all 0.2s;\n        }\n        .btn-cq-primary:hover {\n            background: var(--cq-cyan-glow);\n            box-shadow: 0 4px 16px rgba(0,180,216,0.4);\n        }\n        .btn-cq-outline {\n            border: 1px solid var(--cq-cyan); color: var(--cq-cyan);\n            background: transparent; border-radius: 8px;\n            font-weight: 600; transition: all 0.2s;\n        }\n        .btn-cq-outline:hover {\n            background: rgba(0,180,216,0.12); color: var(--cq-cyan-glow);\n        }\n        .btn-cq-danger {\n            border: 1px solid var(--cq-red); color: var(--cq-red);\n            background: transparent; border-radius: 8px;\n            font-weight: 600; transition: all 0.2s;\n        }\n        .btn-cq-danger:hover { background: rgba(255,77,109,0.12); }\n\n        /* \xe2\x94\x80\xe2\x94\x80 Badges / Pills \xe2\x94\x80\xe2\x94\x80\xe2\x94\x80\xe2\x94\x80\xe2\x94\x80\xe2\x94\x80\xe2\x94\x80\xe2\x94\x80\xe2\x94\x80\xe2\x94\x80\xe2\x94\x80\xe2\x94\x80\xe2\x94\x80\xe2\x94\x80\xe2\x94\x80\xe2\x94\x80\xe2\x94\x80\xe2\x94\x80\xe2\x94\x80\xe2\x94\x80\xe2\x94\x80\xe2\x94\x80\xe2\x94\x80\xe2\x94\x80\xe2\x94\x80\xe2\x94\x80\xe2\x94\x80\xe2\x94\x80\xe2\x94\x80\xe2\x94\x80\xe2\x94\x80\xe2\x94\x80\xe2\x94\x80\xe2\x94\x80\xe2\x94\x80\xe2\x94\x80\xe2\x94\x80\xe2\x94\x80\xe2\x94\x80\xe2\x94\x80\xe2\x94\x80\xe2\x94\x80\xe2\x94\x80\xe2\x94\x80\xe2\x94\x80\xe2\x94\x80 */\n        .badge-cq-cyan {\n            background: rgba(0,180,216,0.15);\n            color: var(--cq-cyan);\n            border: 1px solid var(--cq-border);\n            border-radius: 20px; padding: 0.3rem 0.8rem;\n            font-size: 0.8rem; font-weight: 600;\n        }\n        .badge-cq-gold {\n            background: rgba(255,214,10,0.15);\n            color: var(--cq-yellow);\n            border: 1px solid rgba(255,214,10,0.3);\n            border-radius: 20px; padding: 0.3rem 0.8rem;\n            font-size: 0.8rem; font-weight: 600;\n        }\n\n        /* \xe2\x94\x80\xe2\x94\x80 Progress bars \xe2\x94\x80\xe2\x94\x80\xe2\x94\x80\xe2\x94\x80\xe2\x94\x80\xe2\x94\x80\xe2\x94\x80\xe2\x94\x80\xe2\x94\x80\xe2\x94\x80\xe2\x94\x80\xe2\x94\x80\xe2\x94\x80\xe2\x94\x80\xe2\x94\x80\xe2\x94\x80\xe2\x94\x80\xe2\x94\x80\xe2\x94\x80\xe2\x94\x80\xe2\x94\x80\xe2\x94\x80\xe2\x94\x80\xe2\x94\x80\xe2\x94\x80\xe2\x94\x80\xe2\x94\x80\xe2\x94\x80\xe2\x94\x80\xe2\x94\x80\xe2\x94\x80\xe2\x94\x80\xe2\x94\x80\xe2\x94\x80\xe2\x94\x80\xe2\x94\x80\xe2\x94\x80\xe2\x94\x80\xe2\x94\x80\xe2\x94\x80\xe2\x94\x80\xe2\x94\x80\xe2\x94\x80\xe2\x94\x80\xe2\x94\x80\xe2\x94\x80\xe2\x94\x80 */\n        .progress-cq {\n            background: var(--cq-navy-light);\n            border-radius: 10px; height: 8px;\n        }\n        .progress-cq .progress-bar {\n            background: linear-gradient(90deg, var(--cq-cyan), var(--cq-green));\n            border-radius: 10px;\n        }\n\n        /* \xe2\x94\x80\xe2\x94\x80 Stat Cards \xe2\x94\x80\xe2\x94\x80\xe2\x94\x80\xe2\x94\x80\xe2\x94\x80\xe2\x94\x80\xe2\x94\x80\xe2\x94\x80\xe2\x94\x80\xe2\x94\x80\xe2\x94\x80\xe2\x94\x80\xe2\x94\x80\xe2\x94\x80\xe2\x94\x80\xe2\x94\x80\xe2\x94\x80\xe2\x94\x80\xe2\x94\x80\xe2\x94\x80\xe2\x94\x80\xe2\x94\x80\xe2\x94\x80\xe2\x94\x80\xe2\x94\x80\xe2\x94\x80\xe2\x94\x80\xe2\x94\x80\xe2\x94\x80\xe2\x94\x80\xe2\x94\x80\xe2\x94\x80\xe2\x94\x80\xe2\x94\x80\xe2\x94\x80\xe2\x94\x80\xe2\x94\x80\xe2\x94\x80\xe2\x94\x80\xe2\x94\x80\xe2\x94\x80\xe2\x94\x80\xe2\x94\x80\xe2\x94\x80\xe2\x94\x80\xe2\x94\x80\xe2\x94\x80\xe2\x94\x80\xe2\x94\x80\xe2\x94\x80 */\n        .stat-card {\n            background: var(--cq-navy-mid);\n            border: 1px solid var(--cq-border);\n            border-radius: var(--cq-radius);\n            padding: 1.5rem 1rem;\n            text-align: center;\n            transition: border-color 0.2s, transform 0.2s;\n        }\n        .stat-card:hover {\n            border-color: var(--cq-cyan);\n            transform: translateY(-2px);\n        }\n        .stat-card .stat-number {\n            font-family: var(--font-heading); font-size: 2rem;\n            font-weight: 800;\n        }\n        .stat-card .stat-label { color: var(--cq-text-muted); font-size: 0.85rem; }\n\n        /* \xe2\x94\x80\xe2\x94\x80 Footer \xe2\x94\x80\xe2\x94\x80\xe2\x94\x80\xe2\x94\x80\xe2\x94\x80\xe2\x94\x80\xe2\x94\x80\xe2\x94\x80\xe2\x94\x80\xe2\x94\x80\xe2\x94\x80\xe2\x94\x80\xe2\x94\x80\xe2\x94\x80\xe2\x94\x80\xe2\x94\x80\xe2\x94\x80\xe2\x94\x80\xe2\x94\x80\xe2\x94\x80\xe2\x94\x80\xe2\x94\x80\xe2\x94\x80\xe2\x94\x80\xe2\x94\x80\xe2\x94\x80\xe2\x94\x80\xe2\x94\x80\xe2\x94\x80\xe2\x94\x80\xe2\x94\x80\xe2\x94\x80\xe2\x94\x80\xe2\x94\x80\xe2\x94\x80\xe2\x94\x80\xe2\x94\x80\xe2\x94\x80\xe2\x94\x80\xe2\x94\x80\xe2\x94\x80\xe2\x94\x80\xe2\x94\x80\xe2\x94\x80\xe2\x94\x80\xe2\x94\x80\xe2\x94\x80\xe2\x94\x80\xe2\x94\x80\xe2\x94\x80\xe2\x94\x80\xe2\x94\x80\xe2\x94\x80\xe2\x94\x80 */\n        .footer-cq {\n            background: var(--cq-navy-mid);\n            border-top: 1px solid var(--cq-border);\n            padding: 1.5rem 0;\n            margin-top: auto;\n        }\n        .footer-brand {\n            font-family: var(--font-heading); font-weight: 800;\n            color: var(--cq-cyan); font-size: 1rem; letter-spacing: 2px;\n        }\n        .footer-text { color: var(--cq-text-muted); font-size: 0.85rem; }\n        .footer-team { color: var(--cq-cyan); font-size: 0.85rem; font-weight: 600; }\n\n        /* \xe2\x94\x80\xe2\x94\x80 Scrollbar \xe2\x94\x80\xe2\x94\x80\xe2\x94\x80\xe2\x94\x80\xe2\x94\x80\xe2\x94\x80\xe2\x94\x80\xe2\x94\x80\xe2\x94\x80\xe2\x94\x80\xe2\x94\x80\xe2\x94\x80\xe2\x94\x80\xe2\x94\x80\xe2\x94\x80\xe2\x94\x80\xe2\x94\x80\xe2\x94\x80\xe2\x94\x80\xe2\x94\x80\xe2\x94\x80\xe2\x94\x80\xe2\x94\x80\xe2\x94\x80\xe2\x94\x80\xe2\x94\x80\xe2\x94\x80\xe2\x94\x80\xe2\x94\x80\xe2\x94\x80\xe2\x94\x80\xe2\x94\x80\xe2\x94\x80\xe2\x94\x80\xe2\x94\x80\xe2\x94\x80\xe2\x94\x80\xe2\x94\x80\xe2\x94\x80\xe2\x94\x80\xe2\x94\x80\xe2\x94\x80\xe2\x94\x80\xe2\x94\x80\xe2\x94\x80\xe2\x94\x80\xe2\x94\x80\xe2\x94\x80\xe2\x94\x80\xe2\x94\x80\xe2\x94\x80 */\n        ::-webkit-scrollbar { width: 6px; }\n        ::-webkit-scrollbar-track { background: var(--cq-navy); }\n        ::-webkit-scrollbar-thumb { background: var(--cq-navy-light); border-radius: 3px; }\n        ::-webkit-scrollbar-thumb:hover { background: var(--cq-cyan); }\n    </style>\n\n    \n</head>\n\n<body>\n\n<!-- \xe2\x94\x80\xe2\x94\x80 Navbar \xe2\x94\x80\xe2\x94\x80\xe2\x94\x80\xe2\x94\x80\xe2\x94\x80\xe2\x94\x80\xe2\x94\x80\xe2\x94\x80\xe2\x94\x80\xe2\x94\x80\xe2\x94\x80\xe2\x94\x80\xe2\x94\x80\xe2\x94\x80\xe2\x94\x80\xe2\x94\x80\xe2\x94\x80\xe2\x94\x80\xe2\x94\x80\xe2\x94\x80\xe2\x94\x80\xe2\x94\x80\xe2\x94\x80\xe2\x94\x80\xe2\x94\x80\xe2\x94\x80\xe2\x94\x80\xe2\x94\x80\xe2\x94\x80\xe2\x94\x80\xe2\x94\x80\xe2\x94\x80\xe2\x94\x80\xe2\x94\x80\xe2\x94\x80\xe2\x94\x80\xe2\x94\x80\xe2\x94\x80\xe2\x94\x80\xe2\x94\x80\xe2\x94\x80\xe2\x94\x80\xe2\x94\x80\xe2\x94\x80\xe2\x94\x80\xe2\x94\x80\xe2\x94\x80\xe2\x94\x80\xe2\x94\x80\xe2\x94\x80\xe2\x94\x80\xe2\x94\x80\xe2\x94\x80\xe2\x94\x80\xe2\x94\x80\xe2\x94\x80\xe2\x94\x80\xe2\x94\x80\xe2\x94\x80\xe2\x94\x80\xe2\x94\x80 -->\n<nav class="navbar navbar-expand-lg navbar-cyberquest">\n    <div class="container">\n        <!-- Fixed: use auth.login instead of non-existent \'home\' route -->\n        <a class="navbar-brand-cq"\n           href="/challenges">\n            <i class="bi bi-shield-fill-check brand-icon"></i>\n            CYBER<span style="color:#fff;">QUEST</span>\n        </a>\n\n        <button class="navbar-toggler" type="button"\n                data-bs-toggle="collapse" data-bs-target="#navbarMain">\n            <span class="navbar-toggler-icon"></span>\n        </button>\n\n        <div class="collapse navbar-collapse" id="navbarMain">\n            \n            <ul class="navbar-nav me-auto mb-2 mb-lg-0">\n                \n                <li class="nav-item">\n                    <a class="nav-link nav-link-cq" href="/challenges">\n                        <i class="bi bi-controller me-1"></i> Challenges\n                    </a>\n                </li>\n                <li class="nav-item">\n                    <a class="nav-link nav-link-cq" href="/progress">\n                        <i class="bi bi-bar-chart-fill me-1"></i> My Progress\n                    </a>\n                </li>\n                <li class="nav-item">\n                    <a class="nav-link nav-link-cq" href="/result">\n                        <i class="bi bi-trophy me-1"></i> Results\n                    </a>\n                </li>\n                \n            </ul>\n            \n\n            <div class="d-flex align-items-center gap-2">\n                \n                    <span class="navbar-username d-none d-md-inline">\n                        <i class="bi bi-person-circle me-1"></i>\n                        <strong>newstudent_test</strong>\n                        <span class="badge ms-1"\n                              style="background:rgba(0,180,216,0.15);\n                                     color:var(--cq-cyan); font-size:0.7rem;">\n                            Student\n                        </span>\n                    </span>\n                    \n                    <a href="/2fa/setup"\n                       class="btn-nav-login btn"\n                       title="2FA Settings">\n                        <i class="bi bi-shield-lock"></i>\n                    </a>\n                    \n                    <a href="/logout" class="btn-nav-login btn">\n                        <i class="bi bi-box-arrow-right me-1"></i> Logout\n                    </a>\n                \n            </div>\n        </div>\n    </div>\n</nav>\n\n<!-- \xe2\x94\x80\xe2\x94\x80 Flash Messages (handled once here, not in child templates) \xe2\x94\x80\xe2\x94\x80\xe2\x94\x80\xe2\x94\x80\xe2\x94\x80\xe2\x94\x80\xe2\x94\x80\xe2\x94\x80\xe2\x94\x80\xe2\x94\x80 -->\n<div class="flash-container">\n    <div class="container">\n        \n            \n        \n    </div>\n</div>\n\n<!-- \xe2\x94\x80\xe2\x94\x80 Main Content \xe2\x94\x80\xe2\x94\x80\xe2\x94\x80\xe2\x94\x80\xe2\x94\x80\xe2\x94\x80\xe2\x94\x80\xe2\x94\x80\xe2\x94\x80\xe2\x94\x80\xe2\x94\x80\xe2\x94\x80\xe2\x94\x80\xe2\x94\x80\xe2\x94\x80\xe2\x94\x80\xe2\x94\x80\xe2\x94\x80\xe2\x94\x80\xe2\x94\x80\xe2\x94\x80\xe2\x94\x80\xe2\x94\x80\xe2\x94\x80\xe2\x94\x80\xe2\x94\x80\xe2\x94\x80\xe2\x94\x80\xe2\x94\x80\xe2\x94\x80\xe2\x94\x80\xe2\x94\x80\xe2\x94\x80\xe2\x94\x80\xe2\x94\x80\xe2\x94\x80\xe2\x94\x80\xe2\x94\x80\xe2\x94\x80\xe2\x94\x80\xe2\x94\x80\xe2\x94\x80\xe2\x94\x80\xe2\x94\x80\xe2\x94\x80\xe2\x94\x80\xe2\x94\x80\xe2\x94\x80\xe2\x94\x80\xe2\x94\x80\xe2\x94\x80\xe2\x94\x80\xe2\x94\x80\xe2\x94\x80\xe2\x94\x80\xe2\x94\x80 -->\n<main>\n    \n<div class="container py-4">\n\n  <div class="d-flex justify-content-between align-items-center mb-4">\n    <div>\n      <h2 class="mb-0" style="color:var(--cq-cyan);">\xf0\x9f\x9b\xa1\xef\xb8\x8f Challenge Categories</h2>\n      <p style="color:var(--cq-text-muted);" class="mb-0">Choose a category to start earning points</p>\n    </div>\n    <div class="text-end">\n      <span class="badge-cq-gold fs-6 px-3 py-2">\xe2\xad\x90 0 pts</span>\n      <a href="/progress" class="btn btn-cq-outline ms-2">\xf0\x9f\x93\x8a My Progress</a>\n    </div>\n  </div>\n\n  <!-- Category Cards -->\n  <div class="row g-4 mb-5">\n    \n    <div class="col-md-4">\n      <div class="card-cq h-100 p-4 text-center" style="transition:border-color 0.2s,transform 0.2s;"\n           onmouseover="this.style.borderColor=\'var(--cq-cyan)\';this.style.transform=\'translateY(-4px)\'"\n           onmouseout="this.style.borderColor=\'var(--cq-border)\';this.style.transform=\'none\'">\n        <div style="font-size:3.5rem;" class="mb-3">\xf0\x9f\x8e\xa3</div>\n        <h4 style="color:var(--cq-cyan);">Phishing Awareness</h4>\n        <p style="color:var(--cq-text-muted);" class="small mb-3">Learn to spot phishing emails and social engineering attacks.</p>\n\n        <div class="mb-3">\n          <div class="d-flex justify-content-between small mb-1"\n               style="color:var(--cq-text-muted);">\n            <span>Progress</span>\n            <span>0/5</span>\n          </div>\n          <div class="progress-cq">\n            <div class="progress-bar" role="progressbar"\n                 style="width:0%">\n            </div>\n          </div>\n        </div>\n\n        <a href="/challenge/phishing"\n           class="btn btn-cq-primary w-100 fw-bold">\n          \xf0\x9f\x9a\x80 Start\n        </a>\n      </div>\n    </div>\n    \n    <div class="col-md-4">\n      <div class="card-cq h-100 p-4 text-center" style="transition:border-color 0.2s,transform 0.2s;"\n           onmouseover="this.style.borderColor=\'var(--cq-cyan)\';this.style.transform=\'translateY(-4px)\'"\n           onmouseout="this.style.borderColor=\'var(--cq-border)\';this.style.transform=\'none\'">\n        <div style="font-size:3.5rem;" class="mb-3">\xf0\x9f\x94\x90</div>\n        <h4 style="color:var(--cq-cyan);">Password Security</h4>\n        <p style="color:var(--cq-text-muted);" class="small mb-3">Master the art of strong passwords and authentication.</p>\n\n        <div class="mb-3">\n          <div class="d-flex justify-content-between small mb-1"\n               style="color:var(--cq-text-muted);">\n            <span>Progress</span>\n            <span>0/5</span>\n          </div>\n          <div class="progress-cq">\n            <div class="progress-bar" role="progressbar"\n                 style="width:0%">\n            </div>\n          </div>\n        </div>\n\n        <a href="/challenge/password"\n           class="btn btn-cq-primary w-100 fw-bold">\n          \xf0\x9f\x9a\x80 Start\n        </a>\n      </div>\n    </div>\n    \n    <div class="col-md-4">\n      <div class="card-cq h-100 p-4 text-center" style="transition:border-color 0.2s,transform 0.2s;"\n           onmouseover="this.style.borderColor=\'var(--cq-cyan)\';this.style.transform=\'translateY(-4px)\'"\n           onmouseout="this.style.borderColor=\'var(--cq-border)\';this.style.transform=\'none\'">\n        <div style="font-size:3.5rem;" class="mb-3">\xf0\x9f\x8c\x90</div>\n        <h4 style="color:var(--cq-cyan);">Safe Browsing</h4>\n        <p style="color:var(--cq-text-muted);" class="small mb-3">Stay safe online \xe2\x80\x94 VPNs, HTTPS, and browser threats.</p>\n\n        <div class="mb-3">\n          <div class="d-flex justify-content-between small mb-1"\n               style="color:var(--cq-text-muted);">\n            <span>Progress</span>\n            <span>0/5</span>\n          </div>\n          <div class="progress-cq">\n            <div class="progress-bar" role="progressbar"\n                 style="width:0%">\n            </div>\n          </div>\n        </div>\n\n        <a href="/challenge/browsing"\n           class="btn btn-cq-primary w-100 fw-bold">\n          \xf0\x9f\x9a\x80 Start\n        </a>\n      </div>\n    </div>\n    \n  </div>\n\n  <!-- Badges -->\n  \n\n</div>\n\n</main>\n\n<!-- \xe2\x94\x80\xe2\x94\x80 Footer \xe2\x94\x80\xe2\x94\x80\xe2\x94\x80\xe2\x94\x80\xe2\x94\x80\xe2\x94\x80\xe2\x94\x80\xe2\x94\x80\xe2\x94\x80\xe2\x94\x80\xe2\x94\x80\xe2\x94\x80\xe2\x94\x80\xe2\x94\x80\xe2\x94\x80\xe2\x94\x80\xe2\x94\x80\xe2\x94\x80\xe2\x94\x80\xe2\x94\x80\xe2\x94\x80\xe2\x94\x80\xe2\x94\x80\xe2\x94\x80\xe2\x94\x80\xe2\x94\x80\xe2\x94\x80\xe2\x94\x80\xe2\x94\x80\xe2\x94\x80\xe2\x94\x80\xe2\x94\x80\xe2\x94\x80\xe2\x94\x80\xe2\x94\x80\xe2\x94\x80\xe2\x94\x80\xe2\x94\x80\xe2\x94\x80\xe2\x94\x80\xe2\x94\x80\xe2\x94\x80\xe2\x94\x80\xe2\x94\x80\xe2\x94\x80\xe2\x94\x80\xe2\x94\x80\xe2\x94\x80\xe2\x94\x80\xe2\x94\x80\xe2\x94\x80\xe2\x94\x80\xe2\x94\x80\xe2\x94\x80\xe2\x94\x80\xe2\x94\x80\xe2\x94\x80\xe2\x94\x80\xe2\x94\x80\xe2\x94\x80\xe2\x94\x80 -->\n<footer class="footer-cq">\n    <div class="container">\n        <div class="row align-items-center">\n            <div class="col-md-3 mb-2 mb-md-0">\n                <div class="footer-brand"><i class="bi bi-shield-fill-check me-2"></i>CYBERQUEST</div>\n                <div class="footer-text">Cybersecurity Awareness Game</div>\n            </div>\n            <div class="col-md-5 mb-2 mb-md-0">\n                <div class="footer-text">\n                    <i class="bi bi-mortarboard-fill me-1"></i>\n                    ICT932 \xe2\x80\x94 Cybersecurity Testing and Assurance<br>\n                    Crown Institute of Higher Education (CIHE) \xc2\xa9 2026\n                </div>\n            </div>\n            <div class="col-md-4 text-md-end">\n                <div class="footer-team">\n                    Prashan Manandhar | Raju Kshetri | Pramesh Silwal | Susanta Dhakal\n                </div>\n            </div>\n        </div>\n    </div>\n</footer>\n\n<script src="https://cdn.jsdelivr.net/npm/bootstrap@5.3.0/dist/js/bootstrap.bundle.min.js"></script>\n\n\n</body>\n</html>' = <WrapperTestResponse 20602 bytes [200 OK]>.data
________________ TestRegistration.test_register_missing_fields ________________
tests\test_auth.py:113: in test_register_missing_fields
    assert b'required' in response.data
E   assert b'required' in b'<!DOCTYPE html>\n<!--\n    base.html \xe2\x80\x94 Shared base template for CyberQuest\n    Authors: Susanta Dhakal (CIHE250321) & Pramesh Silwal (CIHE241339)\n    Fixed: Prashan Manandhar (CIHE241182) \xe2\x80\x94 removed broken url_for(\'home\')\n-->\n<html lang="en">\n<head>\n    <meta charset="UTF-8">\n    <meta name="viewport" content="width=device-width, initial-scale=1.0">\n    <meta name="description" content="CyberQuest \xe2\x80\x94 Cybersecurity Awareness Game for ICT932 CIHE">\n    <title>Challenges \xe2\x80\x94 CyberQuest | ICT932</title>\n\n    <!-- Bootstrap 5 CSS -->\n    <link href="https://cdn.jsdelivr.net/npm/bootstrap@5.3.0/dist/css/bootstrap.min.css" rel="stylesheet">\n    <!-- Bootstrap Icons -->\n    <link href="https://cdn.jsdelivr.net/npm/bootstrap-icons@1.11.0/font/bootstrap-icons.css" rel="stylesheet">\n    <!-- Google Fonts -->\n    <link href="https://fonts.googleapis.com/css2?family=Orbitron:wght@400;600;800&family=Rajdhani:wght@300;400;500;600&display=swap" rel="stylesheet">\n\n    <style>\n        /* \xe2\x94\x80\xe2\x94\x80 Design Tokens \xe2\x94\x80\xe2\x94\x80\xe2\x94\x80\xe2\x94\x80\xe2\x94\x80\xe2\x94\x80\xe2\x94\x80\xe2\x94\x80\xe2\x94\x80\xe2\x94\x80\xe2\x94\x80\xe2\x94\x80\xe2\x94\x80\xe2\x94\x80\xe2\x94\x80\xe2\x94\x80\xe2\x94\x80\xe2\x94\x80\xe2\x94\x80\xe2\x94\x80\xe2\x94\x80\xe2\x94\x80\xe2\x94\x80\xe2\x94\x80\xe2\x94\x80\xe2\x94\x80\xe2\x94\x80\xe2\x94\x80\xe2\x94\x80\xe2\x94\x80\xe2\x94\x80\xe2\x94\x80\xe2\x94\x80\xe2\x94\x80\xe2\x94\x80\xe2\x94\x80\xe2\x94\x80\xe2\x94\x80\xe2\x94\x80\xe2\x94\x80\xe2\x94\x80\xe2\x94\x80\xe2\x94\x80\xe2\x94\x80\xe2\x94\x80\xe2\x94\x80\xe2\x94\x80 */\n        :root {\n            --cq-navy:      #0D1B2A;\n            --cq-navy-mid:  #112233;\n            --cq-navy-light:#1A2E42;\n            --cq-cyan:      #00B4D8;\n            --cq-cyan-glow: #00D4FF;\n            --cq-green:     #00E676;\n            --cq-red:       #FF4D6D;\n            --cq-yellow:    #FFD60A;\n            --cq-text:      #E0EAF4;\n            --cq-text-muted:#7A9BB5;\n            --cq-border:    rgba(0, 180, 216, 0.2);\n            --cq-shadow:    0 4px 24px rgba(0, 180, 216, 0.12);\n            --cq-radius:    12px;\n            --font-heading: \'Orbitron\', monospace;\n            --font-body:    \'Rajdhani\', sans-serif;\n        }\n\n        *, *::before, *::after { box-sizing: border-box; }\n        html { scroll-behavior: smooth; }\n\n        body {\n            background-color: var(--cq-navy);\n            color: var(--cq-text);\n            font-family: var(--font-body);\n            font-size: 1.05rem;\n            min-height: 100vh;\n            display: flex;\n            flex-direction: column;\n        }\n\n        h1,h2,h3,h4,h5,h6 { font-family: var(--font-heading); }\n        main { flex: 1; }\n\n        /* \xe2\x94\x80\xe2\x94\x80 Navbar \xe2\x94\x80\xe2\x94\x80\xe2\x94\x80\xe2\x94\x80\xe2\x94\x80\xe2\x94\x80\xe2\x94\x80\xe2\x94\x80\xe2\x94\x80\xe2\x94\x80\xe2\x94\x80\xe2\x94\x80\xe2\x94\x80\xe2\x94\x80\xe2\x94\x80\xe2\x94\x80\xe2\x94\x80\xe2\x94\x80\xe2\x94\x80\xe2\x94\x80\xe2\x94\x80\xe2\x94\x80\xe2\x94\x80\xe2\x94\x80\xe2\x94\x80\xe2\x94\x80\xe2\x94\x80\xe2\x94\x80\xe2\x94\x80\xe2\x94\x80\xe2\x94\x80\xe2\x94\x80\xe2\x94\x80\xe2\x94\x80\xe2\x94\x80\xe2\x94\x80\xe2\x94\x80\xe2\x94\x80\xe2\x94\x80\xe2\x94\x80\xe2\x94\x80\xe2\x94\x80\xe2\x94\x80\xe2\x94\x80\xe2\x94\x80\xe2\x94\x80\xe2\x94\x80\xe2\x94\x80\xe2\x94\x80\xe2\x94\x80\xe2\x94\x80\xe2\x94\x80\xe2\x94\x80\xe2\x94\x80 */\n        .navbar-cyberquest {\n            background: rgba(13,27,42,0.97);\n            border-bottom: 1px solid var(--cq-border);\n            backdrop-filter: blur(10px);\n            padding: 0.75rem 0;\n            position: sticky; top: 0; z-index: 1000;\n        }\n        .navbar-brand-cq {\n            font-family: var(--font-heading); font-weight: 800;\n            font-size: 1.35rem; color: var(--cq-cyan) !important;\n            text-decoration: none; letter-spacing: 2px;\n            display: flex; align-items: center; gap: 0.5rem;\n        }\n        .navbar-brand-cq .brand-icon {\n            color: var(--cq-cyan-glow); font-size: 1.5rem;\n            filter: drop-shadow(0 0 6px var(--cq-cyan));\n        }\n        .navbar-brand-cq:hover { color: var(--cq-cyan-glow) !important; }\n        .nav-link-cq {\n            color: var(--cq-text-muted) !important;\n            font-family: var(--font-body); font-weight: 500;\n            font-size: 0.95rem; letter-spacing: 0.5px;\n            padding: 0.5rem 0.85rem !important;\n            border-radius: 6px;\n            transition: color 0.2s, background 0.2s;\n        }\n        .nav-link-cq:hover, .nav-link-cq.active {\n            color: var(--cq-cyan) !important;\n            background: rgba(0,180,216,0.08);\n        }\n        .btn-nav-login {\n            border: 1px solid var(--cq-cyan); color: var(--cq-cyan);\n            background: transparent; border-radius: 6px;\n            padding: 0.4rem 1rem; font-weight: 600; font-size: 0.9rem;\n            transition: all 0.2s;\n        }\n        .btn-nav-login:hover {\n            background: rgba(0,180,216,0.15); color: var(--cq-cyan-glow);\n        }\n        .btn-nav-register {\n            background: var(--cq-cyan); color: var(--cq-navy);\n            border: none; border-radius: 6px;\n            padding: 0.4rem 1rem; font-weight: 700; font-size: 0.9rem;\n            transition: all 0.2s;\n        }\n        .btn-nav-register:hover {\n            background: var(--cq-cyan-glow);\n            box-shadow: 0 4px 12px rgba(0,180,216,0.35);\n        }\n        .navbar-username { color: var(--cq-text-muted); font-size: 0.85rem; }\n        .navbar-username strong { color: var(--cq-cyan); }\n        .navbar-toggler { border-color: var(--cq-border); }\n        .navbar-toggler-icon { filter: invert(60%) sepia(80%) saturate(400%) hue-rotate(165deg); }\n\n        /* \xe2\x94\x80\xe2\x94\x80 Flash Messages \xe2\x94\x80\xe2\x94\x80\xe2\x94\x80\xe2\x94\x80\xe2\x94\x80\xe2\x94\x80\xe2\x94\x80\xe2\x94\x80\xe2\x94\x80\xe2\x94\x80\xe2\x94\x80\xe2\x94\x80\xe2\x94\x80\xe2\x94\x80\xe2\x94\x80\xe2\x94\x80\xe2\x94\x80\xe2\x94\x80\xe2\x94\x80\xe2\x94\x80\xe2\x94\x80\xe2\x94\x80\xe2\x94\x80\xe2\x94\x80\xe2\x94\x80\xe2\x94\x80\xe2\x94\x80\xe2\x94\x80\xe2\x94\x80\xe2\x94\x80\xe2\x94\x80\xe2\x94\x80\xe2\x94\x80\xe2\x94\x80\xe2\x94\x80\xe2\x94\x80\xe2\x94\x80\xe2\x94\x80\xe2\x94\x80\xe2\x94\x80\xe2\x94\x80\xe2\x94\x80\xe2\x94\x80\xe2\x94\x80\xe2\x94\x80\xe2\x94\x80 */\n        .flash-container { padding: 0.5rem 0; }\n        .alert-cq {\n            border-left: 4px solid; border-radius: 0 var(--cq-radius) var(--cq-radius) 0;\n            background: var(--cq-navy-mid); color: var(--cq-text);\n            border-top: none; border-right: none; border-bottom: none;\n            font-weight: 500;\n        }\n        .alert-cq.alert-success { border-color: var(--cq-green); }\n        .alert-cq.alert-danger  { border-color: var(--cq-red); }\n        .alert-cq.alert-info    { border-color: var(--cq-cyan); }\n        .alert-cq.alert-warning { border-color: var(--cq-yellow); }\n\n        /* \xe2\x94\x80\xe2\x94\x80 Dark Cards \xe2\x94\x80\xe2\x94\x80\xe2\x94\x80\xe2\x94\x80\xe2\x94\x80\xe2\x94\x80\xe2\x94\x80\xe2\x94\x80\xe2\x94\x80\xe2\x94\x80\xe2\x94\x80\xe2\x94\x80\xe2\x94\x80\xe2\x94\x80\xe2\x94\x80\xe2\x94\x80\xe2\x94\x80\xe2\x94\x80\xe2\x94\x80\xe2\x94\x80\xe2\x94\x80\xe2\x94\x80\xe2\x94\x80\xe2\x94\x80\xe2\x94\x80\xe2\x94\x80\xe2\x94\x80\xe2\x94\x80\xe2\x94\x80\xe2\x94\x80\xe2\x94\x80\xe2\x94\x80\xe2\x94\x80\xe2\x94\x80\xe2\x94\x80\xe2\x94\x80\xe2\x94\x80\xe2\x94\x80\xe2\x94\x80\xe2\x94\x80\xe2\x94\x80\xe2\x94\x80\xe2\x94\x80\xe2\x94\x80\xe2\x94\x80\xe2\x94\x80\xe2\x94\x80\xe2\x94\x80\xe2\x94\x80\xe2\x94\x80 */\n        .card-cq {\n            background: var(--cq-navy-mid);\n            border: 1px solid var(--cq-border);\n            border-radius: var(--cq-radius);\n            color: var(--cq-text);\n            box-shadow: var(--cq-shadow);\n        }\n        .card-cq .card-header {\n            background: var(--cq-navy-light);\n            border-bottom: 1px solid var(--cq-border);\n            color: var(--cq-text);\n            border-radius: var(--cq-radius) var(--cq-radius) 0 0;\n        }\n\n        /* \xe2\x94\x80\xe2\x94\x80 Dark Tables \xe2\x94\x80\xe2\x94\x80\xe2\x94\x80\xe2\x94\x80\xe2\x94\x80\xe2\x94\x80\xe2\x94\x80\xe2\x94\x80\xe2\x94\x80\xe2\x94\x80\xe2\x94\x80\xe2\x94\x80\xe2\x94\x80\xe2\x94\x80\xe2\x94\x80\xe2\x94\x80\xe2\x94\x80\xe2\x94\x80\xe2\x94\x80\xe2\x94\x80\xe2\x94\x80\xe2\x94\x80\xe2\x94\x80\xe2\x94\x80\xe2\x94\x80\xe2\x94\x80\xe2\x94\x80\xe2\x94\x80\xe2\x94\x80\xe2\x94\x80\xe2\x94\x80\xe2\x94\x80\xe2\x94\x80\xe2\x94\x80\xe2\x94\x80\xe2\x94\x80\xe2\x94\x80\xe2\x94\x80\xe2\x94\x80\xe2\x94\x80\xe2\x94\x80\xe2\x94\x80\xe2\x94\x80\xe2\x94\x80\xe2\x94\x80\xe2\x94\x80\xe2\x94\x80\xe2\x94\x80\xe2\x94\x80 */\n        .table-cq { color: var(--cq-text); }\n        .table-cq thead th {\n            background: var(--cq-navy-light);\n            color: var(--cq-cyan);\n            border-color: var(--cq-border);\n            font-family: var(--font-heading);\n            font-size: 0.8rem;\n            letter-spacing: 1px;\n        }\n        .table-cq tbody tr {\n            border-color: var(--cq-border);\n        }\n        .table-cq tbody tr:hover {\n            background: rgba(0,180,216,0.05);\n        }\n        .table-cq td, .table-cq th {\n            border-color: var(--cq-border);\n            vertical-align: middle;\n        }\n\n        /* \xe2\x94\x80\xe2\x94\x80 Dark Forms \xe2\x94\x80\xe2\x94\x80\xe2\x94\x80\xe2\x94\x80\xe2\x94\x80\xe2\x94\x80\xe2\x94\x80\xe2\x94\x80\xe2\x94\x80\xe2\x94\x80\xe2\x94\x80\xe2\x94\x80\xe2\x94\x80\xe2\x94\x80\xe2\x94\x80\xe2\x94\x80\xe2\x94\x80\xe2\x94\x80\xe2\x94\x80\xe2\x94\x80\xe2\x94\x80\xe2\x94\x80\xe2\x94\x80\xe2\x94\x80\xe2\x94\x80\xe2\x94\x80\xe2\x94\x80\xe2\x94\x80\xe2\x94\x80\xe2\x94\x80\xe2\x94\x80\xe2\x94\x80\xe2\x94\x80\xe2\x94\x80\xe2\x94\x80\xe2\x94\x80\xe2\x94\x80\xe2\x94\x80\xe2\x94\x80\xe2\x94\x80\xe2\x94\x80\xe2\x94\x80\xe2\x94\x80\xe2\x94\x80\xe2\x94\x80\xe2\x94\x80\xe2\x94\x80\xe2\x94\x80\xe2\x94\x80\xe2\x94\x80 */\n        .form-control-cq, .form-select-cq {\n            background: var(--cq-navy-light);\n            border: 1px solid var(--cq-border);\n            color: var(--cq-text);\n            border-radius: 8px;\n        }\n        .form-control-cq:focus, .form-select-cq:focus {\n            background: var(--cq-navy-light);\n            border-color: var(--cq-cyan);\n            color: var(--cq-text);\n            box-shadow: 0 0 0 3px rgba(0,180,216,0.2);\n        }\n        .form-control-cq::placeholder { color: var(--cq-text-muted); }\n\n        /* \xe2\x94\x80\xe2\x94\x80 CyberQuest Buttons \xe2\x94\x80\xe2\x94\x80\xe2\x94\x80\xe2\x94\x80\xe2\x94\x80\xe2\x94\x80\xe2\x94\x80\xe2\x94\x80\xe2\x94\x80\xe2\x94\x80\xe2\x94\x80\xe2\x94\x80\xe2\x94\x80\xe2\x94\x80\xe2\x94\x80\xe2\x94\x80\xe2\x94\x80\xe2\x94\x80\xe2\x94\x80\xe2\x94\x80\xe2\x94\x80\xe2\x94\x80\xe2\x94\x80\xe2\x94\x80\xe2\x94\x80\xe2\x94\x80\xe2\x94\x80\xe2\x94\x80\xe2\x94\x80\xe2\x94\x80\xe2\x94\x80\xe2\x94\x80\xe2\x94\x80\xe2\x94\x80\xe2\x94\x80\xe2\x94\x80\xe2\x94\x80\xe2\x94\x80\xe2\x94\x80\xe2\x94\x80\xe2\x94\x80\xe2\x94\x80 */\n        .btn-cq-primary {\n            background: var(--cq-cyan); color: var(--cq-navy);\n            border: none; font-weight: 700; border-radius: 8px;\n            font-family: var(--font-body); letter-spacing: 0.5px;\n            transition: all 0.2s;\n        }\n        .btn-cq-primary:hover {\n            background: var(--cq-cyan-glow);\n            box-shadow: 0 4px 16px rgba(0,180,216,0.4);\n        }\n        .btn-cq-outline {\n            border: 1px solid var(--cq-cyan); color: var(--cq-cyan);\n            background: transparent; border-radius: 8px;\n            font-weight: 600; transition: all 0.2s;\n        }\n        .btn-cq-outline:hover {\n            background: rgba(0,180,216,0.12); color: var(--cq-cyan-glow);\n        }\n        .btn-cq-danger {\n            border: 1px solid var(--cq-red); color: var(--cq-red);\n            background: transparent; border-radius: 8px;\n            font-weight: 600; transition: all 0.2s;\n        }\n        .btn-cq-danger:hover { background: rgba(255,77,109,0.12); }\n\n        /* \xe2\x94\x80\xe2\x94\x80 Badges / Pills \xe2\x94\x80\xe2\x94\x80\xe2\x94\x80\xe2\x94\x80\xe2\x94\x80\xe2\x94\x80\xe2\x94\x80\xe2\x94\x80\xe2\x94\x80\xe2\x94\x80\xe2\x94\x80\xe2\x94\x80\xe2\x94\x80\xe2\x94\x80\xe2\x94\x80\xe2\x94\x80\xe2\x94\x80\xe2\x94\x80\xe2\x94\x80\xe2\x94\x80\xe2\x94\x80\xe2\x94\x80\xe2\x94\x80\xe2\x94\x80\xe2\x94\x80\xe2\x94\x80\xe2\x94\x80\xe2\x94\x80\xe2\x94\x80\xe2\x94\x80\xe2\x94\x80\xe2\x94\x80\xe2\x94\x80\xe2\x94\x80\xe2\x94\x80\xe2\x94\x80\xe2\x94\x80\xe2\x94\x80\xe2\x94\x80\xe2\x94\x80\xe2\x94\x80\xe2\x94\x80\xe2\x94\x80\xe2\x94\x80\xe2\x94\x80\xe2\x94\x80 */\n        .badge-cq-cyan {\n            background: rgba(0,180,216,0.15);\n            color: var(--cq-cyan);\n            border: 1px solid var(--cq-border);\n            border-radius: 20px; padding: 0.3rem 0.8rem;\n            font-size: 0.8rem; font-weight: 600;\n        }\n        .badge-cq-gold {\n            background: rgba(255,214,10,0.15);\n            color: var(--cq-yellow);\n            border: 1px solid rgba(255,214,10,0.3);\n            border-radius: 20px; padding: 0.3rem 0.8rem;\n            font-size: 0.8rem; font-weight: 600;\n        }\n\n        /* \xe2\x94\x80\xe2\x94\x80 Progress bars \xe2\x94\x80\xe2\x94\x80\xe2\x94\x80\xe2\x94\x80\xe2\x94\x80\xe2\x94\x80\xe2\x94\x80\xe2\x94\x80\xe2\x94\x80\xe2\x94\x80\xe2\x94\x80\xe2\x94\x80\xe2\x94\x80\xe2\x94\x80\xe2\x94\x80\xe2\x94\x80\xe2\x94\x80\xe2\x94\x80\xe2\x94\x80\xe2\x94\x80\xe2\x94\x80\xe2\x94\x80\xe2\x94\x80\xe2\x94\x80\xe2\x94\x80\xe2\x94\x80\xe2\x94\x80\xe2\x94\x80\xe2\x94\x80\xe2\x94\x80\xe2\x94\x80\xe2\x94\x80\xe2\x94\x80\xe2\x94\x80\xe2\x94\x80\xe2\x94\x80\xe2\x94\x80\xe2\x94\x80\xe2\x94\x80\xe2\x94\x80\xe2\x94\x80\xe2\x94\x80\xe2\x94\x80\xe2\x94\x80\xe2\x94\x80\xe2\x94\x80\xe2\x94\x80 */\n        .progress-cq {\n            background: var(--cq-navy-light);\n            border-radius: 10px; height: 8px;\n        }\n        .progress-cq .progress-bar {\n            background: linear-gradient(90deg, var(--cq-cyan), var(--cq-green));\n            border-radius: 10px;\n        }\n\n        /* \xe2\x94\x80\xe2\x94\x80 Stat Cards \xe2\x94\x80\xe2\x94\x80\xe2\x94\x80\xe2\x94\x80\xe2\x94\x80\xe2\x94\x80\xe2\x94\x80\xe2\x94\x80\xe2\x94\x80\xe2\x94\x80\xe2\x94\x80\xe2\x94\x80\xe2\x94\x80\xe2\x94\x80\xe2\x94\x80\xe2\x94\x80\xe2\x94\x80\xe2\x94\x80\xe2\x94\x80\xe2\x94\x80\xe2\x94\x80\xe2\x94\x80\xe2\x94\x80\xe2\x94\x80\xe2\x94\x80\xe2\x94\x80\xe2\x94\x80\xe2\x94\x80\xe2\x94\x80\xe2\x94\x80\xe2\x94\x80\xe2\x94\x80\xe2\x94\x80\xe2\x94\x80\xe2\x94\x80\xe2\x94\x80\xe2\x94\x80\xe2\x94\x80\xe2\x94\x80\xe2\x94\x80\xe2\x94\x80\xe2\x94\x80\xe2\x94\x80\xe2\x94\x80\xe2\x94\x80\xe2\x94\x80\xe2\x94\x80\xe2\x94\x80\xe2\x94\x80\xe2\x94\x80 */\n        .stat-card {\n            background: var(--cq-navy-mid);\n            border: 1px solid var(--cq-border);\n            border-radius: var(--cq-radius);\n            padding: 1.5rem 1rem;\n            text-align: center;\n            transition: border-color 0.2s, transform 0.2s;\n        }\n        .stat-card:hover {\n            border-color: var(--cq-cyan);\n            transform: translateY(-2px);\n        }\n        .stat-card .stat-number {\n            font-family: var(--font-heading); font-size: 2rem;\n            font-weight: 800;\n        }\n        .stat-card .stat-label { color: var(--cq-text-muted); font-size: 0.85rem; }\n\n        /* \xe2\x94\x80\xe2\x94\x80 Footer \xe2\x94\x80\xe2\x94\x80\xe2\x94\x80\xe2\x94\x80\xe2\x94\x80\xe2\x94\x80\xe2\x94\x80\xe2\x94\x80\xe2\x94\x80\xe2\x94\x80\xe2\x94\x80\xe2\x94\x80\xe2\x94\x80\xe2\x94\x80\xe2\x94\x80\xe2\x94\x80\xe2\x94\x80\xe2\x94\x80\xe2\x94\x80\xe2\x94\x80\xe2\x94\x80\xe2\x94\x80\xe2\x94\x80\xe2\x94\x80\xe2\x94\x80\xe2\x94\x80\xe2\x94\x80\xe2\x94\x80\xe2\x94\x80\xe2\x94\x80\xe2\x94\x80\xe2\x94\x80\xe2\x94\x80\xe2\x94\x80\xe2\x94\x80\xe2\x94\x80\xe2\x94\x80\xe2\x94\x80\xe2\x94\x80\xe2\x94\x80\xe2\x94\x80\xe2\x94\x80\xe2\x94\x80\xe2\x94\x80\xe2\x94\x80\xe2\x94\x80\xe2\x94\x80\xe2\x94\x80\xe2\x94\x80\xe2\x94\x80\xe2\x94\x80\xe2\x94\x80\xe2\x94\x80\xe2\x94\x80 */\n        .footer-cq {\n            background: var(--cq-navy-mid);\n            border-top: 1px solid var(--cq-border);\n            padding: 1.5rem 0;\n            margin-top: auto;\n        }\n        .footer-brand {\n            font-family: var(--font-heading); font-weight: 800;\n            color: var(--cq-cyan); font-size: 1rem; letter-spacing: 2px;\n        }\n        .footer-text { color: var(--cq-text-muted); font-size: 0.85rem; }\n        .footer-team { color: var(--cq-cyan); font-size: 0.85rem; font-weight: 600; }\n\n        /* \xe2\x94\x80\xe2\x94\x80 Scrollbar \xe2\x94\x80\xe2\x94\x80\xe2\x94\x80\xe2\x94\x80\xe2\x94\x80\xe2\x94\x80\xe2\x94\x80\xe2\x94\x80\xe2\x94\x80\xe2\x94\x80\xe2\x94\x80\xe2\x94\x80\xe2\x94\x80\xe2\x94\x80\xe2\x94\x80\xe2\x94\x80\xe2\x94\x80\xe2\x94\x80\xe2\x94\x80\xe2\x94\x80\xe2\x94\x80\xe2\x94\x80\xe2\x94\x80\xe2\x94\x80\xe2\x94\x80\xe2\x94\x80\xe2\x94\x80\xe2\x94\x80\xe2\x94\x80\xe2\x94\x80\xe2\x94\x80\xe2\x94\x80\xe2\x94\x80\xe2\x94\x80\xe2\x94\x80\xe2\x94\x80\xe2\x94\x80\xe2\x94\x80\xe2\x94\x80\xe2\x94\x80\xe2\x94\x80\xe2\x94\x80\xe2\x94\x80\xe2\x94\x80\xe2\x94\x80\xe2\x94\x80\xe2\x94\x80\xe2\x94\x80\xe2\x94\x80\xe2\x94\x80\xe2\x94\x80 */\n        ::-webkit-scrollbar { width: 6px; }\n        ::-webkit-scrollbar-track { background: var(--cq-navy); }\n        ::-webkit-scrollbar-thumb { background: var(--cq-navy-light); border-radius: 3px; }\n        ::-webkit-scrollbar-thumb:hover { background: var(--cq-cyan); }\n    </style>\n\n    \n</head>\n\n<body>\n\n<!-- \xe2\x94\x80\xe2\x94\x80 Navbar \xe2\x94\x80\xe2\x94\x80\xe2\x94\x80\xe2\x94\x80\xe2\x94\x80\xe2\x94\x80\xe2\x94\x80\xe2\x94\x80\xe2\x94\x80\xe2\x94\x80\xe2\x94\x80\xe2\x94\x80\xe2\x94\x80\xe2\x94\x80\xe2\x94\x80\xe2\x94\x80\xe2\x94\x80\xe2\x94\x80\xe2\x94\x80\xe2\x94\x80\xe2\x94\x80\xe2\x94\x80\xe2\x94\x80\xe2\x94\x80\xe2\x94\x80\xe2\x94\x80\xe2\x94\x80\xe2\x94\x80\xe2\x94\x80\xe2\x94\x80\xe2\x94\x80\xe2\x94\x80\xe2\x94\x80\xe2\x94\x80\xe2\x94\x80\xe2\x94\x80\xe2\x94\x80\xe2\x94\x80\xe2\x94\x80\xe2\x94\x80\xe2\x94\x80\xe2\x94\x80\xe2\x94\x80\xe2\x94\x80\xe2\x94\x80\xe2\x94\x80\xe2\x94\x80\xe2\x94\x80\xe2\x94\x80\xe2\x94\x80\xe2\x94\x80\xe2\x94\x80\xe2\x94\x80\xe2\x94\x80\xe2\x94\x80\xe2\x94\x80\xe2\x94\x80\xe2\x94\x80\xe2\x94\x80\xe2\x94\x80\xe2\x94\x80 -->\n<nav class="navbar navbar-expand-lg navbar-cyberquest">\n    <div class="container">\n        <!-- Fixed: use auth.login instead of non-existent \'home\' route -->\n        <a class="navbar-brand-cq"\n           href="/challenges">\n            <i class="bi bi-shield-fill-check brand-icon"></i>\n            CYBER<span style="color:#fff;">QUEST</span>\n        </a>\n\n        <button class="navbar-toggler" type="button"\n                data-bs-toggle="collapse" data-bs-target="#navbarMain">\n            <span class="navbar-toggler-icon"></span>\n        </button>\n\n        <div class="collapse navbar-collapse" id="navbarMain">\n            \n            <ul class="navbar-nav me-auto mb-2 mb-lg-0">\n                \n                <li class="nav-item">\n                    <a class="nav-link nav-link-cq" href="/challenges">\n                        <i class="bi bi-controller me-1"></i> Challenges\n                    </a>\n                </li>\n                <li class="nav-item">\n                    <a class="nav-link nav-link-cq" href="/progress">\n                        <i class="bi bi-bar-chart-fill me-1"></i> My Progress\n                    </a>\n                </li>\n                <li class="nav-item">\n                    <a class="nav-link nav-link-cq" href="/result">\n                        <i class="bi bi-trophy me-1"></i> Results\n                    </a>\n                </li>\n                \n            </ul>\n            \n\n            <div class="d-flex align-items-center gap-2">\n                \n                    <span class="navbar-username d-none d-md-inline">\n                        <i class="bi bi-person-circle me-1"></i>\n                        <strong>newstudent_test</strong>\n                        <span class="badge ms-1"\n                              style="background:rgba(0,180,216,0.15);\n                                     color:var(--cq-cyan); font-size:0.7rem;">\n                            Student\n                        </span>\n                    </span>\n                    \n                    <a href="/2fa/setup"\n                       class="btn-nav-login btn"\n                       title="2FA Settings">\n                        <i class="bi bi-shield-lock"></i>\n                    </a>\n                    \n                    <a href="/logout" class="btn-nav-login btn">\n                        <i class="bi bi-box-arrow-right me-1"></i> Logout\n                    </a>\n                \n            </div>\n        </div>\n    </div>\n</nav>\n\n<!-- \xe2\x94\x80\xe2\x94\x80 Flash Messages (handled once here, not in child templates) \xe2\x94\x80\xe2\x94\x80\xe2\x94\x80\xe2\x94\x80\xe2\x94\x80\xe2\x94\x80\xe2\x94\x80\xe2\x94\x80\xe2\x94\x80\xe2\x94\x80 -->\n<div class="flash-container">\n    <div class="container">\n        \n            \n        \n    </div>\n</div>\n\n<!-- \xe2\x94\x80\xe2\x94\x80 Main Content \xe2\x94\x80\xe2\x94\x80\xe2\x94\x80\xe2\x94\x80\xe2\x94\x80\xe2\x94\x80\xe2\x94\x80\xe2\x94\x80\xe2\x94\x80\xe2\x94\x80\xe2\x94\x80\xe2\x94\x80\xe2\x94\x80\xe2\x94\x80\xe2\x94\x80\xe2\x94\x80\xe2\x94\x80\xe2\x94\x80\xe2\x94\x80\xe2\x94\x80\xe2\x94\x80\xe2\x94\x80\xe2\x94\x80\xe2\x94\x80\xe2\x94\x80\xe2\x94\x80\xe2\x94\x80\xe2\x94\x80\xe2\x94\x80\xe2\x94\x80\xe2\x94\x80\xe2\x94\x80\xe2\x94\x80\xe2\x94\x80\xe2\x94\x80\xe2\x94\x80\xe2\x94\x80\xe2\x94\x80\xe2\x94\x80\xe2\x94\x80\xe2\x94\x80\xe2\x94\x80\xe2\x94\x80\xe2\x94\x80\xe2\x94\x80\xe2\x94\x80\xe2\x94\x80\xe2\x94\x80\xe2\x94\x80\xe2\x94\x80\xe2\x94\x80\xe2\x94\x80\xe2\x94\x80\xe2\x94\x80\xe2\x94\x80\xe2\x94\x80 -->\n<main>\n    \n<div class="container py-4">\n\n  <div class="d-flex justify-content-between align-items-center mb-4">\n    <div>\n      <h2 class="mb-0" style="color:var(--cq-cyan);">\xf0\x9f\x9b\xa1\xef\xb8\x8f Challenge Categories</h2>\n      <p style="color:var(--cq-text-muted);" class="mb-0">Choose a category to start earning points</p>\n    </div>\n    <div class="text-end">\n      <span class="badge-cq-gold fs-6 px-3 py-2">\xe2\xad\x90 0 pts</span>\n      <a href="/progress" class="btn btn-cq-outline ms-2">\xf0\x9f\x93\x8a My Progress</a>\n    </div>\n  </div>\n\n  <!-- Category Cards -->\n  <div class="row g-4 mb-5">\n    \n    <div class="col-md-4">\n      <div class="card-cq h-100 p-4 text-center" style="transition:border-color 0.2s,transform 0.2s;"\n           onmouseover="this.style.borderColor=\'var(--cq-cyan)\';this.style.transform=\'translateY(-4px)\'"\n           onmouseout="this.style.borderColor=\'var(--cq-border)\';this.style.transform=\'none\'">\n        <div style="font-size:3.5rem;" class="mb-3">\xf0\x9f\x8e\xa3</div>\n        <h4 style="color:var(--cq-cyan);">Phishing Awareness</h4>\n        <p style="color:var(--cq-text-muted);" class="small mb-3">Learn to spot phishing emails and social engineering attacks.</p>\n\n        <div class="mb-3">\n          <div class="d-flex justify-content-between small mb-1"\n               style="color:var(--cq-text-muted);">\n            <span>Progress</span>\n            <span>0/5</span>\n          </div>\n          <div class="progress-cq">\n            <div class="progress-bar" role="progressbar"\n                 style="width:0%">\n            </div>\n          </div>\n        </div>\n\n        <a href="/challenge/phishing"\n           class="btn btn-cq-primary w-100 fw-bold">\n          \xf0\x9f\x9a\x80 Start\n        </a>\n      </div>\n    </div>\n    \n    <div class="col-md-4">\n      <div class="card-cq h-100 p-4 text-center" style="transition:border-color 0.2s,transform 0.2s;"\n           onmouseover="this.style.borderColor=\'var(--cq-cyan)\';this.style.transform=\'translateY(-4px)\'"\n           onmouseout="this.style.borderColor=\'var(--cq-border)\';this.style.transform=\'none\'">\n        <div style="font-size:3.5rem;" class="mb-3">\xf0\x9f\x94\x90</div>\n        <h4 style="color:var(--cq-cyan);">Password Security</h4>\n        <p style="color:var(--cq-text-muted);" class="small mb-3">Master the art of strong passwords and authentication.</p>\n\n        <div class="mb-3">\n          <div class="d-flex justify-content-between small mb-1"\n               style="color:var(--cq-text-muted);">\n            <span>Progress</span>\n            <span>0/5</span>\n          </div>\n          <div class="progress-cq">\n            <div class="progress-bar" role="progressbar"\n                 style="width:0%">\n            </div>\n          </div>\n        </div>\n\n        <a href="/challenge/password"\n           class="btn btn-cq-primary w-100 fw-bold">\n          \xf0\x9f\x9a\x80 Start\n        </a>\n      </div>\n    </div>\n    \n    <div class="col-md-4">\n      <div class="card-cq h-100 p-4 text-center" style="transition:border-color 0.2s,transform 0.2s;"\n           onmouseover="this.style.borderColor=\'var(--cq-cyan)\';this.style.transform=\'translateY(-4px)\'"\n           onmouseout="this.style.borderColor=\'var(--cq-border)\';this.style.transform=\'none\'">\n        <div style="font-size:3.5rem;" class="mb-3">\xf0\x9f\x8c\x90</div>\n        <h4 style="color:var(--cq-cyan);">Safe Browsing</h4>\n        <p style="color:var(--cq-text-muted);" class="small mb-3">Stay safe online \xe2\x80\x94 VPNs, HTTPS, and browser threats.</p>\n\n        <div class="mb-3">\n          <div class="d-flex justify-content-between small mb-1"\n               style="color:var(--cq-text-muted);">\n            <span>Progress</span>\n            <span>0/5</span>\n          </div>\n          <div class="progress-cq">\n            <div class="progress-bar" role="progressbar"\n                 style="width:0%">\n            </div>\n          </div>\n        </div>\n\n        <a href="/challenge/browsing"\n           class="btn btn-cq-primary w-100 fw-bold">\n          \xf0\x9f\x9a\x80 Start\n        </a>\n      </div>\n    </div>\n    \n  </div>\n\n  <!-- Badges -->\n  \n\n</div>\n\n</main>\n\n<!-- \xe2\x94\x80\xe2\x94\x80 Footer \xe2\x94\x80\xe2\x94\x80\xe2\x94\x80\xe2\x94\x80\xe2\x94\x80\xe2\x94\x80\xe2\x94\x80\xe2\x94\x80\xe2\x94\x80\xe2\x94\x80\xe2\x94\x80\xe2\x94\x80\xe2\x94\x80\xe2\x94\x80\xe2\x94\x80\xe2\x94\x80\xe2\x94\x80\xe2\x94\x80\xe2\x94\x80\xe2\x94\x80\xe2\x94\x80\xe2\x94\x80\xe2\x94\x80\xe2\x94\x80\xe2\x94\x80\xe2\x94\x80\xe2\x94\x80\xe2\x94\x80\xe2\x94\x80\xe2\x94\x80\xe2\x94\x80\xe2\x94\x80\xe2\x94\x80\xe2\x94\x80\xe2\x94\x80\xe2\x94\x80\xe2\x94\x80\xe2\x94\x80\xe2\x94\x80\xe2\x94\x80\xe2\x94\x80\xe2\x94\x80\xe2\x94\x80\xe2\x94\x80\xe2\x94\x80\xe2\x94\x80\xe2\x94\x80\xe2\x94\x80\xe2\x94\x80\xe2\x94\x80\xe2\x94\x80\xe2\x94\x80\xe2\x94\x80\xe2\x94\x80\xe2\x94\x80\xe2\x94\x80\xe2\x94\x80\xe2\x94\x80\xe2\x94\x80\xe2\x94\x80\xe2\x94\x80 -->\n<footer class="footer-cq">\n    <div class="container">\n        <div class="row align-items-center">\n            <div class="col-md-3 mb-2 mb-md-0">\n                <div class="footer-brand"><i class="bi bi-shield-fill-check me-2"></i>CYBERQUEST</div>\n                <div class="footer-text">Cybersecurity Awareness Game</div>\n            </div>\n            <div class="col-md-5 mb-2 mb-md-0">\n                <div class="footer-text">\n                    <i class="bi bi-mortarboard-fill me-1"></i>\n                    ICT932 \xe2\x80\x94 Cybersecurity Testing and Assurance<br>\n                    Crown Institute of Higher Education (CIHE) \xc2\xa9 2026\n                </div>\n            </div>\n            <div class="col-md-4 text-md-end">\n                <div class="footer-team">\n                    Prashan Manandhar | Raju Kshetri | Pramesh Silwal | Susanta Dhakal\n                </div>\n            </div>\n        </div>\n    </div>\n</footer>\n\n<script src="https://cdn.jsdelivr.net/npm/bootstrap@5.3.0/dist/js/bootstrap.bundle.min.js"></script>\n\n\n</body>\n</html>'
E    +  where b'<!DOCTYPE html>\n<!--\n    base.html \xe2\x80\x94 Shared base template for CyberQuest\n    Authors: Susanta Dhakal (CIHE250321) & Pramesh Silwal (CIHE241339)\n    Fixed: Prashan Manandhar (CIHE241182) \xe2\x80\x94 removed broken url_for(\'home\')\n-->\n<html lang="en">\n<head>\n    <meta charset="UTF-8">\n    <meta name="viewport" content="width=device-width, initial-scale=1.0">\n    <meta name="description" content="CyberQuest \xe2\x80\x94 Cybersecurity Awareness Game for ICT932 CIHE">\n    <title>Challenges \xe2\x80\x94 CyberQuest | ICT932</title>\n\n    <!-- Bootstrap 5 CSS -->\n    <link href="https://cdn.jsdelivr.net/npm/bootstrap@5.3.0/dist/css/bootstrap.min.css" rel="stylesheet">\n    <!-- Bootstrap Icons -->\n    <link href="https://cdn.jsdelivr.net/npm/bootstrap-icons@1.11.0/font/bootstrap-icons.css" rel="stylesheet">\n    <!-- Google Fonts -->\n    <link href="https://fonts.googleapis.com/css2?family=Orbitron:wght@400;600;800&family=Rajdhani:wght@300;400;500;600&display=swap" rel="stylesheet">\n\n    <style>\n        /* \xe2\x94\x80\xe2\x94\x80 Design Tokens \xe2\x94\x80\xe2\x94\x80\xe2\x94\x80\xe2\x94\x80\xe2\x94\x80\xe2\x94\x80\xe2\x94\x80\xe2\x94\x80\xe2\x94\x80\xe2\x94\x80\xe2\x94\x80\xe2\x94\x80\xe2\x94\x80\xe2\x94\x80\xe2\x94\x80\xe2\x94\x80\xe2\x94\x80\xe2\x94\x80\xe2\x94\x80\xe2\x94\x80\xe2\x94\x80\xe2\x94\x80\xe2\x94\x80\xe2\x94\x80\xe2\x94\x80\xe2\x94\x80\xe2\x94\x80\xe2\x94\x80\xe2\x94\x80\xe2\x94\x80\xe2\x94\x80\xe2\x94\x80\xe2\x94\x80\xe2\x94\x80\xe2\x94\x80\xe2\x94\x80\xe2\x94\x80\xe2\x94\x80\xe2\x94\x80\xe2\x94\x80\xe2\x94\x80\xe2\x94\x80\xe2\x94\x80\xe2\x94\x80\xe2\x94\x80\xe2\x94\x80\xe2\x94\x80 */\n        :root {\n            --cq-navy:      #0D1B2A;\n            --cq-navy-mid:  #112233;\n            --cq-navy-light:#1A2E42;\n            --cq-cyan:      #00B4D8;\n            --cq-cyan-glow: #00D4FF;\n            --cq-green:     #00E676;\n            --cq-red:       #FF4D6D;\n            --cq-yellow:    #FFD60A;\n            --cq-text:      #E0EAF4;\n            --cq-text-muted:#7A9BB5;\n            --cq-border:    rgba(0, 180, 216, 0.2);\n            --cq-shadow:    0 4px 24px rgba(0, 180, 216, 0.12);\n            --cq-radius:    12px;\n            --font-heading: \'Orbitron\', monospace;\n            --font-body:    \'Rajdhani\', sans-serif;\n        }\n\n        *, *::before, *::after { box-sizing: border-box; }\n        html { scroll-behavior: smooth; }\n\n        body {\n            background-color: var(--cq-navy);\n            color: var(--cq-text);\n            font-family: var(--font-body);\n            font-size: 1.05rem;\n            min-height: 100vh;\n            display: flex;\n            flex-direction: column;\n        }\n\n        h1,h2,h3,h4,h5,h6 { font-family: var(--font-heading); }\n        main { flex: 1; }\n\n        /* \xe2\x94\x80\xe2\x94\x80 Navbar \xe2\x94\x80\xe2\x94\x80\xe2\x94\x80\xe2\x94\x80\xe2\x94\x80\xe2\x94\x80\xe2\x94\x80\xe2\x94\x80\xe2\x94\x80\xe2\x94\x80\xe2\x94\x80\xe2\x94\x80\xe2\x94\x80\xe2\x94\x80\xe2\x94\x80\xe2\x94\x80\xe2\x94\x80\xe2\x94\x80\xe2\x94\x80\xe2\x94\x80\xe2\x94\x80\xe2\x94\x80\xe2\x94\x80\xe2\x94\x80\xe2\x94\x80\xe2\x94\x80\xe2\x94\x80\xe2\x94\x80\xe2\x94\x80\xe2\x94\x80\xe2\x94\x80\xe2\x94\x80\xe2\x94\x80\xe2\x94\x80\xe2\x94\x80\xe2\x94\x80\xe2\x94\x80\xe2\x94\x80\xe2\x94\x80\xe2\x94\x80\xe2\x94\x80\xe2\x94\x80\xe2\x94\x80\xe2\x94\x80\xe2\x94\x80\xe2\x94\x80\xe2\x94\x80\xe2\x94\x80\xe2\x94\x80\xe2\x94\x80\xe2\x94\x80\xe2\x94\x80\xe2\x94\x80\xe2\x94\x80 */\n        .navbar-cyberquest {\n            background: rgba(13,27,42,0.97);\n            border-bottom: 1px solid var(--cq-border);\n            backdrop-filter: blur(10px);\n            padding: 0.75rem 0;\n            position: sticky; top: 0; z-index: 1000;\n        }\n        .navbar-brand-cq {\n            font-family: var(--font-heading); font-weight: 800;\n            font-size: 1.35rem; color: var(--cq-cyan) !important;\n            text-decoration: none; letter-spacing: 2px;\n            display: flex; align-items: center; gap: 0.5rem;\n        }\n        .navbar-brand-cq .brand-icon {\n            color: var(--cq-cyan-glow); font-size: 1.5rem;\n            filter: drop-shadow(0 0 6px var(--cq-cyan));\n        }\n        .navbar-brand-cq:hover { color: var(--cq-cyan-glow) !important; }\n        .nav-link-cq {\n            color: var(--cq-text-muted) !important;\n            font-family: var(--font-body); font-weight: 500;\n            font-size: 0.95rem; letter-spacing: 0.5px;\n            padding: 0.5rem 0.85rem !important;\n            border-radius: 6px;\n            transition: color 0.2s, background 0.2s;\n        }\n        .nav-link-cq:hover, .nav-link-cq.active {\n            color: var(--cq-cyan) !important;\n            background: rgba(0,180,216,0.08);\n        }\n        .btn-nav-login {\n            border: 1px solid var(--cq-cyan); color: var(--cq-cyan);\n            background: transparent; border-radius: 6px;\n            padding: 0.4rem 1rem; font-weight: 600; font-size: 0.9rem;\n            transition: all 0.2s;\n        }\n        .btn-nav-login:hover {\n            background: rgba(0,180,216,0.15); color: var(--cq-cyan-glow);\n        }\n        .btn-nav-register {\n            background: var(--cq-cyan); color: var(--cq-navy);\n            border: none; border-radius: 6px;\n            padding: 0.4rem 1rem; font-weight: 700; font-size: 0.9rem;\n            transition: all 0.2s;\n        }\n        .btn-nav-register:hover {\n            background: var(--cq-cyan-glow);\n            box-shadow: 0 4px 12px rgba(0,180,216,0.35);\n        }\n        .navbar-username { color: var(--cq-text-muted); font-size: 0.85rem; }\n        .navbar-username strong { color: var(--cq-cyan); }\n        .navbar-toggler { border-color: var(--cq-border); }\n        .navbar-toggler-icon { filter: invert(60%) sepia(80%) saturate(400%) hue-rotate(165deg); }\n\n        /* \xe2\x94\x80\xe2\x94\x80 Flash Messages \xe2\x94\x80\xe2\x94\x80\xe2\x94\x80\xe2\x94\x80\xe2\x94\x80\xe2\x94\x80\xe2\x94\x80\xe2\x94\x80\xe2\x94\x80\xe2\x94\x80\xe2\x94\x80\xe2\x94\x80\xe2\x94\x80\xe2\x94\x80\xe2\x94\x80\xe2\x94\x80\xe2\x94\x80\xe2\x94\x80\xe2\x94\x80\xe2\x94\x80\xe2\x94\x80\xe2\x94\x80\xe2\x94\x80\xe2\x94\x80\xe2\x94\x80\xe2\x94\x80\xe2\x94\x80\xe2\x94\x80\xe2\x94\x80\xe2\x94\x80\xe2\x94\x80\xe2\x94\x80\xe2\x94\x80\xe2\x94\x80\xe2\x94\x80\xe2\x94\x80\xe2\x94\x80\xe2\x94\x80\xe2\x94\x80\xe2\x94\x80\xe2\x94\x80\xe2\x94\x80\xe2\x94\x80\xe2\x94\x80\xe2\x94\x80\xe2\x94\x80 */\n        .flash-container { padding: 0.5rem 0; }\n        .alert-cq {\n            border-left: 4px solid; border-radius: 0 var(--cq-radius) var(--cq-radius) 0;\n            background: var(--cq-navy-mid); color: var(--cq-text);\n            border-top: none; border-right: none; border-bottom: none;\n            font-weight: 500;\n        }\n        .alert-cq.alert-success { border-color: var(--cq-green); }\n        .alert-cq.alert-danger  { border-color: var(--cq-red); }\n        .alert-cq.alert-info    { border-color: var(--cq-cyan); }\n        .alert-cq.alert-warning { border-color: var(--cq-yellow); }\n\n        /* \xe2\x94\x80\xe2\x94\x80 Dark Cards \xe2\x94\x80\xe2\x94\x80\xe2\x94\x80\xe2\x94\x80\xe2\x94\x80\xe2\x94\x80\xe2\x94\x80\xe2\x94\x80\xe2\x94\x80\xe2\x94\x80\xe2\x94\x80\xe2\x94\x80\xe2\x94\x80\xe2\x94\x80\xe2\x94\x80\xe2\x94\x80\xe2\x94\x80\xe2\x94\x80\xe2\x94\x80\xe2\x94\x80\xe2\x94\x80\xe2\x94\x80\xe2\x94\x80\xe2\x94\x80\xe2\x94\x80\xe2\x94\x80\xe2\x94\x80\xe2\x94\x80\xe2\x94\x80\xe2\x94\x80\xe2\x94\x80\xe2\x94\x80\xe2\x94\x80\xe2\x94\x80\xe2\x94\x80\xe2\x94\x80\xe2\x94\x80\xe2\x94\x80\xe2\x94\x80\xe2\x94\x80\xe2\x94\x80\xe2\x94\x80\xe2\x94\x80\xe2\x94\x80\xe2\x94\x80\xe2\x94\x80\xe2\x94\x80\xe2\x94\x80\xe2\x94\x80\xe2\x94\x80 */\n        .card-cq {\n            background: var(--cq-navy-mid);\n            border: 1px solid var(--cq-border);\n            border-radius: var(--cq-radius);\n            color: var(--cq-text);\n            box-shadow: var(--cq-shadow);\n        }\n        .card-cq .card-header {\n            background: var(--cq-navy-light);\n            border-bottom: 1px solid var(--cq-border);\n            color: var(--cq-text);\n            border-radius: var(--cq-radius) var(--cq-radius) 0 0;\n        }\n\n        /* \xe2\x94\x80\xe2\x94\x80 Dark Tables \xe2\x94\x80\xe2\x94\x80\xe2\x94\x80\xe2\x94\x80\xe2\x94\x80\xe2\x94\x80\xe2\x94\x80\xe2\x94\x80\xe2\x94\x80\xe2\x94\x80\xe2\x94\x80\xe2\x94\x80\xe2\x94\x80\xe2\x94\x80\xe2\x94\x80\xe2\x94\x80\xe2\x94\x80\xe2\x94\x80\xe2\x94\x80\xe2\x94\x80\xe2\x94\x80\xe2\x94\x80\xe2\x94\x80\xe2\x94\x80\xe2\x94\x80\xe2\x94\x80\xe2\x94\x80\xe2\x94\x80\xe2\x94\x80\xe2\x94\x80\xe2\x94\x80\xe2\x94\x80\xe2\x94\x80\xe2\x94\x80\xe2\x94\x80\xe2\x94\x80\xe2\x94\x80\xe2\x94\x80\xe2\x94\x80\xe2\x94\x80\xe2\x94\x80\xe2\x94\x80\xe2\x94\x80\xe2\x94\x80\xe2\x94\x80\xe2\x94\x80\xe2\x94\x80\xe2\x94\x80\xe2\x94\x80 */\n        .table-cq { color: var(--cq-text); }\n        .table-cq thead th {\n            background: var(--cq-navy-light);\n            color: var(--cq-cyan);\n            border-color: var(--cq-border);\n            font-family: var(--font-heading);\n            font-size: 0.8rem;\n            letter-spacing: 1px;\n        }\n        .table-cq tbody tr {\n            border-color: var(--cq-border);\n        }\n        .table-cq tbody tr:hover {\n            background: rgba(0,180,216,0.05);\n        }\n        .table-cq td, .table-cq th {\n            border-color: var(--cq-border);\n            vertical-align: middle;\n        }\n\n        /* \xe2\x94\x80\xe2\x94\x80 Dark Forms \xe2\x94\x80\xe2\x94\x80\xe2\x94\x80\xe2\x94\x80\xe2\x94\x80\xe2\x94\x80\xe2\x94\x80\xe2\x94\x80\xe2\x94\x80\xe2\x94\x80\xe2\x94\x80\xe2\x94\x80\xe2\x94\x80\xe2\x94\x80\xe2\x94\x80\xe2\x94\x80\xe2\x94\x80\xe2\x94\x80\xe2\x94\x80\xe2\x94\x80\xe2\x94\x80\xe2\x94\x80\xe2\x94\x80\xe2\x94\x80\xe2\x94\x80\xe2\x94\x80\xe2\x94\x80\xe2\x94\x80\xe2\x94\x80\xe2\x94\x80\xe2\x94\x80\xe2\x94\x80\xe2\x94\x80\xe2\x94\x80\xe2\x94\x80\xe2\x94\x80\xe2\x94\x80\xe2\x94\x80\xe2\x94\x80\xe2\x94\x80\xe2\x94\x80\xe2\x94\x80\xe2\x94\x80\xe2\x94\x80\xe2\x94\x80\xe2\x94\x80\xe2\x94\x80\xe2\x94\x80\xe2\x94\x80\xe2\x94\x80 */\n        .form-control-cq, .form-select-cq {\n            background: var(--cq-navy-light);\n            border: 1px solid var(--cq-border);\n            color: var(--cq-text);\n            border-radius: 8px;\n        }\n        .form-control-cq:focus, .form-select-cq:focus {\n            background: var(--cq-navy-light);\n            border-color: var(--cq-cyan);\n            color: var(--cq-text);\n            box-shadow: 0 0 0 3px rgba(0,180,216,0.2);\n        }\n        .form-control-cq::placeholder { color: var(--cq-text-muted); }\n\n        /* \xe2\x94\x80\xe2\x94\x80 CyberQuest Buttons \xe2\x94\x80\xe2\x94\x80\xe2\x94\x80\xe2\x94\x80\xe2\x94\x80\xe2\x94\x80\xe2\x94\x80\xe2\x94\x80\xe2\x94\x80\xe2\x94\x80\xe2\x94\x80\xe2\x94\x80\xe2\x94\x80\xe2\x94\x80\xe2\x94\x80\xe2\x94\x80\xe2\x94\x80\xe2\x94\x80\xe2\x94\x80\xe2\x94\x80\xe2\x94\x80\xe2\x94\x80\xe2\x94\x80\xe2\x94\x80\xe2\x94\x80\xe2\x94\x80\xe2\x94\x80\xe2\x94\x80\xe2\x94\x80\xe2\x94\x80\xe2\x94\x80\xe2\x94\x80\xe2\x94\x80\xe2\x94\x80\xe2\x94\x80\xe2\x94\x80\xe2\x94\x80\xe2\x94\x80\xe2\x94\x80\xe2\x94\x80\xe2\x94\x80\xe2\x94\x80 */\n        .btn-cq-primary {\n            background: var(--cq-cyan); color: var(--cq-navy);\n            border: none; font-weight: 700; border-radius: 8px;\n            font-family: var(--font-body); letter-spacing: 0.5px;\n            transition: all 0.2s;\n        }\n        .btn-cq-primary:hover {\n            background: var(--cq-cyan-glow);\n            box-shadow: 0 4px 16px rgba(0,180,216,0.4);\n        }\n        .btn-cq-outline {\n            border: 1px solid var(--cq-cyan); color: var(--cq-cyan);\n            background: transparent; border-radius: 8px;\n            font-weight: 600; transition: all 0.2s;\n        }\n        .btn-cq-outline:hover {\n            background: rgba(0,180,216,0.12); color: var(--cq-cyan-glow);\n        }\n        .btn-cq-danger {\n            border: 1px solid var(--cq-red); color: var(--cq-red);\n            background: transparent; border-radius: 8px;\n            font-weight: 600; transition: all 0.2s;\n        }\n        .btn-cq-danger:hover { background: rgba(255,77,109,0.12); }\n\n        /* \xe2\x94\x80\xe2\x94\x80 Badges / Pills \xe2\x94\x80\xe2\x94\x80\xe2\x94\x80\xe2\x94\x80\xe2\x94\x80\xe2\x94\x80\xe2\x94\x80\xe2\x94\x80\xe2\x94\x80\xe2\x94\x80\xe2\x94\x80\xe2\x94\x80\xe2\x94\x80\xe2\x94\x80\xe2\x94\x80\xe2\x94\x80\xe2\x94\x80\xe2\x94\x80\xe2\x94\x80\xe2\x94\x80\xe2\x94\x80\xe2\x94\x80\xe2\x94\x80\xe2\x94\x80\xe2\x94\x80\xe2\x94\x80\xe2\x94\x80\xe2\x94\x80\xe2\x94\x80\xe2\x94\x80\xe2\x94\x80\xe2\x94\x80\xe2\x94\x80\xe2\x94\x80\xe2\x94\x80\xe2\x94\x80\xe2\x94\x80\xe2\x94\x80\xe2\x94\x80\xe2\x94\x80\xe2\x94\x80\xe2\x94\x80\xe2\x94\x80\xe2\x94\x80\xe2\x94\x80\xe2\x94\x80 */\n        .badge-cq-cyan {\n            background: rgba(0,180,216,0.15);\n            color: var(--cq-cyan);\n            border: 1px solid var(--cq-border);\n            border-radius: 20px; padding: 0.3rem 0.8rem;\n            font-size: 0.8rem; font-weight: 600;\n        }\n        .badge-cq-gold {\n            background: rgba(255,214,10,0.15);\n            color: var(--cq-yellow);\n            border: 1px solid rgba(255,214,10,0.3);\n            border-radius: 20px; padding: 0.3rem 0.8rem;\n            font-size: 0.8rem; font-weight: 600;\n        }\n\n        /* \xe2\x94\x80\xe2\x94\x80 Progress bars \xe2\x94\x80\xe2\x94\x80\xe2\x94\x80\xe2\x94\x80\xe2\x94\x80\xe2\x94\x80\xe2\x94\x80\xe2\x94\x80\xe2\x94\x80\xe2\x94\x80\xe2\x94\x80\xe2\x94\x80\xe2\x94\x80\xe2\x94\x80\xe2\x94\x80\xe2\x94\x80\xe2\x94\x80\xe2\x94\x80\xe2\x94\x80\xe2\x94\x80\xe2\x94\x80\xe2\x94\x80\xe2\x94\x80\xe2\x94\x80\xe2\x94\x80\xe2\x94\x80\xe2\x94\x80\xe2\x94\x80\xe2\x94\x80\xe2\x94\x80\xe2\x94\x80\xe2\x94\x80\xe2\x94\x80\xe2\x94\x80\xe2\x94\x80\xe2\x94\x80\xe2\x94\x80\xe2\x94\x80\xe2\x94\x80\xe2\x94\x80\xe2\x94\x80\xe2\x94\x80\xe2\x94\x80\xe2\x94\x80\xe2\x94\x80\xe2\x94\x80\xe2\x94\x80 */\n        .progress-cq {\n            background: var(--cq-navy-light);\n            border-radius: 10px; height: 8px;\n        }\n        .progress-cq .progress-bar {\n            background: linear-gradient(90deg, var(--cq-cyan), var(--cq-green));\n            border-radius: 10px;\n        }\n\n        /* \xe2\x94\x80\xe2\x94\x80 Stat Cards \xe2\x94\x80\xe2\x94\x80\xe2\x94\x80\xe2\x94\x80\xe2\x94\x80\xe2\x94\x80\xe2\x94\x80\xe2\x94\x80\xe2\x94\x80\xe2\x94\x80\xe2\x94\x80\xe2\x94\x80\xe2\x94\x80\xe2\x94\x80\xe2\x94\x80\xe2\x94\x80\xe2\x94\x80\xe2\x94\x80\xe2\x94\x80\xe2\x94\x80\xe2\x94\x80\xe2\x94\x80\xe2\x94\x80\xe2\x94\x80\xe2\x94\x80\xe2\x94\x80\xe2\x94\x80\xe2\x94\x80\xe2\x94\x80\xe2\x94\x80\xe2\x94\x80\xe2\x94\x80\xe2\x94\x80\xe2\x94\x80\xe2\x94\x80\xe2\x94\x80\xe2\x94\x80\xe2\x94\x80\xe2\x94\x80\xe2\x94\x80\xe2\x94\x80\xe2\x94\x80\xe2\x94\x80\xe2\x94\x80\xe2\x94\x80\xe2\x94\x80\xe2\x94\x80\xe2\x94\x80\xe2\x94\x80\xe2\x94\x80 */\n        .stat-card {\n            background: var(--cq-navy-mid);\n            border: 1px solid var(--cq-border);\n            border-radius: var(--cq-radius);\n            padding: 1.5rem 1rem;\n            text-align: center;\n            transition: border-color 0.2s, transform 0.2s;\n        }\n        .stat-card:hover {\n            border-color: var(--cq-cyan);\n            transform: translateY(-2px);\n        }\n        .stat-card .stat-number {\n            font-family: var(--font-heading); font-size: 2rem;\n            font-weight: 800;\n        }\n        .stat-card .stat-label { color: var(--cq-text-muted); font-size: 0.85rem; }\n\n        /* \xe2\x94\x80\xe2\x94\x80 Footer \xe2\x94\x80\xe2\x94\x80\xe2\x94\x80\xe2\x94\x80\xe2\x94\x80\xe2\x94\x80\xe2\x94\x80\xe2\x94\x80\xe2\x94\x80\xe2\x94\x80\xe2\x94\x80\xe2\x94\x80\xe2\x94\x80\xe2\x94\x80\xe2\x94\x80\xe2\x94\x80\xe2\x94\x80\xe2\x94\x80\xe2\x94\x80\xe2\x94\x80\xe2\x94\x80\xe2\x94\x80\xe2\x94\x80\xe2\x94\x80\xe2\x94\x80\xe2\x94\x80\xe2\x94\x80\xe2\x94\x80\xe2\x94\x80\xe2\x94\x80\xe2\x94\x80\xe2\x94\x80\xe2\x94\x80\xe2\x94\x80\xe2\x94\x80\xe2\x94\x80\xe2\x94\x80\xe2\x94\x80\xe2\x94\x80\xe2\x94\x80\xe2\x94\x80\xe2\x94\x80\xe2\x94\x80\xe2\x94\x80\xe2\x94\x80\xe2\x94\x80\xe2\x94\x80\xe2\x94\x80\xe2\x94\x80\xe2\x94\x80\xe2\x94\x80\xe2\x94\x80\xe2\x94\x80\xe2\x94\x80 */\n        .footer-cq {\n            background: var(--cq-navy-mid);\n            border-top: 1px solid var(--cq-border);\n            padding: 1.5rem 0;\n            margin-top: auto;\n        }\n        .footer-brand {\n            font-family: var(--font-heading); font-weight: 800;\n            color: var(--cq-cyan); font-size: 1rem; letter-spacing: 2px;\n        }\n        .footer-text { color: var(--cq-text-muted); font-size: 0.85rem; }\n        .footer-team { color: var(--cq-cyan); font-size: 0.85rem; font-weight: 600; }\n\n        /* \xe2\x94\x80\xe2\x94\x80 Scrollbar \xe2\x94\x80\xe2\x94\x80\xe2\x94\x80\xe2\x94\x80\xe2\x94\x80\xe2\x94\x80\xe2\x94\x80\xe2\x94\x80\xe2\x94\x80\xe2\x94\x80\xe2\x94\x80\xe2\x94\x80\xe2\x94\x80\xe2\x94\x80\xe2\x94\x80\xe2\x94\x80\xe2\x94\x80\xe2\x94\x80\xe2\x94\x80\xe2\x94\x80\xe2\x94\x80\xe2\x94\x80\xe2\x94\x80\xe2\x94\x80\xe2\x94\x80\xe2\x94\x80\xe2\x94\x80\xe2\x94\x80\xe2\x94\x80\xe2\x94\x80\xe2\x94\x80\xe2\x94\x80\xe2\x94\x80\xe2\x94\x80\xe2\x94\x80\xe2\x94\x80\xe2\x94\x80\xe2\x94\x80\xe2\x94\x80\xe2\x94\x80\xe2\x94\x80\xe2\x94\x80\xe2\x94\x80\xe2\x94\x80\xe2\x94\x80\xe2\x94\x80\xe2\x94\x80\xe2\x94\x80\xe2\x94\x80\xe2\x94\x80\xe2\x94\x80 */\n        ::-webkit-scrollbar { width: 6px; }\n        ::-webkit-scrollbar-track { background: var(--cq-navy); }\n        ::-webkit-scrollbar-thumb { background: var(--cq-navy-light); border-radius: 3px; }\n        ::-webkit-scrollbar-thumb:hover { background: var(--cq-cyan); }\n    </style>\n\n    \n</head>\n\n<body>\n\n<!-- \xe2\x94\x80\xe2\x94\x80 Navbar \xe2\x94\x80\xe2\x94\x80\xe2\x94\x80\xe2\x94\x80\xe2\x94\x80\xe2\x94\x80\xe2\x94\x80\xe2\x94\x80\xe2\x94\x80\xe2\x94\x80\xe2\x94\x80\xe2\x94\x80\xe2\x94\x80\xe2\x94\x80\xe2\x94\x80\xe2\x94\x80\xe2\x94\x80\xe2\x94\x80\xe2\x94\x80\xe2\x94\x80\xe2\x94\x80\xe2\x94\x80\xe2\x94\x80\xe2\x94\x80\xe2\x94\x80\xe2\x94\x80\xe2\x94\x80\xe2\x94\x80\xe2\x94\x80\xe2\x94\x80\xe2\x94\x80\xe2\x94\x80\xe2\x94\x80\xe2\x94\x80\xe2\x94\x80\xe2\x94\x80\xe2\x94\x80\xe2\x94\x80\xe2\x94\x80\xe2\x94\x80\xe2\x94\x80\xe2\x94\x80\xe2\x94\x80\xe2\x94\x80\xe2\x94\x80\xe2\x94\x80\xe2\x94\x80\xe2\x94\x80\xe2\x94\x80\xe2\x94\x80\xe2\x94\x80\xe2\x94\x80\xe2\x94\x80\xe2\x94\x80\xe2\x94\x80\xe2\x94\x80\xe2\x94\x80\xe2\x94\x80\xe2\x94\x80\xe2\x94\x80\xe2\x94\x80 -->\n<nav class="navbar navbar-expand-lg navbar-cyberquest">\n    <div class="container">\n        <!-- Fixed: use auth.login instead of non-existent \'home\' route -->\n        <a class="navbar-brand-cq"\n           href="/challenges">\n            <i class="bi bi-shield-fill-check brand-icon"></i>\n            CYBER<span style="color:#fff;">QUEST</span>\n        </a>\n\n        <button class="navbar-toggler" type="button"\n                data-bs-toggle="collapse" data-bs-target="#navbarMain">\n            <span class="navbar-toggler-icon"></span>\n        </button>\n\n        <div class="collapse navbar-collapse" id="navbarMain">\n            \n            <ul class="navbar-nav me-auto mb-2 mb-lg-0">\n                \n                <li class="nav-item">\n                    <a class="nav-link nav-link-cq" href="/challenges">\n                        <i class="bi bi-controller me-1"></i> Challenges\n                    </a>\n                </li>\n                <li class="nav-item">\n                    <a class="nav-link nav-link-cq" href="/progress">\n                        <i class="bi bi-bar-chart-fill me-1"></i> My Progress\n                    </a>\n                </li>\n                <li class="nav-item">\n                    <a class="nav-link nav-link-cq" href="/result">\n                        <i class="bi bi-trophy me-1"></i> Results\n                    </a>\n                </li>\n                \n            </ul>\n            \n\n            <div class="d-flex align-items-center gap-2">\n                \n                    <span class="navbar-username d-none d-md-inline">\n                        <i class="bi bi-person-circle me-1"></i>\n                        <strong>newstudent_test</strong>\n                        <span class="badge ms-1"\n                              style="background:rgba(0,180,216,0.15);\n                                     color:var(--cq-cyan); font-size:0.7rem;">\n                            Student\n                        </span>\n                    </span>\n                    \n                    <a href="/2fa/setup"\n                       class="btn-nav-login btn"\n                       title="2FA Settings">\n                        <i class="bi bi-shield-lock"></i>\n                    </a>\n                    \n                    <a href="/logout" class="btn-nav-login btn">\n                        <i class="bi bi-box-arrow-right me-1"></i> Logout\n                    </a>\n                \n            </div>\n        </div>\n    </div>\n</nav>\n\n<!-- \xe2\x94\x80\xe2\x94\x80 Flash Messages (handled once here, not in child templates) \xe2\x94\x80\xe2\x94\x80\xe2\x94\x80\xe2\x94\x80\xe2\x94\x80\xe2\x94\x80\xe2\x94\x80\xe2\x94\x80\xe2\x94\x80\xe2\x94\x80 -->\n<div class="flash-container">\n    <div class="container">\n        \n            \n        \n    </div>\n</div>\n\n<!-- \xe2\x94\x80\xe2\x94\x80 Main Content \xe2\x94\x80\xe2\x94\x80\xe2\x94\x80\xe2\x94\x80\xe2\x94\x80\xe2\x94\x80\xe2\x94\x80\xe2\x94\x80\xe2\x94\x80\xe2\x94\x80\xe2\x94\x80\xe2\x94\x80\xe2\x94\x80\xe2\x94\x80\xe2\x94\x80\xe2\x94\x80\xe2\x94\x80\xe2\x94\x80\xe2\x94\x80\xe2\x94\x80\xe2\x94\x80\xe2\x94\x80\xe2\x94\x80\xe2\x94\x80\xe2\x94\x80\xe2\x94\x80\xe2\x94\x80\xe2\x94\x80\xe2\x94\x80\xe2\x94\x80\xe2\x94\x80\xe2\x94\x80\xe2\x94\x80\xe2\x94\x80\xe2\x94\x80\xe2\x94\x80\xe2\x94\x80\xe2\x94\x80\xe2\x94\x80\xe2\x94\x80\xe2\x94\x80\xe2\x94\x80\xe2\x94\x80\xe2\x94\x80\xe2\x94\x80\xe2\x94\x80\xe2\x94\x80\xe2\x94\x80\xe2\x94\x80\xe2\x94\x80\xe2\x94\x80\xe2\x94\x80\xe2\x94\x80\xe2\x94\x80\xe2\x94\x80\xe2\x94\x80 -->\n<main>\n    \n<div class="container py-4">\n\n  <div class="d-flex justify-content-between align-items-center mb-4">\n    <div>\n      <h2 class="mb-0" style="color:var(--cq-cyan);">\xf0\x9f\x9b\xa1\xef\xb8\x8f Challenge Categories</h2>\n      <p style="color:var(--cq-text-muted);" class="mb-0">Choose a category to start earning points</p>\n    </div>\n    <div class="text-end">\n      <span class="badge-cq-gold fs-6 px-3 py-2">\xe2\xad\x90 0 pts</span>\n      <a href="/progress" class="btn btn-cq-outline ms-2">\xf0\x9f\x93\x8a My Progress</a>\n    </div>\n  </div>\n\n  <!-- Category Cards -->\n  <div class="row g-4 mb-5">\n    \n    <div class="col-md-4">\n      <div class="card-cq h-100 p-4 text-center" style="transition:border-color 0.2s,transform 0.2s;"\n           onmouseover="this.style.borderColor=\'var(--cq-cyan)\';this.style.transform=\'translateY(-4px)\'"\n           onmouseout="this.style.borderColor=\'var(--cq-border)\';this.style.transform=\'none\'">\n        <div style="font-size:3.5rem;" class="mb-3">\xf0\x9f\x8e\xa3</div>\n        <h4 style="color:var(--cq-cyan);">Phishing Awareness</h4>\n        <p style="color:var(--cq-text-muted);" class="small mb-3">Learn to spot phishing emails and social engineering attacks.</p>\n\n        <div class="mb-3">\n          <div class="d-flex justify-content-between small mb-1"\n               style="color:var(--cq-text-muted);">\n            <span>Progress</span>\n            <span>0/5</span>\n          </div>\n          <div class="progress-cq">\n            <div class="progress-bar" role="progressbar"\n                 style="width:0%">\n            </div>\n          </div>\n        </div>\n\n        <a href="/challenge/phishing"\n           class="btn btn-cq-primary w-100 fw-bold">\n          \xf0\x9f\x9a\x80 Start\n        </a>\n      </div>\n    </div>\n    \n    <div class="col-md-4">\n      <div class="card-cq h-100 p-4 text-center" style="transition:border-color 0.2s,transform 0.2s;"\n           onmouseover="this.style.borderColor=\'var(--cq-cyan)\';this.style.transform=\'translateY(-4px)\'"\n           onmouseout="this.style.borderColor=\'var(--cq-border)\';this.style.transform=\'none\'">\n        <div style="font-size:3.5rem;" class="mb-3">\xf0\x9f\x94\x90</div>\n        <h4 style="color:var(--cq-cyan);">Password Security</h4>\n        <p style="color:var(--cq-text-muted);" class="small mb-3">Master the art of strong passwords and authentication.</p>\n\n        <div class="mb-3">\n          <div class="d-flex justify-content-between small mb-1"\n               style="color:var(--cq-text-muted);">\n            <span>Progress</span>\n            <span>0/5</span>\n          </div>\n          <div class="progress-cq">\n            <div class="progress-bar" role="progressbar"\n                 style="width:0%">\n            </div>\n          </div>\n        </div>\n\n        <a href="/challenge/password"\n           class="btn btn-cq-primary w-100 fw-bold">\n          \xf0\x9f\x9a\x80 Start\n        </a>\n      </div>\n    </div>\n    \n    <div class="col-md-4">\n      <div class="card-cq h-100 p-4 text-center" style="transition:border-color 0.2s,transform 0.2s;"\n           onmouseover="this.style.borderColor=\'var(--cq-cyan)\';this.style.transform=\'translateY(-4px)\'"\n           onmouseout="this.style.borderColor=\'var(--cq-border)\';this.style.transform=\'none\'">\n        <div style="font-size:3.5rem;" class="mb-3">\xf0\x9f\x8c\x90</div>\n        <h4 style="color:var(--cq-cyan);">Safe Browsing</h4>\n        <p style="color:var(--cq-text-muted);" class="small mb-3">Stay safe online \xe2\x80\x94 VPNs, HTTPS, and browser threats.</p>\n\n        <div class="mb-3">\n          <div class="d-flex justify-content-between small mb-1"\n               style="color:var(--cq-text-muted);">\n            <span>Progress</span>\n            <span>0/5</span>\n          </div>\n          <div class="progress-cq">\n            <div class="progress-bar" role="progressbar"\n                 style="width:0%">\n            </div>\n          </div>\n        </div>\n\n        <a href="/challenge/browsing"\n           class="btn btn-cq-primary w-100 fw-bold">\n          \xf0\x9f\x9a\x80 Start\n        </a>\n      </div>\n    </div>\n    \n  </div>\n\n  <!-- Badges -->\n  \n\n</div>\n\n</main>\n\n<!-- \xe2\x94\x80\xe2\x94\x80 Footer \xe2\x94\x80\xe2\x94\x80\xe2\x94\x80\xe2\x94\x80\xe2\x94\x80\xe2\x94\x80\xe2\x94\x80\xe2\x94\x80\xe2\x94\x80\xe2\x94\x80\xe2\x94\x80\xe2\x94\x80\xe2\x94\x80\xe2\x94\x80\xe2\x94\x80\xe2\x94\x80\xe2\x94\x80\xe2\x94\x80\xe2\x94\x80\xe2\x94\x80\xe2\x94\x80\xe2\x94\x80\xe2\x94\x80\xe2\x94\x80\xe2\x94\x80\xe2\x94\x80\xe2\x94\x80\xe2\x94\x80\xe2\x94\x80\xe2\x94\x80\xe2\x94\x80\xe2\x94\x80\xe2\x94\x80\xe2\x94\x80\xe2\x94\x80\xe2\x94\x80\xe2\x94\x80\xe2\x94\x80\xe2\x94\x80\xe2\x94\x80\xe2\x94\x80\xe2\x94\x80\xe2\x94\x80\xe2\x94\x80\xe2\x94\x80\xe2\x94\x80\xe2\x94\x80\xe2\x94\x80\xe2\x94\x80\xe2\x94\x80\xe2\x94\x80\xe2\x94\x80\xe2\x94\x80\xe2\x94\x80\xe2\x94\x80\xe2\x94\x80\xe2\x94\x80\xe2\x94\x80\xe2\x94\x80\xe2\x94\x80\xe2\x94\x80 -->\n<footer class="footer-cq">\n    <div class="container">\n        <div class="row align-items-center">\n            <div class="col-md-3 mb-2 mb-md-0">\n                <div class="footer-brand"><i class="bi bi-shield-fill-check me-2"></i>CYBERQUEST</div>\n                <div class="footer-text">Cybersecurity Awareness Game</div>\n            </div>\n            <div class="col-md-5 mb-2 mb-md-0">\n                <div class="footer-text">\n                    <i class="bi bi-mortarboard-fill me-1"></i>\n                    ICT932 \xe2\x80\x94 Cybersecurity Testing and Assurance<br>\n                    Crown Institute of Higher Education (CIHE) \xc2\xa9 2026\n                </div>\n            </div>\n            <div class="col-md-4 text-md-end">\n                <div class="footer-team">\n                    Prashan Manandhar | Raju Kshetri | Pramesh Silwal | Susanta Dhakal\n                </div>\n            </div>\n        </div>\n    </div>\n</footer>\n\n<script src="https://cdn.jsdelivr.net/npm/bootstrap@5.3.0/dist/js/bootstrap.bundle.min.js"></script>\n\n\n</body>\n</html>' = <WrapperTestResponse 20602 bytes [200 OK]>.data
__________ TestRegistration.test_register_teacher_without_code_fails __________
tests\test_auth.py:125: in test_register_teacher_without_code_fails
    assert b'Invalid teacher' in response.data
E   assert b'Invalid teacher' in b'<!DOCTYPE html>\n<!--\n    base.html \xe2\x80\x94 Shared base template for CyberQuest\n    Authors: Susanta Dhakal (CIHE250321) & Pramesh Silwal (CIHE241339)\n    Fixed: Prashan Manandhar (CIHE241182) \xe2\x80\x94 removed broken url_for(\'home\')\n-->\n<html lang="en">\n<head>\n    <meta charset="UTF-8">\n    <meta name="viewport" content="width=device-width, initial-scale=1.0">\n    <meta name="description" content="CyberQuest \xe2\x80\x94 Cybersecurity Awareness Game for ICT932 CIHE">\n    <title>Challenges \xe2\x80\x94 CyberQuest | ICT932</title>\n\n    <!-- Bootstrap 5 CSS -->\n    <link href="https://cdn.jsdelivr.net/npm/bootstrap@5.3.0/dist/css/bootstrap.min.css" rel="stylesheet">\n    <!-- Bootstrap Icons -->\n    <link href="https://cdn.jsdelivr.net/npm/bootstrap-icons@1.11.0/font/bootstrap-icons.css" rel="stylesheet">\n    <!-- Google Fonts -->\n    <link href="https://fonts.googleapis.com/css2?family=Orbitron:wght@400;600;800&family=Rajdhani:wght@300;400;500;600&display=swap" rel="stylesheet">\n\n    <style>\n        /* \xe2\x94\x80\xe2\x94\x80 Design Tokens \xe2\x94\x80\xe2\x94\x80\xe2\x94\x80\xe2\x94\x80\xe2\x94\x80\xe2\x94\x80\xe2\x94\x80\xe2\x94\x80\xe2\x94\x80\xe2\x94\x80\xe2\x94\x80\xe2\x94\x80\xe2\x94\x80\xe2\x94\x80\xe2\x94\x80\xe2\x94\x80\xe2\x94\x80\xe2\x94\x80\xe2\x94\x80\xe2\x94\x80\xe2\x94\x80\xe2\x94\x80\xe2\x94\x80\xe2\x94\x80\xe2\x94\x80\xe2\x94\x80\xe2\x94\x80\xe2\x94\x80\xe2\x94\x80\xe2\x94\x80\xe2\x94\x80\xe2\x94\x80\xe2\x94\x80\xe2\x94\x80\xe2\x94\x80\xe2\x94\x80\xe2\x94\x80\xe2\x94\x80\xe2\x94\x80\xe2\x94\x80\xe2\x94\x80\xe2\x94\x80\xe2\x94\x80\xe2\x94\x80\xe2\x94\x80\xe2\x94\x80\xe2\x94\x80 */\n        :root {\n            --cq-navy:      #0D1B2A;\n            --cq-navy-mid:  #112233;\n            --cq-navy-light:#1A2E42;\n            --cq-cyan:      #00B4D8;\n            --cq-cyan-glow: #00D4FF;\n            --cq-green:     #00E676;\n            --cq-red:       #FF4D6D;\n            --cq-yellow:    #FFD60A;\n            --cq-text:      #E0EAF4;\n            --cq-text-muted:#7A9BB5;\n            --cq-border:    rgba(0, 180, 216, 0.2);\n            --cq-shadow:    0 4px 24px rgba(0, 180, 216, 0.12);\n            --cq-radius:    12px;\n            --font-heading: \'Orbitron\', monospace;\n            --font-body:    \'Rajdhani\', sans-serif;\n        }\n\n        *, *::before, *::after { box-sizing: border-box; }\n        html { scroll-behavior: smooth; }\n\n        body {\n            background-color: var(--cq-navy);\n            color: var(--cq-text);\n            font-family: var(--font-body);\n            font-size: 1.05rem;\n            min-height: 100vh;\n            display: flex;\n            flex-direction: column;\n        }\n\n        h1,h2,h3,h4,h5,h6 { font-family: var(--font-heading); }\n        main { flex: 1; }\n\n        /* \xe2\x94\x80\xe2\x94\x80 Navbar \xe2\x94\x80\xe2\x94\x80\xe2\x94\x80\xe2\x94\x80\xe2\x94\x80\xe2\x94\x80\xe2\x94\x80\xe2\x94\x80\xe2\x94\x80\xe2\x94\x80\xe2\x94\x80\xe2\x94\x80\xe2\x94\x80\xe2\x94\x80\xe2\x94\x80\xe2\x94\x80\xe2\x94\x80\xe2\x94\x80\xe2\x94\x80\xe2\x94\x80\xe2\x94\x80\xe2\x94\x80\xe2\x94\x80\xe2\x94\x80\xe2\x94\x80\xe2\x94\x80\xe2\x94\x80\xe2\x94\x80\xe2\x94\x80\xe2\x94\x80\xe2\x94\x80\xe2\x94\x80\xe2\x94\x80\xe2\x94\x80\xe2\x94\x80\xe2\x94\x80\xe2\x94\x80\xe2\x94\x80\xe2\x94\x80\xe2\x94\x80\xe2\x94\x80\xe2\x94\x80\xe2\x94\x80\xe2\x94\x80\xe2\x94\x80\xe2\x94\x80\xe2\x94\x80\xe2\x94\x80\xe2\x94\x80\xe2\x94\x80\xe2\x94\x80\xe2\x94\x80\xe2\x94\x80\xe2\x94\x80 */\n        .navbar-cyberquest {\n            background: rgba(13,27,42,0.97);\n            border-bottom: 1px solid var(--cq-border);\n            backdrop-filter: blur(10px);\n            padding: 0.75rem 0;\n            position: sticky; top: 0; z-index: 1000;\n        }\n        .navbar-brand-cq {\n            font-family: var(--font-heading); font-weight: 800;\n            font-size: 1.35rem; color: var(--cq-cyan) !important;\n            text-decoration: none; letter-spacing: 2px;\n            display: flex; align-items: center; gap: 0.5rem;\n        }\n        .navbar-brand-cq .brand-icon {\n            color: var(--cq-cyan-glow); font-size: 1.5rem;\n            filter: drop-shadow(0 0 6px var(--cq-cyan));\n        }\n        .navbar-brand-cq:hover { color: var(--cq-cyan-glow) !important; }\n        .nav-link-cq {\n            color: var(--cq-text-muted) !important;\n            font-family: var(--font-body); font-weight: 500;\n            font-size: 0.95rem; letter-spacing: 0.5px;\n            padding: 0.5rem 0.85rem !important;\n            border-radius: 6px;\n            transition: color 0.2s, background 0.2s;\n        }\n        .nav-link-cq:hover, .nav-link-cq.active {\n            color: var(--cq-cyan) !important;\n            background: rgba(0,180,216,0.08);\n        }\n        .btn-nav-login {\n            border: 1px solid var(--cq-cyan); color: var(--cq-cyan);\n            background: transparent; border-radius: 6px;\n            padding: 0.4rem 1rem; font-weight: 600; font-size: 0.9rem;\n            transition: all 0.2s;\n        }\n        .btn-nav-login:hover {\n            background: rgba(0,180,216,0.15); color: var(--cq-cyan-glow);\n        }\n        .btn-nav-register {\n            background: var(--cq-cyan); color: var(--cq-navy);\n            border: none; border-radius: 6px;\n            padding: 0.4rem 1rem; font-weight: 700; font-size: 0.9rem;\n            transition: all 0.2s;\n        }\n        .btn-nav-register:hover {\n            background: var(--cq-cyan-glow);\n            box-shadow: 0 4px 12px rgba(0,180,216,0.35);\n        }\n        .navbar-username { color: var(--cq-text-muted); font-size: 0.85rem; }\n        .navbar-username strong { color: var(--cq-cyan); }\n        .navbar-toggler { border-color: var(--cq-border); }\n        .navbar-toggler-icon { filter: invert(60%) sepia(80%) saturate(400%) hue-rotate(165deg); }\n\n        /* \xe2\x94\x80\xe2\x94\x80 Flash Messages \xe2\x94\x80\xe2\x94\x80\xe2\x94\x80\xe2\x94\x80\xe2\x94\x80\xe2\x94\x80\xe2\x94\x80\xe2\x94\x80\xe2\x94\x80\xe2\x94\x80\xe2\x94\x80\xe2\x94\x80\xe2\x94\x80\xe2\x94\x80\xe2\x94\x80\xe2\x94\x80\xe2\x94\x80\xe2\x94\x80\xe2\x94\x80\xe2\x94\x80\xe2\x94\x80\xe2\x94\x80\xe2\x94\x80\xe2\x94\x80\xe2\x94\x80\xe2\x94\x80\xe2\x94\x80\xe2\x94\x80\xe2\x94\x80\xe2\x94\x80\xe2\x94\x80\xe2\x94\x80\xe2\x94\x80\xe2\x94\x80\xe2\x94\x80\xe2\x94\x80\xe2\x94\x80\xe2\x94\x80\xe2\x94\x80\xe2\x94\x80\xe2\x94\x80\xe2\x94\x80\xe2\x94\x80\xe2\x94\x80\xe2\x94\x80\xe2\x94\x80 */\n        .flash-container { padding: 0.5rem 0; }\n        .alert-cq {\n            border-left: 4px solid; border-radius: 0 var(--cq-radius) var(--cq-radius) 0;\n            background: var(--cq-navy-mid); color: var(--cq-text);\n            border-top: none; border-right: none; border-bottom: none;\n            font-weight: 500;\n        }\n        .alert-cq.alert-success { border-color: var(--cq-green); }\n        .alert-cq.alert-danger  { border-color: var(--cq-red); }\n        .alert-cq.alert-info    { border-color: var(--cq-cyan); }\n        .alert-cq.alert-warning { border-color: var(--cq-yellow); }\n\n        /* \xe2\x94\x80\xe2\x94\x80 Dark Cards \xe2\x94\x80\xe2\x94\x80\xe2\x94\x80\xe2\x94\x80\xe2\x94\x80\xe2\x94\x80\xe2\x94\x80\xe2\x94\x80\xe2\x94\x80\xe2\x94\x80\xe2\x94\x80\xe2\x94\x80\xe2\x94\x80\xe2\x94\x80\xe2\x94\x80\xe2\x94\x80\xe2\x94\x80\xe2\x94\x80\xe2\x94\x80\xe2\x94\x80\xe2\x94\x80\xe2\x94\x80\xe2\x94\x80\xe2\x94\x80\xe2\x94\x80\xe2\x94\x80\xe2\x94\x80\xe2\x94\x80\xe2\x94\x80\xe2\x94\x80\xe2\x94\x80\xe2\x94\x80\xe2\x94\x80\xe2\x94\x80\xe2\x94\x80\xe2\x94\x80\xe2\x94\x80\xe2\x94\x80\xe2\x94\x80\xe2\x94\x80\xe2\x94\x80\xe2\x94\x80\xe2\x94\x80\xe2\x94\x80\xe2\x94\x80\xe2\x94\x80\xe2\x94\x80\xe2\x94\x80\xe2\x94\x80\xe2\x94\x80 */\n        .card-cq {\n            background: var(--cq-navy-mid);\n            border: 1px solid var(--cq-border);\n            border-radius: var(--cq-radius);\n            color: var(--cq-text);\n            box-shadow: var(--cq-shadow);\n        }\n        .card-cq .card-header {\n            background: var(--cq-navy-light);\n            border-bottom: 1px solid var(--cq-border);\n            color: var(--cq-text);\n            border-radius: var(--cq-radius) var(--cq-radius) 0 0;\n        }\n\n        /* \xe2\x94\x80\xe2\x94\x80 Dark Tables \xe2\x94\x80\xe2\x94\x80\xe2\x94\x80\xe2\x94\x80\xe2\x94\x80\xe2\x94\x80\xe2\x94\x80\xe2\x94\x80\xe2\x94\x80\xe2\x94\x80\xe2\x94\x80\xe2\x94\x80\xe2\x94\x80\xe2\x94\x80\xe2\x94\x80\xe2\x94\x80\xe2\x94\x80\xe2\x94\x80\xe2\x94\x80\xe2\x94\x80\xe2\x94\x80\xe2\x94\x80\xe2\x94\x80\xe2\x94\x80\xe2\x94\x80\xe2\x94\x80\xe2\x94\x80\xe2\x94\x80\xe2\x94\x80\xe2\x94\x80\xe2\x94\x80\xe2\x94\x80\xe2\x94\x80\xe2\x94\x80\xe2\x94\x80\xe2\x94\x80\xe2\x94\x80\xe2\x94\x80\xe2\x94\x80\xe2\x94\x80\xe2\x94\x80\xe2\x94\x80\xe2\x94\x80\xe2\x94\x80\xe2\x94\x80\xe2\x94\x80\xe2\x94\x80\xe2\x94\x80\xe2\x94\x80 */\n        .table-cq { color: var(--cq-text); }\n        .table-cq thead th {\n            background: var(--cq-navy-light);\n            color: var(--cq-cyan);\n            border-color: var(--cq-border);\n            font-family: var(--font-heading);\n            font-size: 0.8rem;\n            letter-spacing: 1px;\n        }\n        .table-cq tbody tr {\n            border-color: var(--cq-border);\n        }\n        .table-cq tbody tr:hover {\n            background: rgba(0,180,216,0.05);\n        }\n        .table-cq td, .table-cq th {\n            border-color: var(--cq-border);\n            vertical-align: middle;\n        }\n\n        /* \xe2\x94\x80\xe2\x94\x80 Dark Forms \xe2\x94\x80\xe2\x94\x80\xe2\x94\x80\xe2\x94\x80\xe2\x94\x80\xe2\x94\x80\xe2\x94\x80\xe2\x94\x80\xe2\x94\x80\xe2\x94\x80\xe2\x94\x80\xe2\x94\x80\xe2\x94\x80\xe2\x94\x80\xe2\x94\x80\xe2\x94\x80\xe2\x94\x80\xe2\x94\x80\xe2\x94\x80\xe2\x94\x80\xe2\x94\x80\xe2\x94\x80\xe2\x94\x80\xe2\x94\x80\xe2\x94\x80\xe2\x94\x80\xe2\x94\x80\xe2\x94\x80\xe2\x94\x80\xe2\x94\x80\xe2\x94\x80\xe2\x94\x80\xe2\x94\x80\xe2\x94\x80\xe2\x94\x80\xe2\x94\x80\xe2\x94\x80\xe2\x94\x80\xe2\x94\x80\xe2\x94\x80\xe2\x94\x80\xe2\x94\x80\xe2\x94\x80\xe2\x94\x80\xe2\x94\x80\xe2\x94\x80\xe2\x94\x80\xe2\x94\x80\xe2\x94\x80\xe2\x94\x80 */\n        .form-control-cq, .form-select-cq {\n            background: var(--cq-navy-light);\n            border: 1px solid var(--cq-border);\n            color: var(--cq-text);\n            border-radius: 8px;\n        }\n        .form-control-cq:focus, .form-select-cq:focus {\n            background: var(--cq-navy-light);\n            border-color: var(--cq-cyan);\n            color: var(--cq-text);\n            box-shadow: 0 0 0 3px rgba(0,180,216,0.2);\n        }\n        .form-control-cq::placeholder { color: var(--cq-text-muted); }\n\n        /* \xe2\x94\x80\xe2\x94\x80 CyberQuest Buttons \xe2\x94\x80\xe2\x94\x80\xe2\x94\x80\xe2\x94\x80\xe2\x94\x80\xe2\x94\x80\xe2\x94\x80\xe2\x94\x80\xe2\x94\x80\xe2\x94\x80\xe2\x94\x80\xe2\x94\x80\xe2\x94\x80\xe2\x94\x80\xe2\x94\x80\xe2\x94\x80\xe2\x94\x80\xe2\x94\x80\xe2\x94\x80\xe2\x94\x80\xe2\x94\x80\xe2\x94\x80\xe2\x94\x80\xe2\x94\x80\xe2\x94\x80\xe2\x94\x80\xe2\x94\x80\xe2\x94\x80\xe2\x94\x80\xe2\x94\x80\xe2\x94\x80\xe2\x94\x80\xe2\x94\x80\xe2\x94\x80\xe2\x94\x80\xe2\x94\x80\xe2\x94\x80\xe2\x94\x80\xe2\x94\x80\xe2\x94\x80\xe2\x94\x80\xe2\x94\x80 */\n        .btn-cq-primary {\n            background: var(--cq-cyan); color: var(--cq-navy);\n            border: none; font-weight: 700; border-radius: 8px;\n            font-family: var(--font-body); letter-spacing: 0.5px;\n            transition: all 0.2s;\n        }\n        .btn-cq-primary:hover {\n            background: var(--cq-cyan-glow);\n            box-shadow: 0 4px 16px rgba(0,180,216,0.4);\n        }\n        .btn-cq-outline {\n            border: 1px solid var(--cq-cyan); color: var(--cq-cyan);\n            background: transparent; border-radius: 8px;\n            font-weight: 600; transition: all 0.2s;\n        }\n        .btn-cq-outline:hover {\n            background: rgba(0,180,216,0.12); color: var(--cq-cyan-glow);\n        }\n        .btn-cq-danger {\n            border: 1px solid var(--cq-red); color: var(--cq-red);\n            background: transparent; border-radius: 8px;\n            font-weight: 600; transition: all 0.2s;\n        }\n        .btn-cq-danger:hover { background: rgba(255,77,109,0.12); }\n\n        /* \xe2\x94\x80\xe2\x94\x80 Badges / Pills \xe2\x94\x80\xe2\x94\x80\xe2\x94\x80\xe2\x94\x80\xe2\x94\x80\xe2\x94\x80\xe2\x94\x80\xe2\x94\x80\xe2\x94\x80\xe2\x94\x80\xe2\x94\x80\xe2\x94\x80\xe2\x94\x80\xe2\x94\x80\xe2\x94\x80\xe2\x94\x80\xe2\x94\x80\xe2\x94\x80\xe2\x94\x80\xe2\x94\x80\xe2\x94\x80\xe2\x94\x80\xe2\x94\x80\xe2\x94\x80\xe2\x94\x80\xe2\x94\x80\xe2\x94\x80\xe2\x94\x80\xe2\x94\x80\xe2\x94\x80\xe2\x94\x80\xe2\x94\x80\xe2\x94\x80\xe2\x94\x80\xe2\x94\x80\xe2\x94\x80\xe2\x94\x80\xe2\x94\x80\xe2\x94\x80\xe2\x94\x80\xe2\x94\x80\xe2\x94\x80\xe2\x94\x80\xe2\x94\x80\xe2\x94\x80\xe2\x94\x80 */\n        .badge-cq-cyan {\n            background: rgba(0,180,216,0.15);\n            color: var(--cq-cyan);\n            border: 1px solid var(--cq-border);\n            border-radius: 20px; padding: 0.3rem 0.8rem;\n            font-size: 0.8rem; font-weight: 600;\n        }\n        .badge-cq-gold {\n            background: rgba(255,214,10,0.15);\n            color: var(--cq-yellow);\n            border: 1px solid rgba(255,214,10,0.3);\n            border-radius: 20px; padding: 0.3rem 0.8rem;\n            font-size: 0.8rem; font-weight: 600;\n        }\n\n        /* \xe2\x94\x80\xe2\x94\x80 Progress bars \xe2\x94\x80\xe2\x94\x80\xe2\x94\x80\xe2\x94\x80\xe2\x94\x80\xe2\x94\x80\xe2\x94\x80\xe2\x94\x80\xe2\x94\x80\xe2\x94\x80\xe2\x94\x80\xe2\x94\x80\xe2\x94\x80\xe2\x94\x80\xe2\x94\x80\xe2\x94\x80\xe2\x94\x80\xe2\x94\x80\xe2\x94\x80\xe2\x94\x80\xe2\x94\x80\xe2\x94\x80\xe2\x94\x80\xe2\x94\x80\xe2\x94\x80\xe2\x94\x80\xe2\x94\x80\xe2\x94\x80\xe2\x94\x80\xe2\x94\x80\xe2\x94\x80\xe2\x94\x80\xe2\x94\x80\xe2\x94\x80\xe2\x94\x80\xe2\x94\x80\xe2\x94\x80\xe2\x94\x80\xe2\x94\x80\xe2\x94\x80\xe2\x94\x80\xe2\x94\x80\xe2\x94\x80\xe2\x94\x80\xe2\x94\x80\xe2\x94\x80\xe2\x94\x80 */\n        .progress-cq {\n            background: var(--cq-navy-light);\n            border-radius: 10px; height: 8px;\n        }\n        .progress-cq .progress-bar {\n            background: linear-gradient(90deg, var(--cq-cyan), var(--cq-green));\n            border-radius: 10px;\n        }\n\n        /* \xe2\x94\x80\xe2\x94\x80 Stat Cards \xe2\x94\x80\xe2\x94\x80\xe2\x94\x80\xe2\x94\x80\xe2\x94\x80\xe2\x94\x80\xe2\x94\x80\xe2\x94\x80\xe2\x94\x80\xe2\x94\x80\xe2\x94\x80\xe2\x94\x80\xe2\x94\x80\xe2\x94\x80\xe2\x94\x80\xe2\x94\x80\xe2\x94\x80\xe2\x94\x80\xe2\x94\x80\xe2\x94\x80\xe2\x94\x80\xe2\x94\x80\xe2\x94\x80\xe2\x94\x80\xe2\x94\x80\xe2\x94\x80\xe2\x94\x80\xe2\x94\x80\xe2\x94\x80\xe2\x94\x80\xe2\x94\x80\xe2\x94\x80\xe2\x94\x80\xe2\x94\x80\xe2\x94\x80\xe2\x94\x80\xe2\x94\x80\xe2\x94\x80\xe2\x94\x80\xe2\x94\x80\xe2\x94\x80\xe2\x94\x80\xe2\x94\x80\xe2\x94\x80\xe2\x94\x80\xe2\x94\x80\xe2\x94\x80\xe2\x94\x80\xe2\x94\x80\xe2\x94\x80 */\n        .stat-card {\n            background: var(--cq-navy-mid);\n            border: 1px solid var(--cq-border);\n            border-radius: var(--cq-radius);\n            padding: 1.5rem 1rem;\n            text-align: center;\n            transition: border-color 0.2s, transform 0.2s;\n        }\n        .stat-card:hover {\n            border-color: var(--cq-cyan);\n            transform: translateY(-2px);\n        }\n        .stat-card .stat-number {\n            font-family: var(--font-heading); font-size: 2rem;\n            font-weight: 800;\n        }\n        .stat-card .stat-label { color: var(--cq-text-muted); font-size: 0.85rem; }\n\n        /* \xe2\x94\x80\xe2\x94\x80 Footer \xe2\x94\x80\xe2\x94\x80\xe2\x94\x80\xe2\x94\x80\xe2\x94\x80\xe2\x94\x80\xe2\x94\x80\xe2\x94\x80\xe2\x94\x80\xe2\x94\x80\xe2\x94\x80\xe2\x94\x80\xe2\x94\x80\xe2\x94\x80\xe2\x94\x80\xe2\x94\x80\xe2\x94\x80\xe2\x94\x80\xe2\x94\x80\xe2\x94\x80\xe2\x94\x80\xe2\x94\x80\xe2\x94\x80\xe2\x94\x80\xe2\x94\x80\xe2\x94\x80\xe2\x94\x80\xe2\x94\x80\xe2\x94\x80\xe2\x94\x80\xe2\x94\x80\xe2\x94\x80\xe2\x94\x80\xe2\x94\x80\xe2\x94\x80\xe2\x94\x80\xe2\x94\x80\xe2\x94\x80\xe2\x94\x80\xe2\x94\x80\xe2\x94\x80\xe2\x94\x80\xe2\x94\x80\xe2\x94\x80\xe2\x94\x80\xe2\x94\x80\xe2\x94\x80\xe2\x94\x80\xe2\x94\x80\xe2\x94\x80\xe2\x94\x80\xe2\x94\x80\xe2\x94\x80\xe2\x94\x80 */\n        .footer-cq {\n            background: var(--cq-navy-mid);\n            border-top: 1px solid var(--cq-border);\n            padding: 1.5rem 0;\n            margin-top: auto;\n        }\n        .footer-brand {\n            font-family: var(--font-heading); font-weight: 800;\n            color: var(--cq-cyan); font-size: 1rem; letter-spacing: 2px;\n        }\n        .footer-text { color: var(--cq-text-muted); font-size: 0.85rem; }\n        .footer-team { color: var(--cq-cyan); font-size: 0.85rem; font-weight: 600; }\n\n        /* \xe2\x94\x80\xe2\x94\x80 Scrollbar \xe2\x94\x80\xe2\x94\x80\xe2\x94\x80\xe2\x94\x80\xe2\x94\x80\xe2\x94\x80\xe2\x94\x80\xe2\x94\x80\xe2\x94\x80\xe2\x94\x80\xe2\x94\x80\xe2\x94\x80\xe2\x94\x80\xe2\x94\x80\xe2\x94\x80\xe2\x94\x80\xe2\x94\x80\xe2\x94\x80\xe2\x94\x80\xe2\x94\x80\xe2\x94\x80\xe2\x94\x80\xe2\x94\x80\xe2\x94\x80\xe2\x94\x80\xe2\x94\x80\xe2\x94\x80\xe2\x94\x80\xe2\x94\x80\xe2\x94\x80\xe2\x94\x80\xe2\x94\x80\xe2\x94\x80\xe2\x94\x80\xe2\x94\x80\xe2\x94\x80\xe2\x94\x80\xe2\x94\x80\xe2\x94\x80\xe2\x94\x80\xe2\x94\x80\xe2\x94\x80\xe2\x94\x80\xe2\x94\x80\xe2\x94\x80\xe2\x94\x80\xe2\x94\x80\xe2\x94\x80\xe2\x94\x80\xe2\x94\x80\xe2\x94\x80 */\n        ::-webkit-scrollbar { width: 6px; }\n        ::-webkit-scrollbar-track { background: var(--cq-navy); }\n        ::-webkit-scrollbar-thumb { background: var(--cq-navy-light); border-radius: 3px; }\n        ::-webkit-scrollbar-thumb:hover { background: var(--cq-cyan); }\n    </style>\n\n    \n</head>\n\n<body>\n\n<!-- \xe2\x94\x80\xe2\x94\x80 Navbar \xe2\x94\x80\xe2\x94\x80\xe2\x94\x80\xe2\x94\x80\xe2\x94\x80\xe2\x94\x80\xe2\x94\x80\xe2\x94\x80\xe2\x94\x80\xe2\x94\x80\xe2\x94\x80\xe2\x94\x80\xe2\x94\x80\xe2\x94\x80\xe2\x94\x80\xe2\x94\x80\xe2\x94\x80\xe2\x94\x80\xe2\x94\x80\xe2\x94\x80\xe2\x94\x80\xe2\x94\x80\xe2\x94\x80\xe2\x94\x80\xe2\x94\x80\xe2\x94\x80\xe2\x94\x80\xe2\x94\x80\xe2\x94\x80\xe2\x94\x80\xe2\x94\x80\xe2\x94\x80\xe2\x94\x80\xe2\x94\x80\xe2\x94\x80\xe2\x94\x80\xe2\x94\x80\xe2\x94\x80\xe2\x94\x80\xe2\x94\x80\xe2\x94\x80\xe2\x94\x80\xe2\x94\x80\xe2\x94\x80\xe2\x94\x80\xe2\x94\x80\xe2\x94\x80\xe2\x94\x80\xe2\x94\x80\xe2\x94\x80\xe2\x94\x80\xe2\x94\x80\xe2\x94\x80\xe2\x94\x80\xe2\x94\x80\xe2\x94\x80\xe2\x94\x80\xe2\x94\x80\xe2\x94\x80\xe2\x94\x80\xe2\x94\x80 -->\n<nav class="navbar navbar-expand-lg navbar-cyberquest">\n    <div class="container">\n        <!-- Fixed: use auth.login instead of non-existent \'home\' route -->\n        <a class="navbar-brand-cq"\n           href="/challenges">\n            <i class="bi bi-shield-fill-check brand-icon"></i>\n            CYBER<span style="color:#fff;">QUEST</span>\n        </a>\n\n        <button class="navbar-toggler" type="button"\n                data-bs-toggle="collapse" data-bs-target="#navbarMain">\n            <span class="navbar-toggler-icon"></span>\n        </button>\n\n        <div class="collapse navbar-collapse" id="navbarMain">\n            \n            <ul class="navbar-nav me-auto mb-2 mb-lg-0">\n                \n                <li class="nav-item">\n                    <a class="nav-link nav-link-cq" href="/challenges">\n                        <i class="bi bi-controller me-1"></i> Challenges\n                    </a>\n                </li>\n                <li class="nav-item">\n                    <a class="nav-link nav-link-cq" href="/progress">\n                        <i class="bi bi-bar-chart-fill me-1"></i> My Progress\n                    </a>\n                </li>\n                <li class="nav-item">\n                    <a class="nav-link nav-link-cq" href="/result">\n                        <i class="bi bi-trophy me-1"></i> Results\n                    </a>\n                </li>\n                \n            </ul>\n            \n\n            <div class="d-flex align-items-center gap-2">\n                \n                    <span class="navbar-username d-none d-md-inline">\n                        <i class="bi bi-person-circle me-1"></i>\n                        <strong>newstudent_test</strong>\n                        <span class="badge ms-1"\n                              style="background:rgba(0,180,216,0.15);\n                                     color:var(--cq-cyan); font-size:0.7rem;">\n                            Student\n                        </span>\n                    </span>\n                    \n                    <a href="/2fa/setup"\n                       class="btn-nav-login btn"\n                       title="2FA Settings">\n                        <i class="bi bi-shield-lock"></i>\n                    </a>\n                    \n                    <a href="/logout" class="btn-nav-login btn">\n                        <i class="bi bi-box-arrow-right me-1"></i> Logout\n                    </a>\n                \n            </div>\n        </div>\n    </div>\n</nav>\n\n<!-- \xe2\x94\x80\xe2\x94\x80 Flash Messages (handled once here, not in child templates) \xe2\x94\x80\xe2\x94\x80\xe2\x94\x80\xe2\x94\x80\xe2\x94\x80\xe2\x94\x80\xe2\x94\x80\xe2\x94\x80\xe2\x94\x80\xe2\x94\x80 -->\n<div class="flash-container">\n    <div class="container">\n        \n            \n        \n    </div>\n</div>\n\n<!-- \xe2\x94\x80\xe2\x94\x80 Main Content \xe2\x94\x80\xe2\x94\x80\xe2\x94\x80\xe2\x94\x80\xe2\x94\x80\xe2\x94\x80\xe2\x94\x80\xe2\x94\x80\xe2\x94\x80\xe2\x94\x80\xe2\x94\x80\xe2\x94\x80\xe2\x94\x80\xe2\x94\x80\xe2\x94\x80\xe2\x94\x80\xe2\x94\x80\xe2\x94\x80\xe2\x94\x80\xe2\x94\x80\xe2\x94\x80\xe2\x94\x80\xe2\x94\x80\xe2\x94\x80\xe2\x94\x80\xe2\x94\x80\xe2\x94\x80\xe2\x94\x80\xe2\x94\x80\xe2\x94\x80\xe2\x94\x80\xe2\x94\x80\xe2\x94\x80\xe2\x94\x80\xe2\x94\x80\xe2\x94\x80\xe2\x94\x80\xe2\x94\x80\xe2\x94\x80\xe2\x94\x80\xe2\x94\x80\xe2\x94\x80\xe2\x94\x80\xe2\x94\x80\xe2\x94\x80\xe2\x94\x80\xe2\x94\x80\xe2\x94\x80\xe2\x94\x80\xe2\x94\x80\xe2\x94\x80\xe2\x94\x80\xe2\x94\x80\xe2\x94\x80\xe2\x94\x80\xe2\x94\x80 -->\n<main>\n    \n<div class="container py-4">\n\n  <div class="d-flex justify-content-between align-items-center mb-4">\n    <div>\n      <h2 class="mb-0" style="color:var(--cq-cyan);">\xf0\x9f\x9b\xa1\xef\xb8\x8f Challenge Categories</h2>\n      <p style="color:var(--cq-text-muted);" class="mb-0">Choose a category to start earning points</p>\n    </div>\n    <div class="text-end">\n      <span class="badge-cq-gold fs-6 px-3 py-2">\xe2\xad\x90 0 pts</span>\n      <a href="/progress" class="btn btn-cq-outline ms-2">\xf0\x9f\x93\x8a My Progress</a>\n    </div>\n  </div>\n\n  <!-- Category Cards -->\n  <div class="row g-4 mb-5">\n    \n    <div class="col-md-4">\n      <div class="card-cq h-100 p-4 text-center" style="transition:border-color 0.2s,transform 0.2s;"\n           onmouseover="this.style.borderColor=\'var(--cq-cyan)\';this.style.transform=\'translateY(-4px)\'"\n           onmouseout="this.style.borderColor=\'var(--cq-border)\';this.style.transform=\'none\'">\n        <div style="font-size:3.5rem;" class="mb-3">\xf0\x9f\x8e\xa3</div>\n        <h4 style="color:var(--cq-cyan);">Phishing Awareness</h4>\n        <p style="color:var(--cq-text-muted);" class="small mb-3">Learn to spot phishing emails and social engineering attacks.</p>\n\n        <div class="mb-3">\n          <div class="d-flex justify-content-between small mb-1"\n               style="color:var(--cq-text-muted);">\n            <span>Progress</span>\n            <span>0/5</span>\n          </div>\n          <div class="progress-cq">\n            <div class="progress-bar" role="progressbar"\n                 style="width:0%">\n            </div>\n          </div>\n        </div>\n\n        <a href="/challenge/phishing"\n           class="btn btn-cq-primary w-100 fw-bold">\n          \xf0\x9f\x9a\x80 Start\n        </a>\n      </div>\n    </div>\n    \n    <div class="col-md-4">\n      <div class="card-cq h-100 p-4 text-center" style="transition:border-color 0.2s,transform 0.2s;"\n           onmouseover="this.style.borderColor=\'var(--cq-cyan)\';this.style.transform=\'translateY(-4px)\'"\n           onmouseout="this.style.borderColor=\'var(--cq-border)\';this.style.transform=\'none\'">\n        <div style="font-size:3.5rem;" class="mb-3">\xf0\x9f\x94\x90</div>\n        <h4 style="color:var(--cq-cyan);">Password Security</h4>\n        <p style="color:var(--cq-text-muted);" class="small mb-3">Master the art of strong passwords and authentication.</p>\n\n        <div class="mb-3">\n          <div class="d-flex justify-content-between small mb-1"\n               style="color:var(--cq-text-muted);">\n            <span>Progress</span>\n            <span>0/5</span>\n          </div>\n          <div class="progress-cq">\n            <div class="progress-bar" role="progressbar"\n                 style="width:0%">\n            </div>\n          </div>\n        </div>\n\n        <a href="/challenge/password"\n           class="btn btn-cq-primary w-100 fw-bold">\n          \xf0\x9f\x9a\x80 Start\n        </a>\n      </div>\n    </div>\n    \n    <div class="col-md-4">\n      <div class="card-cq h-100 p-4 text-center" style="transition:border-color 0.2s,transform 0.2s;"\n           onmouseover="this.style.borderColor=\'var(--cq-cyan)\';this.style.transform=\'translateY(-4px)\'"\n           onmouseout="this.style.borderColor=\'var(--cq-border)\';this.style.transform=\'none\'">\n        <div style="font-size:3.5rem;" class="mb-3">\xf0\x9f\x8c\x90</div>\n        <h4 style="color:var(--cq-cyan);">Safe Browsing</h4>\n        <p style="color:var(--cq-text-muted);" class="small mb-3">Stay safe online \xe2\x80\x94 VPNs, HTTPS, and browser threats.</p>\n\n        <div class="mb-3">\n          <div class="d-flex justify-content-between small mb-1"\n               style="color:var(--cq-text-muted);">\n            <span>Progress</span>\n            <span>0/5</span>\n          </div>\n          <div class="progress-cq">\n            <div class="progress-bar" role="progressbar"\n                 style="width:0%">\n            </div>\n          </div>\n        </div>\n\n        <a href="/challenge/browsing"\n           class="btn btn-cq-primary w-100 fw-bold">\n          \xf0\x9f\x9a\x80 Start\n        </a>\n      </div>\n    </div>\n    \n  </div>\n\n  <!-- Badges -->\n  \n\n</div>\n\n</main>\n\n<!-- \xe2\x94\x80\xe2\x94\x80 Footer \xe2\x94\x80\xe2\x94\x80\xe2\x94\x80\xe2\x94\x80\xe2\x94\x80\xe2\x94\x80\xe2\x94\x80\xe2\x94\x80\xe2\x94\x80\xe2\x94\x80\xe2\x94\x80\xe2\x94\x80\xe2\x94\x80\xe2\x94\x80\xe2\x94\x80\xe2\x94\x80\xe2\x94\x80\xe2\x94\x80\xe2\x94\x80\xe2\x94\x80\xe2\x94\x80\xe2\x94\x80\xe2\x94\x80\xe2\x94\x80\xe2\x94\x80\xe2\x94\x80\xe2\x94\x80\xe2\x94\x80\xe2\x94\x80\xe2\x94\x80\xe2\x94\x80\xe2\x94\x80\xe2\x94\x80\xe2\x94\x80\xe2\x94\x80\xe2\x94\x80\xe2\x94\x80\xe2\x94\x80\xe2\x94\x80\xe2\x94\x80\xe2\x94\x80\xe2\x94\x80\xe2\x94\x80\xe2\x94\x80\xe2\x94\x80\xe2\x94\x80\xe2\x94\x80\xe2\x94\x80\xe2\x94\x80\xe2\x94\x80\xe2\x94\x80\xe2\x94\x80\xe2\x94\x80\xe2\x94\x80\xe2\x94\x80\xe2\x94\x80\xe2\x94\x80\xe2\x94\x80\xe2\x94\x80\xe2\x94\x80\xe2\x94\x80 -->\n<footer class="footer-cq">\n    <div class="container">\n        <div class="row align-items-center">\n            <div class="col-md-3 mb-2 mb-md-0">\n                <div class="footer-brand"><i class="bi bi-shield-fill-check me-2"></i>CYBERQUEST</div>\n                <div class="footer-text">Cybersecurity Awareness Game</div>\n            </div>\n            <div class="col-md-5 mb-2 mb-md-0">\n                <div class="footer-text">\n                    <i class="bi bi-mortarboard-fill me-1"></i>\n                    ICT932 \xe2\x80\x94 Cybersecurity Testing and Assurance<br>\n                    Crown Institute of Higher Education (CIHE) \xc2\xa9 2026\n                </div>\n            </div>\n            <div class="col-md-4 text-md-end">\n                <div class="footer-team">\n                    Prashan Manandhar | Raju Kshetri | Pramesh Silwal | Susanta Dhakal\n                </div>\n            </div>\n        </div>\n    </div>\n</footer>\n\n<script src="https://cdn.jsdelivr.net/npm/bootstrap@5.3.0/dist/js/bootstrap.bundle.min.js"></script>\n\n\n</body>\n</html>'
E    +  where b'<!DOCTYPE html>\n<!--\n    base.html \xe2\x80\x94 Shared base template for CyberQuest\n    Authors: Susanta Dhakal (CIHE250321) & Pramesh Silwal (CIHE241339)\n    Fixed: Prashan Manandhar (CIHE241182) \xe2\x80\x94 removed broken url_for(\'home\')\n-->\n<html lang="en">\n<head>\n    <meta charset="UTF-8">\n    <meta name="viewport" content="width=device-width, initial-scale=1.0">\n    <meta name="description" content="CyberQuest \xe2\x80\x94 Cybersecurity Awareness Game for ICT932 CIHE">\n    <title>Challenges \xe2\x80\x94 CyberQuest | ICT932</title>\n\n    <!-- Bootstrap 5 CSS -->\n    <link href="https://cdn.jsdelivr.net/npm/bootstrap@5.3.0/dist/css/bootstrap.min.css" rel="stylesheet">\n    <!-- Bootstrap Icons -->\n    <link href="https://cdn.jsdelivr.net/npm/bootstrap-icons@1.11.0/font/bootstrap-icons.css" rel="stylesheet">\n    <!-- Google Fonts -->\n    <link href="https://fonts.googleapis.com/css2?family=Orbitron:wght@400;600;800&family=Rajdhani:wght@300;400;500;600&display=swap" rel="stylesheet">\n\n    <style>\n        /* \xe2\x94\x80\xe2\x94\x80 Design Tokens \xe2\x94\x80\xe2\x94\x80\xe2\x94\x80\xe2\x94\x80\xe2\x94\x80\xe2\x94\x80\xe2\x94\x80\xe2\x94\x80\xe2\x94\x80\xe2\x94\x80\xe2\x94\x80\xe2\x94\x80\xe2\x94\x80\xe2\x94\x80\xe2\x94\x80\xe2\x94\x80\xe2\x94\x80\xe2\x94\x80\xe2\x94\x80\xe2\x94\x80\xe2\x94\x80\xe2\x94\x80\xe2\x94\x80\xe2\x94\x80\xe2\x94\x80\xe2\x94\x80\xe2\x94\x80\xe2\x94\x80\xe2\x94\x80\xe2\x94\x80\xe2\x94\x80\xe2\x94\x80\xe2\x94\x80\xe2\x94\x80\xe2\x94\x80\xe2\x94\x80\xe2\x94\x80\xe2\x94\x80\xe2\x94\x80\xe2\x94\x80\xe2\x94\x80\xe2\x94\x80\xe2\x94\x80\xe2\x94\x80\xe2\x94\x80\xe2\x94\x80\xe2\x94\x80 */\n        :root {\n            --cq-navy:      #0D1B2A;\n            --cq-navy-mid:  #112233;\n            --cq-navy-light:#1A2E42;\n            --cq-cyan:      #00B4D8;\n            --cq-cyan-glow: #00D4FF;\n            --cq-green:     #00E676;\n            --cq-red:       #FF4D6D;\n            --cq-yellow:    #FFD60A;\n            --cq-text:      #E0EAF4;\n            --cq-text-muted:#7A9BB5;\n            --cq-border:    rgba(0, 180, 216, 0.2);\n            --cq-shadow:    0 4px 24px rgba(0, 180, 216, 0.12);\n            --cq-radius:    12px;\n            --font-heading: \'Orbitron\', monospace;\n            --font-body:    \'Rajdhani\', sans-serif;\n        }\n\n        *, *::before, *::after { box-sizing: border-box; }\n        html { scroll-behavior: smooth; }\n\n        body {\n            background-color: var(--cq-navy);\n            color: var(--cq-text);\n            font-family: var(--font-body);\n            font-size: 1.05rem;\n            min-height: 100vh;\n            display: flex;\n            flex-direction: column;\n        }\n\n        h1,h2,h3,h4,h5,h6 { font-family: var(--font-heading); }\n        main { flex: 1; }\n\n        /* \xe2\x94\x80\xe2\x94\x80 Navbar \xe2\x94\x80\xe2\x94\x80\xe2\x94\x80\xe2\x94\x80\xe2\x94\x80\xe2\x94\x80\xe2\x94\x80\xe2\x94\x80\xe2\x94\x80\xe2\x94\x80\xe2\x94\x80\xe2\x94\x80\xe2\x94\x80\xe2\x94\x80\xe2\x94\x80\xe2\x94\x80\xe2\x94\x80\xe2\x94\x80\xe2\x94\x80\xe2\x94\x80\xe2\x94\x80\xe2\x94\x80\xe2\x94\x80\xe2\x94\x80\xe2\x94\x80\xe2\x94\x80\xe2\x94\x80\xe2\x94\x80\xe2\x94\x80\xe2\x94\x80\xe2\x94\x80\xe2\x94\x80\xe2\x94\x80\xe2\x94\x80\xe2\x94\x80\xe2\x94\x80\xe2\x94\x80\xe2\x94\x80\xe2\x94\x80\xe2\x94\x80\xe2\x94\x80\xe2\x94\x80\xe2\x94\x80\xe2\x94\x80\xe2\x94\x80\xe2\x94\x80\xe2\x94\x80\xe2\x94\x80\xe2\x94\x80\xe2\x94\x80\xe2\x94\x80\xe2\x94\x80\xe2\x94\x80\xe2\x94\x80 */\n        .navbar-cyberquest {\n            background: rgba(13,27,42,0.97);\n            border-bottom: 1px solid var(--cq-border);\n            backdrop-filter: blur(10px);\n            padding: 0.75rem 0;\n            position: sticky; top: 0; z-index: 1000;\n        }\n        .navbar-brand-cq {\n            font-family: var(--font-heading); font-weight: 800;\n            font-size: 1.35rem; color: var(--cq-cyan) !important;\n            text-decoration: none; letter-spacing: 2px;\n            display: flex; align-items: center; gap: 0.5rem;\n        }\n        .navbar-brand-cq .brand-icon {\n            color: var(--cq-cyan-glow); font-size: 1.5rem;\n            filter: drop-shadow(0 0 6px var(--cq-cyan));\n        }\n        .navbar-brand-cq:hover { color: var(--cq-cyan-glow) !important; }\n        .nav-link-cq {\n            color: var(--cq-text-muted) !important;\n            font-family: var(--font-body); font-weight: 500;\n            font-size: 0.95rem; letter-spacing: 0.5px;\n            padding: 0.5rem 0.85rem !important;\n            border-radius: 6px;\n            transition: color 0.2s, background 0.2s;\n        }\n        .nav-link-cq:hover, .nav-link-cq.active {\n            color: var(--cq-cyan) !important;\n            background: rgba(0,180,216,0.08);\n        }\n        .btn-nav-login {\n            border: 1px solid var(--cq-cyan); color: var(--cq-cyan);\n            background: transparent; border-radius: 6px;\n            padding: 0.4rem 1rem; font-weight: 600; font-size: 0.9rem;\n            transition: all 0.2s;\n        }\n        .btn-nav-login:hover {\n            background: rgba(0,180,216,0.15); color: var(--cq-cyan-glow);\n        }\n        .btn-nav-register {\n            background: var(--cq-cyan); color: var(--cq-navy);\n            border: none; border-radius: 6px;\n            padding: 0.4rem 1rem; font-weight: 700; font-size: 0.9rem;\n            transition: all 0.2s;\n        }\n        .btn-nav-register:hover {\n            background: var(--cq-cyan-glow);\n            box-shadow: 0 4px 12px rgba(0,180,216,0.35);\n        }\n        .navbar-username { color: var(--cq-text-muted); font-size: 0.85rem; }\n        .navbar-username strong { color: var(--cq-cyan); }\n        .navbar-toggler { border-color: var(--cq-border); }\n        .navbar-toggler-icon { filter: invert(60%) sepia(80%) saturate(400%) hue-rotate(165deg); }\n\n        /* \xe2\x94\x80\xe2\x94\x80 Flash Messages \xe2\x94\x80\xe2\x94\x80\xe2\x94\x80\xe2\x94\x80\xe2\x94\x80\xe2\x94\x80\xe2\x94\x80\xe2\x94\x80\xe2\x94\x80\xe2\x94\x80\xe2\x94\x80\xe2\x94\x80\xe2\x94\x80\xe2\x94\x80\xe2\x94\x80\xe2\x94\x80\xe2\x94\x80\xe2\x94\x80\xe2\x94\x80\xe2\x94\x80\xe2\x94\x80\xe2\x94\x80\xe2\x94\x80\xe2\x94\x80\xe2\x94\x80\xe2\x94\x80\xe2\x94\x80\xe2\x94\x80\xe2\x94\x80\xe2\x94\x80\xe2\x94\x80\xe2\x94\x80\xe2\x94\x80\xe2\x94\x80\xe2\x94\x80\xe2\x94\x80\xe2\x94\x80\xe2\x94\x80\xe2\x94\x80\xe2\x94\x80\xe2\x94\x80\xe2\x94\x80\xe2\x94\x80\xe2\x94\x80\xe2\x94\x80\xe2\x94\x80 */\n        .flash-container { padding: 0.5rem 0; }\n        .alert-cq {\n            border-left: 4px solid; border-radius: 0 var(--cq-radius) var(--cq-radius) 0;\n            background: var(--cq-navy-mid); color: var(--cq-text);\n            border-top: none; border-right: none; border-bottom: none;\n            font-weight: 500;\n        }\n        .alert-cq.alert-success { border-color: var(--cq-green); }\n        .alert-cq.alert-danger  { border-color: var(--cq-red); }\n        .alert-cq.alert-info    { border-color: var(--cq-cyan); }\n        .alert-cq.alert-warning { border-color: var(--cq-yellow); }\n\n        /* \xe2\x94\x80\xe2\x94\x80 Dark Cards \xe2\x94\x80\xe2\x94\x80\xe2\x94\x80\xe2\x94\x80\xe2\x94\x80\xe2\x94\x80\xe2\x94\x80\xe2\x94\x80\xe2\x94\x80\xe2\x94\x80\xe2\x94\x80\xe2\x94\x80\xe2\x94\x80\xe2\x94\x80\xe2\x94\x80\xe2\x94\x80\xe2\x94\x80\xe2\x94\x80\xe2\x94\x80\xe2\x94\x80\xe2\x94\x80\xe2\x94\x80\xe2\x94\x80\xe2\x94\x80\xe2\x94\x80\xe2\x94\x80\xe2\x94\x80\xe2\x94\x80\xe2\x94\x80\xe2\x94\x80\xe2\x94\x80\xe2\x94\x80\xe2\x94\x80\xe2\x94\x80\xe2\x94\x80\xe2\x94\x80\xe2\x94\x80\xe2\x94\x80\xe2\x94\x80\xe2\x94\x80\xe2\x94\x80\xe2\x94\x80\xe2\x94\x80\xe2\x94\x80\xe2\x94\x80\xe2\x94\x80\xe2\x94\x80\xe2\x94\x80\xe2\x94\x80\xe2\x94\x80 */\n        .card-cq {\n            background: var(--cq-navy-mid);\n            border: 1px solid var(--cq-border);\n            border-radius: var(--cq-radius);\n            color: var(--cq-text);\n            box-shadow: var(--cq-shadow);\n        }\n        .card-cq .card-header {\n            background: var(--cq-navy-light);\n            border-bottom: 1px solid var(--cq-border);\n            color: var(--cq-text);\n            border-radius: var(--cq-radius) var(--cq-radius) 0 0;\n        }\n\n        /* \xe2\x94\x80\xe2\x94\x80 Dark Tables \xe2\x94\x80\xe2\x94\x80\xe2\x94\x80\xe2\x94\x80\xe2\x94\x80\xe2\x94\x80\xe2\x94\x80\xe2\x94\x80\xe2\x94\x80\xe2\x94\x80\xe2\x94\x80\xe2\x94\x80\xe2\x94\x80\xe2\x94\x80\xe2\x94\x80\xe2\x94\x80\xe2\x94\x80\xe2\x94\x80\xe2\x94\x80\xe2\x94\x80\xe2\x94\x80\xe2\x94\x80\xe2\x94\x80\xe2\x94\x80\xe2\x94\x80\xe2\x94\x80\xe2\x94\x80\xe2\x94\x80\xe2\x94\x80\xe2\x94\x80\xe2\x94\x80\xe2\x94\x80\xe2\x94\x80\xe2\x94\x80\xe2\x94\x80\xe2\x94\x80\xe2\x94\x80\xe2\x94\x80\xe2\x94\x80\xe2\x94\x80\xe2\x94\x80\xe2\x94\x80\xe2\x94\x80\xe2\x94\x80\xe2\x94\x80\xe2\x94\x80\xe2\x94\x80\xe2\x94\x80\xe2\x94\x80 */\n        .table-cq { color: var(--cq-text); }\n        .table-cq thead th {\n            background: var(--cq-navy-light);\n            color: var(--cq-cyan);\n            border-color: var(--cq-border);\n            font-family: var(--font-heading);\n            font-size: 0.8rem;\n            letter-spacing: 1px;\n        }\n        .table-cq tbody tr {\n            border-color: var(--cq-border);\n        }\n        .table-cq tbody tr:hover {\n            background: rgba(0,180,216,0.05);\n        }\n        .table-cq td, .table-cq th {\n            border-color: var(--cq-border);\n            vertical-align: middle;\n        }\n\n        /* \xe2\x94\x80\xe2\x94\x80 Dark Forms \xe2\x94\x80\xe2\x94\x80\xe2\x94\x80\xe2\x94\x80\xe2\x94\x80\xe2\x94\x80\xe2\x94\x80\xe2\x94\x80\xe2\x94\x80\xe2\x94\x80\xe2\x94\x80\xe2\x94\x80\xe2\x94\x80\xe2\x94\x80\xe2\x94\x80\xe2\x94\x80\xe2\x94\x80\xe2\x94\x80\xe2\x94\x80\xe2\x94\x80\xe2\x94\x80\xe2\x94\x80\xe2\x94\x80\xe2\x94\x80\xe2\x94\x80\xe2\x94\x80\xe2\x94\x80\xe2\x94\x80\xe2\x94\x80\xe2\x94\x80\xe2\x94\x80\xe2\x94\x80\xe2\x94\x80\xe2\x94\x80\xe2\x94\x80\xe2\x94\x80\xe2\x94\x80\xe2\x94\x80\xe2\x94\x80\xe2\x94\x80\xe2\x94\x80\xe2\x94\x80\xe2\x94\x80\xe2\x94\x80\xe2\x94\x80\xe2\x94\x80\xe2\x94\x80\xe2\x94\x80\xe2\x94\x80\xe2\x94\x80 */\n        .form-control-cq, .form-select-cq {\n            background: var(--cq-navy-light);\n            border: 1px solid var(--cq-border);\n            color: var(--cq-text);\n            border-radius: 8px;\n        }\n        .form-control-cq:focus, .form-select-cq:focus {\n            background: var(--cq-navy-light);\n            border-color: var(--cq-cyan);\n            color: var(--cq-text);\n            box-shadow: 0 0 0 3px rgba(0,180,216,0.2);\n        }\n        .form-control-cq::placeholder { color: var(--cq-text-muted); }\n\n        /* \xe2\x94\x80\xe2\x94\x80 CyberQuest Buttons \xe2\x94\x80\xe2\x94\x80\xe2\x94\x80\xe2\x94\x80\xe2\x94\x80\xe2\x94\x80\xe2\x94\x80\xe2\x94\x80\xe2\x94\x80\xe2\x94\x80\xe2\x94\x80\xe2\x94\x80\xe2\x94\x80\xe2\x94\x80\xe2\x94\x80\xe2\x94\x80\xe2\x94\x80\xe2\x94\x80\xe2\x94\x80\xe2\x94\x80\xe2\x94\x80\xe2\x94\x80\xe2\x94\x80\xe2\x94\x80\xe2\x94\x80\xe2\x94\x80\xe2\x94\x80\xe2\x94\x80\xe2\x94\x80\xe2\x94\x80\xe2\x94\x80\xe2\x94\x80\xe2\x94\x80\xe2\x94\x80\xe2\x94\x80\xe2\x94\x80\xe2\x94\x80\xe2\x94\x80\xe2\x94\x80\xe2\x94\x80\xe2\x94\x80\xe2\x94\x80 */\n        .btn-cq-primary {\n            background: var(--cq-cyan); color: var(--cq-navy);\n            border: none; font-weight: 700; border-radius: 8px;\n            font-family: var(--font-body); letter-spacing: 0.5px;\n            transition: all 0.2s;\n        }\n        .btn-cq-primary:hover {\n            background: var(--cq-cyan-glow);\n            box-shadow: 0 4px 16px rgba(0,180,216,0.4);\n        }\n        .btn-cq-outline {\n            border: 1px solid var(--cq-cyan); color: var(--cq-cyan);\n            background: transparent; border-radius: 8px;\n            font-weight: 600; transition: all 0.2s;\n        }\n        .btn-cq-outline:hover {\n            background: rgba(0,180,216,0.12); color: var(--cq-cyan-glow);\n        }\n        .btn-cq-danger {\n            border: 1px solid var(--cq-red); color: var(--cq-red);\n            background: transparent; border-radius: 8px;\n            font-weight: 600; transition: all 0.2s;\n        }\n        .btn-cq-danger:hover { background: rgba(255,77,109,0.12); }\n\n        /* \xe2\x94\x80\xe2\x94\x80 Badges / Pills \xe2\x94\x80\xe2\x94\x80\xe2\x94\x80\xe2\x94\x80\xe2\x94\x80\xe2\x94\x80\xe2\x94\x80\xe2\x94\x80\xe2\x94\x80\xe2\x94\x80\xe2\x94\x80\xe2\x94\x80\xe2\x94\x80\xe2\x94\x80\xe2\x94\x80\xe2\x94\x80\xe2\x94\x80\xe2\x94\x80\xe2\x94\x80\xe2\x94\x80\xe2\x94\x80\xe2\x94\x80\xe2\x94\x80\xe2\x94\x80\xe2\x94\x80\xe2\x94\x80\xe2\x94\x80\xe2\x94\x80\xe2\x94\x80\xe2\x94\x80\xe2\x94\x80\xe2\x94\x80\xe2\x94\x80\xe2\x94\x80\xe2\x94\x80\xe2\x94\x80\xe2\x94\x80\xe2\x94\x80\xe2\x94\x80\xe2\x94\x80\xe2\x94\x80\xe2\x94\x80\xe2\x94\x80\xe2\x94\x80\xe2\x94\x80\xe2\x94\x80 */\n        .badge-cq-cyan {\n            background: rgba(0,180,216,0.15);\n            color: var(--cq-cyan);\n            border: 1px solid var(--cq-border);\n            border-radius: 20px; padding: 0.3rem 0.8rem;\n            font-size: 0.8rem; font-weight: 600;\n        }\n        .badge-cq-gold {\n            background: rgba(255,214,10,0.15);\n            color: var(--cq-yellow);\n            border: 1px solid rgba(255,214,10,0.3);\n            border-radius: 20px; padding: 0.3rem 0.8rem;\n            font-size: 0.8rem; font-weight: 600;\n        }\n\n        /* \xe2\x94\x80\xe2\x94\x80 Progress bars \xe2\x94\x80\xe2\x94\x80\xe2\x94\x80\xe2\x94\x80\xe2\x94\x80\xe2\x94\x80\xe2\x94\x80\xe2\x94\x80\xe2\x94\x80\xe2\x94\x80\xe2\x94\x80\xe2\x94\x80\xe2\x94\x80\xe2\x94\x80\xe2\x94\x80\xe2\x94\x80\xe2\x94\x80\xe2\x94\x80\xe2\x94\x80\xe2\x94\x80\xe2\x94\x80\xe2\x94\x80\xe2\x94\x80\xe2\x94\x80\xe2\x94\x80\xe2\x94\x80\xe2\x94\x80\xe2\x94\x80\xe2\x94\x80\xe2\x94\x80\xe2\x94\x80\xe2\x94\x80\xe2\x94\x80\xe2\x94\x80\xe2\x94\x80\xe2\x94\x80\xe2\x94\x80\xe2\x94\x80\xe2\x94\x80\xe2\x94\x80\xe2\x94\x80\xe2\x94\x80\xe2\x94\x80\xe2\x94\x80\xe2\x94\x80\xe2\x94\x80\xe2\x94\x80 */\n        .progress-cq {\n            background: var(--cq-navy-light);\n            border-radius: 10px; height: 8px;\n        }\n        .progress-cq .progress-bar {\n            background: linear-gradient(90deg, var(--cq-cyan), var(--cq-green));\n            border-radius: 10px;\n        }\n\n        /* \xe2\x94\x80\xe2\x94\x80 Stat Cards \xe2\x94\x80\xe2\x94\x80\xe2\x94\x80\xe2\x94\x80\xe2\x94\x80\xe2\x94\x80\xe2\x94\x80\xe2\x94\x80\xe2\x94\x80\xe2\x94\x80\xe2\x94\x80\xe2\x94\x80\xe2\x94\x80\xe2\x94\x80\xe2\x94\x80\xe2\x94\x80\xe2\x94\x80\xe2\x94\x80\xe2\x94\x80\xe2\x94\x80\xe2\x94\x80\xe2\x94\x80\xe2\x94\x80\xe2\x94\x80\xe2\x94\x80\xe2\x94\x80\xe2\x94\x80\xe2\x94\x80\xe2\x94\x80\xe2\x94\x80\xe2\x94\x80\xe2\x94\x80\xe2\x94\x80\xe2\x94\x80\xe2\x94\x80\xe2\x94\x80\xe2\x94\x80\xe2\x94\x80\xe2\x94\x80\xe2\x94\x80\xe2\x94\x80\xe2\x94\x80\xe2\x94\x80\xe2\x94\x80\xe2\x94\x80\xe2\x94\x80\xe2\x94\x80\xe2\x94\x80\xe2\x94\x80\xe2\x94\x80 */\n        .stat-card {\n            background: var(--cq-navy-mid);\n            border: 1px solid var(--cq-border);\n            border-radius: var(--cq-radius);\n            padding: 1.5rem 1rem;\n            text-align: center;\n            transition: border-color 0.2s, transform 0.2s;\n        }\n        .stat-card:hover {\n            border-color: var(--cq-cyan);\n            transform: translateY(-2px);\n        }\n        .stat-card .stat-number {\n            font-family: var(--font-heading); font-size: 2rem;\n            font-weight: 800;\n        }\n        .stat-card .stat-label { color: var(--cq-text-muted); font-size: 0.85rem; }\n\n        /* \xe2\x94\x80\xe2\x94\x80 Footer \xe2\x94\x80\xe2\x94\x80\xe2\x94\x80\xe2\x94\x80\xe2\x94\x80\xe2\x94\x80\xe2\x94\x80\xe2\x94\x80\xe2\x94\x80\xe2\x94\x80\xe2\x94\x80\xe2\x94\x80\xe2\x94\x80\xe2\x94\x80\xe2\x94\x80\xe2\x94\x80\xe2\x94\x80\xe2\x94\x80\xe2\x94\x80\xe2\x94\x80\xe2\x94\x80\xe2\x94\x80\xe2\x94\x80\xe2\x94\x80\xe2\x94\x80\xe2\x94\x80\xe2\x94\x80\xe2\x94\x80\xe2\x94\x80\xe2\x94\x80\xe2\x94\x80\xe2\x94\x80\xe2\x94\x80\xe2\x94\x80\xe2\x94\x80\xe2\x94\x80\xe2\x94\x80\xe2\x94\x80\xe2\x94\x80\xe2\x94\x80\xe2\x94\x80\xe2\x94\x80\xe2\x94\x80\xe2\x94\x80\xe2\x94\x80\xe2\x94\x80\xe2\x94\x80\xe2\x94\x80\xe2\x94\x80\xe2\x94\x80\xe2\x94\x80\xe2\x94\x80\xe2\x94\x80\xe2\x94\x80 */\n        .footer-cq {\n            background: var(--cq-navy-mid);\n            border-top: 1px solid var(--cq-border);\n            padding: 1.5rem 0;\n            margin-top: auto;\n        }\n        .footer-brand {\n            font-family: var(--font-heading); font-weight: 800;\n            color: var(--cq-cyan); font-size: 1rem; letter-spacing: 2px;\n        }\n        .footer-text { color: var(--cq-text-muted); font-size: 0.85rem; }\n        .footer-team { color: var(--cq-cyan); font-size: 0.85rem; font-weight: 600; }\n\n        /* \xe2\x94\x80\xe2\x94\x80 Scrollbar \xe2\x94\x80\xe2\x94\x80\xe2\x94\x80\xe2\x94\x80\xe2\x94\x80\xe2\x94\x80\xe2\x94\x80\xe2\x94\x80\xe2\x94\x80\xe2\x94\x80\xe2\x94\x80\xe2\x94\x80\xe2\x94\x80\xe2\x94\x80\xe2\x94\x80\xe2\x94\x80\xe2\x94\x80\xe2\x94\x80\xe2\x94\x80\xe2\x94\x80\xe2\x94\x80\xe2\x94\x80\xe2\x94\x80\xe2\x94\x80\xe2\x94\x80\xe2\x94\x80\xe2\x94\x80\xe2\x94\x80\xe2\x94\x80\xe2\x94\x80\xe2\x94\x80\xe2\x94\x80\xe2\x94\x80\xe2\x94\x80\xe2\x94\x80\xe2\x94\x80\xe2\x94\x80\xe2\x94\x80\xe2\x94\x80\xe2\x94\x80\xe2\x94\x80\xe2\x94\x80\xe2\x94\x80\xe2\x94\x80\xe2\x94\x80\xe2\x94\x80\xe2\x94\x80\xe2\x94\x80\xe2\x94\x80\xe2\x94\x80\xe2\x94\x80 */\n        ::-webkit-scrollbar { width: 6px; }\n        ::-webkit-scrollbar-track { background: var(--cq-navy); }\n        ::-webkit-scrollbar-thumb { background: var(--cq-navy-light); border-radius: 3px; }\n        ::-webkit-scrollbar-thumb:hover { background: var(--cq-cyan); }\n    </style>\n\n    \n</head>\n\n<body>\n\n<!-- \xe2\x94\x80\xe2\x94\x80 Navbar \xe2\x94\x80\xe2\x94\x80\xe2\x94\x80\xe2\x94\x80\xe2\x94\x80\xe2\x94\x80\xe2\x94\x80\xe2\x94\x80\xe2\x94\x80\xe2\x94\x80\xe2\x94\x80\xe2\x94\x80\xe2\x94\x80\xe2\x94\x80\xe2\x94\x80\xe2\x94\x80\xe2\x94\x80\xe2\x94\x80\xe2\x94\x80\xe2\x94\x80\xe2\x94\x80\xe2\x94\x80\xe2\x94\x80\xe2\x94\x80\xe2\x94\x80\xe2\x94\x80\xe2\x94\x80\xe2\x94\x80\xe2\x94\x80\xe2\x94\x80\xe2\x94\x80\xe2\x94\x80\xe2\x94\x80\xe2\x94\x80\xe2\x94\x80\xe2\x94\x80\xe2\x94\x80\xe2\x94\x80\xe2\x94\x80\xe2\x94\x80\xe2\x94\x80\xe2\x94\x80\xe2\x94\x80\xe2\x94\x80\xe2\x94\x80\xe2\x94\x80\xe2\x94\x80\xe2\x94\x80\xe2\x94\x80\xe2\x94\x80\xe2\x94\x80\xe2\x94\x80\xe2\x94\x80\xe2\x94\x80\xe2\x94\x80\xe2\x94\x80\xe2\x94\x80\xe2\x94\x80\xe2\x94\x80\xe2\x94\x80\xe2\x94\x80 -->\n<nav class="navbar navbar-expand-lg navbar-cyberquest">\n    <div class="container">\n        <!-- Fixed: use auth.login instead of non-existent \'home\' route -->\n        <a class="navbar-brand-cq"\n           href="/challenges">\n            <i class="bi bi-shield-fill-check brand-icon"></i>\n            CYBER<span style="color:#fff;">QUEST</span>\n        </a>\n\n        <button class="navbar-toggler" type="button"\n                data-bs-toggle="collapse" data-bs-target="#navbarMain">\n            <span class="navbar-toggler-icon"></span>\n        </button>\n\n        <div class="collapse navbar-collapse" id="navbarMain">\n            \n            <ul class="navbar-nav me-auto mb-2 mb-lg-0">\n                \n                <li class="nav-item">\n                    <a class="nav-link nav-link-cq" href="/challenges">\n                        <i class="bi bi-controller me-1"></i> Challenges\n                    </a>\n                </li>\n                <li class="nav-item">\n                    <a class="nav-link nav-link-cq" href="/progress">\n                        <i class="bi bi-bar-chart-fill me-1"></i> My Progress\n                    </a>\n                </li>\n                <li class="nav-item">\n                    <a class="nav-link nav-link-cq" href="/result">\n                        <i class="bi bi-trophy me-1"></i> Results\n                    </a>\n                </li>\n                \n            </ul>\n            \n\n            <div class="d-flex align-items-center gap-2">\n                \n                    <span class="navbar-username d-none d-md-inline">\n                        <i class="bi bi-person-circle me-1"></i>\n                        <strong>newstudent_test</strong>\n                        <span class="badge ms-1"\n                              style="background:rgba(0,180,216,0.15);\n                                     color:var(--cq-cyan); font-size:0.7rem;">\n                            Student\n                        </span>\n                    </span>\n                    \n                    <a href="/2fa/setup"\n                       class="btn-nav-login btn"\n                       title="2FA Settings">\n                        <i class="bi bi-shield-lock"></i>\n                    </a>\n                    \n                    <a href="/logout" class="btn-nav-login btn">\n                        <i class="bi bi-box-arrow-right me-1"></i> Logout\n                    </a>\n                \n            </div>\n        </div>\n    </div>\n</nav>\n\n<!-- \xe2\x94\x80\xe2\x94\x80 Flash Messages (handled once here, not in child templates) \xe2\x94\x80\xe2\x94\x80\xe2\x94\x80\xe2\x94\x80\xe2\x94\x80\xe2\x94\x80\xe2\x94\x80\xe2\x94\x80\xe2\x94\x80\xe2\x94\x80 -->\n<div class="flash-container">\n    <div class="container">\n        \n            \n        \n    </div>\n</div>\n\n<!-- \xe2\x94\x80\xe2\x94\x80 Main Content \xe2\x94\x80\xe2\x94\x80\xe2\x94\x80\xe2\x94\x80\xe2\x94\x80\xe2\x94\x80\xe2\x94\x80\xe2\x94\x80\xe2\x94\x80\xe2\x94\x80\xe2\x94\x80\xe2\x94\x80\xe2\x94\x80\xe2\x94\x80\xe2\x94\x80\xe2\x94\x80\xe2\x94\x80\xe2\x94\x80\xe2\x94\x80\xe2\x94\x80\xe2\x94\x80\xe2\x94\x80\xe2\x94\x80\xe2\x94\x80\xe2\x94\x80\xe2\x94\x80\xe2\x94\x80\xe2\x94\x80\xe2\x94\x80\xe2\x94\x80\xe2\x94\x80\xe2\x94\x80\xe2\x94\x80\xe2\x94\x80\xe2\x94\x80\xe2\x94\x80\xe2\x94\x80\xe2\x94\x80\xe2\x94\x80\xe2\x94\x80\xe2\x94\x80\xe2\x94\x80\xe2\x94\x80\xe2\x94\x80\xe2\x94\x80\xe2\x94\x80\xe2\x94\x80\xe2\x94\x80\xe2\x94\x80\xe2\x94\x80\xe2\x94\x80\xe2\x94\x80\xe2\x94\x80\xe2\x94\x80\xe2\x94\x80\xe2\x94\x80 -->\n<main>\n    \n<div class="container py-4">\n\n  <div class="d-flex justify-content-between align-items-center mb-4">\n    <div>\n      <h2 class="mb-0" style="color:var(--cq-cyan);">\xf0\x9f\x9b\xa1\xef\xb8\x8f Challenge Categories</h2>\n      <p style="color:var(--cq-text-muted);" class="mb-0">Choose a category to start earning points</p>\n    </div>\n    <div class="text-end">\n      <span class="badge-cq-gold fs-6 px-3 py-2">\xe2\xad\x90 0 pts</span>\n      <a href="/progress" class="btn btn-cq-outline ms-2">\xf0\x9f\x93\x8a My Progress</a>\n    </div>\n  </div>\n\n  <!-- Category Cards -->\n  <div class="row g-4 mb-5">\n    \n    <div class="col-md-4">\n      <div class="card-cq h-100 p-4 text-center" style="transition:border-color 0.2s,transform 0.2s;"\n           onmouseover="this.style.borderColor=\'var(--cq-cyan)\';this.style.transform=\'translateY(-4px)\'"\n           onmouseout="this.style.borderColor=\'var(--cq-border)\';this.style.transform=\'none\'">\n        <div style="font-size:3.5rem;" class="mb-3">\xf0\x9f\x8e\xa3</div>\n        <h4 style="color:var(--cq-cyan);">Phishing Awareness</h4>\n        <p style="color:var(--cq-text-muted);" class="small mb-3">Learn to spot phishing emails and social engineering attacks.</p>\n\n        <div class="mb-3">\n          <div class="d-flex justify-content-between small mb-1"\n               style="color:var(--cq-text-muted);">\n            <span>Progress</span>\n            <span>0/5</span>\n          </div>\n          <div class="progress-cq">\n            <div class="progress-bar" role="progressbar"\n                 style="width:0%">\n            </div>\n          </div>\n        </div>\n\n        <a href="/challenge/phishing"\n           class="btn btn-cq-primary w-100 fw-bold">\n          \xf0\x9f\x9a\x80 Start\n        </a>\n      </div>\n    </div>\n    \n    <div class="col-md-4">\n      <div class="card-cq h-100 p-4 text-center" style="transition:border-color 0.2s,transform 0.2s;"\n           onmouseover="this.style.borderColor=\'var(--cq-cyan)\';this.style.transform=\'translateY(-4px)\'"\n           onmouseout="this.style.borderColor=\'var(--cq-border)\';this.style.transform=\'none\'">\n        <div style="font-size:3.5rem;" class="mb-3">\xf0\x9f\x94\x90</div>\n        <h4 style="color:var(--cq-cyan);">Password Security</h4>\n        <p style="color:var(--cq-text-muted);" class="small mb-3">Master the art of strong passwords and authentication.</p>\n\n        <div class="mb-3">\n          <div class="d-flex justify-content-between small mb-1"\n               style="color:var(--cq-text-muted);">\n            <span>Progress</span>\n            <span>0/5</span>\n          </div>\n          <div class="progress-cq">\n            <div class="progress-bar" role="progressbar"\n                 style="width:0%">\n            </div>\n          </div>\n        </div>\n\n        <a href="/challenge/password"\n           class="btn btn-cq-primary w-100 fw-bold">\n          \xf0\x9f\x9a\x80 Start\n        </a>\n      </div>\n    </div>\n    \n    <div class="col-md-4">\n      <div class="card-cq h-100 p-4 text-center" style="transition:border-color 0.2s,transform 0.2s;"\n           onmouseover="this.style.borderColor=\'var(--cq-cyan)\';this.style.transform=\'translateY(-4px)\'"\n           onmouseout="this.style.borderColor=\'var(--cq-border)\';this.style.transform=\'none\'">\n        <div style="font-size:3.5rem;" class="mb-3">\xf0\x9f\x8c\x90</div>\n        <h4 style="color:var(--cq-cyan);">Safe Browsing</h4>\n        <p style="color:var(--cq-text-muted);" class="small mb-3">Stay safe online \xe2\x80\x94 VPNs, HTTPS, and browser threats.</p>\n\n        <div class="mb-3">\n          <div class="d-flex justify-content-between small mb-1"\n               style="color:var(--cq-text-muted);">\n            <span>Progress</span>\n            <span>0/5</span>\n          </div>\n          <div class="progress-cq">\n            <div class="progress-bar" role="progressbar"\n                 style="width:0%">\n            </div>\n          </div>\n        </div>\n\n        <a href="/challenge/browsing"\n           class="btn btn-cq-primary w-100 fw-bold">\n          \xf0\x9f\x9a\x80 Start\n        </a>\n      </div>\n    </div>\n    \n  </div>\n\n  <!-- Badges -->\n  \n\n</div>\n\n</main>\n\n<!-- \xe2\x94\x80\xe2\x94\x80 Footer \xe2\x94\x80\xe2\x94\x80\xe2\x94\x80\xe2\x94\x80\xe2\x94\x80\xe2\x94\x80\xe2\x94\x80\xe2\x94\x80\xe2\x94\x80\xe2\x94\x80\xe2\x94\x80\xe2\x94\x80\xe2\x94\x80\xe2\x94\x80\xe2\x94\x80\xe2\x94\x80\xe2\x94\x80\xe2\x94\x80\xe2\x94\x80\xe2\x94\x80\xe2\x94\x80\xe2\x94\x80\xe2\x94\x80\xe2\x94\x80\xe2\x94\x80\xe2\x94\x80\xe2\x94\x80\xe2\x94\x80\xe2\x94\x80\xe2\x94\x80\xe2\x94\x80\xe2\x94\x80\xe2\x94\x80\xe2\x94\x80\xe2\x94\x80\xe2\x94\x80\xe2\x94\x80\xe2\x94\x80\xe2\x94\x80\xe2\x94\x80\xe2\x94\x80\xe2\x94\x80\xe2\x94\x80\xe2\x94\x80\xe2\x94\x80\xe2\x94\x80\xe2\x94\x80\xe2\x94\x80\xe2\x94\x80\xe2\x94\x80\xe2\x94\x80\xe2\x94\x80\xe2\x94\x80\xe2\x94\x80\xe2\x94\x80\xe2\x94\x80\xe2\x94\x80\xe2\x94\x80\xe2\x94\x80\xe2\x94\x80\xe2\x94\x80 -->\n<footer class="footer-cq">\n    <div class="container">\n        <div class="row align-items-center">\n            <div class="col-md-3 mb-2 mb-md-0">\n                <div class="footer-brand"><i class="bi bi-shield-fill-check me-2"></i>CYBERQUEST</div>\n                <div class="footer-text">Cybersecurity Awareness Game</div>\n            </div>\n            <div class="col-md-5 mb-2 mb-md-0">\n                <div class="footer-text">\n                    <i class="bi bi-mortarboard-fill me-1"></i>\n                    ICT932 \xe2\x80\x94 Cybersecurity Testing and Assurance<br>\n                    Crown Institute of Higher Education (CIHE) \xc2\xa9 2026\n                </div>\n            </div>\n            <div class="col-md-4 text-md-end">\n                <div class="footer-team">\n                    Prashan Manandhar | Raju Kshetri | Pramesh Silwal | Susanta Dhakal\n                </div>\n            </div>\n        </div>\n    </div>\n</footer>\n\n<script src="https://cdn.jsdelivr.net/npm/bootstrap@5.3.0/dist/js/bootstrap.bundle.min.js"></script>\n\n\n</body>\n</html>' = <WrapperTestResponse 20602 bytes [200 OK]>.data
__________ TestRegistration.test_register_teacher_with_correct_code ___________
tests\test_auth.py:141: in test_register_teacher_with_correct_code
    assert teacher is not None
E   assert None is not None
_______________________ TestLogin.test_login_page_loads _______________________
tests\test_auth.py:154: in test_login_page_loads
    assert response.status_code == 200
E   assert 302 == 200
E    +  where 302 = <WrapperTestResponse streamed [302 FOUND]>.status_code
============================== warnings summary ===============================
tests/test_admin.py: 3 warnings
tests/test_auth.py: 4 warnings
tests/test_game.py: 4 warnings
  C:\Users\Prashan\AppData\Local\Packages\PythonSoftwareFoundation.Python.3.13_qbz5n2kfra8p0\LocalCache\local-packages\Python313\site-packages\sqlalchemy\sql\schema.py:3624: DeprecationWarning: datetime.datetime.utcnow() is deprecated and scheduled for removal in a future version. Use timezone-aware objects to represent datetimes in UTC: datetime.datetime.now(datetime.UTC).
    return util.wrap_callable(lambda ctx: fn(), fn)  # type: ignore

tests/test_admin.py: 21 warnings
tests/test_auth.py: 8 warnings
tests/test_game.py: 12 warnings
tests/test_security.py: 10 warnings
  C:\Users\Prashan\Cybersecurity-awareness-game\src\security.py:36: DeprecationWarning: datetime.datetime.utcnow() is deprecated and scheduled for removal in a future version. Use timezone-aware objects to represent datetimes in UTC: datetime.datetime.now(datetime.UTC).
    window_start    = datetime.utcnow() - timedelta(minutes=lockout_minutes)

tests/test_admin.py: 21 warnings
tests/test_auth.py: 8 warnings
tests/test_game.py: 12 warnings
tests/test_security.py: 31 warnings
  C:\Users\Prashan\Cybersecurity-awareness-game\src\security.py:26: DeprecationWarning: datetime.datetime.utcnow() is deprecated and scheduled for removal in a future version. Use timezone-aware objects to represent datetimes in UTC: datetime.datetime.now(datetime.UTC).
    attempted_at=datetime.utcnow()

tests/test_admin.py::TestReset2FA::test_teacher_can_reset_student_2fa
  C:\Users\Prashan\Cybersecurity-awareness-game\tests\test_admin.py:343: LegacyAPIWarning: The Query.get() method is considered legacy as of the 1.x series of SQLAlchemy and becomes a legacy construct in 2.0. The method is now available as Session.get() (deprecated since: 2.0) (Background on SQLAlchemy 2.0 at: https://sqlalche.me/e/b8d9)
    user = User.query.get(user_id)

tests/test_security.py::TestBruteForceProtection::test_old_attempts_outside_window_ignored
  C:\Users\Prashan\Cybersecurity-awareness-game\tests\test_security.py:145: DeprecationWarning: datetime.datetime.utcnow() is deprecated and scheduled for removal in a future version. Use timezone-aware objects to represent datetimes in UTC: datetime.datetime.now(datetime.UTC).
    old_time = datetime.utcnow() - timedelta(minutes=20)

-- Docs: https://docs.pytest.org/en/stable/how-to/capture-warnings.html
=========================== short test summary info ===========================
FAILED tests/test_admin.py::TestAdminAccess::test_teacher_can_access_admin - assert 302 == 200
 +  where 302 = <WrapperTestResponse streamed [302 FOUND]>.status_code
FAILED tests/test_admin.py::TestAdminAccess::test_teacher_can_access_audit_log - assert 302 == 200
 +  where 302 = <WrapperTestResponse streamed [302 FOUND]>.status_code
FAILED tests/test_admin.py::TestAdminAccess::test_teacher_can_access_locked_accounts - assert 302 == 200
 +  where 302 = <WrapperTestResponse streamed [302 FOUND]>.status_code
FAILED tests/test_admin.py::TestAddUser::test_add_user_page_loads - assert 302 == 200
 +  where 302 = <WrapperTestResponse streamed [302 FOUND]>.status_code
FAILED tests/test_admin.py::TestAddUser::test_add_valid_student - assert None is not None
FAILED tests/test_admin.py::TestAddUser::test_add_user_weak_password_rejected - assert (b'uppercase' in b'<!DOCTYPE html>\n<!--\n    base.html \xe2\x80\x94 Shared base template for CyberQuest\n    Authors: Susanta Dhakal (CIHE250321) & Pramesh Silwal (CIHE241339)\n    Fixed: Prashan Manandhar (CIHE241182) \xe2\x80\x94 removed broken url_for(\'home\')\n-->\n<html lang="en">\n<head>\n    <meta charset="UTF-8">\n    <meta name="viewport" content="width=device-width, initial-scale=1.0">\n    <meta name="description" content="CyberQuest \xe2\x80\x94 Cybersecurity Awareness Game for ICT932 CIHE">\n    <title>Login \xe2\x80\x94 CyberQuest | ICT932</title>\n\n    <!-- Bootstrap 5 CSS -->\n    <link href="https://cdn.jsdelivr.net/npm/bootstrap@5.3.0/dist/css/bootstrap.min.css" rel="stylesheet">\n    <!-- Bootstrap Icons -->\n    <link href="https://cdn.jsdelivr.net/npm/bootstrap-icons@1.11.0/font/bootstrap-icons.css" rel="stylesheet">\n    <!-- Google Fonts -->\n    <link href="https://fonts.googleapis.com/css2?family=Orbitron:wght@400;600;800&family=Rajdhani:wght@300;400;500;600&display=swap" rel="stylesheet">\n\n    <style>\n        /* \xe2\x94\x80\xe2\x94\x80 Design Tokens \xe2\x94\x80\xe2\x94\x80\xe2\x94\x80\xe2\x94\x80\xe2\x94\x80\xe2\x94\x80\xe2\x94\x80\xe2\x94\x80\xe2\x94\x80\xe2\x94\x80\xe2\x94\x80\xe2\x94\x80\xe2\x94\x80\xe2\x94\x80\xe2\x94\x80\xe2\x94\x80\xe2\x94\x80\xe2\x94\x80\xe2\x94\x80\xe2\x94\x80\xe2\x94\x80\xe2\x94\x80\xe2\x94\x80\xe2\x94\x80\xe2\x94\x80\xe2\x94\x80\xe2\x94\x80\xe2\x94\x80\xe2\x94\x80\xe2\x94\x80\xe2\x94\x80\xe2\x94\x80\xe2\x94\x80\xe2\x94\x80\xe2\x94\x80\xe2\x94\x80\xe2\x94\x80\xe2\x94\x80\xe2\x94\x80\xe2\x94\x80\xe2\x94\x80\xe2\x94\x80\xe2\x94\x80\xe2\x94\x80\xe2\x94\x80\xe2\x94\x80\xe2\x94\x80 */\n        :root {\n            --cq-navy:      #0D1B2A;\n            --cq-navy-mid:  #112233;\n            --cq-navy-light:#1A2E42;\n            --cq-cyan:      #00B4D8;\n            --cq-cyan-glow: #00D4FF;\n            --cq-green:     #00E676;\n            --cq-red:       #FF4D6D;\n            --cq-yellow:    #FFD60A;\n            --cq-text:      #E0EAF4;\n            --cq-text-muted:#7A9BB5;\n            --cq-border:    rgba(0, 180, 216, 0.2);\n            --cq-shadow:    0 4px 24px rgba(0, 180, 216, 0.12);\n            --cq-radius:    12px;\n            --font-heading: \'Orbitron\', monospace;\n            --font-body:    \'Rajdhani\', sans-serif;\n        }\n\n        *, *::before, *::after { box-sizing: border-box; }\n        html { scroll-behavior: smooth; }\n\n        body {\n            background-color: var(--cq-navy);\n            color: var(--cq-text);\n            font-family: var(--font-body);\n            font-size: 1.05rem;\n            min-height: 100vh;\n            display: flex;\n            flex-direction: column;\n        }\n\n        h1,h2,h3,h4,h5,h6 { font-family: var(--font-heading); }\n        main { flex: 1; }\n\n        /* \xe2\x94\x80\xe2\x94\x80 Navbar \xe2\x94\x80\xe2\x94\x80\xe2\x94\x80\xe2\x94\x80\xe2\x94\x80\xe2\x94\x80\xe2\x94\x80\xe2\x94\x80\xe2\x94\x80\xe2\x94\x80\xe2\x94\x80\xe2\x94\x80\xe2\x94\x80\xe2\x94\x80\xe2\x94\x80\xe2\x94\x80\xe2\x94\x80\xe2\x94\x80\xe2\x94\x80\xe2\x94\x80\xe2\x94\x80\xe2\x94\x80\xe2\x94\x80\xe2\x94\x80\xe2\x94\x80\xe2\x94\x80\xe2\x94\x80\xe2\x94\x80\xe2\x94\x80\xe2\x94\x80\xe2\x94\x80\xe2\x94\x80\xe2\x94\x80\xe2\x94\x80\xe2\x94\x80\xe2\x94\x80\xe2\x94\x80\xe2\x94\x80\xe2\x94\x80\xe2\x94\x80\xe2\x94\x80\xe2\x94\x80\xe2\x94\x80\xe2\x94\x80\xe2\x94\x80\xe2\x94\x80\xe2\x94\x80\xe2\x94\x80\xe2\x94\x80\xe2\x94\x80\xe2\x94\x80\xe2\x94\x80\xe2\x94\x80\xe2\x94\x80 */\n        .navbar-cyberquest {\n            background: rgba(13,27,42,0.97);\n            border-bottom: 1px solid var(--cq-border);\n            backdrop-filter: blur(10px);\n            padding: 0.75rem 0;\n            position: sticky; top: 0; z-index: 1000;\n        }\n        .navbar-brand-cq {\n            font-family: var(--font-heading); font-weight: 800;\n            font-size: 1.35rem; color: var(--cq-cyan) !important;\n            text-decoration: none; letter-spacing: 2px;\n            display: flex; align-items: center; gap: 0.5rem;\n        }\n        .navbar-brand-cq .brand-icon {\n            color: var(--cq-cyan-glow); font-size: 1.5rem;\n            filter: drop-shadow(0 0 6px var(--cq-cyan));\n        }\n        .navbar-brand-cq:hover { color: var(--cq-cyan-glow) !important; }\n        .nav-link-cq {\n            color: var(--cq-text-muted) !important;\n            font-family: var(--font-body); font-weight: 500;\n            font-size: 0.95rem; letter-spacing: 0.5px;\n            padding: 0.5rem 0.85rem !important;\n            border-radius: 6px;\n            transition: color 0.2s, background 0.2s;\n        }\n        .nav-link-cq:hover, .nav-link-cq.active {\n            color: var(--cq-cyan) !important;\n            background: rgba(0,180,216,0.08);\n        }\n        .btn-nav-login {\n            border: 1px solid var(--cq-cyan); color: var(--cq-cyan);\n            background: transparent; border-radius: 6px;\n            padding: 0.4rem 1rem; font-weight: 600; font-size: 0.9rem;\n            transition: all 0.2s;\n        }\n        .btn-nav-login:hover {\n            background: rgba(0,180,216,0.15); color: var(--cq-cyan-glow);\n        }\n        .btn-nav-register {\n            background: var(--cq-cyan); color: var(--cq-navy);\n            border: none; border-radius: 6px;\n            padding: 0.4rem 1rem; font-weight: 700; font-size: 0.9rem;\n            transition: all 0.2s;\n        }\n        .btn-nav-register:hover {\n            background: var(--cq-cyan-glow);\n            box-shadow: 0 4px 12px rgba(0,180,216,0.35);\n        }\n        .navbar-username { color: var(--cq-text-muted); font-size: 0.85rem; }\n        .navbar-username strong { color: var(--cq-cyan); }\n        .navbar-toggler { border-color: var(--cq-border); }\n        .navbar-toggler-icon { filter: invert(60%) sepia(80%) saturate(400%) hue-rotate(165deg); }\n\n        /* \xe2\x94\x80\xe2\x94\x80 Flash Messages \xe2\x94\x80\xe2\x94\x80\xe2\x94\x80\xe2\x94\x80\xe2\x94\x80\xe2\x94\x80\xe2\x94\x80\xe2\x94\x80\xe2\x94\x80\xe2\x94\x80\xe2\x94\x80\xe2\x94\x80\xe2\x94\x80\xe2\x94\x80\xe2\x94\x80\xe2\x94\x80\xe2\x94\x80\xe2\x94\x80\xe2\x94\x80\xe2\x94\x80\xe2\x94\x80\xe2\x94\x80\xe2\x94\x80\xe2\x94\x80\xe2\x94\x80\xe2\x94\x80\xe2\x94\x80\xe2\x94\x80\xe2\x94\x80\xe2\x94\x80\xe2\x94\x80\xe2\x94\x80\xe2\x94\x80\xe2\x94\x80\xe2\x94\x80\xe2\x94\x80\xe2\x94\x80\xe2\x94\x80\xe2\x94\x80\xe2\x94\x80\xe2\x94\x80\xe2\x94\x80\xe2\x94\x80\xe2\x94\x80\xe2\x94\x80\xe2\x94\x80 */\n        .flash-container { padding: 0.5rem 0; }\n        .alert-cq {\n            border-left: 4px solid; border-radius: 0 var(--cq-radius) var(--cq-radius) 0;\n            background: var(--cq-navy-mid); color: var(--cq-text);\n            border-top: none; border-right: none; border-bottom: none;\n            font-weight: 500;\n        }\n        .alert-cq.alert-success { border-color: var(--cq-green); }\n        .alert-cq.alert-danger  { border-color: var(--cq-red); }\n        .alert-cq.alert-info    { border-color: var(--cq-cyan); }\n        .alert-cq.alert-warning { border-color: var(--cq-yellow); }\n\n        /* \xe2\x94\x80\xe2\x94\x80 Dark Cards \xe2\x94\x80\xe2\x94\x80\xe2\x94\x80\xe2\x94\x80\xe2\x94\x80\xe2\x94\x80\xe2\x94\x80\xe2\x94\x80\xe2\x94\x80\xe2\x94\x80\xe2\x94\x80\xe2\x94\x80\xe2\x94\x80\xe2\x94\x80\xe2\x94\x80\xe2\x94\x80\xe2\x94\x80\xe2\x94\x80\xe2\x94\x80\xe2\x94\x80\xe2\x94\x80\xe2\x94\x80\xe2\x94\x80\xe2\x94\x80\xe2\x94\x80\xe2\x94\x80\xe2\x94\x80\xe2\x94\x80\xe2\x94\x80\xe2\x94\x80\xe2\x94\x80\xe2\x94\x80\xe2\x94\x80\xe2\x94\x80\xe2\x94\x80\xe2\x94\x80\xe2\x94\x80\xe2\x94\x80\xe2\x94\x80\xe2\x94\x80\xe2\x94\x80\xe2\x94\x80\xe2\x94\x80\xe2\x94\x80\xe2\x94\x80\xe2\x94\x80\xe2\x94\x80\xe2\x94\x80\xe2\x94\x80\xe2\x94\x80 */\n        .card-cq {\n            background: var(--cq-navy-mid);\n            border: 1px solid var(--cq-border);\n            border-radius: var(--cq-radius);\n            color: var(--cq-text);\n            box-shadow: var(--cq-shadow);\n        }\n        .card-cq .card-header {\n            background: var(--cq-navy-light);\n            border-bottom: 1px solid var(--cq-border);\n            color: var(--cq-text);\n            border-radius: var(--cq-radius) var(--cq-radius) 0 0;\n        }\n\n        /* \xe2\x94\x80\xe2\x94\x80 Dark Tables \xe2\x94\x80\xe2\x94\x80\xe2\x94\x80\xe2\x94\x80\xe2\x94\x80\xe2\x94\x80\xe2\x94\x80\xe2\x94\x80\xe2\x94\x80\xe2\x94\x80\xe2\x94\x80\xe2\x94\x80\xe2\x94\x80\xe2\x94\x80\xe2\x94\x80\xe2\x94\x80\xe2\x94\x80\xe2\x94\x80\xe2\x94\x80\xe2\x94\x80\xe2\x94\x80\xe2\x94\x80\xe2\x94\x80\xe2\x94\x80\xe2\x94\x80\xe2\x94\x80\xe2\x94\x80\xe2\x94\x80\xe2\x94\x80\xe2\x94\x80\xe2\x94\x80\xe2\x94\x80\xe2\x94\x80\xe2\x94\x80\xe2\x94\x80\xe2\x94\x80\xe2\x94\x80\xe2\x94\x80\xe2\x94\x80\xe2\x94\x80\xe2\x94\x80\xe2\x94\x80\xe2\x94\x80\xe2\x94\x80\xe2\x94\x80\xe2\x94\x80\xe2\x94\x80\xe2\x94\x80\xe2\x94\x80 */\n        .table-cq { color: var(--cq-text); }\n        .table-cq thead th {\n            background: var(--cq-navy-light);\n            color: var(--cq-cyan);\n            border-color: var(--cq-border);\n            font-family: var(--font-heading);\n            font-size: 0.8rem;\n            letter-spacing: 1px;\n        }\n        .table-cq tbody tr {\n            border-color: var(--cq-border);\n        }\n        .table-cq tbody tr:hover {\n            background: rgba(0,180,216,0.05);\n        }\n        .table-cq td, .table-cq th {\n            border-color: var(--cq-border);\n            vertical-align: middle;\n        }\n\n        /* \xe2\x94\x80\xe2\x94\x80 Dark Forms \xe2\x94\x80\xe2\x94\x80\xe2\x94\x80\xe2\x94\x80\xe2\x94\x80\xe2\x94\x80\xe2\x94\x80\xe2\x94\x80\xe2\x94\x80\xe2\x94\x80\xe2\x94\x80\xe2\x94\x80\xe2\x94\x80\xe2\x94\x80\xe2\x94\x80\xe2\x94\x80\xe2\x94\x80\xe2\x94\x80\xe2\x94\x80\xe2\x94\x80\xe2\x94\x80\xe2\x94\x80\xe2\x94\x80\xe2\x94\x80\xe2\x94\x80\xe2\x94\x80\xe2\x94\x80\xe2\x94\x80\xe2\x94\x80\xe2\x94\x80\xe2\x94\x80\xe2\x94\x80\xe2\x94\x80\xe2\x94\x80\xe2\x94\x80\xe2\x94\x80\xe2\x94\x80\xe2\x94\x80\xe2\x94\x80\xe2\x94\x80\xe2\x94\x80\xe2\x94\x80\xe2\x94\x80\xe2\x94\x80\xe2\x94\x80\xe2\x94\x80\xe2\x94\x80\xe2\x94\x80\xe2\x94\x80\xe2\x94\x80 */\n        .form-control-cq, .form-select-cq {\n            background: var(--cq-navy-light);\n            border: 1px solid var(--cq-border);\n            color: var(--cq-text);\n            border-radius: 8px;\n        }\n        .form-control-cq:focus, .form-select-cq:focus {\n            background: var(--cq-navy-light);\n            border-color: var(--cq-cyan);\n            color: var(--cq-text);\n            box-shadow: 0 0 0 3px rgba(0,180,216,0.2);\n        }\n        .form-control-cq::placeholder { color: var(--cq-text-muted); }\n\n        /* \xe2\x94\x80\xe2\x94\x80 CyberQuest Buttons \xe2\x94\x80\xe2\x94\x80\xe2\x94\x80\xe2\x94\x80\xe2\x94\x80\xe2\x94\x80\xe2\x94\x80\xe2\x94\x80\xe2\x94\x80\xe2\x94\x80\xe2\x94\x80\xe2\x94\x80\xe2\x94\x80\xe2\x94\x80\xe2\x94\x80\xe2\x94\x80\xe2\x94\x80\xe2\x94\x80\xe2\x94\x80\xe2\x94\x80\xe2\x94\x80\xe2\x94\x80\xe2\x94\x80\xe2\x94\x80\xe2\x94\x80\xe2\x94\x80\xe2\x94\x80\xe2\x94\x80\xe2\x94\x80\xe2\x94\x80\xe2\x94\x80\xe2\x94\x80\xe2\x94\x80\xe2\x94\x80\xe2\x94\x80\xe2\x94\x80\xe2\x94\x80\xe2\x94\x80\xe2\x94\x80\xe2\x94\x80\xe2\x94\x80\xe2\x94\x80 */\n        .btn-cq-primary {\n            background: var(--cq-cyan); color: var(--cq-navy);\n            border: none; font-weight: 700; border-radius: 8px;\n            font-family: var(--font-body); letter-spacing: 0.5px;\n            transition: all 0.2s;\n        }\n        .btn-cq-primary:hover {\n            background: var(--cq-cyan-glow);\n            box-shadow: 0 4px 16px rgba(0,180,216,0.4);\n        }\n        .btn-cq-outline {\n            border: 1px solid var(--cq-cyan); color: var(--cq-cyan);\n            background: transparent; border-radius: 8px;\n            font-weight: 600; transition: all 0.2s;\n        }\n        .btn-cq-outline:hover {\n            background: rgba(0,180,216,0.12); color: var(--cq-cyan-glow);\n        }\n        .btn-cq-danger {\n            border: 1px solid var(--cq-red); color: var(--cq-red);\n            background: transparent; border-radius: 8px;\n            font-weight: 600; transition: all 0.2s;\n        }\n        .btn-cq-danger:hover { background: rgba(255,77,109,0.12); }\n\n        /* \xe2\x94\x80\xe2\x94\x80 Badges / Pills \xe2\x94\x80\xe2\x94\x80\xe2\x94\x80\xe2\x94\x80\xe2\x94\x80\xe2\x94\x80\xe2\x94\x80\xe2\x94\x80\xe2\x94\x80\xe2\x94\x80\xe2\x94\x80\xe2\x94\x80\xe2\x94\x80\xe2\x94\x80\xe2\x94\x80\xe2\x94\x80\xe2\x94\x80\xe2\x94\x80\xe2\x94\x80\xe2\x94\x80\xe2\x94\x80\xe2\x94\x80\xe2\x94\x80\xe2\x94\x80\xe2\x94\x80\xe2\x94\x80\xe2\x94\x80\xe2\x94\x80\xe2\x94\x80\xe2\x94\x80\xe2\x94\x80\xe2\x94\x80\xe2\x94\x80\xe2\x94\x80\xe2\x94\x80\xe2\x94\x80\xe2\x94\x80\xe2\x94\x80\xe2\x94\x80\xe2\x94\x80\xe2\x94\x80\xe2\x94\x80\xe2\x94\x80\xe2\x94\x80\xe2\x94\x80\xe2\x94\x80 */\n        .badge-cq-cyan {\n            background: rgba(0,180,216,0.15);\n            color: var(--cq-cyan);\n            border: 1px solid var(--cq-border);\n            border-radius: 20px; padding: 0.3rem 0.8rem;\n            font-size: 0.8rem; font-weight: 600;\n        }\n        .badge-cq-gold {\n            background: rgba(255,214,10,0.15);\n            color: var(--cq-yellow);\n            border: 1px solid rgba(255,214,10,0.3);\n            border-radius: 20px; padding: 0.3rem 0.8rem;\n            font-size: 0.8rem; font-weight: 600;\n        }\n\n        /* \xe2\x94\x80\xe2\x94\x80 Progress bars \xe2\x94\x80\xe2\x94\x80\xe2\x94\x80\xe2\x94\x80\xe2\x94\x80\xe2\x94\x80\xe2\x94\x80\xe2\x94\x80\xe2\x94\x80\xe2\x94\x80\xe2\x94\x80\xe2\x94\x80\xe2\x94\x80\xe2\x94\x80\xe2\x94\x80\xe2\x94\x80\xe2\x94\x80\xe2\x94\x80\xe2\x94\x80\xe2\x94\x80\xe2\x94\x80\xe2\x94\x80\xe2\x94\x80\xe2\x94\x80\xe2\x94\x80\xe2\x94\x80\xe2\x94\x80\xe2\x94\x80\xe2\x94\x80\xe2\x94\x80\xe2\x94\x80\xe2\x94\x80\xe2\x94\x80\xe2\x94\x80\xe2\x94\x80\xe2\x94\x80\xe2\x94\x80\xe2\x94\x80\xe2\x94\x80\xe2\x94\x80\xe2\x94\x80\xe2\x94\x80\xe2\x94\x80\xe2\x94\x80\xe2\x94\x80\xe2\x94\x80\xe2\x94\x80 */\n        .progress-cq {\n            background: var(--cq-navy-light);\n            border-radius: 10px; height: 8px;\n        }\n        .progress-cq .progress-bar {\n            background: linear-gradient(90deg, var(--cq-cyan), var(--cq-green));\n            border-radius: 10px;\n        }\n\n        /* \xe2\x94\x80\xe2\x94\x80 Stat Cards \xe2\x94\x80\xe2\x94\x80\xe2\x94\x80\xe2\x94\x80\xe2\x94\x80\xe2\x94\x80\xe2\x94\x80\xe2\x94\x80\xe2\x94\x80\xe2\x94\x80\xe2\x94\x80\xe2\x94\x80\xe2\x94\x80\xe2\x94\x80\xe2\x94\x80\xe2\x94\x80\xe2\x94\x80\xe2\x94\x80\xe2\x94\x80\xe2\x94\x80\xe2\x94\x80\xe2\x94\x80\xe2\x94\x80\xe2\x94\x80\xe2\x94\x80\xe2\x94\x80\xe2\x94\x80\xe2\x94\x80\xe2\x94\x80\xe2\x94\x80\xe2\x94\x80\xe2\x94\x80\xe2\x94\x80\xe2\x94\x80\xe2\x94\x80\xe2\x94\x80\xe2\x94\x80\xe2\x94\x80\xe2\x94\x80\xe2\x94\x80\xe2\x94\x80\xe2\x94\x80\xe2\x94\x80\xe2\x94\x80\xe2\x94\x80\xe2\x94\x80\xe2\x94\x80\xe2\x94\x80\xe2\x94\x80\xe2\x94\x80 */\n        .stat-card {\n            background: var(--cq-navy-mid);\n            border: 1px solid var(--cq-border);\n            border-radius: var(--cq-radius);\n            padding: 1.5rem 1rem;\n            text-align: center;\n            transition: border-color 0.2s, transform 0.2s;\n        }\n        .stat-card:hover {\n            border-color: var(--cq-cyan);\n            transform: translateY(-2px);\n        }\n        .stat-card .stat-number {\n            font-family: var(--font-heading); font-size: 2rem;\n            font-weight: 800;\n        }\n        .stat-card .stat-label { color: var(--cq-text-muted); font-size: 0.85rem; }\n\n        /* \xe2\x94\x80\xe2\x94\x80 Footer \xe2\x94\x80\xe2\x94\x80\xe2\x94\x80\xe2\x94\x80\xe2\x94\x80\xe2\x94\x80\xe2\x94\x80\xe2\x94\x80\xe2\x94\x80\xe2\x94\x80\xe2\x94\x80\xe2\x94\x80\xe2\x94\x80\xe2\x94\x80\xe2\x94\x80\xe2\x94\x80\xe2\x94\x80\xe2\x94\x80\xe2\x94\x80\xe2\x94\x80\xe2\x94\x80\xe2\x94\x80\xe2\x94\x80\xe2\x94\x80\xe2\x94\x80\xe2\x94\x80\xe2\x94\x80\xe2\x94\x80\xe2\x94\x80\xe2\x94\x80\xe2\x94\x80\xe2\x94\x80\xe2\x94\x80\xe2\x94\x80\xe2\x94\x80\xe2\x94\x80\xe2\x94\x80\xe2\x94\x80\xe2\x94\x80\xe2\x94\x80\xe2\x94\x80\xe2\x94\x80\xe2\x94\x80\xe2\x94\x80\xe2\x94\x80\xe2\x94\x80\xe2\x94\x80\xe2\x94\x80\xe2\x94\x80\xe2\x94\x80\xe2\x94\x80\xe2\x94\x80\xe2\x94\x80\xe2\x94\x80 */\n        .footer-cq {\n            background: var(--cq-navy-mid);\n            border-top: 1px solid var(--cq-border);\n            padding: 1.5rem 0;\n            margin-top: auto;\n        }\n        .footer-brand {\n            font-family: var(--font-heading); font-weight: 800;\n            color: var(--cq-cyan); font-size: 1rem; letter-spacing: 2px;\n        }\n        .footer-text { color: var(--cq-text-muted); font-size: 0.85rem; }\n        .footer-team { color: var(--cq-cyan); font-size: 0.85rem; font-weight: 600; }\n\n        /* \xe2\x94\x80\xe2\x94\x80 Scrollbar \xe2\x94\x80\xe2\x94\x80\xe2\x94\x80\xe2\x94\x80\xe2\x94\x80\xe2\x94\x80\xe2\x94\x80\xe2\x94\x80\xe2\x94\x80\xe2\x94\x80\xe2\x94\x80\xe2\x94\x80\xe2\x94\x80\xe2\x94\x80\xe2\x94\x80\xe2\x94\x80\xe2\x94\x80\xe2\x94\x80\xe2\x94\x80\xe2\x94\x80\xe2\x94\x80\xe2\x94\x80\xe2\x94\x80\xe2\x94\x80\xe2\x94\x80\xe2\x94\x80\xe2\x94\x80\xe2\x94\x80\xe2\x94\x80\xe2\x94\x80\xe2\x94\x80\xe2\x94\x80\xe2\x94\x80\xe2\x94\x80\xe2\x94\x80\xe2\x94\x80\xe2\x94\x80\xe2\x94\x80\xe2\x94\x80\xe2\x94\x80\xe2\x94\x80\xe2\x94\x80\xe2\x94\x80\xe2\x94\x80\xe2\x94\x80\xe2\x94\x80\xe2\x94\x80\xe2\x94\x80\xe2\x94\x80\xe2\x94\x80\xe2\x94\x80 */\n        ::-webkit-scrollbar { width: 6px; }\n        ::-webkit-scrollbar-track { background: var(--cq-navy); }\n        ::-webkit-scrollbar-thumb { background: var(--cq-navy-light); border-radius: 3px; }\n        ::-webkit-scrollbar-thumb:hover { background: var(--cq-cyan); }\n    </style>\n\n    \n</head>\n\n<body>\n\n<!-- \xe2\x94\x80\xe2\x94\x80 Navbar \xe2\x94\x80\xe2\x94\x80\xe2\x94\x80\xe2\x94\x80\xe2\x94\x80\xe2\x94\x80\xe2\x94\x80\xe2\x94\x80\xe2\x94\x80\xe2\x94\x80\xe2\x94\x80\xe2\x94\x80\xe2\x94\x80\xe2\x94\x80\xe2\x94\x80\xe2\x94\x80\xe2\x94\x80\xe2\x94\x80\xe2\x94\x80\xe2\x94\x80\xe2\x94\x80\xe2\x94\x80\xe2\x94\x80\xe2\x94\x80\xe2\x94\x80\xe2\x94\x80\xe2\x94\x80\xe2\x94\x80\xe2\x94\x80\xe2\x94\x80\xe2\x94\x80\xe2\x94\x80\xe2\x94\x80\xe2\x94\x80\xe2\x94\x80\xe2\x94\x80\xe2\x94\x80\xe2\x94\x80\xe2\x94\x80\xe2\x94\x80\xe2\x94\x80\xe2\x94\x80\xe2\x94\x80\xe2\x94\x80\xe2\x94\x80\xe2\x94\x80\xe2\x94\x80\xe2\x94\x80\xe2\x94\x80\xe2\x94\x80\xe2\x94\x80\xe2\x94\x80\xe2\x94\x80\xe2\x94\x80\xe2\x94\x80\xe2\x94\x80\xe2\x94\x80\xe2\x94\x80\xe2\x94\x80\xe2\x94\x80\xe2\x94\x80 -->\n<nav class="navbar navbar-expand-lg navbar-cyberquest">\n    <div class="container">\n        <!-- Fixed: use auth.login instead of non-existent \'home\' route -->\n        <a class="navbar-brand-cq"\n           href="/">\n            <i class="bi bi-shield-fill-check brand-icon"></i>\n            CYBER<span style="color:#fff;">QUEST</span>\n        </a>\n\n        <button class="navbar-toggler" type="button"\n                data-bs-toggle="collapse" data-bs-target="#navbarMain">\n            <span class="navbar-toggler-icon"></span>\n        </button>\n\n        <div class="collapse navbar-collapse" id="navbarMain">\n            \n            <ul class="navbar-nav me-auto mb-2 mb-lg-0"></ul>\n            \n\n            <div class="d-flex align-items-center gap-2">\n                \n                    <a href="/" class="btn-nav-login btn">\n                        <i class="bi bi-box-arrow-in-right me-1"></i> Login\n                    </a>\n                    <a href="/register" class="btn-nav-register btn">\n                        Register\n                    </a>\n                \n            </div>\n        </div>\n    </div>\n</nav>\n\n<!-- \xe2\x94\x80\xe2\x94\x80 Flash Messages (handled once here, not in child templates) \xe2\x94\x80\xe2\x94\x80\xe2\x94\x80\xe2\x94\x80\xe2\x94\x80\xe2\x94\x80\xe2\x94\x80\xe2\x94\x80\xe2\x94\x80\xe2\x94\x80 -->\n<div class="flash-container">\n    <div class="container">\n        \n            \n                \n                <div class="alert alert-cq alert-warning alert-dismissible fade show mt-2" role="alert">\n                    <i class="bi bi-exclamation-circle-fill me-2" style="color:var(--cq-yellow)"></i>\n                    \n                    Please log in to access this page.\n                    <button type="button" class="btn-close btn-close-white"\n                            data-bs-dismiss="alert"></button>\n                </div>\n                \n            \n        \n    </div>\n</div>\n\n<!-- \xe2\x94\x80\xe2\x94\x80 Main Content \xe2\x94\x80\xe2\x94\x80\xe2\x94\x80\xe2\x94\x80\xe2\x94\x80\xe2\x94\x80\xe2\x94\x80\xe2\x94\x80\xe2\x94\x80\xe2\x94\x80\xe2\x94\x80\xe2\x94\x80\xe2\x94\x80\xe2\x94\x80\xe2\x94\x80\xe2\x94\x80\xe2\x94\x80\xe2\x94\x80\xe2\x94\x80\xe2\x94\x80\xe2\x94\x80\xe2\x94\x80\xe2\x94\x80\xe2\x94\x80\xe2\x94\x80\xe2\x94\x80\xe2\x94\x80\xe2\x94\x80\xe2\x94\x80\xe2\x94\x80\xe2\x94\x80\xe2\x94\x80\xe2\x94\x80\xe2\x94\x80\xe2\x94\x80\xe2\x94\x80\xe2\x94\x80\xe2\x94\x80\xe2\x94\x80\xe2\x94\x80\xe2\x94\x80\xe2\x94\x80\xe2\x94\x80\xe2\x94\x80\xe2\x94\x80\xe2\x94\x80\xe2\x94\x80\xe2\x94\x80\xe2\x94\x80\xe2\x94\x80\xe2\x94\x80\xe2\x94\x80\xe2\x94\x80\xe2\x94\x80\xe2\x94\x80\xe2\x94\x80 -->\n<main>\n    \n<div class="row justify-content-center mt-5">\n  <div class="col-md-5 col-lg-4">\n\n    <div class="card shadow-sm border-0">\n      <div class="card-body p-4">\n\n        <!-- Header -->\n        <div class="text-center mb-4">\n          <span style="font-size:2.5rem;">\xf0\x9f\x9b\xa1\xef\xb8\x8f</span>\n          <h3 class="fw-bold mt-2 mb-0">CyberQuest</h3>\n          <p class="text-muted small">Sign in to continue</p>\n        </div>\n\n        <!-- Flash messages -->\n        \n          \n            <div class="alert alert-warning alert-dismissible fade show py-2" role="alert">\n              Please log in to access this page.\n              <button type="button" class="btn-close" data-bs-dismiss="alert"></button>\n            </div>\n          \n        \n\n        <!-- Login form -->\n        <form method="POST" action="/" novalidate>\n          <div class="mb-3">\n            <label for="email" class="form-label fw-semibold">Email address</label>\n            <input type="email" class="form-control" id="email" name="email"\n                   placeholder="you@example.com" required autocomplete="email">\n          </div>\n\n          <div class="mb-3">\n            <label for="password" class="form-label fw-semibold">Password</label>\n            <div class="input-group">\n              <input type="password" class="form-control" id="password" name="password"\n                     placeholder="Your password" required autocomplete="current-password">\n              <button class="btn btn-outline-secondary" type="button" id="togglePw"\n                      title="Show/hide password">\n                <i class="bi bi-eye" id="eyeIcon"></i>\n              </button>\n            </div>\n          </div>\n\n          <div class="d-grid mt-4">\n            <button type="submit" class="btn btn-primary btn-lg fw-semibold">\n              Sign In\n            </button>\n          </div>\n        </form>\n\n        <hr class="my-4">\n\n        <p class="text-center mb-0 small">\n          Don\'t have an account?\n          <a href="/register" class="text-decoration-none fw-semibold">\n            Register here\n          </a>\n        </p>\n\n      </div>\n    </div>\n\n    <!-- Demo accounts hint -->\n    <div class="card mt-3 border-0 bg-light">\n      <div class="card-body py-2 px-3">\n        <p class="mb-1 small fw-semibold text-muted">\xe2\x9a\xa0\xef\xb8\x8f Demo Accounts</p>\n        <p class="mb-0 small text-muted">\n          Student: <code>student@demo.com</code> / <code>Test1234!</code><br>\n          Teacher: <code>teacher@demo.com</code> / <code>Admin1234!</code>\n        </p>\n      </div>\n    </div>\n\n  </div>\n</div>\n\n<script>\n  // Toggle password visibility\n  document.getElementById(\'togglePw\').addEventListener(\'click\', function () {\n    const pwField = document.getElementById(\'password\');\n    const icon    = document.getElementById(\'eyeIcon\');\n    if (pwField.type === \'password\') {\n      pwField.type = \'text\';\n      icon.className = \'bi bi-eye-slash\';\n    } else {\n      pwField.type = \'password\';\n      icon.className = \'bi bi-eye\';\n    }\n  });\n</script>\n\n</main>\n\n<!-- \xe2\x94\x80\xe2\x94\x80 Footer \xe2\x94\x80\xe2\x94\x80\xe2\x94\x80\xe2\x94\x80\xe2\x94\x80\xe2\x94\x80\xe2\x94\x80\xe2\x94\x80\xe2\x94\x80\xe2\x94\x80\xe2\x94\x80\xe2\x94\x80\xe2\x94\x80\xe2\x94\x80\xe2\x94\x80\xe2\x94\x80\xe2\x94\x80\xe2\x94\x80\xe2\x94\x80\xe2\x94\x80\xe2\x94\x80\xe2\x94\x80\xe2\x94\x80\xe2\x94\x80\xe2\x94\x80\xe2\x94\x80\xe2\x94\x80\xe2\x94\x80\xe2\x94\x80\xe2\x94\x80\xe2\x94\x80\xe2\x94\x80\xe2\x94\x80\xe2\x94\x80\xe2\x94\x80\xe2\x94\x80\xe2\x94\x80\xe2\x94\x80\xe2\x94\x80\xe2\x94\x80\xe2\x94\x80\xe2\x94\x80\xe2\x94\x80\xe2\x94\x80\xe2\x94\x80\xe2\x94\x80\xe2\x94\x80\xe2\x94\x80\xe2\x94\x80\xe2\x94\x80\xe2\x94\x80\xe2\x94\x80\xe2\x94\x80\xe2\x94\x80\xe2\x94\x80\xe2\x94\x80\xe2\x94\x80\xe2\x94\x80\xe2\x94\x80\xe2\x94\x80\xe2\x94\x80 -->\n<footer class="footer-cq">\n    <div class="container">\n        <div class="row align-items-center">\n            <div class="col-md-3 mb-2 mb-md-0">\n                <div class="footer-brand"><i class="bi bi-shield-fill-check me-2"></i>CYBERQUEST</div>\n                <div class="footer-text">Cybersecurity Awareness Game</div>\n            </div>\n            <div class="col-md-5 mb-2 mb-md-0">\n                <div class="footer-text">\n                    <i class="bi bi-mortarboard-fill me-1"></i>\n                    ICT932 \xe2\x80\x94 Cybersecurity Testing and Assurance<br>\n                    Crown Institute of Higher Education (CIHE) \xc2\xa9 2026\n                </div>\n            </div>\n            <div class="col-md-4 text-md-end">\n                <div class="footer-team">\n                    Prashan Manandhar | Raju Kshetri | Pramesh Silwal | Susanta Dhakal\n                </div>\n            </div>\n        </div>\n    </div>\n</footer>\n\n<script src="https://cdn.jsdelivr.net/npm/bootstrap@5.3.0/dist/js/bootstrap.bundle.min.js"></script>\n\n\n</body>\n</html>' or b'special' in b'<!DOCTYPE html>\n<!--\n    base.html \xe2\x80\x94 Shared base template for CyberQuest\n    Authors: Susanta Dhakal (CIHE250321) & Pramesh Silwal (CIHE241339)\n    Fixed: Prashan Manandhar (CIHE241182) \xe2\x80\x94 removed broken url_for(\'home\')\n-->\n<html lang="en">\n<head>\n    <meta charset="UTF-8">\n    <meta name="viewport" content="width=device-width, initial-scale=1.0">\n    <meta name="description" content="CyberQuest \xe2\x80\x94 Cybersecurity Awareness Game for ICT932 CIHE">\n    <title>Login \xe2\x80\x94 CyberQuest | ICT932</title>\n\n    <!-- Bootstrap 5 CSS -->\n    <link href="https://cdn.jsdelivr.net/npm/bootstrap@5.3.0/dist/css/bootstrap.min.css" rel="stylesheet">\n    <!-- Bootstrap Icons -->\n    <link href="https://cdn.jsdelivr.net/npm/bootstrap-icons@1.11.0/font/bootstrap-icons.css" rel="stylesheet">\n    <!-- Google Fonts -->\n    <link href="https://fonts.googleapis.com/css2?family=Orbitron:wght@400;600;800&family=Rajdhani:wght@300;400;500;600&display=swap" rel="stylesheet">\n\n    <style>\n        /* \xe2\x94\x80\xe2\x94\x80 Design Tokens \xe2\x94\x80\xe2\x94\x80\xe2\x94\x80\xe2\x94\x80\xe2\x94\x80\xe2\x94\x80\xe2\x94\x80\xe2\x94\x80\xe2\x94\x80\xe2\x94\x80\xe2\x94\x80\xe2\x94\x80\xe2\x94\x80\xe2\x94\x80\xe2\x94\x80\xe2\x94\x80\xe2\x94\x80\xe2\x94\x80\xe2\x94\x80\xe2\x94\x80\xe2\x94\x80\xe2\x94\x80\xe2\x94\x80\xe2\x94\x80\xe2\x94\x80\xe2\x94\x80\xe2\x94\x80\xe2\x94\x80\xe2\x94\x80\xe2\x94\x80\xe2\x94\x80\xe2\x94\x80\xe2\x94\x80\xe2\x94\x80\xe2\x94\x80\xe2\x94\x80\xe2\x94\x80\xe2\x94\x80\xe2\x94\x80\xe2\x94\x80\xe2\x94\x80\xe2\x94\x80\xe2\x94\x80\xe2\x94\x80\xe2\x94\x80\xe2\x94\x80\xe2\x94\x80 */\n        :root {\n            --cq-navy:      #0D1B2A;\n            --cq-navy-mid:  #112233;\n            --cq-navy-light:#1A2E42;\n            --cq-cyan:      #00B4D8;\n            --cq-cyan-glow: #00D4FF;\n            --cq-green:     #00E676;\n            --cq-red:       #FF4D6D;\n            --cq-yellow:    #FFD60A;\n            --cq-text:      #E0EAF4;\n            --cq-text-muted:#7A9BB5;\n            --cq-border:    rgba(0, 180, 216, 0.2);\n            --cq-shadow:    0 4px 24px rgba(0, 180, 216, 0.12);\n            --cq-radius:    12px;\n            --font-heading: \'Orbitron\', monospace;\n            --font-body:    \'Rajdhani\', sans-serif;\n        }\n\n        *, *::before, *::after { box-sizing: border-box; }\n        html { scroll-behavior: smooth; }\n\n        body {\n            background-color: var(--cq-navy);\n            color: var(--cq-text);\n            font-family: var(--font-body);\n            font-size: 1.05rem;\n            min-height: 100vh;\n            display: flex;\n            flex-direction: column;\n        }\n\n        h1,h2,h3,h4,h5,h6 { font-family: var(--font-heading); }\n        main { flex: 1; }\n\n        /* \xe2\x94\x80\xe2\x94\x80 Navbar \xe2\x94\x80\xe2\x94\x80\xe2\x94\x80\xe2\x94\x80\xe2\x94\x80\xe2\x94\x80\xe2\x94\x80\xe2\x94\x80\xe2\x94\x80\xe2\x94\x80\xe2\x94\x80\xe2\x94\x80\xe2\x94\x80\xe2\x94\x80\xe2\x94\x80\xe2\x94\x80\xe2\x94\x80\xe2\x94\x80\xe2\x94\x80\xe2\x94\x80\xe2\x94\x80\xe2\x94\x80\xe2\x94\x80\xe2\x94\x80\xe2\x94\x80\xe2\x94\x80\xe2\x94\x80\xe2\x94\x80\xe2\x94\x80\xe2\x94\x80\xe2\x94\x80\xe2\x94\x80\xe2\x94\x80\xe2\x94\x80\xe2\x94\x80\xe2\x94\x80\xe2\x94\x80\xe2\x94\x80\xe2\x94\x80\xe2\x94\x80\xe2\x94\x80\xe2\x94\x80\xe2\x94\x80\xe2\x94\x80\xe2\x94\x80\xe2\x94\x80\xe2\x94\x80\xe2\x94\x80\xe2\x94\x80\xe2\x94\x80\xe2\x94\x80\xe2\x94\x80\xe2\x94\x80\xe2\x94\x80 */\n        .navbar-cyberquest {\n            background: rgba(13,27,42,0.97);\n            border-bottom: 1px solid var(--cq-border);\n            backdrop-filter: blur(10px);\n            padding: 0.75rem 0;\n            position: sticky; top: 0; z-index: 1000;\n        }\n        .navbar-brand-cq {\n            font-family: var(--font-heading); font-weight: 800;\n            font-size: 1.35rem; color: var(--cq-cyan) !important;\n            text-decoration: none; letter-spacing: 2px;\n            display: flex; align-items: center; gap: 0.5rem;\n        }\n        .navbar-brand-cq .brand-icon {\n            color: var(--cq-cyan-glow); font-size: 1.5rem;\n            filter: drop-shadow(0 0 6px var(--cq-cyan));\n        }\n        .navbar-brand-cq:hover { color: var(--cq-cyan-glow) !important; }\n        .nav-link-cq {\n            color: var(--cq-text-muted) !important;\n            font-family: var(--font-body); font-weight: 500;\n            font-size: 0.95rem; letter-spacing: 0.5px;\n            padding: 0.5rem 0.85rem !important;\n            border-radius: 6px;\n            transition: color 0.2s, background 0.2s;\n        }\n        .nav-link-cq:hover, .nav-link-cq.active {\n            color: var(--cq-cyan) !important;\n            background: rgba(0,180,216,0.08);\n        }\n        .btn-nav-login {\n            border: 1px solid var(--cq-cyan); color: var(--cq-cyan);\n            background: transparent; border-radius: 6px;\n            padding: 0.4rem 1rem; font-weight: 600; font-size: 0.9rem;\n            transition: all 0.2s;\n        }\n        .btn-nav-login:hover {\n            background: rgba(0,180,216,0.15); color: var(--cq-cyan-glow);\n        }\n        .btn-nav-register {\n            background: var(--cq-cyan); color: var(--cq-navy);\n            border: none; border-radius: 6px;\n            padding: 0.4rem 1rem; font-weight: 700; font-size: 0.9rem;\n            transition: all 0.2s;\n        }\n        .btn-nav-register:hover {\n            background: var(--cq-cyan-glow);\n            box-shadow: 0 4px 12px rgba(0,180,216,0.35);\n        }\n        .navbar-username { color: var(--cq-text-muted); font-size: 0.85rem; }\n        .navbar-username strong { color: var(--cq-cyan); }\n        .navbar-toggler { border-color: var(--cq-border); }\n        .navbar-toggler-icon { filter: invert(60%) sepia(80%) saturate(400%) hue-rotate(165deg); }\n\n        /* \xe2\x94\x80\xe2\x94\x80 Flash Messages \xe2\x94\x80\xe2\x94\x80\xe2\x94\x80\xe2\x94\x80\xe2\x94\x80\xe2\x94\x80\xe2\x94\x80\xe2\x94\x80\xe2\x94\x80\xe2\x94\x80\xe2\x94\x80\xe2\x94\x80\xe2\x94\x80\xe2\x94\x80\xe2\x94\x80\xe2\x94\x80\xe2\x94\x80\xe2\x94\x80\xe2\x94\x80\xe2\x94\x80\xe2\x94\x80\xe2\x94\x80\xe2\x94\x80\xe2\x94\x80\xe2\x94\x80\xe2\x94\x80\xe2\x94\x80\xe2\x94\x80\xe2\x94\x80\xe2\x94\x80\xe2\x94\x80\xe2\x94\x80\xe2\x94\x80\xe2\x94\x80\xe2\x94\x80\xe2\x94\x80\xe2\x94\x80\xe2\x94\x80\xe2\x94\x80\xe2\x94\x80\xe2\x94\x80\xe2\x94\x80\xe2\x94\x80\xe2\x94\x80\xe2\x94\x80\xe2\x94\x80 */\n        .flash-container { padding: 0.5rem 0; }\n        .alert-cq {\n            border-left: 4px solid; border-radius: 0 var(--cq-radius) var(--cq-radius) 0;\n            background: var(--cq-navy-mid); color: var(--cq-text);\n            border-top: none; border-right: none; border-bottom: none;\n            font-weight: 500;\n        }\n        .alert-cq.alert-success { border-color: var(--cq-green); }\n        .alert-cq.alert-danger  { border-color: var(--cq-red); }\n        .alert-cq.alert-info    { border-color: var(--cq-cyan); }\n        .alert-cq.alert-warning { border-color: var(--cq-yellow); }\n\n        /* \xe2\x94\x80\xe2\x94\x80 Dark Cards \xe2\x94\x80\xe2\x94\x80\xe2\x94\x80\xe2\x94\x80\xe2\x94\x80\xe2\x94\x80\xe2\x94\x80\xe2\x94\x80\xe2\x94\x80\xe2\x94\x80\xe2\x94\x80\xe2\x94\x80\xe2\x94\x80\xe2\x94\x80\xe2\x94\x80\xe2\x94\x80\xe2\x94\x80\xe2\x94\x80\xe2\x94\x80\xe2\x94\x80\xe2\x94\x80\xe2\x94\x80\xe2\x94\x80\xe2\x94\x80\xe2\x94\x80\xe2\x94\x80\xe2\x94\x80\xe2\x94\x80\xe2\x94\x80\xe2\x94\x80\xe2\x94\x80\xe2\x94\x80\xe2\x94\x80\xe2\x94\x80\xe2\x94\x80\xe2\x94\x80\xe2\x94\x80\xe2\x94\x80\xe2\x94\x80\xe2\x94\x80\xe2\x94\x80\xe2\x94\x80\xe2\x94\x80\xe2\x94\x80\xe2\x94\x80\xe2\x94\x80\xe2\x94\x80\xe2\x94\x80\xe2\x94\x80\xe2\x94\x80 */\n        .card-cq {\n            background: var(--cq-navy-mid);\n            border: 1px solid var(--cq-border);\n            border-radius: var(--cq-radius);\n            color: var(--cq-text);\n            box-shadow: var(--cq-shadow);\n        }\n        .card-cq .card-header {\n            background: var(--cq-navy-light);\n            border-bottom: 1px solid var(--cq-border);\n            color: var(--cq-text);\n            border-radius: var(--cq-radius) var(--cq-radius) 0 0;\n        }\n\n        /* \xe2\x94\x80\xe2\x94\x80 Dark Tables \xe2\x94\x80\xe2\x94\x80\xe2\x94\x80\xe2\x94\x80\xe2\x94\x80\xe2\x94\x80\xe2\x94\x80\xe2\x94\x80\xe2\x94\x80\xe2\x94\x80\xe2\x94\x80\xe2\x94\x80\xe2\x94\x80\xe2\x94\x80\xe2\x94\x80\xe2\x94\x80\xe2\x94\x80\xe2\x94\x80\xe2\x94\x80\xe2\x94\x80\xe2\x94\x80\xe2\x94\x80\xe2\x94\x80\xe2\x94\x80\xe2\x94\x80\xe2\x94\x80\xe2\x94\x80\xe2\x94\x80\xe2\x94\x80\xe2\x94\x80\xe2\x94\x80\xe2\x94\x80\xe2\x94\x80\xe2\x94\x80\xe2\x94\x80\xe2\x94\x80\xe2\x94\x80\xe2\x94\x80\xe2\x94\x80\xe2\x94\x80\xe2\x94\x80\xe2\x94\x80\xe2\x94\x80\xe2\x94\x80\xe2\x94\x80\xe2\x94\x80\xe2\x94\x80\xe2\x94\x80\xe2\x94\x80 */\n        .table-cq { color: var(--cq-text); }\n        .table-cq thead th {\n            background: var(--cq-navy-light);\n            color: var(--cq-cyan);\n            border-color: var(--cq-border);\n            font-family: var(--font-heading);\n            font-size: 0.8rem;\n            letter-spacing: 1px;\n        }\n        .table-cq tbody tr {\n            border-color: var(--cq-border);\n        }\n        .table-cq tbody tr:hover {\n            background: rgba(0,180,216,0.05);\n        }\n        .table-cq td, .table-cq th {\n            border-color: var(--cq-border);\n            vertical-align: middle;\n        }\n\n        /* \xe2\x94\x80\xe2\x94\x80 Dark Forms \xe2\x94\x80\xe2\x94\x80\xe2\x94\x80\xe2\x94\x80\xe2\x94\x80\xe2\x94\x80\xe2\x94\x80\xe2\x94\x80\xe2\x94\x80\xe2\x94\x80\xe2\x94\x80\xe2\x94\x80\xe2\x94\x80\xe2\x94\x80\xe2\x94\x80\xe2\x94\x80\xe2\x94\x80\xe2\x94\x80\xe2\x94\x80\xe2\x94\x80\xe2\x94\x80\xe2\x94\x80\xe2\x94\x80\xe2\x94\x80\xe2\x94\x80\xe2\x94\x80\xe2\x94\x80\xe2\x94\x80\xe2\x94\x80\xe2\x94\x80\xe2\x94\x80\xe2\x94\x80\xe2\x94\x80\xe2\x94\x80\xe2\x94\x80\xe2\x94\x80\xe2\x94\x80\xe2\x94\x80\xe2\x94\x80\xe2\x94\x80\xe2\x94\x80\xe2\x94\x80\xe2\x94\x80\xe2\x94\x80\xe2\x94\x80\xe2\x94\x80\xe2\x94\x80\xe2\x94\x80\xe2\x94\x80\xe2\x94\x80 */\n        .form-control-cq, .form-select-cq {\n            background: var(--cq-navy-light);\n            border: 1px solid var(--cq-border);\n            color: var(--cq-text);\n            border-radius: 8px;\n        }\n        .form-control-cq:focus, .form-select-cq:focus {\n            background: var(--cq-navy-light);\n            border-color: var(--cq-cyan);\n            color: var(--cq-text);\n            box-shadow: 0 0 0 3px rgba(0,180,216,0.2);\n        }\n        .form-control-cq::placeholder { color: var(--cq-text-muted); }\n\n        /* \xe2\x94\x80\xe2\x94\x80 CyberQuest Buttons \xe2\x94\x80\xe2\x94\x80\xe2\x94\x80\xe2\x94\x80\xe2\x94\x80\xe2\x94\x80\xe2\x94\x80\xe2\x94\x80\xe2\x94\x80\xe2\x94\x80\xe2\x94\x80\xe2\x94\x80\xe2\x94\x80\xe2\x94\x80\xe2\x94\x80\xe2\x94\x80\xe2\x94\x80\xe2\x94\x80\xe2\x94\x80\xe2\x94\x80\xe2\x94\x80\xe2\x94\x80\xe2\x94\x80\xe2\x94\x80\xe2\x94\x80\xe2\x94\x80\xe2\x94\x80\xe2\x94\x80\xe2\x94\x80\xe2\x94\x80\xe2\x94\x80\xe2\x94\x80\xe2\x94\x80\xe2\x94\x80\xe2\x94\x80\xe2\x94\x80\xe2\x94\x80\xe2\x94\x80\xe2\x94\x80\xe2\x94\x80\xe2\x94\x80\xe2\x94\x80 */\n        .btn-cq-primary {\n            background: var(--cq-cyan); color: var(--cq-navy);\n            border: none; font-weight: 700; border-radius: 8px;\n            font-family: var(--font-body); letter-spacing: 0.5px;\n            transition: all 0.2s;\n        }\n        .btn-cq-primary:hover {\n            background: var(--cq-cyan-glow);\n            box-shadow: 0 4px 16px rgba(0,180,216,0.4);\n        }\n        .btn-cq-outline {\n            border: 1px solid var(--cq-cyan); color: var(--cq-cyan);\n            background: transparent; border-radius: 8px;\n            font-weight: 600; transition: all 0.2s;\n        }\n        .btn-cq-outline:hover {\n            background: rgba(0,180,216,0.12); color: var(--cq-cyan-glow);\n        }\n        .btn-cq-danger {\n            border: 1px solid var(--cq-red); color: var(--cq-red);\n            background: transparent; border-radius: 8px;\n            font-weight: 600; transition: all 0.2s;\n        }\n        .btn-cq-danger:hover { background: rgba(255,77,109,0.12); }\n\n        /* \xe2\x94\x80\xe2\x94\x80 Badges / Pills \xe2\x94\x80\xe2\x94\x80\xe2\x94\x80\xe2\x94\x80\xe2\x94\x80\xe2\x94\x80\xe2\x94\x80\xe2\x94\x80\xe2\x94\x80\xe2\x94\x80\xe2\x94\x80\xe2\x94\x80\xe2\x94\x80\xe2\x94\x80\xe2\x94\x80\xe2\x94\x80\xe2\x94\x80\xe2\x94\x80\xe2\x94\x80\xe2\x94\x80\xe2\x94\x80\xe2\x94\x80\xe2\x94\x80\xe2\x94\x80\xe2\x94\x80\xe2\x94\x80\xe2\x94\x80\xe2\x94\x80\xe2\x94\x80\xe2\x94\x80\xe2\x94\x80\xe2\x94\x80\xe2\x94\x80\xe2\x94\x80\xe2\x94\x80\xe2\x94\x80\xe2\x94\x80\xe2\x94\x80\xe2\x94\x80\xe2\x94\x80\xe2\x94\x80\xe2\x94\x80\xe2\x94\x80\xe2\x94\x80\xe2\x94\x80\xe2\x94\x80 */\n        .badge-cq-cyan {\n            background: rgba(0,180,216,0.15);\n            color: var(--cq-cyan);\n            border: 1px solid var(--cq-border);\n            border-radius: 20px; padding: 0.3rem 0.8rem;\n            font-size: 0.8rem; font-weight: 600;\n        }\n        .badge-cq-gold {\n            background: rgba(255,214,10,0.15);\n            color: var(--cq-yellow);\n            border: 1px solid rgba(255,214,10,0.3);\n            border-radius: 20px; padding: 0.3rem 0.8rem;\n            font-size: 0.8rem; font-weight: 600;\n        }\n\n        /* \xe2\x94\x80\xe2\x94\x80 Progress bars \xe2\x94\x80\xe2\x94\x80\xe2\x94\x80\xe2\x94\x80\xe2\x94\x80\xe2\x94\x80\xe2\x94\x80\xe2\x94\x80\xe2\x94\x80\xe2\x94\x80\xe2\x94\x80\xe2\x94\x80\xe2\x94\x80\xe2\x94\x80\xe2\x94\x80\xe2\x94\x80\xe2\x94\x80\xe2\x94\x80\xe2\x94\x80\xe2\x94\x80\xe2\x94\x80\xe2\x94\x80\xe2\x94\x80\xe2\x94\x80\xe2\x94\x80\xe2\x94\x80\xe2\x94\x80\xe2\x94\x80\xe2\x94\x80\xe2\x94\x80\xe2\x94\x80\xe2\x94\x80\xe2\x94\x80\xe2\x94\x80\xe2\x94\x80\xe2\x94\x80\xe2\x94\x80\xe2\x94\x80\xe2\x94\x80\xe2\x94\x80\xe2\x94\x80\xe2\x94\x80\xe2\x94\x80\xe2\x94\x80\xe2\x94\x80\xe2\x94\x80\xe2\x94\x80 */\n        .progress-cq {\n            background: var(--cq-navy-light);\n            border-radius: 10px; height: 8px;\n        }\n        .progress-cq .progress-bar {\n            background: linear-gradient(90deg, var(--cq-cyan), var(--cq-green));\n            border-radius: 10px;\n        }\n\n        /* \xe2\x94\x80\xe2\x94\x80 Stat Cards \xe2\x94\x80\xe2\x94\x80\xe2\x94\x80\xe2\x94\x80\xe2\x94\x80\xe2\x94\x80\xe2\x94\x80\xe2\x94\x80\xe2\x94\x80\xe2\x94\x80\xe2\x94\x80\xe2\x94\x80\xe2\x94\x80\xe2\x94\x80\xe2\x94\x80\xe2\x94\x80\xe2\x94\x80\xe2\x94\x80\xe2\x94\x80\xe2\x94\x80\xe2\x94\x80\xe2\x94\x80\xe2\x94\x80\xe2\x94\x80\xe2\x94\x80\xe2\x94\x80\xe2\x94\x80\xe2\x94\x80\xe2\x94\x80\xe2\x94\x80\xe2\x94\x80\xe2\x94\x80\xe2\x94\x80\xe2\x94\x80\xe2\x94\x80\xe2\x94\x80\xe2\x94\x80\xe2\x94\x80\xe2\x94\x80\xe2\x94\x80\xe2\x94\x80\xe2\x94\x80\xe2\x94\x80\xe2\x94\x80\xe2\x94\x80\xe2\x94\x80\xe2\x94\x80\xe2\x94\x80\xe2\x94\x80\xe2\x94\x80 */\n        .stat-card {\n            background: var(--cq-navy-mid);\n            border: 1px solid var(--cq-border);\n            border-radius: var(--cq-radius);\n            padding: 1.5rem 1rem;\n            text-align: center;\n            transition: border-color 0.2s, transform 0.2s;\n        }\n        .stat-card:hover {\n            border-color: var(--cq-cyan);\n            transform: translateY(-2px);\n        }\n        .stat-card .stat-number {\n            font-family: var(--font-heading); font-size: 2rem;\n            font-weight: 800;\n        }\n        .stat-card .stat-label { color: var(--cq-text-muted); font-size: 0.85rem; }\n\n        /* \xe2\x94\x80\xe2\x94\x80 Footer \xe2\x94\x80\xe2\x94\x80\xe2\x94\x80\xe2\x94\x80\xe2\x94\x80\xe2\x94\x80\xe2\x94\x80\xe2\x94\x80\xe2\x94\x80\xe2\x94\x80\xe2\x94\x80\xe2\x94\x80\xe2\x94\x80\xe2\x94\x80\xe2\x94\x80\xe2\x94\x80\xe2\x94\x80\xe2\x94\x80\xe2\x94\x80\xe2\x94\x80\xe2\x94\x80\xe2\x94\x80\xe2\x94\x80\xe2\x94\x80\xe2\x94\x80\xe2\x94\x80\xe2\x94\x80\xe2\x94\x80\xe2\x94\x80\xe2\x94\x80\xe2\x94\x80\xe2\x94\x80\xe2\x94\x80\xe2\x94\x80\xe2\x94\x80\xe2\x94\x80\xe2\x94\x80\xe2\x94\x80\xe2\x94\x80\xe2\x94\x80\xe2\x94\x80\xe2\x94\x80\xe2\x94\x80\xe2\x94\x80\xe2\x94\x80\xe2\x94\x80\xe2\x94\x80\xe2\x94\x80\xe2\x94\x80\xe2\x94\x80\xe2\x94\x80\xe2\x94\x80\xe2\x94\x80\xe2\x94\x80 */\n        .footer-cq {\n            background: var(--cq-navy-mid);\n            border-top: 1px solid var(--cq-border);\n            padding: 1.5rem 0;\n            margin-top: auto;\n        }\n        .footer-brand {\n            font-family: var(--font-heading); font-weight: 800;\n            color: var(--cq-cyan); font-size: 1rem; letter-spacing: 2px;\n        }\n        .footer-text { color: var(--cq-text-muted); font-size: 0.85rem; }\n        .footer-team { color: var(--cq-cyan); font-size: 0.85rem; font-weight: 600; }\n\n        /* \xe2\x94\x80\xe2\x94\x80 Scrollbar \xe2\x94\x80\xe2\x94\x80\xe2\x94\x80\xe2\x94\x80\xe2\x94\x80\xe2\x94\x80\xe2\x94\x80\xe2\x94\x80\xe2\x94\x80\xe2\x94\x80\xe2\x94\x80\xe2\x94\x80\xe2\x94\x80\xe2\x94\x80\xe2\x94\x80\xe2\x94\x80\xe2\x94\x80\xe2\x94\x80\xe2\x94\x80\xe2\x94\x80\xe2\x94\x80\xe2\x94\x80\xe2\x94\x80\xe2\x94\x80\xe2\x94\x80\xe2\x94\x80\xe2\x94\x80\xe2\x94\x80\xe2\x94\x80\xe2\x94\x80\xe2\x94\x80\xe2\x94\x80\xe2\x94\x80\xe2\x94\x80\xe2\x94\x80\xe2\x94\x80\xe2\x94\x80\xe2\x94\x80\xe2\x94\x80\xe2\x94\x80\xe2\x94\x80\xe2\x94\x80\xe2\x94\x80\xe2\x94\x80\xe2\x94\x80\xe2\x94\x80\xe2\x94\x80\xe2\x94\x80\xe2\x94\x80\xe2\x94\x80\xe2\x94\x80 */\n        ::-webkit-scrollbar { width: 6px; }\n        ::-webkit-scrollbar-track { background: var(--cq-navy); }\n        ::-webkit-scrollbar-thumb { background: var(--cq-navy-light); border-radius: 3px; }\n        ::-webkit-scrollbar-thumb:hover { background: var(--cq-cyan); }\n    </style>\n\n    \n</head>\n\n<body>\n\n<!-- \xe2\x94\x80\xe2\x94\x80 Navbar \xe2\x94\x80\xe2\x94\x80\xe2\x94\x80\xe2\x94\x80\xe2\x94\x80\xe2\x94\x80\xe2\x94\x80\xe2\x94\x80\xe2\x94\x80\xe2\x94\x80\xe2\x94\x80\xe2\x94\x80\xe2\x94\x80\xe2\x94\x80\xe2\x94\x80\xe2\x94\x80\xe2\x94\x80\xe2\x94\x80\xe2\x94\x80\xe2\x94\x80\xe2\x94\x80\xe2\x94\x80\xe2\x94\x80\xe2\x94\x80\xe2\x94\x80\xe2\x94\x80\xe2\x94\x80\xe2\x94\x80\xe2\x94\x80\xe2\x94\x80\xe2\x94\x80\xe2\x94\x80\xe2\x94\x80\xe2\x94\x80\xe2\x94\x80\xe2\x94\x80\xe2\x94\x80\xe2\x94\x80\xe2\x94\x80\xe2\x94\x80\xe2\x94\x80\xe2\x94\x80\xe2\x94\x80\xe2\x94\x80\xe2\x94\x80\xe2\x94\x80\xe2\x94\x80\xe2\x94\x80\xe2\x94\x80\xe2\x94\x80\xe2\x94\x80\xe2\x94\x80\xe2\x94\x80\xe2\x94\x80\xe2\x94\x80\xe2\x94\x80\xe2\x94\x80\xe2\x94\x80\xe2\x94\x80\xe2\x94\x80\xe2\x94\x80 -->\n<nav class="navbar navbar-expand-lg navbar-cyberquest">\n    <div class="container">\n        <!-- Fixed: use auth.login instead of non-existent \'home\' route -->\n        <a class="navbar-brand-cq"\n           href="/">\n            <i class="bi bi-shield-fill-check brand-icon"></i>\n            CYBER<span style="color:#fff;">QUEST</span>\n        </a>\n\n        <button class="navbar-toggler" type="button"\n                data-bs-toggle="collapse" data-bs-target="#navbarMain">\n            <span class="navbar-toggler-icon"></span>\n        </button>\n\n        <div class="collapse navbar-collapse" id="navbarMain">\n            \n            <ul class="navbar-nav me-auto mb-2 mb-lg-0"></ul>\n            \n\n            <div class="d-flex align-items-center gap-2">\n                \n                    <a href="/" class="btn-nav-login btn">\n                        <i class="bi bi-box-arrow-in-right me-1"></i> Login\n                    </a>\n                    <a href="/register" class="btn-nav-register btn">\n                        Register\n                    </a>\n                \n            </div>\n        </div>\n    </div>\n</nav>\n\n<!-- \xe2\x94\x80\xe2\x94\x80 Flash Messages (handled once here, not in child templates) \xe2\x94\x80\xe2\x94\x80\xe2\x94\x80\xe2\x94\x80\xe2\x94\x80\xe2\x94\x80\xe2\x94\x80\xe2\x94\x80\xe2\x94\x80\xe2\x94\x80 -->\n<div class="flash-container">\n    <div class="container">\n        \n            \n                \n                <div class="alert alert-cq alert-warning alert-dismissible fade show mt-2" role="alert">\n                    <i class="bi bi-exclamation-circle-fill me-2" style="color:var(--cq-yellow)"></i>\n                    \n                    Please log in to access this page.\n                    <button type="button" class="btn-close btn-close-white"\n                            data-bs-dismiss="alert"></button>\n                </div>\n                \n            \n        \n    </div>\n</div>\n\n<!-- \xe2\x94\x80\xe2\x94\x80 Main Content \xe2\x94\x80\xe2\x94\x80\xe2\x94\x80\xe2\x94\x80\xe2\x94\x80\xe2\x94\x80\xe2\x94\x80\xe2\x94\x80\xe2\x94\x80\xe2\x94\x80\xe2\x94\x80\xe2\x94\x80\xe2\x94\x80\xe2\x94\x80\xe2\x94\x80\xe2\x94\x80\xe2\x94\x80\xe2\x94\x80\xe2\x94\x80\xe2\x94\x80\xe2\x94\x80\xe2\x94\x80\xe2\x94\x80\xe2\x94\x80\xe2\x94\x80\xe2\x94\x80\xe2\x94\x80\xe2\x94\x80\xe2\x94\x80\xe2\x94\x80\xe2\x94\x80\xe2\x94\x80\xe2\x94\x80\xe2\x94\x80\xe2\x94\x80\xe2\x94\x80\xe2\x94\x80\xe2\x94\x80\xe2\x94\x80\xe2\x94\x80\xe2\x94\x80\xe2\x94\x80\xe2\x94\x80\xe2\x94\x80\xe2\x94\x80\xe2\x94\x80\xe2\x94\x80\xe2\x94\x80\xe2\x94\x80\xe2\x94\x80\xe2\x94\x80\xe2\x94\x80\xe2\x94\x80\xe2\x94\x80\xe2\x94\x80\xe2\x94\x80 -->\n<main>\n    \n<div class="row justify-content-center mt-5">\n  <div class="col-md-5 col-lg-4">\n\n    <div class="card shadow-sm border-0">\n      <div class="card-body p-4">\n\n        <!-- Header -->\n        <div class="text-center mb-4">\n          <span style="font-size:2.5rem;">\xf0\x9f\x9b\xa1\xef\xb8\x8f</span>\n          <h3 class="fw-bold mt-2 mb-0">CyberQuest</h3>\n          <p class="text-muted small">Sign in to continue</p>\n        </div>\n\n        <!-- Flash messages -->\n        \n          \n            <div class="alert alert-warning alert-dismissible fade show py-2" role="alert">\n              Please log in to access this page.\n              <button type="button" class="btn-close" data-bs-dismiss="alert"></button>\n            </div>\n          \n        \n\n        <!-- Login form -->\n        <form method="POST" action="/" novalidate>\n          <div class="mb-3">\n            <label for="email" class="form-label fw-semibold">Email address</label>\n            <input type="email" class="form-control" id="email" name="email"\n                   placeholder="you@example.com" required autocomplete="email">\n          </div>\n\n          <div class="mb-3">\n            <label for="password" class="form-label fw-semibold">Password</label>\n            <div class="input-group">\n              <input type="password" class="form-control" id="password" name="password"\n                     placeholder="Your password" required autocomplete="current-password">\n              <button class="btn btn-outline-secondary" type="button" id="togglePw"\n                      title="Show/hide password">\n                <i class="bi bi-eye" id="eyeIcon"></i>\n              </button>\n            </div>\n          </div>\n\n          <div class="d-grid mt-4">\n            <button type="submit" class="btn btn-primary btn-lg fw-semibold">\n              Sign In\n            </button>\n          </div>\n        </form>\n\n        <hr class="my-4">\n\n        <p class="text-center mb-0 small">\n          Don\'t have an account?\n          <a href="/register" class="text-decoration-none fw-semibold">\n            Register here\n          </a>\n        </p>\n\n      </div>\n    </div>\n\n    <!-- Demo accounts hint -->\n    <div class="card mt-3 border-0 bg-light">\n      <div class="card-body py-2 px-3">\n        <p class="mb-1 small fw-semibold text-muted">\xe2\x9a\xa0\xef\xb8\x8f Demo Accounts</p>\n        <p class="mb-0 small text-muted">\n          Student: <code>student@demo.com</code> / <code>Test1234!</code><br>\n          Teacher: <code>teacher@demo.com</code> / <code>Admin1234!</code>\n        </p>\n      </div>\n    </div>\n\n  </div>\n</div>\n\n<script>\n  // Toggle password visibility\n  document.getElementById(\'togglePw\').addEventListener(\'click\', function () {\n    const pwField = document.getElementById(\'password\');\n    const icon    = document.getElementById(\'eyeIcon\');\n    if (pwField.type === \'password\') {\n      pwField.type = \'text\';\n      icon.className = \'bi bi-eye-slash\';\n    } else {\n      pwField.type = \'password\';\n      icon.className = \'bi bi-eye\';\n    }\n  });\n</script>\n\n</main>\n\n<!-- \xe2\x94\x80\xe2\x94\x80 Footer \xe2\x94\x80\xe2\x94\x80\xe2\x94\x80\xe2\x94\x80\xe2\x94\x80\xe2\x94\x80\xe2\x94\x80\xe2\x94\x80\xe2\x94\x80\xe2\x94\x80\xe2\x94\x80\xe2\x94\x80\xe2\x94\x80\xe2\x94\x80\xe2\x94\x80\xe2\x94\x80\xe2\x94\x80\xe2\x94\x80\xe2\x94\x80\xe2\x94\x80\xe2\x94\x80\xe2\x94\x80\xe2\x94\x80\xe2\x94\x80\xe2\x94\x80\xe2\x94\x80\xe2\x94\x80\xe2\x94\x80\xe2\x94\x80\xe2\x94\x80\xe2\x94\x80\xe2\x94\x80\xe2\x94\x80\xe2\x94\x80\xe2\x94\x80\xe2\x94\x80\xe2\x94\x80\xe2\x94\x80\xe2\x94\x80\xe2\x94\x80\xe2\x94\x80\xe2\x94\x80\xe2\x94\x80\xe2\x94\x80\xe2\x94\x80\xe2\x94\x80\xe2\x94\x80\xe2\x94\x80\xe2\x94\x80\xe2\x94\x80\xe2\x94\x80\xe2\x94\x80\xe2\x94\x80\xe2\x94\x80\xe2\x94\x80\xe2\x94\x80\xe2\x94\x80\xe2\x94\x80\xe2\x94\x80\xe2\x94\x80\xe2\x94\x80 -->\n<footer class="footer-cq">\n    <div class="container">\n        <div class="row align-items-center">\n            <div class="col-md-3 mb-2 mb-md-0">\n                <div class="footer-brand"><i class="bi bi-shield-fill-check me-2"></i>CYBERQUEST</div>\n                <div class="footer-text">Cybersecurity Awareness Game</div>\n            </div>\n            <div class="col-md-5 mb-2 mb-md-0">\n                <div class="footer-text">\n                    <i class="bi bi-mortarboard-fill me-1"></i>\n                    ICT932 \xe2\x80\x94 Cybersecurity Testing and Assurance<br>\n                    Crown Institute of Higher Education (CIHE) \xc2\xa9 2026\n                </div>\n            </div>\n            <div class="col-md-4 text-md-end">\n                <div class="footer-team">\n                    Prashan Manandhar | Raju Kshetri | Pramesh Silwal | Susanta Dhakal\n                </div>\n            </div>\n        </div>\n    </div>\n</footer>\n\n<script src="https://cdn.jsdelivr.net/npm/bootstrap@5.3.0/dist/js/bootstrap.bundle.min.js"></script>\n\n\n</body>\n</html>')
 +  where b'<!DOCTYPE html>\n<!--\n    base.html \xe2\x80\x94 Shared base template for CyberQuest\n    Authors: Susanta Dhakal (CIHE250321) & Pramesh Silwal (CIHE241339)\n    Fixed: Prashan Manandhar (CIHE241182) \xe2\x80\x94 removed broken url_for(\'home\')\n-->\n<html lang="en">\n<head>\n    <meta charset="UTF-8">\n    <meta name="viewport" content="width=device-width, initial-scale=1.0">\n    <meta name="description" content="CyberQuest \xe2\x80\x94 Cybersecurity Awareness Game for ICT932 CIHE">\n    <title>Login \xe2\x80\x94 CyberQuest | ICT932</title>\n\n    <!-- Bootstrap 5 CSS -->\n    <link href="https://cdn.jsdelivr.net/npm/bootstrap@5.3.0/dist/css/bootstrap.min.css" rel="stylesheet">\n    <!-- Bootstrap Icons -->\n    <link href="https://cdn.jsdelivr.net/npm/bootstrap-icons@1.11.0/font/bootstrap-icons.css" rel="stylesheet">\n    <!-- Google Fonts -->\n    <link href="https://fonts.googleapis.com/css2?family=Orbitron:wght@400;600;800&family=Rajdhani:wght@300;400;500;600&display=swap" rel="stylesheet">\n\n    <style>\n        /* \xe2\x94\x80\xe2\x94\x80 Design Tokens \xe2\x94\x80\xe2\x94\x80\xe2\x94\x80\xe2\x94\x80\xe2\x94\x80\xe2\x94\x80\xe2\x94\x80\xe2\x94\x80\xe2\x94\x80\xe2\x94\x80\xe2\x94\x80\xe2\x94\x80\xe2\x94\x80\xe2\x94\x80\xe2\x94\x80\xe2\x94\x80\xe2\x94\x80\xe2\x94\x80\xe2\x94\x80\xe2\x94\x80\xe2\x94\x80\xe2\x94\x80\xe2\x94\x80\xe2\x94\x80\xe2\x94\x80\xe2\x94\x80\xe2\x94\x80\xe2\x94\x80\xe2\x94\x80\xe2\x94\x80\xe2\x94\x80\xe2\x94\x80\xe2\x94\x80\xe2\x94\x80\xe2\x94\x80\xe2\x94\x80\xe2\x94\x80\xe2\x94\x80\xe2\x94\x80\xe2\x94\x80\xe2\x94\x80\xe2\x94\x80\xe2\x94\x80\xe2\x94\x80\xe2\x94\x80\xe2\x94\x80\xe2\x94\x80 */\n        :root {\n            --cq-navy:      #0D1B2A;\n            --cq-navy-mid:  #112233;\n            --cq-navy-light:#1A2E42;\n            --cq-cyan:      #00B4D8;\n            --cq-cyan-glow: #00D4FF;\n            --cq-green:     #00E676;\n            --cq-red:       #FF4D6D;\n            --cq-yellow:    #FFD60A;\n            --cq-text:      #E0EAF4;\n            --cq-text-muted:#7A9BB5;\n            --cq-border:    rgba(0, 180, 216, 0.2);\n            --cq-shadow:    0 4px 24px rgba(0, 180, 216, 0.12);\n            --cq-radius:    12px;\n            --font-heading: \'Orbitron\', monospace;\n            --font-body:    \'Rajdhani\', sans-serif;\n        }\n\n        *, *::before, *::after { box-sizing: border-box; }\n        html { scroll-behavior: smooth; }\n\n        body {\n            background-color: var(--cq-navy);\n            color: var(--cq-text);\n            font-family: var(--font-body);\n            font-size: 1.05rem;\n            min-height: 100vh;\n            display: flex;\n            flex-direction: column;\n        }\n\n        h1,h2,h3,h4,h5,h6 { font-family: var(--font-heading); }\n        main { flex: 1; }\n\n        /* \xe2\x94\x80\xe2\x94\x80 Navbar \xe2\x94\x80\xe2\x94\x80\xe2\x94\x80\xe2\x94\x80\xe2\x94\x80\xe2\x94\x80\xe2\x94\x80\xe2\x94\x80\xe2\x94\x80\xe2\x94\x80\xe2\x94\x80\xe2\x94\x80\xe2\x94\x80\xe2\x94\x80\xe2\x94\x80\xe2\x94\x80\xe2\x94\x80\xe2\x94\x80\xe2\x94\x80\xe2\x94\x80\xe2\x94\x80\xe2\x94\x80\xe2\x94\x80\xe2\x94\x80\xe2\x94\x80\xe2\x94\x80\xe2\x94\x80\xe2\x94\x80\xe2\x94\x80\xe2\x94\x80\xe2\x94\x80\xe2\x94\x80\xe2\x94\x80\xe2\x94\x80\xe2\x94\x80\xe2\x94\x80\xe2\x94\x80\xe2\x94\x80\xe2\x94\x80\xe2\x94\x80\xe2\x94\x80\xe2\x94\x80\xe2\x94\x80\xe2\x94\x80\xe2\x94\x80\xe2\x94\x80\xe2\x94\x80\xe2\x94\x80\xe2\x94\x80\xe2\x94\x80\xe2\x94\x80\xe2\x94\x80\xe2\x94\x80\xe2\x94\x80 */\n        .navbar-cyberquest {\n            background: rgba(13,27,42,0.97);\n            border-bottom: 1px solid var(--cq-border);\n            backdrop-filter: blur(10px);\n            padding: 0.75rem 0;\n            position: sticky; top: 0; z-index: 1000;\n        }\n        .navbar-brand-cq {\n            font-family: var(--font-heading); font-weight: 800;\n            font-size: 1.35rem; color: var(--cq-cyan) !important;\n            text-decoration: none; letter-spacing: 2px;\n            display: flex; align-items: center; gap: 0.5rem;\n        }\n        .navbar-brand-cq .brand-icon {\n            color: var(--cq-cyan-glow); font-size: 1.5rem;\n            filter: drop-shadow(0 0 6px var(--cq-cyan));\n        }\n        .navbar-brand-cq:hover { color: var(--cq-cyan-glow) !important; }\n        .nav-link-cq {\n            color: var(--cq-text-muted) !important;\n            font-family: var(--font-body); font-weight: 500;\n            font-size: 0.95rem; letter-spacing: 0.5px;\n            padding: 0.5rem 0.85rem !important;\n            border-radius: 6px;\n            transition: color 0.2s, background 0.2s;\n        }\n        .nav-link-cq:hover, .nav-link-cq.active {\n            color: var(--cq-cyan) !important;\n            background: rgba(0,180,216,0.08);\n        }\n        .btn-nav-login {\n            border: 1px solid var(--cq-cyan); color: var(--cq-cyan);\n            background: transparent; border-radius: 6px;\n            padding: 0.4rem 1rem; font-weight: 600; font-size: 0.9rem;\n            transition: all 0.2s;\n        }\n        .btn-nav-login:hover {\n            background: rgba(0,180,216,0.15); color: var(--cq-cyan-glow);\n        }\n        .btn-nav-register {\n            background: var(--cq-cyan); color: var(--cq-navy);\n            border: none; border-radius: 6px;\n            padding: 0.4rem 1rem; font-weight: 700; font-size: 0.9rem;\n            transition: all 0.2s;\n        }\n        .btn-nav-register:hover {\n            background: var(--cq-cyan-glow);\n            box-shadow: 0 4px 12px rgba(0,180,216,0.35);\n        }\n        .navbar-username { color: var(--cq-text-muted); font-size: 0.85rem; }\n        .navbar-username strong { color: var(--cq-cyan); }\n        .navbar-toggler { border-color: var(--cq-border); }\n        .navbar-toggler-icon { filter: invert(60%) sepia(80%) saturate(400%) hue-rotate(165deg); }\n\n        /* \xe2\x94\x80\xe2\x94\x80 Flash Messages \xe2\x94\x80\xe2\x94\x80\xe2\x94\x80\xe2\x94\x80\xe2\x94\x80\xe2\x94\x80\xe2\x94\x80\xe2\x94\x80\xe2\x94\x80\xe2\x94\x80\xe2\x94\x80\xe2\x94\x80\xe2\x94\x80\xe2\x94\x80\xe2\x94\x80\xe2\x94\x80\xe2\x94\x80\xe2\x94\x80\xe2\x94\x80\xe2\x94\x80\xe2\x94\x80\xe2\x94\x80\xe2\x94\x80\xe2\x94\x80\xe2\x94\x80\xe2\x94\x80\xe2\x94\x80\xe2\x94\x80\xe2\x94\x80\xe2\x94\x80\xe2\x94\x80\xe2\x94\x80\xe2\x94\x80\xe2\x94\x80\xe2\x94\x80\xe2\x94\x80\xe2\x94\x80\xe2\x94\x80\xe2\x94\x80\xe2\x94\x80\xe2\x94\x80\xe2\x94\x80\xe2\x94\x80\xe2\x94\x80\xe2\x94\x80\xe2\x94\x80 */\n        .flash-container { padding: 0.5rem 0; }\n        .alert-cq {\n            border-left: 4px solid; border-radius: 0 var(--cq-radius) var(--cq-radius) 0;\n            background: var(--cq-navy-mid); color: var(--cq-text);\n            border-top: none; border-right: none; border-bottom: none;\n            font-weight: 500;\n        }\n        .alert-cq.alert-success { border-color: var(--cq-green); }\n        .alert-cq.alert-danger  { border-color: var(--cq-red); }\n        .alert-cq.alert-info    { border-color: var(--cq-cyan); }\n        .alert-cq.alert-warning { border-color: var(--cq-yellow); }\n\n        /* \xe2\x94\x80\xe2\x94\x80 Dark Cards \xe2\x94\x80\xe2\x94\x80\xe2\x94\x80\xe2\x94\x80\xe2\x94\x80\xe2\x94\x80\xe2\x94\x80\xe2\x94\x80\xe2\x94\x80\xe2\x94\x80\xe2\x94\x80\xe2\x94\x80\xe2\x94\x80\xe2\x94\x80\xe2\x94\x80\xe2\x94\x80\xe2\x94\x80\xe2\x94\x80\xe2\x94\x80\xe2\x94\x80\xe2\x94\x80\xe2\x94\x80\xe2\x94\x80\xe2\x94\x80\xe2\x94\x80\xe2\x94\x80\xe2\x94\x80\xe2\x94\x80\xe2\x94\x80\xe2\x94\x80\xe2\x94\x80\xe2\x94\x80\xe2\x94\x80\xe2\x94\x80\xe2\x94\x80\xe2\x94\x80\xe2\x94\x80\xe2\x94\x80\xe2\x94\x80\xe2\x94\x80\xe2\x94\x80\xe2\x94\x80\xe2\x94\x80\xe2\x94\x80\xe2\x94\x80\xe2\x94\x80\xe2\x94\x80\xe2\x94\x80\xe2\x94\x80\xe2\x94\x80 */\n        .card-cq {\n            background: var(--cq-navy-mid);\n            border: 1px solid var(--cq-border);\n            border-radius: var(--cq-radius);\n            color: var(--cq-text);\n            box-shadow: var(--cq-shadow);\n        }\n        .card-cq .card-header {\n            background: var(--cq-navy-light);\n            border-bottom: 1px solid var(--cq-border);\n            color: var(--cq-text);\n            border-radius: var(--cq-radius) var(--cq-radius) 0 0;\n        }\n\n        /* \xe2\x94\x80\xe2\x94\x80 Dark Tables \xe2\x94\x80\xe2\x94\x80\xe2\x94\x80\xe2\x94\x80\xe2\x94\x80\xe2\x94\x80\xe2\x94\x80\xe2\x94\x80\xe2\x94\x80\xe2\x94\x80\xe2\x94\x80\xe2\x94\x80\xe2\x94\x80\xe2\x94\x80\xe2\x94\x80\xe2\x94\x80\xe2\x94\x80\xe2\x94\x80\xe2\x94\x80\xe2\x94\x80\xe2\x94\x80\xe2\x94\x80\xe2\x94\x80\xe2\x94\x80\xe2\x94\x80\xe2\x94\x80\xe2\x94\x80\xe2\x94\x80\xe2\x94\x80\xe2\x94\x80\xe2\x94\x80\xe2\x94\x80\xe2\x94\x80\xe2\x94\x80\xe2\x94\x80\xe2\x94\x80\xe2\x94\x80\xe2\x94\x80\xe2\x94\x80\xe2\x94\x80\xe2\x94\x80\xe2\x94\x80\xe2\x94\x80\xe2\x94\x80\xe2\x94\x80\xe2\x94\x80\xe2\x94\x80\xe2\x94\x80\xe2\x94\x80 */\n        .table-cq { color: var(--cq-text); }\n        .table-cq thead th {\n            background: var(--cq-navy-light);\n            color: var(--cq-cyan);\n            border-color: var(--cq-border);\n            font-family: var(--font-heading);\n            font-size: 0.8rem;\n            letter-spacing: 1px;\n        }\n        .table-cq tbody tr {\n            border-color: var(--cq-border);\n        }\n        .table-cq tbody tr:hover {\n            background: rgba(0,180,216,0.05);\n        }\n        .table-cq td, .table-cq th {\n            border-color: var(--cq-border);\n            vertical-align: middle;\n        }\n\n        /* \xe2\x94\x80\xe2\x94\x80 Dark Forms \xe2\x94\x80\xe2\x94\x80\xe2\x94\x80\xe2\x94\x80\xe2\x94\x80\xe2\x94\x80\xe2\x94\x80\xe2\x94\x80\xe2\x94\x80\xe2\x94\x80\xe2\x94\x80\xe2\x94\x80\xe2\x94\x80\xe2\x94\x80\xe2\x94\x80\xe2\x94\x80\xe2\x94\x80\xe2\x94\x80\xe2\x94\x80\xe2\x94\x80\xe2\x94\x80\xe2\x94\x80\xe2\x94\x80\xe2\x94\x80\xe2\x94\x80\xe2\x94\x80\xe2\x94\x80\xe2\x94\x80\xe2\x94\x80\xe2\x94\x80\xe2\x94\x80\xe2\x94\x80\xe2\x94\x80\xe2\x94\x80\xe2\x94\x80\xe2\x94\x80\xe2\x94\x80\xe2\x94\x80\xe2\x94\x80\xe2\x94\x80\xe2\x94\x80\xe2\x94\x80\xe2\x94\x80\xe2\x94\x80\xe2\x94\x80\xe2\x94\x80\xe2\x94\x80\xe2\x94\x80\xe2\x94\x80\xe2\x94\x80 */\n        .form-control-cq, .form-select-cq {\n            background: var(--cq-navy-light);\n            border: 1px solid var(--cq-border);\n            color: var(--cq-text);\n            border-radius: 8px;\n        }\n        .form-control-cq:focus, .form-select-cq:focus {\n            background: var(--cq-navy-light);\n            border-color: var(--cq-cyan);\n            color: var(--cq-text);\n            box-shadow: 0 0 0 3px rgba(0,180,216,0.2);\n        }\n        .form-control-cq::placeholder { color: var(--cq-text-muted); }\n\n        /* \xe2\x94\x80\xe2\x94\x80 CyberQuest Buttons \xe2\x94\x80\xe2\x94\x80\xe2\x94\x80\xe2\x94\x80\xe2\x94\x80\xe2\x94\x80\xe2\x94\x80\xe2\x94\x80\xe2\x94\x80\xe2\x94\x80\xe2\x94\x80\xe2\x94\x80\xe2\x94\x80\xe2\x94\x80\xe2\x94\x80\xe2\x94\x80\xe2\x94\x80\xe2\x94\x80\xe2\x94\x80\xe2\x94\x80\xe2\x94\x80\xe2\x94\x80\xe2\x94\x80\xe2\x94\x80\xe2\x94\x80\xe2\x94\x80\xe2\x94\x80\xe2\x94\x80\xe2\x94\x80\xe2\x94\x80\xe2\x94\x80\xe2\x94\x80\xe2\x94\x80\xe2\x94\x80\xe2\x94\x80\xe2\x94\x80\xe2\x94\x80\xe2\x94\x80\xe2\x94\x80\xe2\x94\x80\xe2\x94\x80\xe2\x94\x80 */\n        .btn-cq-primary {\n            background: var(--cq-cyan); color: var(--cq-navy);\n            border: none; font-weight: 700; border-radius: 8px;\n            font-family: var(--font-body); letter-spacing: 0.5px;\n            transition: all 0.2s;\n        }\n        .btn-cq-primary:hover {\n            background: var(--cq-cyan-glow);\n            box-shadow: 0 4px 16px rgba(0,180,216,0.4);\n        }\n        .btn-cq-outline {\n            border: 1px solid var(--cq-cyan); color: var(--cq-cyan);\n            background: transparent; border-radius: 8px;\n            font-weight: 600; transition: all 0.2s;\n        }\n        .btn-cq-outline:hover {\n            background: rgba(0,180,216,0.12); color: var(--cq-cyan-glow);\n        }\n        .btn-cq-danger {\n            border: 1px solid var(--cq-red); color: var(--cq-red);\n            background: transparent; border-radius: 8px;\n            font-weight: 600; transition: all 0.2s;\n        }\n        .btn-cq-danger:hover { background: rgba(255,77,109,0.12); }\n\n        /* \xe2\x94\x80\xe2\x94\x80 Badges / Pills \xe2\x94\x80\xe2\x94\x80\xe2\x94\x80\xe2\x94\x80\xe2\x94\x80\xe2\x94\x80\xe2\x94\x80\xe2\x94\x80\xe2\x94\x80\xe2\x94\x80\xe2\x94\x80\xe2\x94\x80\xe2\x94\x80\xe2\x94\x80\xe2\x94\x80\xe2\x94\x80\xe2\x94\x80\xe2\x94\x80\xe2\x94\x80\xe2\x94\x80\xe2\x94\x80\xe2\x94\x80\xe2\x94\x80\xe2\x94\x80\xe2\x94\x80\xe2\x94\x80\xe2\x94\x80\xe2\x94\x80\xe2\x94\x80\xe2\x94\x80\xe2\x94\x80\xe2\x94\x80\xe2\x94\x80\xe2\x94\x80\xe2\x94\x80\xe2\x94\x80\xe2\x94\x80\xe2\x94\x80\xe2\x94\x80\xe2\x94\x80\xe2\x94\x80\xe2\x94\x80\xe2\x94\x80\xe2\x94\x80\xe2\x94\x80\xe2\x94\x80 */\n        .badge-cq-cyan {\n            background: rgba(0,180,216,0.15);\n            color: var(--cq-cyan);\n            border: 1px solid var(--cq-border);\n            border-radius: 20px; padding: 0.3rem 0.8rem;\n            font-size: 0.8rem; font-weight: 600;\n        }\n        .badge-cq-gold {\n            background: rgba(255,214,10,0.15);\n            color: var(--cq-yellow);\n            border: 1px solid rgba(255,214,10,0.3);\n            border-radius: 20px; padding: 0.3rem 0.8rem;\n            font-size: 0.8rem; font-weight: 600;\n        }\n\n        /* \xe2\x94\x80\xe2\x94\x80 Progress bars \xe2\x94\x80\xe2\x94\x80\xe2\x94\x80\xe2\x94\x80\xe2\x94\x80\xe2\x94\x80\xe2\x94\x80\xe2\x94\x80\xe2\x94\x80\xe2\x94\x80\xe2\x94\x80\xe2\x94\x80\xe2\x94\x80\xe2\x94\x80\xe2\x94\x80\xe2\x94\x80\xe2\x94\x80\xe2\x94\x80\xe2\x94\x80\xe2\x94\x80\xe2\x94\x80\xe2\x94\x80\xe2\x94\x80\xe2\x94\x80\xe2\x94\x80\xe2\x94\x80\xe2\x94\x80\xe2\x94\x80\xe2\x94\x80\xe2\x94\x80\xe2\x94\x80\xe2\x94\x80\xe2\x94\x80\xe2\x94\x80\xe2\x94\x80\xe2\x94\x80\xe2\x94\x80\xe2\x94\x80\xe2\x94\x80\xe2\x94\x80\xe2\x94\x80\xe2\x94\x80\xe2\x94\x80\xe2\x94\x80\xe2\x94\x80\xe2\x94\x80\xe2\x94\x80 */\n        .progress-cq {\n            background: var(--cq-navy-light);\n            border-radius: 10px; height: 8px;\n        }\n        .progress-cq .progress-bar {\n            background: linear-gradient(90deg, var(--cq-cyan), var(--cq-green));\n            border-radius: 10px;\n        }\n\n        /* \xe2\x94\x80\xe2\x94\x80 Stat Cards \xe2\x94\x80\xe2\x94\x80\xe2\x94\x80\xe2\x94\x80\xe2\x94\x80\xe2\x94\x80\xe2\x94\x80\xe2\x94\x80\xe2\x94\x80\xe2\x94\x80\xe2\x94\x80\xe2\x94\x80\xe2\x94\x80\xe2\x94\x80\xe2\x94\x80\xe2\x94\x80\xe2\x94\x80\xe2\x94\x80\xe2\x94\x80\xe2\x94\x80\xe2\x94\x80\xe2\x94\x80\xe2\x94\x80\xe2\x94\x80\xe2\x94\x80\xe2\x94\x80\xe2\x94\x80\xe2\x94\x80\xe2\x94\x80\xe2\x94\x80\xe2\x94\x80\xe2\x94\x80\xe2\x94\x80\xe2\x94\x80\xe2\x94\x80\xe2\x94\x80\xe2\x94\x80\xe2\x94\x80\xe2\x94\x80\xe2\x94\x80\xe2\x94\x80\xe2\x94\x80\xe2\x94\x80\xe2\x94\x80\xe2\x94\x80\xe2\x94\x80\xe2\x94\x80\xe2\x94\x80\xe2\x94\x80\xe2\x94\x80 */\n        .stat-card {\n            background: var(--cq-navy-mid);\n            border: 1px solid var(--cq-border);\n            border-radius: var(--cq-radius);\n            padding: 1.5rem 1rem;\n            text-align: center;\n            transition: border-color 0.2s, transform 0.2s;\n        }\n        .stat-card:hover {\n            border-color: var(--cq-cyan);\n            transform: translateY(-2px);\n        }\n        .stat-card .stat-number {\n            font-family: var(--font-heading); font-size: 2rem;\n            font-weight: 800;\n        }\n        .stat-card .stat-label { color: var(--cq-text-muted); font-size: 0.85rem; }\n\n        /* \xe2\x94\x80\xe2\x94\x80 Footer \xe2\x94\x80\xe2\x94\x80\xe2\x94\x80\xe2\x94\x80\xe2\x94\x80\xe2\x94\x80\xe2\x94\x80\xe2\x94\x80\xe2\x94\x80\xe2\x94\x80\xe2\x94\x80\xe2\x94\x80\xe2\x94\x80\xe2\x94\x80\xe2\x94\x80\xe2\x94\x80\xe2\x94\x80\xe2\x94\x80\xe2\x94\x80\xe2\x94\x80\xe2\x94\x80\xe2\x94\x80\xe2\x94\x80\xe2\x94\x80\xe2\x94\x80\xe2\x94\x80\xe2\x94\x80\xe2\x94\x80\xe2\x94\x80\xe2\x94\x80\xe2\x94\x80\xe2\x94\x80\xe2\x94\x80\xe2\x94\x80\xe2\x94\x80\xe2\x94\x80\xe2\x94\x80\xe2\x94\x80\xe2\x94\x80\xe2\x94\x80\xe2\x94\x80\xe2\x94\x80\xe2\x94\x80\xe2\x94\x80\xe2\x94\x80\xe2\x94\x80\xe2\x94\x80\xe2\x94\x80\xe2\x94\x80\xe2\x94\x80\xe2\x94\x80\xe2\x94\x80\xe2\x94\x80\xe2\x94\x80 */\n        .footer-cq {\n            background: var(--cq-navy-mid);\n            border-top: 1px solid var(--cq-border);\n            padding: 1.5rem 0;\n            margin-top: auto;\n        }\n        .footer-brand {\n            font-family: var(--font-heading); font-weight: 800;\n            color: var(--cq-cyan); font-size: 1rem; letter-spacing: 2px;\n        }\n        .footer-text { color: var(--cq-text-muted); font-size: 0.85rem; }\n        .footer-team { color: var(--cq-cyan); font-size: 0.85rem; font-weight: 600; }\n\n        /* \xe2\x94\x80\xe2\x94\x80 Scrollbar \xe2\x94\x80\xe2\x94\x80\xe2\x94\x80\xe2\x94\x80\xe2\x94\x80\xe2\x94\x80\xe2\x94\x80\xe2\x94\x80\xe2\x94\x80\xe2\x94\x80\xe2\x94\x80\xe2\x94\x80\xe2\x94\x80\xe2\x94\x80\xe2\x94\x80\xe2\x94\x80\xe2\x94\x80\xe2\x94\x80\xe2\x94\x80\xe2\x94\x80\xe2\x94\x80\xe2\x94\x80\xe2\x94\x80\xe2\x94\x80\xe2\x94\x80\xe2\x94\x80\xe2\x94\x80\xe2\x94\x80\xe2\x94\x80\xe2\x94\x80\xe2\x94\x80\xe2\x94\x80\xe2\x94\x80\xe2\x94\x80\xe2\x94\x80\xe2\x94\x80\xe2\x94\x80\xe2\x94\x80\xe2\x94\x80\xe2\x94\x80\xe2\x94\x80\xe2\x94\x80\xe2\x94\x80\xe2\x94\x80\xe2\x94\x80\xe2\x94\x80\xe2\x94\x80\xe2\x94\x80\xe2\x94\x80\xe2\x94\x80\xe2\x94\x80 */\n        ::-webkit-scrollbar { width: 6px; }\n        ::-webkit-scrollbar-track { background: var(--cq-navy); }\n        ::-webkit-scrollbar-thumb { background: var(--cq-navy-light); border-radius: 3px; }\n        ::-webkit-scrollbar-thumb:hover { background: var(--cq-cyan); }\n    </style>\n\n    \n</head>\n\n<body>\n\n<!-- \xe2\x94\x80\xe2\x94\x80 Navbar \xe2\x94\x80\xe2\x94\x80\xe2\x94\x80\xe2\x94\x80\xe2\x94\x80\xe2\x94\x80\xe2\x94\x80\xe2\x94\x80\xe2\x94\x80\xe2\x94\x80\xe2\x94\x80\xe2\x94\x80\xe2\x94\x80\xe2\x94\x80\xe2\x94\x80\xe2\x94\x80\xe2\x94\x80\xe2\x94\x80\xe2\x94\x80\xe2\x94\x80\xe2\x94\x80\xe2\x94\x80\xe2\x94\x80\xe2\x94\x80\xe2\x94\x80\xe2\x94\x80\xe2\x94\x80\xe2\x94\x80\xe2\x94\x80\xe2\x94\x80\xe2\x94\x80\xe2\x94\x80\xe2\x94\x80\xe2\x94\x80\xe2\x94\x80\xe2\x94\x80\xe2\x94\x80\xe2\x94\x80\xe2\x94\x80\xe2\x94\x80\xe2\x94\x80\xe2\x94\x80\xe2\x94\x80\xe2\x94\x80\xe2\x94\x80\xe2\x94\x80\xe2\x94\x80\xe2\x94\x80\xe2\x94\x80\xe2\x94\x80\xe2\x94\x80\xe2\x94\x80\xe2\x94\x80\xe2\x94\x80\xe2\x94\x80\xe2\x94\x80\xe2\x94\x80\xe2\x94\x80\xe2\x94\x80\xe2\x94\x80\xe2\x94\x80 -->\n<nav class="navbar navbar-expand-lg navbar-cyberquest">\n    <div class="container">\n        <!-- Fixed: use auth.login instead of non-existent \'home\' route -->\n        <a class="navbar-brand-cq"\n           href="/">\n            <i class="bi bi-shield-fill-check brand-icon"></i>\n            CYBER<span style="color:#fff;">QUEST</span>\n        </a>\n\n        <button class="navbar-toggler" type="button"\n                data-bs-toggle="collapse" data-bs-target="#navbarMain">\n            <span class="navbar-toggler-icon"></span>\n        </button>\n\n        <div class="collapse navbar-collapse" id="navbarMain">\n            \n            <ul class="navbar-nav me-auto mb-2 mb-lg-0"></ul>\n            \n\n            <div class="d-flex align-items-center gap-2">\n                \n                    <a href="/" class="btn-nav-login btn">\n                        <i class="bi bi-box-arrow-in-right me-1"></i> Login\n                    </a>\n                    <a href="/register" class="btn-nav-register btn">\n                        Register\n                    </a>\n                \n            </div>\n        </div>\n    </div>\n</nav>\n\n<!-- \xe2\x94\x80\xe2\x94\x80 Flash Messages (handled once here, not in child templates) \xe2\x94\x80\xe2\x94\x80\xe2\x94\x80\xe2\x94\x80\xe2\x94\x80\xe2\x94\x80\xe2\x94\x80\xe2\x94\x80\xe2\x94\x80\xe2\x94\x80 -->\n<div class="flash-container">\n    <div class="container">\n        \n            \n                \n                <div class="alert alert-cq alert-warning alert-dismissible fade show mt-2" role="alert">\n                    <i class="bi bi-exclamation-circle-fill me-2" style="color:var(--cq-yellow)"></i>\n                    \n                    Please log in to access this page.\n                    <button type="button" class="btn-close btn-close-white"\n                            data-bs-dismiss="alert"></button>\n                </div>\n                \n            \n        \n    </div>\n</div>\n\n<!-- \xe2\x94\x80\xe2\x94\x80 Main Content \xe2\x94\x80\xe2\x94\x80\xe2\x94\x80\xe2\x94\x80\xe2\x94\x80\xe2\x94\x80\xe2\x94\x80\xe2\x94\x80\xe2\x94\x80\xe2\x94\x80\xe2\x94\x80\xe2\x94\x80\xe2\x94\x80\xe2\x94\x80\xe2\x94\x80\xe2\x94\x80\xe2\x94\x80\xe2\x94\x80\xe2\x94\x80\xe2\x94\x80\xe2\x94\x80\xe2\x94\x80\xe2\x94\x80\xe2\x94\x80\xe2\x94\x80\xe2\x94\x80\xe2\x94\x80\xe2\x94\x80\xe2\x94\x80\xe2\x94\x80\xe2\x94\x80\xe2\x94\x80\xe2\x94\x80\xe2\x94\x80\xe2\x94\x80\xe2\x94\x80\xe2\x94\x80\xe2\x94\x80\xe2\x94\x80\xe2\x94\x80\xe2\x94\x80\xe2\x94\x80\xe2\x94\x80\xe2\x94\x80\xe2\x94\x80\xe2\x94\x80\xe2\x94\x80\xe2\x94\x80\xe2\x94\x80\xe2\x94\x80\xe2\x94\x80\xe2\x94\x80\xe2\x94\x80\xe2\x94\x80\xe2\x94\x80\xe2\x94\x80 -->\n<main>\n    \n<div class="row justify-content-center mt-5">\n  <div class="col-md-5 col-lg-4">\n\n    <div class="card shadow-sm border-0">\n      <div class="card-body p-4">\n\n        <!-- Header -->\n        <div class="text-center mb-4">\n          <span style="font-size:2.5rem;">\xf0\x9f\x9b\xa1\xef\xb8\x8f</span>\n          <h3 class="fw-bold mt-2 mb-0">CyberQuest</h3>\n          <p class="text-muted small">Sign in to continue</p>\n        </div>\n\n        <!-- Flash messages -->\n        \n          \n            <div class="alert alert-warning alert-dismissible fade show py-2" role="alert">\n              Please log in to access this page.\n              <button type="button" class="btn-close" data-bs-dismiss="alert"></button>\n            </div>\n          \n        \n\n        <!-- Login form -->\n        <form method="POST" action="/" novalidate>\n          <div class="mb-3">\n            <label for="email" class="form-label fw-semibold">Email address</label>\n            <input type="email" class="form-control" id="email" name="email"\n                   placeholder="you@example.com" required autocomplete="email">\n          </div>\n\n          <div class="mb-3">\n            <label for="password" class="form-label fw-semibold">Password</label>\n            <div class="input-group">\n              <input type="password" class="form-control" id="password" name="password"\n                     placeholder="Your password" required autocomplete="current-password">\n              <button class="btn btn-outline-secondary" type="button" id="togglePw"\n                      title="Show/hide password">\n                <i class="bi bi-eye" id="eyeIcon"></i>\n              </button>\n            </div>\n          </div>\n\n          <div class="d-grid mt-4">\n            <button type="submit" class="btn btn-primary btn-lg fw-semibold">\n              Sign In\n            </button>\n          </div>\n        </form>\n\n        <hr class="my-4">\n\n        <p class="text-center mb-0 small">\n          Don\'t have an account?\n          <a href="/register" class="text-decoration-none fw-semibold">\n            Register here\n          </a>\n        </p>\n\n      </div>\n    </div>\n\n    <!-- Demo accounts hint -->\n    <div class="card mt-3 border-0 bg-light">\n      <div class="card-body py-2 px-3">\n        <p class="mb-1 small fw-semibold text-muted">\xe2\x9a\xa0\xef\xb8\x8f Demo Accounts</p>\n        <p class="mb-0 small text-muted">\n          Student: <code>student@demo.com</code> / <code>Test1234!</code><br>\n          Teacher: <code>teacher@demo.com</code> / <code>Admin1234!</code>\n        </p>\n      </div>\n    </div>\n\n  </div>\n</div>\n\n<script>\n  // Toggle password visibility\n  document.getElementById(\'togglePw\').addEventListener(\'click\', function () {\n    const pwField = document.getElementById(\'password\');\n    const icon    = document.getElementById(\'eyeIcon\');\n    if (pwField.type === \'password\') {\n      pwField.type = \'text\';\n      icon.className = \'bi bi-eye-slash\';\n    } else {\n      pwField.type = \'password\';\n      icon.className = \'bi bi-eye\';\n    }\n  });\n</script>\n\n</main>\n\n<!-- \xe2\x94\x80\xe2\x94\x80 Footer \xe2\x94\x80\xe2\x94\x80\xe2\x94\x80\xe2\x94\x80\xe2\x94\x80\xe2\x94\x80\xe2\x94\x80\xe2\x94\x80\xe2\x94\x80\xe2\x94\x80\xe2\x94\x80\xe2\x94\x80\xe2\x94\x80\xe2\x94\x80\xe2\x94\x80\xe2\x94\x80\xe2\x94\x80\xe2\x94\x80\xe2\x94\x80\xe2\x94\x80\xe2\x94\x80\xe2\x94\x80\xe2\x94\x80\xe2\x94\x80\xe2\x94\x80\xe2\x94\x80\xe2\x94\x80\xe2\x94\x80\xe2\x94\x80\xe2\x94\x80\xe2\x94\x80\xe2\x94\x80\xe2\x94\x80\xe2\x94\x80\xe2\x94\x80\xe2\x94\x80\xe2\x94\x80\xe2\x94\x80\xe2\x94\x80\xe2\x94\x80\xe2\x94\x80\xe2\x94\x80\xe2\x94\x80\xe2\x94\x80\xe2\x94\x80\xe2\x94\x80\xe2\x94\x80\xe2\x94\x80\xe2\x94\x80\xe2\x94\x80\xe2\x94\x80\xe2\x94\x80\xe2\x94\x80\xe2\x94\x80\xe2\x94\x80\xe2\x94\x80\xe2\x94\x80\xe2\x94\x80\xe2\x94\x80\xe2\x94\x80\xe2\x94\x80 -->\n<footer class="footer-cq">\n    <div class="container">\n        <div class="row align-items-center">\n            <div class="col-md-3 mb-2 mb-md-0">\n                <div class="footer-brand"><i class="bi bi-shield-fill-check me-2"></i>CYBERQUEST</div>\n                <div class="footer-text">Cybersecurity Awareness Game</div>\n            </div>\n            <div class="col-md-5 mb-2 mb-md-0">\n                <div class="footer-text">\n                    <i class="bi bi-mortarboard-fill me-1"></i>\n                    ICT932 \xe2\x80\x94 Cybersecurity Testing and Assurance<br>\n                    Crown Institute of Higher Education (CIHE) \xc2\xa9 2026\n                </div>\n            </div>\n            <div class="col-md-4 text-md-end">\n                <div class="footer-team">\n                    Prashan Manandhar | Raju Kshetri | Pramesh Silwal | Susanta Dhakal\n                </div>\n            </div>\n        </div>\n    </div>\n</footer>\n\n<script src="https://cdn.jsdelivr.net/npm/bootstrap@5.3.0/dist/js/bootstrap.bundle.min.js"></script>\n\n\n</body>\n</html>' = <WrapperTestResponse 18712 bytes [200 OK]>.data
 +  and   b'<!DOCTYPE html>\n<!--\n    base.html \xe2\x80\x94 Shared base template for CyberQuest\n    Authors: Susanta Dhakal (CIHE250321) & Pramesh Silwal (CIHE241339)\n    Fixed: Prashan Manandhar (CIHE241182) \xe2\x80\x94 removed broken url_for(\'home\')\n-->\n<html lang="en">\n<head>\n    <meta charset="UTF-8">\n    <meta name="viewport" content="width=device-width, initial-scale=1.0">\n    <meta name="description" content="CyberQuest \xe2\x80\x94 Cybersecurity Awareness Game for ICT932 CIHE">\n    <title>Login \xe2\x80\x94 CyberQuest | ICT932</title>\n\n    <!-- Bootstrap 5 CSS -->\n    <link href="https://cdn.jsdelivr.net/npm/bootstrap@5.3.0/dist/css/bootstrap.min.css" rel="stylesheet">\n    <!-- Bootstrap Icons -->\n    <link href="https://cdn.jsdelivr.net/npm/bootstrap-icons@1.11.0/font/bootstrap-icons.css" rel="stylesheet">\n    <!-- Google Fonts -->\n    <link href="https://fonts.googleapis.com/css2?family=Orbitron:wght@400;600;800&family=Rajdhani:wght@300;400;500;600&display=swap" rel="stylesheet">\n\n    <style>\n        /* \xe2\x94\x80\xe2\x94\x80 Design Tokens \xe2\x94\x80\xe2\x94\x80\xe2\x94\x80\xe2\x94\x80\xe2\x94\x80\xe2\x94\x80\xe2\x94\x80\xe2\x94\x80\xe2\x94\x80\xe2\x94\x80\xe2\x94\x80\xe2\x94\x80\xe2\x94\x80\xe2\x94\x80\xe2\x94\x80\xe2\x94\x80\xe2\x94\x80\xe2\x94\x80\xe2\x94\x80\xe2\x94\x80\xe2\x94\x80\xe2\x94\x80\xe2\x94\x80\xe2\x94\x80\xe2\x94\x80\xe2\x94\x80\xe2\x94\x80\xe2\x94\x80\xe2\x94\x80\xe2\x94\x80\xe2\x94\x80\xe2\x94\x80\xe2\x94\x80\xe2\x94\x80\xe2\x94\x80\xe2\x94\x80\xe2\x94\x80\xe2\x94\x80\xe2\x94\x80\xe2\x94\x80\xe2\x94\x80\xe2\x94\x80\xe2\x94\x80\xe2\x94\x80\xe2\x94\x80\xe2\x94\x80\xe2\x94\x80 */\n        :root {\n            --cq-navy:      #0D1B2A;\n            --cq-navy-mid:  #112233;\n            --cq-navy-light:#1A2E42;\n            --cq-cyan:      #00B4D8;\n            --cq-cyan-glow: #00D4FF;\n            --cq-green:     #00E676;\n            --cq-red:       #FF4D6D;\n            --cq-yellow:    #FFD60A;\n            --cq-text:      #E0EAF4;\n            --cq-text-muted:#7A9BB5;\n            --cq-border:    rgba(0, 180, 216, 0.2);\n            --cq-shadow:    0 4px 24px rgba(0, 180, 216, 0.12);\n            --cq-radius:    12px;\n            --font-heading: \'Orbitron\', monospace;\n            --font-body:    \'Rajdhani\', sans-serif;\n        }\n\n        *, *::before, *::after { box-sizing: border-box; }\n        html { scroll-behavior: smooth; }\n\n        body {\n            background-color: var(--cq-navy);\n            color: var(--cq-text);\n            font-family: var(--font-body);\n            font-size: 1.05rem;\n            min-height: 100vh;\n            display: flex;\n            flex-direction: column;\n        }\n\n        h1,h2,h3,h4,h5,h6 { font-family: var(--font-heading); }\n        main { flex: 1; }\n\n        /* \xe2\x94\x80\xe2\x94\x80 Navbar \xe2\x94\x80\xe2\x94\x80\xe2\x94\x80\xe2\x94\x80\xe2\x94\x80\xe2\x94\x80\xe2\x94\x80\xe2\x94\x80\xe2\x94\x80\xe2\x94\x80\xe2\x94\x80\xe2\x94\x80\xe2\x94\x80\xe2\x94\x80\xe2\x94\x80\xe2\x94\x80\xe2\x94\x80\xe2\x94\x80\xe2\x94\x80\xe2\x94\x80\xe2\x94\x80\xe2\x94\x80\xe2\x94\x80\xe2\x94\x80\xe2\x94\x80\xe2\x94\x80\xe2\x94\x80\xe2\x94\x80\xe2\x94\x80\xe2\x94\x80\xe2\x94\x80\xe2\x94\x80\xe2\x94\x80\xe2\x94\x80\xe2\x94\x80\xe2\x94\x80\xe2\x94\x80\xe2\x94\x80\xe2\x94\x80\xe2\x94\x80\xe2\x94\x80\xe2\x94\x80\xe2\x94\x80\xe2\x94\x80\xe2\x94\x80\xe2\x94\x80\xe2\x94\x80\xe2\x94\x80\xe2\x94\x80\xe2\x94\x80\xe2\x94\x80\xe2\x94\x80\xe2\x94\x80\xe2\x94\x80 */\n        .navbar-cyberquest {\n            background: rgba(13,27,42,0.97);\n            border-bottom: 1px solid var(--cq-border);\n            backdrop-filter: blur(10px);\n            padding: 0.75rem 0;\n            position: sticky; top: 0; z-index: 1000;\n        }\n        .navbar-brand-cq {\n            font-family: var(--font-heading); font-weight: 800;\n            font-size: 1.35rem; color: var(--cq-cyan) !important;\n            text-decoration: none; letter-spacing: 2px;\n            display: flex; align-items: center; gap: 0.5rem;\n        }\n        .navbar-brand-cq .brand-icon {\n            color: var(--cq-cyan-glow); font-size: 1.5rem;\n            filter: drop-shadow(0 0 6px var(--cq-cyan));\n        }\n        .navbar-brand-cq:hover { color: var(--cq-cyan-glow) !important; }\n        .nav-link-cq {\n            color: var(--cq-text-muted) !important;\n            font-family: var(--font-body); font-weight: 500;\n            font-size: 0.95rem; letter-spacing: 0.5px;\n            padding: 0.5rem 0.85rem !important;\n            border-radius: 6px;\n            transition: color 0.2s, background 0.2s;\n        }\n        .nav-link-cq:hover, .nav-link-cq.active {\n            color: var(--cq-cyan) !important;\n            background: rgba(0,180,216,0.08);\n        }\n        .btn-nav-login {\n            border: 1px solid var(--cq-cyan); color: var(--cq-cyan);\n            background: transparent; border-radius: 6px;\n            padding: 0.4rem 1rem; font-weight: 600; font-size: 0.9rem;\n            transition: all 0.2s;\n        }\n        .btn-nav-login:hover {\n            background: rgba(0,180,216,0.15); color: var(--cq-cyan-glow);\n        }\n        .btn-nav-register {\n            background: var(--cq-cyan); color: var(--cq-navy);\n            border: none; border-radius: 6px;\n            padding: 0.4rem 1rem; font-weight: 700; font-size: 0.9rem;\n            transition: all 0.2s;\n        }\n        .btn-nav-register:hover {\n            background: var(--cq-cyan-glow);\n            box-shadow: 0 4px 12px rgba(0,180,216,0.35);\n        }\n        .navbar-username { color: var(--cq-text-muted); font-size: 0.85rem; }\n        .navbar-username strong { color: var(--cq-cyan); }\n        .navbar-toggler { border-color: var(--cq-border); }\n        .navbar-toggler-icon { filter: invert(60%) sepia(80%) saturate(400%) hue-rotate(165deg); }\n\n        /* \xe2\x94\x80\xe2\x94\x80 Flash Messages \xe2\x94\x80\xe2\x94\x80\xe2\x94\x80\xe2\x94\x80\xe2\x94\x80\xe2\x94\x80\xe2\x94\x80\xe2\x94\x80\xe2\x94\x80\xe2\x94\x80\xe2\x94\x80\xe2\x94\x80\xe2\x94\x80\xe2\x94\x80\xe2\x94\x80\xe2\x94\x80\xe2\x94\x80\xe2\x94\x80\xe2\x94\x80\xe2\x94\x80\xe2\x94\x80\xe2\x94\x80\xe2\x94\x80\xe2\x94\x80\xe2\x94\x80\xe2\x94\x80\xe2\x94\x80\xe2\x94\x80\xe2\x94\x80\xe2\x94\x80\xe2\x94\x80\xe2\x94\x80\xe2\x94\x80\xe2\x94\x80\xe2\x94\x80\xe2\x94\x80\xe2\x94\x80\xe2\x94\x80\xe2\x94\x80\xe2\x94\x80\xe2\x94\x80\xe2\x94\x80\xe2\x94\x80\xe2\x94\x80\xe2\x94\x80\xe2\x94\x80 */\n        .flash-container { padding: 0.5rem 0; }\n        .alert-cq {\n            border-left: 4px solid; border-radius: 0 var(--cq-radius) var(--cq-radius) 0;\n            background: var(--cq-navy-mid); color: var(--cq-text);\n            border-top: none; border-right: none; border-bottom: none;\n            font-weight: 500;\n        }\n        .alert-cq.alert-success { border-color: var(--cq-green); }\n        .alert-cq.alert-danger  { border-color: var(--cq-red); }\n        .alert-cq.alert-info    { border-color: var(--cq-cyan); }\n        .alert-cq.alert-warning { border-color: var(--cq-yellow); }\n\n        /* \xe2\x94\x80\xe2\x94\x80 Dark Cards \xe2\x94\x80\xe2\x94\x80\xe2\x94\x80\xe2\x94\x80\xe2\x94\x80\xe2\x94\x80\xe2\x94\x80\xe2\x94\x80\xe2\x94\x80\xe2\x94\x80\xe2\x94\x80\xe2\x94\x80\xe2\x94\x80\xe2\x94\x80\xe2\x94\x80\xe2\x94\x80\xe2\x94\x80\xe2\x94\x80\xe2\x94\x80\xe2\x94\x80\xe2\x94\x80\xe2\x94\x80\xe2\x94\x80\xe2\x94\x80\xe2\x94\x80\xe2\x94\x80\xe2\x94\x80\xe2\x94\x80\xe2\x94\x80\xe2\x94\x80\xe2\x94\x80\xe2\x94\x80\xe2\x94\x80\xe2\x94\x80\xe2\x94\x80\xe2\x94\x80\xe2\x94\x80\xe2\x94\x80\xe2\x94\x80\xe2\x94\x80\xe2\x94\x80\xe2\x94\x80\xe2\x94\x80\xe2\x94\x80\xe2\x94\x80\xe2\x94\x80\xe2\x94\x80\xe2\x94\x80\xe2\x94\x80\xe2\x94\x80 */\n        .card-cq {\n            background: var(--cq-navy-mid);\n            border: 1px solid var(--cq-border);\n            border-radius: var(--cq-radius);\n            color: var(--cq-text);\n            box-shadow: var(--cq-shadow);\n        }\n        .card-cq .card-header {\n            background: var(--cq-navy-light);\n            border-bottom: 1px solid var(--cq-border);\n            color: var(--cq-text);\n            border-radius: var(--cq-radius) var(--cq-radius) 0 0;\n        }\n\n        /* \xe2\x94\x80\xe2\x94\x80 Dark Tables \xe2\x94\x80\xe2\x94\x80\xe2\x94\x80\xe2\x94\x80\xe2\x94\x80\xe2\x94\x80\xe2\x94\x80\xe2\x94\x80\xe2\x94\x80\xe2\x94\x80\xe2\x94\x80\xe2\x94\x80\xe2\x94\x80\xe2\x94\x80\xe2\x94\x80\xe2\x94\x80\xe2\x94\x80\xe2\x94\x80\xe2\x94\x80\xe2\x94\x80\xe2\x94\x80\xe2\x94\x80\xe2\x94\x80\xe2\x94\x80\xe2\x94\x80\xe2\x94\x80\xe2\x94\x80\xe2\x94\x80\xe2\x94\x80\xe2\x94\x80\xe2\x94\x80\xe2\x94\x80\xe2\x94\x80\xe2\x94\x80\xe2\x94\x80\xe2\x94\x80\xe2\x94\x80\xe2\x94\x80\xe2\x94\x80\xe2\x94\x80\xe2\x94\x80\xe2\x94\x80\xe2\x94\x80\xe2\x94\x80\xe2\x94\x80\xe2\x94\x80\xe2\x94\x80\xe2\x94\x80\xe2\x94\x80 */\n        .table-cq { color: var(--cq-text); }\n        .table-cq thead th {\n            background: var(--cq-navy-light);\n            color: var(--cq-cyan);\n            border-color: var(--cq-border);\n            font-family: var(--font-heading);\n            font-size: 0.8rem;\n            letter-spacing: 1px;\n        }\n        .table-cq tbody tr {\n            border-color: var(--cq-border);\n        }\n        .table-cq tbody tr:hover {\n            background: rgba(0,180,216,0.05);\n        }\n        .table-cq td, .table-cq th {\n            border-color: var(--cq-border);\n            vertical-align: middle;\n        }\n\n        /* \xe2\x94\x80\xe2\x94\x80 Dark Forms \xe2\x94\x80\xe2\x94\x80\xe2\x94\x80\xe2\x94\x80\xe2\x94\x80\xe2\x94\x80\xe2\x94\x80\xe2\x94\x80\xe2\x94\x80\xe2\x94\x80\xe2\x94\x80\xe2\x94\x80\xe2\x94\x80\xe2\x94\x80\xe2\x94\x80\xe2\x94\x80\xe2\x94\x80\xe2\x94\x80\xe2\x94\x80\xe2\x94\x80\xe2\x94\x80\xe2\x94\x80\xe2\x94\x80\xe2\x94\x80\xe2\x94\x80\xe2\x94\x80\xe2\x94\x80\xe2\x94\x80\xe2\x94\x80\xe2\x94\x80\xe2\x94\x80\xe2\x94\x80\xe2\x94\x80\xe2\x94\x80\xe2\x94\x80\xe2\x94\x80\xe2\x94\x80\xe2\x94\x80\xe2\x94\x80\xe2\x94\x80\xe2\x94\x80\xe2\x94\x80\xe2\x94\x80\xe2\x94\x80\xe2\x94\x80\xe2\x94\x80\xe2\x94\x80\xe2\x94\x80\xe2\x94\x80\xe2\x94\x80 */\n        .form-control-cq, .form-select-cq {\n            background: var(--cq-navy-light);\n            border: 1px solid var(--cq-border);\n            color: var(--cq-text);\n            border-radius: 8px;\n        }\n        .form-control-cq:focus, .form-select-cq:focus {\n            background: var(--cq-navy-light);\n            border-color: var(--cq-cyan);\n            color: var(--cq-text);\n            box-shadow: 0 0 0 3px rgba(0,180,216,0.2);\n        }\n        .form-control-cq::placeholder { color: var(--cq-text-muted); }\n\n        /* \xe2\x94\x80\xe2\x94\x80 CyberQuest Buttons \xe2\x94\x80\xe2\x94\x80\xe2\x94\x80\xe2\x94\x80\xe2\x94\x80\xe2\x94\x80\xe2\x94\x80\xe2\x94\x80\xe2\x94\x80\xe2\x94\x80\xe2\x94\x80\xe2\x94\x80\xe2\x94\x80\xe2\x94\x80\xe2\x94\x80\xe2\x94\x80\xe2\x94\x80\xe2\x94\x80\xe2\x94\x80\xe2\x94\x80\xe2\x94\x80\xe2\x94\x80\xe2\x94\x80\xe2\x94\x80\xe2\x94\x80\xe2\x94\x80\xe2\x94\x80\xe2\x94\x80\xe2\x94\x80\xe2\x94\x80\xe2\x94\x80\xe2\x94\x80\xe2\x94\x80\xe2\x94\x80\xe2\x94\x80\xe2\x94\x80\xe2\x94\x80\xe2\x94\x80\xe2\x94\x80\xe2\x94\x80\xe2\x94\x80\xe2\x94\x80 */\n        .btn-cq-primary {\n            background: var(--cq-cyan); color: var(--cq-navy);\n            border: none; font-weight: 700; border-radius: 8px;\n            font-family: var(--font-body); letter-spacing: 0.5px;\n            transition: all 0.2s;\n        }\n        .btn-cq-primary:hover {\n            background: var(--cq-cyan-glow);\n            box-shadow: 0 4px 16px rgba(0,180,216,0.4);\n        }\n        .btn-cq-outline {\n            border: 1px solid var(--cq-cyan); color: var(--cq-cyan);\n            background: transparent; border-radius: 8px;\n            font-weight: 600; transition: all 0.2s;\n        }\n        .btn-cq-outline:hover {\n            background: rgba(0,180,216,0.12); color: var(--cq-cyan-glow);\n        }\n        .btn-cq-danger {\n            border: 1px solid var(--cq-red); color: var(--cq-red);\n            background: transparent; border-radius: 8px;\n            font-weight: 600; transition: all 0.2s;\n        }\n        .btn-cq-danger:hover { background: rgba(255,77,109,0.12); }\n\n        /* \xe2\x94\x80\xe2\x94\x80 Badges / Pills \xe2\x94\x80\xe2\x94\x80\xe2\x94\x80\xe2\x94\x80\xe2\x94\x80\xe2\x94\x80\xe2\x94\x80\xe2\x94\x80\xe2\x94\x80\xe2\x94\x80\xe2\x94\x80\xe2\x94\x80\xe2\x94\x80\xe2\x94\x80\xe2\x94\x80\xe2\x94\x80\xe2\x94\x80\xe2\x94\x80\xe2\x94\x80\xe2\x94\x80\xe2\x94\x80\xe2\x94\x80\xe2\x94\x80\xe2\x94\x80\xe2\x94\x80\xe2\x94\x80\xe2\x94\x80\xe2\x94\x80\xe2\x94\x80\xe2\x94\x80\xe2\x94\x80\xe2\x94\x80\xe2\x94\x80\xe2\x94\x80\xe2\x94\x80\xe2\x94\x80\xe2\x94\x80\xe2\x94\x80\xe2\x94\x80\xe2\x94\x80\xe2\x94\x80\xe2\x94\x80\xe2\x94\x80\xe2\x94\x80\xe2\x94\x80\xe2\x94\x80 */\n        .badge-cq-cyan {\n            background: rgba(0,180,216,0.15);\n            color: var(--cq-cyan);\n            border: 1px solid var(--cq-border);\n            border-radius: 20px; padding: 0.3rem 0.8rem;\n            font-size: 0.8rem; font-weight: 600;\n        }\n        .badge-cq-gold {\n            background: rgba(255,214,10,0.15);\n            color: var(--cq-yellow);\n            border: 1px solid rgba(255,214,10,0.3);\n            border-radius: 20px; padding: 0.3rem 0.8rem;\n            font-size: 0.8rem; font-weight: 600;\n        }\n\n        /* \xe2\x94\x80\xe2\x94\x80 Progress bars \xe2\x94\x80\xe2\x94\x80\xe2\x94\x80\xe2\x94\x80\xe2\x94\x80\xe2\x94\x80\xe2\x94\x80\xe2\x94\x80\xe2\x94\x80\xe2\x94\x80\xe2\x94\x80\xe2\x94\x80\xe2\x94\x80\xe2\x94\x80\xe2\x94\x80\xe2\x94\x80\xe2\x94\x80\xe2\x94\x80\xe2\x94\x80\xe2\x94\x80\xe2\x94\x80\xe2\x94\x80\xe2\x94\x80\xe2\x94\x80\xe2\x94\x80\xe2\x94\x80\xe2\x94\x80\xe2\x94\x80\xe2\x94\x80\xe2\x94\x80\xe2\x94\x80\xe2\x94\x80\xe2\x94\x80\xe2\x94\x80\xe2\x94\x80\xe2\x94\x80\xe2\x94\x80\xe2\x94\x80\xe2\x94\x80\xe2\x94\x80\xe2\x94\x80\xe2\x94\x80\xe2\x94\x80\xe2\x94\x80\xe2\x94\x80\xe2\x94\x80\xe2\x94\x80 */\n        .progress-cq {\n            background: var(--cq-navy-light);\n            border-radius: 10px; height: 8px;\n        }\n        .progress-cq .progress-bar {\n            background: linear-gradient(90deg, var(--cq-cyan), var(--cq-green));\n            border-radius: 10px;\n        }\n\n        /* \xe2\x94\x80\xe2\x94\x80 Stat Cards \xe2\x94\x80\xe2\x94\x80\xe2\x94\x80\xe2\x94\x80\xe2\x94\x80\xe2\x94\x80\xe2\x94\x80\xe2\x94\x80\xe2\x94\x80\xe2\x94\x80\xe2\x94\x80\xe2\x94\x80\xe2\x94\x80\xe2\x94\x80\xe2\x94\x80\xe2\x94\x80\xe2\x94\x80\xe2\x94\x80\xe2\x94\x80\xe2\x94\x80\xe2\x94\x80\xe2\x94\x80\xe2\x94\x80\xe2\x94\x80\xe2\x94\x80\xe2\x94\x80\xe2\x94\x80\xe2\x94\x80\xe2\x94\x80\xe2\x94\x80\xe2\x94\x80\xe2\x94\x80\xe2\x94\x80\xe2\x94\x80\xe2\x94\x80\xe2\x94\x80\xe2\x94\x80\xe2\x94\x80\xe2\x94\x80\xe2\x94\x80\xe2\x94\x80\xe2\x94\x80\xe2\x94\x80\xe2\x94\x80\xe2\x94\x80\xe2\x94\x80\xe2\x94\x80\xe2\x94\x80\xe2\x94\x80\xe2\x94\x80 */\n        .stat-card {\n            background: var(--cq-navy-mid);\n            border: 1px solid var(--cq-border);\n            border-radius: var(--cq-radius);\n            padding: 1.5rem 1rem;\n            text-align: center;\n            transition: border-color 0.2s, transform 0.2s;\n        }\n        .stat-card:hover {\n            border-color: var(--cq-cyan);\n            transform: translateY(-2px);\n        }\n        .stat-card .stat-number {\n            font-family: var(--font-heading); font-size: 2rem;\n            font-weight: 800;\n        }\n        .stat-card .stat-label { color: var(--cq-text-muted); font-size: 0.85rem; }\n\n        /* \xe2\x94\x80\xe2\x94\x80 Footer \xe2\x94\x80\xe2\x94\x80\xe2\x94\x80\xe2\x94\x80\xe2\x94\x80\xe2\x94\x80\xe2\x94\x80\xe2\x94\x80\xe2\x94\x80\xe2\x94\x80\xe2\x94\x80\xe2\x94\x80\xe2\x94\x80\xe2\x94\x80\xe2\x94\x80\xe2\x94\x80\xe2\x94\x80\xe2\x94\x80\xe2\x94\x80\xe2\x94\x80\xe2\x94\x80\xe2\x94\x80\xe2\x94\x80\xe2\x94\x80\xe2\x94\x80\xe2\x94\x80\xe2\x94\x80\xe2\x94\x80\xe2\x94\x80\xe2\x94\x80\xe2\x94\x80\xe2\x94\x80\xe2\x94\x80\xe2\x94\x80\xe2\x94\x80\xe2\x94\x80\xe2\x94\x80\xe2\x94\x80\xe2\x94\x80\xe2\x94\x80\xe2\x94\x80\xe2\x94\x80\xe2\x94\x80\xe2\x94\x80\xe2\x94\x80\xe2\x94\x80\xe2\x94\x80\xe2\x94\x80\xe2\x94\x80\xe2\x94\x80\xe2\x94\x80\xe2\x94\x80\xe2\x94\x80\xe2\x94\x80 */\n        .footer-cq {\n            background: var(--cq-navy-mid);\n            border-top: 1px solid var(--cq-border);\n            padding: 1.5rem 0;\n            margin-top: auto;\n        }\n        .footer-brand {\n            font-family: var(--font-heading); font-weight: 800;\n            color: var(--cq-cyan); font-size: 1rem; letter-spacing: 2px;\n        }\n        .footer-text { color: var(--cq-text-muted); font-size: 0.85rem; }\n        .footer-team { color: var(--cq-cyan); font-size: 0.85rem; font-weight: 600; }\n\n        /* \xe2\x94\x80\xe2\x94\x80 Scrollbar \xe2\x94\x80\xe2\x94\x80\xe2\x94\x80\xe2\x94\x80\xe2\x94\x80\xe2\x94\x80\xe2\x94\x80\xe2\x94\x80\xe2\x94\x80\xe2\x94\x80\xe2\x94\x80\xe2\x94\x80\xe2\x94\x80\xe2\x94\x80\xe2\x94\x80\xe2\x94\x80\xe2\x94\x80\xe2\x94\x80\xe2\x94\x80\xe2\x94\x80\xe2\x94\x80\xe2\x94\x80\xe2\x94\x80\xe2\x94\x80\xe2\x94\x80\xe2\x94\x80\xe2\x94\x80\xe2\x94\x80\xe2\x94\x80\xe2\x94\x80\xe2\x94\x80\xe2\x94\x80\xe2\x94\x80\xe2\x94\x80\xe2\x94\x80\xe2\x94\x80\xe2\x94\x80\xe2\x94\x80\xe2\x94\x80\xe2\x94\x80\xe2\x94\x80\xe2\x94\x80\xe2\x94\x80\xe2\x94\x80\xe2\x94\x80\xe2\x94\x80\xe2\x94\x80\xe2\x94\x80\xe2\x94\x80\xe2\x94\x80\xe2\x94\x80 */\n        ::-webkit-scrollbar { width: 6px; }\n        ::-webkit-scrollbar-track { background: var(--cq-navy); }\n        ::-webkit-scrollbar-thumb { background: var(--cq-navy-light); border-radius: 3px; }\n        ::-webkit-scrollbar-thumb:hover { background: var(--cq-cyan); }\n    </style>\n\n    \n</head>\n\n<body>\n\n<!-- \xe2\x94\x80\xe2\x94\x80 Navbar \xe2\x94\x80\xe2\x94\x80\xe2\x94\x80\xe2\x94\x80\xe2\x94\x80\xe2\x94\x80\xe2\x94\x80\xe2\x94\x80\xe2\x94\x80\xe2\x94\x80\xe2\x94\x80\xe2\x94\x80\xe2\x94\x80\xe2\x94\x80\xe2\x94\x80\xe2\x94\x80\xe2\x94\x80\xe2\x94\x80\xe2\x94\x80\xe2\x94\x80\xe2\x94\x80\xe2\x94\x80\xe2\x94\x80\xe2\x94\x80\xe2\x94\x80\xe2\x94\x80\xe2\x94\x80\xe2\x94\x80\xe2\x94\x80\xe2\x94\x80\xe2\x94\x80\xe2\x94\x80\xe2\x94\x80\xe2\x94\x80\xe2\x94\x80\xe2\x94\x80\xe2\x94\x80\xe2\x94\x80\xe2\x94\x80\xe2\x94\x80\xe2\x94\x80\xe2\x94\x80\xe2\x94\x80\xe2\x94\x80\xe2\x94\x80\xe2\x94\x80\xe2\x94\x80\xe2\x94\x80\xe2\x94\x80\xe2\x94\x80\xe2\x94\x80\xe2\x94\x80\xe2\x94\x80\xe2\x94\x80\xe2\x94\x80\xe2\x94\x80\xe2\x94\x80\xe2\x94\x80\xe2\x94\x80\xe2\x94\x80\xe2\x94\x80 -->\n<nav class="navbar navbar-expand-lg navbar-cyberquest">\n    <div class="container">\n        <!-- Fixed: use auth.login instead of non-existent \'home\' route -->\n        <a class="navbar-brand-cq"\n           href="/">\n            <i class="bi bi-shield-fill-check brand-icon"></i>\n            CYBER<span style="color:#fff;">QUEST</span>\n        </a>\n\n        <button class="navbar-toggler" type="button"\n                data-bs-toggle="collapse" data-bs-target="#navbarMain">\n            <span class="navbar-toggler-icon"></span>\n        </button>\n\n        <div class="collapse navbar-collapse" id="navbarMain">\n            \n            <ul class="navbar-nav me-auto mb-2 mb-lg-0"></ul>\n            \n\n            <div class="d-flex align-items-center gap-2">\n                \n                    <a href="/" class="btn-nav-login btn">\n                        <i class="bi bi-box-arrow-in-right me-1"></i> Login\n                    </a>\n                    <a href="/register" class="btn-nav-register btn">\n                        Register\n                    </a>\n                \n            </div>\n        </div>\n    </div>\n</nav>\n\n<!-- \xe2\x94\x80\xe2\x94\x80 Flash Messages (handled once here, not in child templates) \xe2\x94\x80\xe2\x94\x80\xe2\x94\x80\xe2\x94\x80\xe2\x94\x80\xe2\x94\x80\xe2\x94\x80\xe2\x94\x80\xe2\x94\x80\xe2\x94\x80 -->\n<div class="flash-container">\n    <div class="container">\n        \n            \n                \n                <div class="alert alert-cq alert-warning alert-dismissible fade show mt-2" role="alert">\n                    <i class="bi bi-exclamation-circle-fill me-2" style="color:var(--cq-yellow)"></i>\n                    \n                    Please log in to access this page.\n                    <button type="button" class="btn-close btn-close-white"\n                            data-bs-dismiss="alert"></button>\n                </div>\n                \n            \n        \n    </div>\n</div>\n\n<!-- \xe2\x94\x80\xe2\x94\x80 Main Content \xe2\x94\x80\xe2\x94\x80\xe2\x94\x80\xe2\x94\x80\xe2\x94\x80\xe2\x94\x80\xe2\x94\x80\xe2\x94\x80\xe2\x94\x80\xe2\x94\x80\xe2\x94\x80\xe2\x94\x80\xe2\x94\x80\xe2\x94\x80\xe2\x94\x80\xe2\x94\x80\xe2\x94\x80\xe2\x94\x80\xe2\x94\x80\xe2\x94\x80\xe2\x94\x80\xe2\x94\x80\xe2\x94\x80\xe2\x94\x80\xe2\x94\x80\xe2\x94\x80\xe2\x94\x80\xe2\x94\x80\xe2\x94\x80\xe2\x94\x80\xe2\x94\x80\xe2\x94\x80\xe2\x94\x80\xe2\x94\x80\xe2\x94\x80\xe2\x94\x80\xe2\x94\x80\xe2\x94\x80\xe2\x94\x80\xe2\x94\x80\xe2\x94\x80\xe2\x94\x80\xe2\x94\x80\xe2\x94\x80\xe2\x94\x80\xe2\x94\x80\xe2\x94\x80\xe2\x94\x80\xe2\x94\x80\xe2\x94\x80\xe2\x94\x80\xe2\x94\x80\xe2\x94\x80\xe2\x94\x80\xe2\x94\x80\xe2\x94\x80 -->\n<main>\n    \n<div class="row justify-content-center mt-5">\n  <div class="col-md-5 col-lg-4">\n\n    <div class="card shadow-sm border-0">\n      <div class="card-body p-4">\n\n        <!-- Header -->\n        <div class="text-center mb-4">\n          <span style="font-size:2.5rem;">\xf0\x9f\x9b\xa1\xef\xb8\x8f</span>\n          <h3 class="fw-bold mt-2 mb-0">CyberQuest</h3>\n          <p class="text-muted small">Sign in to continue</p>\n        </div>\n\n        <!-- Flash messages -->\n        \n          \n            <div class="alert alert-warning alert-dismissible fade show py-2" role="alert">\n              Please log in to access this page.\n              <button type="button" class="btn-close" data-bs-dismiss="alert"></button>\n            </div>\n          \n        \n\n        <!-- Login form -->\n        <form method="POST" action="/" novalidate>\n          <div class="mb-3">\n            <label for="email" class="form-label fw-semibold">Email address</label>\n            <input type="email" class="form-control" id="email" name="email"\n                   placeholder="you@example.com" required autocomplete="email">\n          </div>\n\n          <div class="mb-3">\n            <label for="password" class="form-label fw-semibold">Password</label>\n            <div class="input-group">\n              <input type="password" class="form-control" id="password" name="password"\n                     placeholder="Your password" required autocomplete="current-password">\n              <button class="btn btn-outline-secondary" type="button" id="togglePw"\n                      title="Show/hide password">\n                <i class="bi bi-eye" id="eyeIcon"></i>\n              </button>\n            </div>\n          </div>\n\n          <div class="d-grid mt-4">\n            <button type="submit" class="btn btn-primary btn-lg fw-semibold">\n              Sign In\n            </button>\n          </div>\n        </form>\n\n        <hr class="my-4">\n\n        <p class="text-center mb-0 small">\n          Don\'t have an account?\n          <a href="/register" class="text-decoration-none fw-semibold">\n            Register here\n          </a>\n        </p>\n\n      </div>\n    </div>\n\n    <!-- Demo accounts hint -->\n    <div class="card mt-3 border-0 bg-light">\n      <div class="card-body py-2 px-3">\n        <p class="mb-1 small fw-semibold text-muted">\xe2\x9a\xa0\xef\xb8\x8f Demo Accounts</p>\n        <p class="mb-0 small text-muted">\n          Student: <code>student@demo.com</code> / <code>Test1234!</code><br>\n          Teacher: <code>teacher@demo.com</code> / <code>Admin1234!</code>\n        </p>\n      </div>\n    </div>\n\n  </div>\n</div>\n\n<script>\n  // Toggle password visibility\n  document.getElementById(\'togglePw\').addEventListener(\'click\', function () {\n    const pwField = document.getElementById(\'password\');\n    const icon    = document.getElementById(\'eyeIcon\');\n    if (pwField.type === \'password\') {\n      pwField.type = \'text\';\n      icon.className = \'bi bi-eye-slash\';\n    } else {\n      pwField.type = \'password\';\n      icon.className = \'bi bi-eye\';\n    }\n  });\n</script>\n\n</main>\n\n<!-- \xe2\x94\x80\xe2\x94\x80 Footer \xe2\x94\x80\xe2\x94\x80\xe2\x94\x80\xe2\x94\x80\xe2\x94\x80\xe2\x94\x80\xe2\x94\x80\xe2\x94\x80\xe2\x94\x80\xe2\x94\x80\xe2\x94\x80\xe2\x94\x80\xe2\x94\x80\xe2\x94\x80\xe2\x94\x80\xe2\x94\x80\xe2\x94\x80\xe2\x94\x80\xe2\x94\x80\xe2\x94\x80\xe2\x94\x80\xe2\x94\x80\xe2\x94\x80\xe2\x94\x80\xe2\x94\x80\xe2\x94\x80\xe2\x94\x80\xe2\x94\x80\xe2\x94\x80\xe2\x94\x80\xe2\x94\x80\xe2\x94\x80\xe2\x94\x80\xe2\x94\x80\xe2\x94\x80\xe2\x94\x80\xe2\x94\x80\xe2\x94\x80\xe2\x94\x80\xe2\x94\x80\xe2\x94\x80\xe2\x94\x80\xe2\x94\x80\xe2\x94\x80\xe2\x94\x80\xe2\x94\x80\xe2\x94\x80\xe2\x94\x80\xe2\x94\x80\xe2\x94\x80\xe2\x94\x80\xe2\x94\x80\xe2\x94\x80\xe2\x94\x80\xe2\x94\x80\xe2\x94\x80\xe2\x94\x80\xe2\x94\x80\xe2\x94\x80\xe2\x94\x80\xe2\x94\x80 -->\n<footer class="footer-cq">\n    <div class="container">\n        <div class="row align-items-center">\n            <div class="col-md-3 mb-2 mb-md-0">\n                <div class="footer-brand"><i class="bi bi-shield-fill-check me-2"></i>CYBERQUEST</div>\n                <div class="footer-text">Cybersecurity Awareness Game</div>\n            </div>\n            <div class="col-md-5 mb-2 mb-md-0">\n                <div class="footer-text">\n                    <i class="bi bi-mortarboard-fill me-1"></i>\n                    ICT932 \xe2\x80\x94 Cybersecurity Testing and Assurance<br>\n                    Crown Institute of Higher Education (CIHE) \xc2\xa9 2026\n                </div>\n            </div>\n            <div class="col-md-4 text-md-end">\n                <div class="footer-team">\n                    Prashan Manandhar | Raju Kshetri | Pramesh Silwal | Susanta Dhakal\n                </div>\n            </div>\n        </div>\n    </div>\n</footer>\n\n<script src="https://cdn.jsdelivr.net/npm/bootstrap@5.3.0/dist/js/bootstrap.bundle.min.js"></script>\n\n\n</body>\n</html>' = <WrapperTestResponse 18712 bytes [200 OK]>.data
FAILED tests/test_admin.py::TestDeleteUser::test_teacher_cannot_delete_self - AttributeError: 'NoneType' object has no attribute 'id'
FAILED tests/test_admin.py::TestResetPassword::test_reset_password_strong - AttributeError: 'NoneType' object has no attribute 'id'
FAILED tests/test_admin.py::TestResetPassword::test_reset_password_weak_rejected - AttributeError: 'NoneType' object has no attribute 'id'
FAILED tests/test_admin.py::TestChallengeManagement::test_manage_challenges_page_loads - assert 302 == 200
 +  where 302 = <WrapperTestResponse streamed [302 FOUND]>.status_code
FAILED tests/test_admin.py::TestChallengeManagement::test_add_challenge_valid - assert 15 > 15
FAILED tests/test_admin.py::TestReset2FA::test_teacher_can_reset_student_2fa - assert True is False
 +  where True = <User has2fa_user (student)>.is_2fa_enabled
FAILED tests/test_auth.py::TestRegistration::test_register_valid_student - TypeError: 'in <string>' requires string as left operand, not bytes
FAILED tests/test_auth.py::TestRegistration::test_register_duplicate_email - assert b'already exists' in b'<!DOCTYPE html>\n<!--\n    base.html \xe2\x80\x94 Shared base template for CyberQuest\n    Authors: Susanta Dhakal (CIHE250321) & Pramesh Silwal (CIHE241339)\n    Fixed: Prashan Manandhar (CIHE241182) \xe2\x80\x94 removed broken url_for(\'home\')\n-->\n<html lang="en">\n<head>\n    <meta charset="UTF-8">\n    <meta name="viewport" content="width=device-width, initial-scale=1.0">\n    <meta name="description" content="CyberQuest \xe2\x80\x94 Cybersecurity Awareness Game for ICT932 CIHE">\n    <title>Challenges \xe2\x80\x94 CyberQuest | ICT932</title>\n\n    <!-- Bootstrap 5 CSS -->\n    <link href="https://cdn.jsdelivr.net/npm/bootstrap@5.3.0/dist/css/bootstrap.min.css" rel="stylesheet">\n    <!-- Bootstrap Icons -->\n    <link href="https://cdn.jsdelivr.net/npm/bootstrap-icons@1.11.0/font/bootstrap-icons.css" rel="stylesheet">\n    <!-- Google Fonts -->\n    <link href="https://fonts.googleapis.com/css2?family=Orbitron:wght@400;600;800&family=Rajdhani:wght@300;400;500;600&display=swap" rel="stylesheet">\n\n    <style>\n        /* \xe2\x94\x80\xe2\x94\x80 Design Tokens \xe2\x94\x80\xe2\x94\x80\xe2\x94\x80\xe2\x94\x80\xe2\x94\x80\xe2\x94\x80\xe2\x94\x80\xe2\x94\x80\xe2\x94\x80\xe2\x94\x80\xe2\x94\x80\xe2\x94\x80\xe2\x94\x80\xe2\x94\x80\xe2\x94\x80\xe2\x94\x80\xe2\x94\x80\xe2\x94\x80\xe2\x94\x80\xe2\x94\x80\xe2\x94\x80\xe2\x94\x80\xe2\x94\x80\xe2\x94\x80\xe2\x94\x80\xe2\x94\x80\xe2\x94\x80\xe2\x94\x80\xe2\x94\x80\xe2\x94\x80\xe2\x94\x80\xe2\x94\x80\xe2\x94\x80\xe2\x94\x80\xe2\x94\x80\xe2\x94\x80\xe2\x94\x80\xe2\x94\x80\xe2\x94\x80\xe2\x94\x80\xe2\x94\x80\xe2\x94\x80\xe2\x94\x80\xe2\x94\x80\xe2\x94\x80\xe2\x94\x80\xe2\x94\x80 */\n        :root {\n            --cq-navy:      #0D1B2A;\n            --cq-navy-mid:  #112233;\n            --cq-navy-light:#1A2E42;\n            --cq-cyan:      #00B4D8;\n            --cq-cyan-glow: #00D4FF;\n            --cq-green:     #00E676;\n            --cq-red:       #FF4D6D;\n            --cq-yellow:    #FFD60A;\n            --cq-text:      #E0EAF4;\n            --cq-text-muted:#7A9BB5;\n            --cq-border:    rgba(0, 180, 216, 0.2);\n            --cq-shadow:    0 4px 24px rgba(0, 180, 216, 0.12);\n            --cq-radius:    12px;\n            --font-heading: \'Orbitron\', monospace;\n            --font-body:    \'Rajdhani\', sans-serif;\n        }\n\n        *, *::before, *::after { box-sizing: border-box; }\n        html { scroll-behavior: smooth; }\n\n        body {\n            background-color: var(--cq-navy);\n            color: var(--cq-text);\n            font-family: var(--font-body);\n            font-size: 1.05rem;\n            min-height: 100vh;\n            display: flex;\n            flex-direction: column;\n        }\n\n        h1,h2,h3,h4,h5,h6 { font-family: var(--font-heading); }\n        main { flex: 1; }\n\n        /* \xe2\x94\x80\xe2\x94\x80 Navbar \xe2\x94\x80\xe2\x94\x80\xe2\x94\x80\xe2\x94\x80\xe2\x94\x80\xe2\x94\x80\xe2\x94\x80\xe2\x94\x80\xe2\x94\x80\xe2\x94\x80\xe2\x94\x80\xe2\x94\x80\xe2\x94\x80\xe2\x94\x80\xe2\x94\x80\xe2\x94\x80\xe2\x94\x80\xe2\x94\x80\xe2\x94\x80\xe2\x94\x80\xe2\x94\x80\xe2\x94\x80\xe2\x94\x80\xe2\x94\x80\xe2\x94\x80\xe2\x94\x80\xe2\x94\x80\xe2\x94\x80\xe2\x94\x80\xe2\x94\x80\xe2\x94\x80\xe2\x94\x80\xe2\x94\x80\xe2\x94\x80\xe2\x94\x80\xe2\x94\x80\xe2\x94\x80\xe2\x94\x80\xe2\x94\x80\xe2\x94\x80\xe2\x94\x80\xe2\x94\x80\xe2\x94\x80\xe2\x94\x80\xe2\x94\x80\xe2\x94\x80\xe2\x94\x80\xe2\x94\x80\xe2\x94\x80\xe2\x94\x80\xe2\x94\x80\xe2\x94\x80\xe2\x94\x80\xe2\x94\x80 */\n        .navbar-cyberquest {\n            background: rgba(13,27,42,0.97);\n            border-bottom: 1px solid var(--cq-border);\n            backdrop-filter: blur(10px);\n            padding: 0.75rem 0;\n            position: sticky; top: 0; z-index: 1000;\n        }\n        .navbar-brand-cq {\n            font-family: var(--font-heading); font-weight: 800;\n            font-size: 1.35rem; color: var(--cq-cyan) !important;\n            text-decoration: none; letter-spacing: 2px;\n            display: flex; align-items: center; gap: 0.5rem;\n        }\n        .navbar-brand-cq .brand-icon {\n            color: var(--cq-cyan-glow); font-size: 1.5rem;\n            filter: drop-shadow(0 0 6px var(--cq-cyan));\n        }\n        .navbar-brand-cq:hover { color: var(--cq-cyan-glow) !important; }\n        .nav-link-cq {\n            color: var(--cq-text-muted) !important;\n            font-family: var(--font-body); font-weight: 500;\n            font-size: 0.95rem; letter-spacing: 0.5px;\n            padding: 0.5rem 0.85rem !important;\n            border-radius: 6px;\n            transition: color 0.2s, background 0.2s;\n        }\n        .nav-link-cq:hover, .nav-link-cq.active {\n            color: var(--cq-cyan) !important;\n            background: rgba(0,180,216,0.08);\n        }\n        .btn-nav-login {\n            border: 1px solid var(--cq-cyan); color: var(--cq-cyan);\n            background: transparent; border-radius: 6px;\n            padding: 0.4rem 1rem; font-weight: 600; font-size: 0.9rem;\n            transition: all 0.2s;\n        }\n        .btn-nav-login:hover {\n            background: rgba(0,180,216,0.15); color: var(--cq-cyan-glow);\n        }\n        .btn-nav-register {\n            background: var(--cq-cyan); color: var(--cq-navy);\n            border: none; border-radius: 6px;\n            padding: 0.4rem 1rem; font-weight: 700; font-size: 0.9rem;\n            transition: all 0.2s;\n        }\n        .btn-nav-register:hover {\n            background: var(--cq-cyan-glow);\n            box-shadow: 0 4px 12px rgba(0,180,216,0.35);\n        }\n        .navbar-username { color: var(--cq-text-muted); font-size: 0.85rem; }\n        .navbar-username strong { color: var(--cq-cyan); }\n        .navbar-toggler { border-color: var(--cq-border); }\n        .navbar-toggler-icon { filter: invert(60%) sepia(80%) saturate(400%) hue-rotate(165deg); }\n\n        /* \xe2\x94\x80\xe2\x94\x80 Flash Messages \xe2\x94\x80\xe2\x94\x80\xe2\x94\x80\xe2\x94\x80\xe2\x94\x80\xe2\x94\x80\xe2\x94\x80\xe2\x94\x80\xe2\x94\x80\xe2\x94\x80\xe2\x94\x80\xe2\x94\x80\xe2\x94\x80\xe2\x94\x80\xe2\x94\x80\xe2\x94\x80\xe2\x94\x80\xe2\x94\x80\xe2\x94\x80\xe2\x94\x80\xe2\x94\x80\xe2\x94\x80\xe2\x94\x80\xe2\x94\x80\xe2\x94\x80\xe2\x94\x80\xe2\x94\x80\xe2\x94\x80\xe2\x94\x80\xe2\x94\x80\xe2\x94\x80\xe2\x94\x80\xe2\x94\x80\xe2\x94\x80\xe2\x94\x80\xe2\x94\x80\xe2\x94\x80\xe2\x94\x80\xe2\x94\x80\xe2\x94\x80\xe2\x94\x80\xe2\x94\x80\xe2\x94\x80\xe2\x94\x80\xe2\x94\x80\xe2\x94\x80 */\n        .flash-container { padding: 0.5rem 0; }\n        .alert-cq {\n            border-left: 4px solid; border-radius: 0 var(--cq-radius) var(--cq-radius) 0;\n            background: var(--cq-navy-mid); color: var(--cq-text);\n            border-top: none; border-right: none; border-bottom: none;\n            font-weight: 500;\n        }\n        .alert-cq.alert-success { border-color: var(--cq-green); }\n        .alert-cq.alert-danger  { border-color: var(--cq-red); }\n        .alert-cq.alert-info    { border-color: var(--cq-cyan); }\n        .alert-cq.alert-warning { border-color: var(--cq-yellow); }\n\n        /* \xe2\x94\x80\xe2\x94\x80 Dark Cards \xe2\x94\x80\xe2\x94\x80\xe2\x94\x80\xe2\x94\x80\xe2\x94\x80\xe2\x94\x80\xe2\x94\x80\xe2\x94\x80\xe2\x94\x80\xe2\x94\x80\xe2\x94\x80\xe2\x94\x80\xe2\x94\x80\xe2\x94\x80\xe2\x94\x80\xe2\x94\x80\xe2\x94\x80\xe2\x94\x80\xe2\x94\x80\xe2\x94\x80\xe2\x94\x80\xe2\x94\x80\xe2\x94\x80\xe2\x94\x80\xe2\x94\x80\xe2\x94\x80\xe2\x94\x80\xe2\x94\x80\xe2\x94\x80\xe2\x94\x80\xe2\x94\x80\xe2\x94\x80\xe2\x94\x80\xe2\x94\x80\xe2\x94\x80\xe2\x94\x80\xe2\x94\x80\xe2\x94\x80\xe2\x94\x80\xe2\x94\x80\xe2\x94\x80\xe2\x94\x80\xe2\x94\x80\xe2\x94\x80\xe2\x94\x80\xe2\x94\x80\xe2\x94\x80\xe2\x94\x80\xe2\x94\x80\xe2\x94\x80 */\n        .card-cq {\n            background: var(--cq-navy-mid);\n            border: 1px solid var(--cq-border);\n            border-radius: var(--cq-radius);\n            color: var(--cq-text);\n            box-shadow: var(--cq-shadow);\n        }\n        .card-cq .card-header {\n            background: var(--cq-navy-light);\n            border-bottom: 1px solid var(--cq-border);\n            color: var(--cq-text);\n            border-radius: var(--cq-radius) var(--cq-radius) 0 0;\n        }\n\n        /* \xe2\x94\x80\xe2\x94\x80 Dark Tables \xe2\x94\x80\xe2\x94\x80\xe2\x94\x80\xe2\x94\x80\xe2\x94\x80\xe2\x94\x80\xe2\x94\x80\xe2\x94\x80\xe2\x94\x80\xe2\x94\x80\xe2\x94\x80\xe2\x94\x80\xe2\x94\x80\xe2\x94\x80\xe2\x94\x80\xe2\x94\x80\xe2\x94\x80\xe2\x94\x80\xe2\x94\x80\xe2\x94\x80\xe2\x94\x80\xe2\x94\x80\xe2\x94\x80\xe2\x94\x80\xe2\x94\x80\xe2\x94\x80\xe2\x94\x80\xe2\x94\x80\xe2\x94\x80\xe2\x94\x80\xe2\x94\x80\xe2\x94\x80\xe2\x94\x80\xe2\x94\x80\xe2\x94\x80\xe2\x94\x80\xe2\x94\x80\xe2\x94\x80\xe2\x94\x80\xe2\x94\x80\xe2\x94\x80\xe2\x94\x80\xe2\x94\x80\xe2\x94\x80\xe2\x94\x80\xe2\x94\x80\xe2\x94\x80\xe2\x94\x80\xe2\x94\x80 */\n        .table-cq { color: var(--cq-text); }\n        .table-cq thead th {\n            background: var(--cq-navy-light);\n            color: var(--cq-cyan);\n            border-color: var(--cq-border);\n            font-family: var(--font-heading);\n            font-size: 0.8rem;\n            letter-spacing: 1px;\n        }\n        .table-cq tbody tr {\n            border-color: var(--cq-border);\n        }\n        .table-cq tbody tr:hover {\n            background: rgba(0,180,216,0.05);\n        }\n        .table-cq td, .table-cq th {\n            border-color: var(--cq-border);\n            vertical-align: middle;\n        }\n\n        /* \xe2\x94\x80\xe2\x94\x80 Dark Forms \xe2\x94\x80\xe2\x94\x80\xe2\x94\x80\xe2\x94\x80\xe2\x94\x80\xe2\x94\x80\xe2\x94\x80\xe2\x94\x80\xe2\x94\x80\xe2\x94\x80\xe2\x94\x80\xe2\x94\x80\xe2\x94\x80\xe2\x94\x80\xe2\x94\x80\xe2\x94\x80\xe2\x94\x80\xe2\x94\x80\xe2\x94\x80\xe2\x94\x80\xe2\x94\x80\xe2\x94\x80\xe2\x94\x80\xe2\x94\x80\xe2\x94\x80\xe2\x94\x80\xe2\x94\x80\xe2\x94\x80\xe2\x94\x80\xe2\x94\x80\xe2\x94\x80\xe2\x94\x80\xe2\x94\x80\xe2\x94\x80\xe2\x94\x80\xe2\x94\x80\xe2\x94\x80\xe2\x94\x80\xe2\x94\x80\xe2\x94\x80\xe2\x94\x80\xe2\x94\x80\xe2\x94\x80\xe2\x94\x80\xe2\x94\x80\xe2\x94\x80\xe2\x94\x80\xe2\x94\x80\xe2\x94\x80\xe2\x94\x80 */\n        .form-control-cq, .form-select-cq {\n            background: var(--cq-navy-light);\n            border: 1px solid var(--cq-border);\n            color: var(--cq-text);\n            border-radius: 8px;\n        }\n        .form-control-cq:focus, .form-select-cq:focus {\n            background: var(--cq-navy-light);\n            border-color: var(--cq-cyan);\n            color: var(--cq-text);\n            box-shadow: 0 0 0 3px rgba(0,180,216,0.2);\n        }\n        .form-control-cq::placeholder { color: var(--cq-text-muted); }\n\n        /* \xe2\x94\x80\xe2\x94\x80 CyberQuest Buttons \xe2\x94\x80\xe2\x94\x80\xe2\x94\x80\xe2\x94\x80\xe2\x94\x80\xe2\x94\x80\xe2\x94\x80\xe2\x94\x80\xe2\x94\x80\xe2\x94\x80\xe2\x94\x80\xe2\x94\x80\xe2\x94\x80\xe2\x94\x80\xe2\x94\x80\xe2\x94\x80\xe2\x94\x80\xe2\x94\x80\xe2\x94\x80\xe2\x94\x80\xe2\x94\x80\xe2\x94\x80\xe2\x94\x80\xe2\x94\x80\xe2\x94\x80\xe2\x94\x80\xe2\x94\x80\xe2\x94\x80\xe2\x94\x80\xe2\x94\x80\xe2\x94\x80\xe2\x94\x80\xe2\x94\x80\xe2\x94\x80\xe2\x94\x80\xe2\x94\x80\xe2\x94\x80\xe2\x94\x80\xe2\x94\x80\xe2\x94\x80\xe2\x94\x80\xe2\x94\x80 */\n        .btn-cq-primary {\n            background: var(--cq-cyan); color: var(--cq-navy);\n            border: none; font-weight: 700; border-radius: 8px;\n            font-family: var(--font-body); letter-spacing: 0.5px;\n            transition: all 0.2s;\n        }\n        .btn-cq-primary:hover {\n            background: var(--cq-cyan-glow);\n            box-shadow: 0 4px 16px rgba(0,180,216,0.4);\n        }\n        .btn-cq-outline {\n            border: 1px solid var(--cq-cyan); color: var(--cq-cyan);\n            background: transparent; border-radius: 8px;\n            font-weight: 600; transition: all 0.2s;\n        }\n        .btn-cq-outline:hover {\n            background: rgba(0,180,216,0.12); color: var(--cq-cyan-glow);\n        }\n        .btn-cq-danger {\n            border: 1px solid var(--cq-red); color: var(--cq-red);\n            background: transparent; border-radius: 8px;\n            font-weight: 600; transition: all 0.2s;\n        }\n        .btn-cq-danger:hover { background: rgba(255,77,109,0.12); }\n\n        /* \xe2\x94\x80\xe2\x94\x80 Badges / Pills \xe2\x94\x80\xe2\x94\x80\xe2\x94\x80\xe2\x94\x80\xe2\x94\x80\xe2\x94\x80\xe2\x94\x80\xe2\x94\x80\xe2\x94\x80\xe2\x94\x80\xe2\x94\x80\xe2\x94\x80\xe2\x94\x80\xe2\x94\x80\xe2\x94\x80\xe2\x94\x80\xe2\x94\x80\xe2\x94\x80\xe2\x94\x80\xe2\x94\x80\xe2\x94\x80\xe2\x94\x80\xe2\x94\x80\xe2\x94\x80\xe2\x94\x80\xe2\x94\x80\xe2\x94\x80\xe2\x94\x80\xe2\x94\x80\xe2\x94\x80\xe2\x94\x80\xe2\x94\x80\xe2\x94\x80\xe2\x94\x80\xe2\x94\x80\xe2\x94\x80\xe2\x94\x80\xe2\x94\x80\xe2\x94\x80\xe2\x94\x80\xe2\x94\x80\xe2\x94\x80\xe2\x94\x80\xe2\x94\x80\xe2\x94\x80\xe2\x94\x80 */\n        .badge-cq-cyan {\n            background: rgba(0,180,216,0.15);\n            color: var(--cq-cyan);\n            border: 1px solid var(--cq-border);\n            border-radius: 20px; padding: 0.3rem 0.8rem;\n            font-size: 0.8rem; font-weight: 600;\n        }\n        .badge-cq-gold {\n            background: rgba(255,214,10,0.15);\n            color: var(--cq-yellow);\n            border: 1px solid rgba(255,214,10,0.3);\n            border-radius: 20px; padding: 0.3rem 0.8rem;\n            font-size: 0.8rem; font-weight: 600;\n        }\n\n        /* \xe2\x94\x80\xe2\x94\x80 Progress bars \xe2\x94\x80\xe2\x94\x80\xe2\x94\x80\xe2\x94\x80\xe2\x94\x80\xe2\x94\x80\xe2\x94\x80\xe2\x94\x80\xe2\x94\x80\xe2\x94\x80\xe2\x94\x80\xe2\x94\x80\xe2\x94\x80\xe2\x94\x80\xe2\x94\x80\xe2\x94\x80\xe2\x94\x80\xe2\x94\x80\xe2\x94\x80\xe2\x94\x80\xe2\x94\x80\xe2\x94\x80\xe2\x94\x80\xe2\x94\x80\xe2\x94\x80\xe2\x94\x80\xe2\x94\x80\xe2\x94\x80\xe2\x94\x80\xe2\x94\x80\xe2\x94\x80\xe2\x94\x80\xe2\x94\x80\xe2\x94\x80\xe2\x94\x80\xe2\x94\x80\xe2\x94\x80\xe2\x94\x80\xe2\x94\x80\xe2\x94\x80\xe2\x94\x80\xe2\x94\x80\xe2\x94\x80\xe2\x94\x80\xe2\x94\x80\xe2\x94\x80\xe2\x94\x80 */\n        .progress-cq {\n            background: var(--cq-navy-light);\n            border-radius: 10px; height: 8px;\n        }\n        .progress-cq .progress-bar {\n            background: linear-gradient(90deg, var(--cq-cyan), var(--cq-green));\n            border-radius: 10px;\n        }\n\n        /* \xe2\x94\x80\xe2\x94\x80 Stat Cards \xe2\x94\x80\xe2\x94\x80\xe2\x94\x80\xe2\x94\x80\xe2\x94\x80\xe2\x94\x80\xe2\x94\x80\xe2\x94\x80\xe2\x94\x80\xe2\x94\x80\xe2\x94\x80\xe2\x94\x80\xe2\x94\x80\xe2\x94\x80\xe2\x94\x80\xe2\x94\x80\xe2\x94\x80\xe2\x94\x80\xe2\x94\x80\xe2\x94\x80\xe2\x94\x80\xe2\x94\x80\xe2\x94\x80\xe2\x94\x80\xe2\x94\x80\xe2\x94\x80\xe2\x94\x80\xe2\x94\x80\xe2\x94\x80\xe2\x94\x80\xe2\x94\x80\xe2\x94\x80\xe2\x94\x80\xe2\x94\x80\xe2\x94\x80\xe2\x94\x80\xe2\x94\x80\xe2\x94\x80\xe2\x94\x80\xe2\x94\x80\xe2\x94\x80\xe2\x94\x80\xe2\x94\x80\xe2\x94\x80\xe2\x94\x80\xe2\x94\x80\xe2\x94\x80\xe2\x94\x80\xe2\x94\x80\xe2\x94\x80 */\n        .stat-card {\n            background: var(--cq-navy-mid);\n            border: 1px solid var(--cq-border);\n            border-radius: var(--cq-radius);\n            padding: 1.5rem 1rem;\n            text-align: center;\n            transition: border-color 0.2s, transform 0.2s;\n        }\n        .stat-card:hover {\n            border-color: var(--cq-cyan);\n            transform: translateY(-2px);\n        }\n        .stat-card .stat-number {\n            font-family: var(--font-heading); font-size: 2rem;\n            font-weight: 800;\n        }\n        .stat-card .stat-label { color: var(--cq-text-muted); font-size: 0.85rem; }\n\n        /* \xe2\x94\x80\xe2\x94\x80 Footer \xe2\x94\x80\xe2\x94\x80\xe2\x94\x80\xe2\x94\x80\xe2\x94\x80\xe2\x94\x80\xe2\x94\x80\xe2\x94\x80\xe2\x94\x80\xe2\x94\x80\xe2\x94\x80\xe2\x94\x80\xe2\x94\x80\xe2\x94\x80\xe2\x94\x80\xe2\x94\x80\xe2\x94\x80\xe2\x94\x80\xe2\x94\x80\xe2\x94\x80\xe2\x94\x80\xe2\x94\x80\xe2\x94\x80\xe2\x94\x80\xe2\x94\x80\xe2\x94\x80\xe2\x94\x80\xe2\x94\x80\xe2\x94\x80\xe2\x94\x80\xe2\x94\x80\xe2\x94\x80\xe2\x94\x80\xe2\x94\x80\xe2\x94\x80\xe2\x94\x80\xe2\x94\x80\xe2\x94\x80\xe2\x94\x80\xe2\x94\x80\xe2\x94\x80\xe2\x94\x80\xe2\x94\x80\xe2\x94\x80\xe2\x94\x80\xe2\x94\x80\xe2\x94\x80\xe2\x94\x80\xe2\x94\x80\xe2\x94\x80\xe2\x94\x80\xe2\x94\x80\xe2\x94\x80\xe2\x94\x80 */\n        .footer-cq {\n            background: var(--cq-navy-mid);\n            border-top: 1px solid var(--cq-border);\n            padding: 1.5rem 0;\n            margin-top: auto;\n        }\n        .footer-brand {\n            font-family: var(--font-heading); font-weight: 800;\n            color: var(--cq-cyan); font-size: 1rem; letter-spacing: 2px;\n        }\n        .footer-text { color: var(--cq-text-muted); font-size: 0.85rem; }\n        .footer-team { color: var(--cq-cyan); font-size: 0.85rem; font-weight: 600; }\n\n        /* \xe2\x94\x80\xe2\x94\x80 Scrollbar \xe2\x94\x80\xe2\x94\x80\xe2\x94\x80\xe2\x94\x80\xe2\x94\x80\xe2\x94\x80\xe2\x94\x80\xe2\x94\x80\xe2\x94\x80\xe2\x94\x80\xe2\x94\x80\xe2\x94\x80\xe2\x94\x80\xe2\x94\x80\xe2\x94\x80\xe2\x94\x80\xe2\x94\x80\xe2\x94\x80\xe2\x94\x80\xe2\x94\x80\xe2\x94\x80\xe2\x94\x80\xe2\x94\x80\xe2\x94\x80\xe2\x94\x80\xe2\x94\x80\xe2\x94\x80\xe2\x94\x80\xe2\x94\x80\xe2\x94\x80\xe2\x94\x80\xe2\x94\x80\xe2\x94\x80\xe2\x94\x80\xe2\x94\x80\xe2\x94\x80\xe2\x94\x80\xe2\x94\x80\xe2\x94\x80\xe2\x94\x80\xe2\x94\x80\xe2\x94\x80\xe2\x94\x80\xe2\x94\x80\xe2\x94\x80\xe2\x94\x80\xe2\x94\x80\xe2\x94\x80\xe2\x94\x80\xe2\x94\x80\xe2\x94\x80 */\n        ::-webkit-scrollbar { width: 6px; }\n        ::-webkit-scrollbar-track { background: var(--cq-navy); }\n        ::-webkit-scrollbar-thumb { background: var(--cq-navy-light); border-radius: 3px; }\n        ::-webkit-scrollbar-thumb:hover { background: var(--cq-cyan); }\n    </style>\n\n    \n</head>\n\n<body>\n\n<!-- \xe2\x94\x80\xe2\x94\x80 Navbar \xe2\x94\x80\xe2\x94\x80\xe2\x94\x80\xe2\x94\x80\xe2\x94\x80\xe2\x94\x80\xe2\x94\x80\xe2\x94\x80\xe2\x94\x80\xe2\x94\x80\xe2\x94\x80\xe2\x94\x80\xe2\x94\x80\xe2\x94\x80\xe2\x94\x80\xe2\x94\x80\xe2\x94\x80\xe2\x94\x80\xe2\x94\x80\xe2\x94\x80\xe2\x94\x80\xe2\x94\x80\xe2\x94\x80\xe2\x94\x80\xe2\x94\x80\xe2\x94\x80\xe2\x94\x80\xe2\x94\x80\xe2\x94\x80\xe2\x94\x80\xe2\x94\x80\xe2\x94\x80\xe2\x94\x80\xe2\x94\x80\xe2\x94\x80\xe2\x94\x80\xe2\x94\x80\xe2\x94\x80\xe2\x94\x80\xe2\x94\x80\xe2\x94\x80\xe2\x94\x80\xe2\x94\x80\xe2\x94\x80\xe2\x94\x80\xe2\x94\x80\xe2\x94\x80\xe2\x94\x80\xe2\x94\x80\xe2\x94\x80\xe2\x94\x80\xe2\x94\x80\xe2\x94\x80\xe2\x94\x80\xe2\x94\x80\xe2\x94\x80\xe2\x94\x80\xe2\x94\x80\xe2\x94\x80\xe2\x94\x80\xe2\x94\x80 -->\n<nav class="navbar navbar-expand-lg navbar-cyberquest">\n    <div class="container">\n        <!-- Fixed: use auth.login instead of non-existent \'home\' route -->\n        <a class="navbar-brand-cq"\n           href="/challenges">\n            <i class="bi bi-shield-fill-check brand-icon"></i>\n            CYBER<span style="color:#fff;">QUEST</span>\n        </a>\n\n        <button class="navbar-toggler" type="button"\n                data-bs-toggle="collapse" data-bs-target="#navbarMain">\n            <span class="navbar-toggler-icon"></span>\n        </button>\n\n        <div class="collapse navbar-collapse" id="navbarMain">\n            \n            <ul class="navbar-nav me-auto mb-2 mb-lg-0">\n                \n                <li class="nav-item">\n                    <a class="nav-link nav-link-cq" href="/challenges">\n                        <i class="bi bi-controller me-1"></i> Challenges\n                    </a>\n                </li>\n                <li class="nav-item">\n                    <a class="nav-link nav-link-cq" href="/progress">\n                        <i class="bi bi-bar-chart-fill me-1"></i> My Progress\n                    </a>\n                </li>\n                <li class="nav-item">\n                    <a class="nav-link nav-link-cq" href="/result">\n                        <i class="bi bi-trophy me-1"></i> Results\n                    </a>\n                </li>\n                \n            </ul>\n            \n\n            <div class="d-flex align-items-center gap-2">\n                \n                    <span class="navbar-username d-none d-md-inline">\n                        <i class="bi bi-person-circle me-1"></i>\n                        <strong>newstudent_test</strong>\n                        <span class="badge ms-1"\n                              style="background:rgba(0,180,216,0.15);\n                                     color:var(--cq-cyan); font-size:0.7rem;">\n                            Student\n                        </span>\n                    </span>\n                    \n                    <a href="/2fa/setup"\n                       class="btn-nav-login btn"\n                       title="2FA Settings">\n                        <i class="bi bi-shield-lock"></i>\n                    </a>\n                    \n                    <a href="/logout" class="btn-nav-login btn">\n                        <i class="bi bi-box-arrow-right me-1"></i> Logout\n                    </a>\n                \n            </div>\n        </div>\n    </div>\n</nav>\n\n<!-- \xe2\x94\x80\xe2\x94\x80 Flash Messages (handled once here, not in child templates) \xe2\x94\x80\xe2\x94\x80\xe2\x94\x80\xe2\x94\x80\xe2\x94\x80\xe2\x94\x80\xe2\x94\x80\xe2\x94\x80\xe2\x94\x80\xe2\x94\x80 -->\n<div class="flash-container">\n    <div class="container">\n        \n            \n        \n    </div>\n</div>\n\n<!-- \xe2\x94\x80\xe2\x94\x80 Main Content \xe2\x94\x80\xe2\x94\x80\xe2\x94\x80\xe2\x94\x80\xe2\x94\x80\xe2\x94\x80\xe2\x94\x80\xe2\x94\x80\xe2\x94\x80\xe2\x94\x80\xe2\x94\x80\xe2\x94\x80\xe2\x94\x80\xe2\x94\x80\xe2\x94\x80\xe2\x94\x80\xe2\x94\x80\xe2\x94\x80\xe2\x94\x80\xe2\x94\x80\xe2\x94\x80\xe2\x94\x80\xe2\x94\x80\xe2\x94\x80\xe2\x94\x80\xe2\x94\x80\xe2\x94\x80\xe2\x94\x80\xe2\x94\x80\xe2\x94\x80\xe2\x94\x80\xe2\x94\x80\xe2\x94\x80\xe2\x94\x80\xe2\x94\x80\xe2\x94\x80\xe2\x94\x80\xe2\x94\x80\xe2\x94\x80\xe2\x94\x80\xe2\x94\x80\xe2\x94\x80\xe2\x94\x80\xe2\x94\x80\xe2\x94\x80\xe2\x94\x80\xe2\x94\x80\xe2\x94\x80\xe2\x94\x80\xe2\x94\x80\xe2\x94\x80\xe2\x94\x80\xe2\x94\x80\xe2\x94\x80\xe2\x94\x80\xe2\x94\x80 -->\n<main>\n    \n<div class="container py-4">\n\n  <div class="d-flex justify-content-between align-items-center mb-4">\n    <div>\n      <h2 class="mb-0" style="color:var(--cq-cyan);">\xf0\x9f\x9b\xa1\xef\xb8\x8f Challenge Categories</h2>\n      <p style="color:var(--cq-text-muted);" class="mb-0">Choose a category to start earning points</p>\n    </div>\n    <div class="text-end">\n      <span class="badge-cq-gold fs-6 px-3 py-2">\xe2\xad\x90 0 pts</span>\n      <a href="/progress" class="btn btn-cq-outline ms-2">\xf0\x9f\x93\x8a My Progress</a>\n    </div>\n  </div>\n\n  <!-- Category Cards -->\n  <div class="row g-4 mb-5">\n    \n    <div class="col-md-4">\n      <div class="card-cq h-100 p-4 text-center" style="transition:border-color 0.2s,transform 0.2s;"\n           onmouseover="this.style.borderColor=\'var(--cq-cyan)\';this.style.transform=\'translateY(-4px)\'"\n           onmouseout="this.style.borderColor=\'var(--cq-border)\';this.style.transform=\'none\'">\n        <div style="font-size:3.5rem;" class="mb-3">\xf0\x9f\x8e\xa3</div>\n        <h4 style="color:var(--cq-cyan);">Phishing Awareness</h4>\n        <p style="color:var(--cq-text-muted);" class="small mb-3">Learn to spot phishing emails and social engineering attacks.</p>\n\n        <div class="mb-3">\n          <div class="d-flex justify-content-between small mb-1"\n               style="color:var(--cq-text-muted);">\n            <span>Progress</span>\n            <span>0/5</span>\n          </div>\n          <div class="progress-cq">\n            <div class="progress-bar" role="progressbar"\n                 style="width:0%">\n            </div>\n          </div>\n        </div>\n\n        <a href="/challenge/phishing"\n           class="btn btn-cq-primary w-100 fw-bold">\n          \xf0\x9f\x9a\x80 Start\n        </a>\n      </div>\n    </div>\n    \n    <div class="col-md-4">\n      <div class="card-cq h-100 p-4 text-center" style="transition:border-color 0.2s,transform 0.2s;"\n           onmouseover="this.style.borderColor=\'var(--cq-cyan)\';this.style.transform=\'translateY(-4px)\'"\n           onmouseout="this.style.borderColor=\'var(--cq-border)\';this.style.transform=\'none\'">\n        <div style="font-size:3.5rem;" class="mb-3">\xf0\x9f\x94\x90</div>\n        <h4 style="color:var(--cq-cyan);">Password Security</h4>\n        <p style="color:var(--cq-text-muted);" class="small mb-3">Master the art of strong passwords and authentication.</p>\n\n        <div class="mb-3">\n          <div class="d-flex justify-content-between small mb-1"\n               style="color:var(--cq-text-muted);">\n            <span>Progress</span>\n            <span>0/5</span>\n          </div>\n          <div class="progress-cq">\n            <div class="progress-bar" role="progressbar"\n                 style="width:0%">\n            </div>\n          </div>\n        </div>\n\n        <a href="/challenge/password"\n           class="btn btn-cq-primary w-100 fw-bold">\n          \xf0\x9f\x9a\x80 Start\n        </a>\n      </div>\n    </div>\n    \n    <div class="col-md-4">\n      <div class="card-cq h-100 p-4 text-center" style="transition:border-color 0.2s,transform 0.2s;"\n           onmouseover="this.style.borderColor=\'var(--cq-cyan)\';this.style.transform=\'translateY(-4px)\'"\n           onmouseout="this.style.borderColor=\'var(--cq-border)\';this.style.transform=\'none\'">\n        <div style="font-size:3.5rem;" class="mb-3">\xf0\x9f\x8c\x90</div>\n        <h4 style="color:var(--cq-cyan);">Safe Browsing</h4>\n        <p style="color:var(--cq-text-muted);" class="small mb-3">Stay safe online \xe2\x80\x94 VPNs, HTTPS, and browser threats.</p>\n\n        <div class="mb-3">\n          <div class="d-flex justify-content-between small mb-1"\n               style="color:var(--cq-text-muted);">\n            <span>Progress</span>\n            <span>0/5</span>\n          </div>\n          <div class="progress-cq">\n            <div class="progress-bar" role="progressbar"\n                 style="width:0%">\n            </div>\n          </div>\n        </div>\n\n        <a href="/challenge/browsing"\n           class="btn btn-cq-primary w-100 fw-bold">\n          \xf0\x9f\x9a\x80 Start\n        </a>\n      </div>\n    </div>\n    \n  </div>\n\n  <!-- Badges -->\n  \n\n</div>\n\n</main>\n\n<!-- \xe2\x94\x80\xe2\x94\x80 Footer \xe2\x94\x80\xe2\x94\x80\xe2\x94\x80\xe2\x94\x80\xe2\x94\x80\xe2\x94\x80\xe2\x94\x80\xe2\x94\x80\xe2\x94\x80\xe2\x94\x80\xe2\x94\x80\xe2\x94\x80\xe2\x94\x80\xe2\x94\x80\xe2\x94\x80\xe2\x94\x80\xe2\x94\x80\xe2\x94\x80\xe2\x94\x80\xe2\x94\x80\xe2\x94\x80\xe2\x94\x80\xe2\x94\x80\xe2\x94\x80\xe2\x94\x80\xe2\x94\x80\xe2\x94\x80\xe2\x94\x80\xe2\x94\x80\xe2\x94\x80\xe2\x94\x80\xe2\x94\x80\xe2\x94\x80\xe2\x94\x80\xe2\x94\x80\xe2\x94\x80\xe2\x94\x80\xe2\x94\x80\xe2\x94\x80\xe2\x94\x80\xe2\x94\x80\xe2\x94\x80\xe2\x94\x80\xe2\x94\x80\xe2\x94\x80\xe2\x94\x80\xe2\x94\x80\xe2\x94\x80\xe2\x94\x80\xe2\x94\x80\xe2\x94\x80\xe2\x94\x80\xe2\x94\x80\xe2\x94\x80\xe2\x94\x80\xe2\x94\x80\xe2\x94\x80\xe2\x94\x80\xe2\x94\x80\xe2\x94\x80\xe2\x94\x80 -->\n<footer class="footer-cq">\n    <div class="container">\n        <div class="row align-items-center">\n            <div class="col-md-3 mb-2 mb-md-0">\n                <div class="footer-brand"><i class="bi bi-shield-fill-check me-2"></i>CYBERQUEST</div>\n                <div class="footer-text">Cybersecurity Awareness Game</div>\n            </div>\n            <div class="col-md-5 mb-2 mb-md-0">\n                <div class="footer-text">\n                    <i class="bi bi-mortarboard-fill me-1"></i>\n                    ICT932 \xe2\x80\x94 Cybersecurity Testing and Assurance<br>\n                    Crown Institute of Higher Education (CIHE) \xc2\xa9 2026\n                </div>\n            </div>\n            <div class="col-md-4 text-md-end">\n                <div class="footer-team">\n                    Prashan Manandhar | Raju Kshetri | Pramesh Silwal | Susanta Dhakal\n                </div>\n            </div>\n        </div>\n    </div>\n</footer>\n\n<script src="https://cdn.jsdelivr.net/npm/bootstrap@5.3.0/dist/js/bootstrap.bundle.min.js"></script>\n\n\n</body>\n</html>'
 +  where b'<!DOCTYPE html>\n<!--\n    base.html \xe2\x80\x94 Shared base template for CyberQuest\n    Authors: Susanta Dhakal (CIHE250321) & Pramesh Silwal (CIHE241339)\n    Fixed: Prashan Manandhar (CIHE241182) \xe2\x80\x94 removed broken url_for(\'home\')\n-->\n<html lang="en">\n<head>\n    <meta charset="UTF-8">\n    <meta name="viewport" content="width=device-width, initial-scale=1.0">\n    <meta name="description" content="CyberQuest \xe2\x80\x94 Cybersecurity Awareness Game for ICT932 CIHE">\n    <title>Challenges \xe2\x80\x94 CyberQuest | ICT932</title>\n\n    <!-- Bootstrap 5 CSS -->\n    <link href="https://cdn.jsdelivr.net/npm/bootstrap@5.3.0/dist/css/bootstrap.min.css" rel="stylesheet">\n    <!-- Bootstrap Icons -->\n    <link href="https://cdn.jsdelivr.net/npm/bootstrap-icons@1.11.0/font/bootstrap-icons.css" rel="stylesheet">\n    <!-- Google Fonts -->\n    <link href="https://fonts.googleapis.com/css2?family=Orbitron:wght@400;600;800&family=Rajdhani:wght@300;400;500;600&display=swap" rel="stylesheet">\n\n    <style>\n        /* \xe2\x94\x80\xe2\x94\x80 Design Tokens \xe2\x94\x80\xe2\x94\x80\xe2\x94\x80\xe2\x94\x80\xe2\x94\x80\xe2\x94\x80\xe2\x94\x80\xe2\x94\x80\xe2\x94\x80\xe2\x94\x80\xe2\x94\x80\xe2\x94\x80\xe2\x94\x80\xe2\x94\x80\xe2\x94\x80\xe2\x94\x80\xe2\x94\x80\xe2\x94\x80\xe2\x94\x80\xe2\x94\x80\xe2\x94\x80\xe2\x94\x80\xe2\x94\x80\xe2\x94\x80\xe2\x94\x80\xe2\x94\x80\xe2\x94\x80\xe2\x94\x80\xe2\x94\x80\xe2\x94\x80\xe2\x94\x80\xe2\x94\x80\xe2\x94\x80\xe2\x94\x80\xe2\x94\x80\xe2\x94\x80\xe2\x94\x80\xe2\x94\x80\xe2\x94\x80\xe2\x94\x80\xe2\x94\x80\xe2\x94\x80\xe2\x94\x80\xe2\x94\x80\xe2\x94\x80\xe2\x94\x80\xe2\x94\x80 */\n        :root {\n            --cq-navy:      #0D1B2A;\n            --cq-navy-mid:  #112233;\n            --cq-navy-light:#1A2E42;\n            --cq-cyan:      #00B4D8;\n            --cq-cyan-glow: #00D4FF;\n            --cq-green:     #00E676;\n            --cq-red:       #FF4D6D;\n            --cq-yellow:    #FFD60A;\n            --cq-text:      #E0EAF4;\n            --cq-text-muted:#7A9BB5;\n            --cq-border:    rgba(0, 180, 216, 0.2);\n            --cq-shadow:    0 4px 24px rgba(0, 180, 216, 0.12);\n            --cq-radius:    12px;\n            --font-heading: \'Orbitron\', monospace;\n            --font-body:    \'Rajdhani\', sans-serif;\n        }\n\n        *, *::before, *::after { box-sizing: border-box; }\n        html { scroll-behavior: smooth; }\n\n        body {\n            background-color: var(--cq-navy);\n            color: var(--cq-text);\n            font-family: var(--font-body);\n            font-size: 1.05rem;\n            min-height: 100vh;\n            display: flex;\n            flex-direction: column;\n        }\n\n        h1,h2,h3,h4,h5,h6 { font-family: var(--font-heading); }\n        main { flex: 1; }\n\n        /* \xe2\x94\x80\xe2\x94\x80 Navbar \xe2\x94\x80\xe2\x94\x80\xe2\x94\x80\xe2\x94\x80\xe2\x94\x80\xe2\x94\x80\xe2\x94\x80\xe2\x94\x80\xe2\x94\x80\xe2\x94\x80\xe2\x94\x80\xe2\x94\x80\xe2\x94\x80\xe2\x94\x80\xe2\x94\x80\xe2\x94\x80\xe2\x94\x80\xe2\x94\x80\xe2\x94\x80\xe2\x94\x80\xe2\x94\x80\xe2\x94\x80\xe2\x94\x80\xe2\x94\x80\xe2\x94\x80\xe2\x94\x80\xe2\x94\x80\xe2\x94\x80\xe2\x94\x80\xe2\x94\x80\xe2\x94\x80\xe2\x94\x80\xe2\x94\x80\xe2\x94\x80\xe2\x94\x80\xe2\x94\x80\xe2\x94\x80\xe2\x94\x80\xe2\x94\x80\xe2\x94\x80\xe2\x94\x80\xe2\x94\x80\xe2\x94\x80\xe2\x94\x80\xe2\x94\x80\xe2\x94\x80\xe2\x94\x80\xe2\x94\x80\xe2\x94\x80\xe2\x94\x80\xe2\x94\x80\xe2\x94\x80\xe2\x94\x80\xe2\x94\x80 */\n        .navbar-cyberquest {\n            background: rgba(13,27,42,0.97);\n            border-bottom: 1px solid var(--cq-border);\n            backdrop-filter: blur(10px);\n            padding: 0.75rem 0;\n            position: sticky; top: 0; z-index: 1000;\n        }\n        .navbar-brand-cq {\n            font-family: var(--font-heading); font-weight: 800;\n            font-size: 1.35rem; color: var(--cq-cyan) !important;\n            text-decoration: none; letter-spacing: 2px;\n            display: flex; align-items: center; gap: 0.5rem;\n        }\n        .navbar-brand-cq .brand-icon {\n            color: var(--cq-cyan-glow); font-size: 1.5rem;\n            filter: drop-shadow(0 0 6px var(--cq-cyan));\n        }\n        .navbar-brand-cq:hover { color: var(--cq-cyan-glow) !important; }\n        .nav-link-cq {\n            color: var(--cq-text-muted) !important;\n            font-family: var(--font-body); font-weight: 500;\n            font-size: 0.95rem; letter-spacing: 0.5px;\n            padding: 0.5rem 0.85rem !important;\n            border-radius: 6px;\n            transition: color 0.2s, background 0.2s;\n        }\n        .nav-link-cq:hover, .nav-link-cq.active {\n            color: var(--cq-cyan) !important;\n            background: rgba(0,180,216,0.08);\n        }\n        .btn-nav-login {\n            border: 1px solid var(--cq-cyan); color: var(--cq-cyan);\n            background: transparent; border-radius: 6px;\n            padding: 0.4rem 1rem; font-weight: 600; font-size: 0.9rem;\n            transition: all 0.2s;\n        }\n        .btn-nav-login:hover {\n            background: rgba(0,180,216,0.15); color: var(--cq-cyan-glow);\n        }\n        .btn-nav-register {\n            background: var(--cq-cyan); color: var(--cq-navy);\n            border: none; border-radius: 6px;\n            padding: 0.4rem 1rem; font-weight: 700; font-size: 0.9rem;\n            transition: all 0.2s;\n        }\n        .btn-nav-register:hover {\n            background: var(--cq-cyan-glow);\n            box-shadow: 0 4px 12px rgba(0,180,216,0.35);\n        }\n        .navbar-username { color: var(--cq-text-muted); font-size: 0.85rem; }\n        .navbar-username strong { color: var(--cq-cyan); }\n        .navbar-toggler { border-color: var(--cq-border); }\n        .navbar-toggler-icon { filter: invert(60%) sepia(80%) saturate(400%) hue-rotate(165deg); }\n\n        /* \xe2\x94\x80\xe2\x94\x80 Flash Messages \xe2\x94\x80\xe2\x94\x80\xe2\x94\x80\xe2\x94\x80\xe2\x94\x80\xe2\x94\x80\xe2\x94\x80\xe2\x94\x80\xe2\x94\x80\xe2\x94\x80\xe2\x94\x80\xe2\x94\x80\xe2\x94\x80\xe2\x94\x80\xe2\x94\x80\xe2\x94\x80\xe2\x94\x80\xe2\x94\x80\xe2\x94\x80\xe2\x94\x80\xe2\x94\x80\xe2\x94\x80\xe2\x94\x80\xe2\x94\x80\xe2\x94\x80\xe2\x94\x80\xe2\x94\x80\xe2\x94\x80\xe2\x94\x80\xe2\x94\x80\xe2\x94\x80\xe2\x94\x80\xe2\x94\x80\xe2\x94\x80\xe2\x94\x80\xe2\x94\x80\xe2\x94\x80\xe2\x94\x80\xe2\x94\x80\xe2\x94\x80\xe2\x94\x80\xe2\x94\x80\xe2\x94\x80\xe2\x94\x80\xe2\x94\x80\xe2\x94\x80 */\n        .flash-container { padding: 0.5rem 0; }\n        .alert-cq {\n            border-left: 4px solid; border-radius: 0 var(--cq-radius) var(--cq-radius) 0;\n            background: var(--cq-navy-mid); color: var(--cq-text);\n            border-top: none; border-right: none; border-bottom: none;\n            font-weight: 500;\n        }\n        .alert-cq.alert-success { border-color: var(--cq-green); }\n        .alert-cq.alert-danger  { border-color: var(--cq-red); }\n        .alert-cq.alert-info    { border-color: var(--cq-cyan); }\n        .alert-cq.alert-warning { border-color: var(--cq-yellow); }\n\n        /* \xe2\x94\x80\xe2\x94\x80 Dark Cards \xe2\x94\x80\xe2\x94\x80\xe2\x94\x80\xe2\x94\x80\xe2\x94\x80\xe2\x94\x80\xe2\x94\x80\xe2\x94\x80\xe2\x94\x80\xe2\x94\x80\xe2\x94\x80\xe2\x94\x80\xe2\x94\x80\xe2\x94\x80\xe2\x94\x80\xe2\x94\x80\xe2\x94\x80\xe2\x94\x80\xe2\x94\x80\xe2\x94\x80\xe2\x94\x80\xe2\x94\x80\xe2\x94\x80\xe2\x94\x80\xe2\x94\x80\xe2\x94\x80\xe2\x94\x80\xe2\x94\x80\xe2\x94\x80\xe2\x94\x80\xe2\x94\x80\xe2\x94\x80\xe2\x94\x80\xe2\x94\x80\xe2\x94\x80\xe2\x94\x80\xe2\x94\x80\xe2\x94\x80\xe2\x94\x80\xe2\x94\x80\xe2\x94\x80\xe2\x94\x80\xe2\x94\x80\xe2\x94\x80\xe2\x94\x80\xe2\x94\x80\xe2\x94\x80\xe2\x94\x80\xe2\x94\x80\xe2\x94\x80 */\n        .card-cq {\n            background: var(--cq-navy-mid);\n            border: 1px solid var(--cq-border);\n            border-radius: var(--cq-radius);\n            color: var(--cq-text);\n            box-shadow: var(--cq-shadow);\n        }\n        .card-cq .card-header {\n            background: var(--cq-navy-light);\n            border-bottom: 1px solid var(--cq-border);\n            color: var(--cq-text);\n            border-radius: var(--cq-radius) var(--cq-radius) 0 0;\n        }\n\n        /* \xe2\x94\x80\xe2\x94\x80 Dark Tables \xe2\x94\x80\xe2\x94\x80\xe2\x94\x80\xe2\x94\x80\xe2\x94\x80\xe2\x94\x80\xe2\x94\x80\xe2\x94\x80\xe2\x94\x80\xe2\x94\x80\xe2\x94\x80\xe2\x94\x80\xe2\x94\x80\xe2\x94\x80\xe2\x94\x80\xe2\x94\x80\xe2\x94\x80\xe2\x94\x80\xe2\x94\x80\xe2\x94\x80\xe2\x94\x80\xe2\x94\x80\xe2\x94\x80\xe2\x94\x80\xe2\x94\x80\xe2\x94\x80\xe2\x94\x80\xe2\x94\x80\xe2\x94\x80\xe2\x94\x80\xe2\x94\x80\xe2\x94\x80\xe2\x94\x80\xe2\x94\x80\xe2\x94\x80\xe2\x94\x80\xe2\x94\x80\xe2\x94\x80\xe2\x94\x80\xe2\x94\x80\xe2\x94\x80\xe2\x94\x80\xe2\x94\x80\xe2\x94\x80\xe2\x94\x80\xe2\x94\x80\xe2\x94\x80\xe2\x94\x80\xe2\x94\x80 */\n        .table-cq { color: var(--cq-text); }\n        .table-cq thead th {\n            background: var(--cq-navy-light);\n            color: var(--cq-cyan);\n            border-color: var(--cq-border);\n            font-family: var(--font-heading);\n            font-size: 0.8rem;\n            letter-spacing: 1px;\n        }\n        .table-cq tbody tr {\n            border-color: var(--cq-border);\n        }\n        .table-cq tbody tr:hover {\n            background: rgba(0,180,216,0.05);\n        }\n        .table-cq td, .table-cq th {\n            border-color: var(--cq-border);\n            vertical-align: middle;\n        }\n\n        /* \xe2\x94\x80\xe2\x94\x80 Dark Forms \xe2\x94\x80\xe2\x94\x80\xe2\x94\x80\xe2\x94\x80\xe2\x94\x80\xe2\x94\x80\xe2\x94\x80\xe2\x94\x80\xe2\x94\x80\xe2\x94\x80\xe2\x94\x80\xe2\x94\x80\xe2\x94\x80\xe2\x94\x80\xe2\x94\x80\xe2\x94\x80\xe2\x94\x80\xe2\x94\x80\xe2\x94\x80\xe2\x94\x80\xe2\x94\x80\xe2\x94\x80\xe2\x94\x80\xe2\x94\x80\xe2\x94\x80\xe2\x94\x80\xe2\x94\x80\xe2\x94\x80\xe2\x94\x80\xe2\x94\x80\xe2\x94\x80\xe2\x94\x80\xe2\x94\x80\xe2\x94\x80\xe2\x94\x80\xe2\x94\x80\xe2\x94\x80\xe2\x94\x80\xe2\x94\x80\xe2\x94\x80\xe2\x94\x80\xe2\x94\x80\xe2\x94\x80\xe2\x94\x80\xe2\x94\x80\xe2\x94\x80\xe2\x94\x80\xe2\x94\x80\xe2\x94\x80\xe2\x94\x80 */\n        .form-control-cq, .form-select-cq {\n            background: var(--cq-navy-light);\n            border: 1px solid var(--cq-border);\n            color: var(--cq-text);\n            border-radius: 8px;\n        }\n        .form-control-cq:focus, .form-select-cq:focus {\n            background: var(--cq-navy-light);\n            border-color: var(--cq-cyan);\n            color: var(--cq-text);\n            box-shadow: 0 0 0 3px rgba(0,180,216,0.2);\n        }\n        .form-control-cq::placeholder { color: var(--cq-text-muted); }\n\n        /* \xe2\x94\x80\xe2\x94\x80 CyberQuest Buttons \xe2\x94\x80\xe2\x94\x80\xe2\x94\x80\xe2\x94\x80\xe2\x94\x80\xe2\x94\x80\xe2\x94\x80\xe2\x94\x80\xe2\x94\x80\xe2\x94\x80\xe2\x94\x80\xe2\x94\x80\xe2\x94\x80\xe2\x94\x80\xe2\x94\x80\xe2\x94\x80\xe2\x94\x80\xe2\x94\x80\xe2\x94\x80\xe2\x94\x80\xe2\x94\x80\xe2\x94\x80\xe2\x94\x80\xe2\x94\x80\xe2\x94\x80\xe2\x94\x80\xe2\x94\x80\xe2\x94\x80\xe2\x94\x80\xe2\x94\x80\xe2\x94\x80\xe2\x94\x80\xe2\x94\x80\xe2\x94\x80\xe2\x94\x80\xe2\x94\x80\xe2\x94\x80\xe2\x94\x80\xe2\x94\x80\xe2\x94\x80\xe2\x94\x80\xe2\x94\x80 */\n        .btn-cq-primary {\n            background: var(--cq-cyan); color: var(--cq-navy);\n            border: none; font-weight: 700; border-radius: 8px;\n            font-family: var(--font-body); letter-spacing: 0.5px;\n            transition: all 0.2s;\n        }\n        .btn-cq-primary:hover {\n            background: var(--cq-cyan-glow);\n            box-shadow: 0 4px 16px rgba(0,180,216,0.4);\n        }\n        .btn-cq-outline {\n            border: 1px solid var(--cq-cyan); color: var(--cq-cyan);\n            background: transparent; border-radius: 8px;\n            font-weight: 600; transition: all 0.2s;\n        }\n        .btn-cq-outline:hover {\n            background: rgba(0,180,216,0.12); color: var(--cq-cyan-glow);\n        }\n        .btn-cq-danger {\n            border: 1px solid var(--cq-red); color: var(--cq-red);\n            background: transparent; border-radius: 8px;\n            font-weight: 600; transition: all 0.2s;\n        }\n        .btn-cq-danger:hover { background: rgba(255,77,109,0.12); }\n\n        /* \xe2\x94\x80\xe2\x94\x80 Badges / Pills \xe2\x94\x80\xe2\x94\x80\xe2\x94\x80\xe2\x94\x80\xe2\x94\x80\xe2\x94\x80\xe2\x94\x80\xe2\x94\x80\xe2\x94\x80\xe2\x94\x80\xe2\x94\x80\xe2\x94\x80\xe2\x94\x80\xe2\x94\x80\xe2\x94\x80\xe2\x94\x80\xe2\x94\x80\xe2\x94\x80\xe2\x94\x80\xe2\x94\x80\xe2\x94\x80\xe2\x94\x80\xe2\x94\x80\xe2\x94\x80\xe2\x94\x80\xe2\x94\x80\xe2\x94\x80\xe2\x94\x80\xe2\x94\x80\xe2\x94\x80\xe2\x94\x80\xe2\x94\x80\xe2\x94\x80\xe2\x94\x80\xe2\x94\x80\xe2\x94\x80\xe2\x94\x80\xe2\x94\x80\xe2\x94\x80\xe2\x94\x80\xe2\x94\x80\xe2\x94\x80\xe2\x94\x80\xe2\x94\x80\xe2\x94\x80\xe2\x94\x80 */\n        .badge-cq-cyan {\n            background: rgba(0,180,216,0.15);\n            color: var(--cq-cyan);\n            border: 1px solid var(--cq-border);\n            border-radius: 20px; padding: 0.3rem 0.8rem;\n            font-size: 0.8rem; font-weight: 600;\n        }\n        .badge-cq-gold {\n            background: rgba(255,214,10,0.15);\n            color: var(--cq-yellow);\n            border: 1px solid rgba(255,214,10,0.3);\n            border-radius: 20px; padding: 0.3rem 0.8rem;\n            font-size: 0.8rem; font-weight: 600;\n        }\n\n        /* \xe2\x94\x80\xe2\x94\x80 Progress bars \xe2\x94\x80\xe2\x94\x80\xe2\x94\x80\xe2\x94\x80\xe2\x94\x80\xe2\x94\x80\xe2\x94\x80\xe2\x94\x80\xe2\x94\x80\xe2\x94\x80\xe2\x94\x80\xe2\x94\x80\xe2\x94\x80\xe2\x94\x80\xe2\x94\x80\xe2\x94\x80\xe2\x94\x80\xe2\x94\x80\xe2\x94\x80\xe2\x94\x80\xe2\x94\x80\xe2\x94\x80\xe2\x94\x80\xe2\x94\x80\xe2\x94\x80\xe2\x94\x80\xe2\x94\x80\xe2\x94\x80\xe2\x94\x80\xe2\x94\x80\xe2\x94\x80\xe2\x94\x80\xe2\x94\x80\xe2\x94\x80\xe2\x94\x80\xe2\x94\x80\xe2\x94\x80\xe2\x94\x80\xe2\x94\x80\xe2\x94\x80\xe2\x94\x80\xe2\x94\x80\xe2\x94\x80\xe2\x94\x80\xe2\x94\x80\xe2\x94\x80\xe2\x94\x80 */\n        .progress-cq {\n            background: var(--cq-navy-light);\n            border-radius: 10px; height: 8px;\n        }\n        .progress-cq .progress-bar {\n            background: linear-gradient(90deg, var(--cq-cyan), var(--cq-green));\n            border-radius: 10px;\n        }\n\n        /* \xe2\x94\x80\xe2\x94\x80 Stat Cards \xe2\x94\x80\xe2\x94\x80\xe2\x94\x80\xe2\x94\x80\xe2\x94\x80\xe2\x94\x80\xe2\x94\x80\xe2\x94\x80\xe2\x94\x80\xe2\x94\x80\xe2\x94\x80\xe2\x94\x80\xe2\x94\x80\xe2\x94\x80\xe2\x94\x80\xe2\x94\x80\xe2\x94\x80\xe2\x94\x80\xe2\x94\x80\xe2\x94\x80\xe2\x94\x80\xe2\x94\x80\xe2\x94\x80\xe2\x94\x80\xe2\x94\x80\xe2\x94\x80\xe2\x94\x80\xe2\x94\x80\xe2\x94\x80\xe2\x94\x80\xe2\x94\x80\xe2\x94\x80\xe2\x94\x80\xe2\x94\x80\xe2\x94\x80\xe2\x94\x80\xe2\x94\x80\xe2\x94\x80\xe2\x94\x80\xe2\x94\x80\xe2\x94\x80\xe2\x94\x80\xe2\x94\x80\xe2\x94\x80\xe2\x94\x80\xe2\x94\x80\xe2\x94\x80\xe2\x94\x80\xe2\x94\x80\xe2\x94\x80 */\n        .stat-card {\n            background: var(--cq-navy-mid);\n            border: 1px solid var(--cq-border);\n            border-radius: var(--cq-radius);\n            padding: 1.5rem 1rem;\n            text-align: center;\n            transition: border-color 0.2s, transform 0.2s;\n        }\n        .stat-card:hover {\n            border-color: var(--cq-cyan);\n            transform: translateY(-2px);\n        }\n        .stat-card .stat-number {\n            font-family: var(--font-heading); font-size: 2rem;\n            font-weight: 800;\n        }\n        .stat-card .stat-label { color: var(--cq-text-muted); font-size: 0.85rem; }\n\n        /* \xe2\x94\x80\xe2\x94\x80 Footer \xe2\x94\x80\xe2\x94\x80\xe2\x94\x80\xe2\x94\x80\xe2\x94\x80\xe2\x94\x80\xe2\x94\x80\xe2\x94\x80\xe2\x94\x80\xe2\x94\x80\xe2\x94\x80\xe2\x94\x80\xe2\x94\x80\xe2\x94\x80\xe2\x94\x80\xe2\x94\x80\xe2\x94\x80\xe2\x94\x80\xe2\x94\x80\xe2\x94\x80\xe2\x94\x80\xe2\x94\x80\xe2\x94\x80\xe2\x94\x80\xe2\x94\x80\xe2\x94\x80\xe2\x94\x80\xe2\x94\x80\xe2\x94\x80\xe2\x94\x80\xe2\x94\x80\xe2\x94\x80\xe2\x94\x80\xe2\x94\x80\xe2\x94\x80\xe2\x94\x80\xe2\x94\x80\xe2\x94\x80\xe2\x94\x80\xe2\x94\x80\xe2\x94\x80\xe2\x94\x80\xe2\x94\x80\xe2\x94\x80\xe2\x94\x80\xe2\x94\x80\xe2\x94\x80\xe2\x94\x80\xe2\x94\x80\xe2\x94\x80\xe2\x94\x80\xe2\x94\x80\xe2\x94\x80\xe2\x94\x80 */\n        .footer-cq {\n            background: var(--cq-navy-mid);\n            border-top: 1px solid var(--cq-border);\n            padding: 1.5rem 0;\n            margin-top: auto;\n        }\n        .footer-brand {\n            font-family: var(--font-heading); font-weight: 800;\n            color: var(--cq-cyan); font-size: 1rem; letter-spacing: 2px;\n        }\n        .footer-text { color: var(--cq-text-muted); font-size: 0.85rem; }\n        .footer-team { color: var(--cq-cyan); font-size: 0.85rem; font-weight: 600; }\n\n        /* \xe2\x94\x80\xe2\x94\x80 Scrollbar \xe2\x94\x80\xe2\x94\x80\xe2\x94\x80\xe2\x94\x80\xe2\x94\x80\xe2\x94\x80\xe2\x94\x80\xe2\x94\x80\xe2\x94\x80\xe2\x94\x80\xe2\x94\x80\xe2\x94\x80\xe2\x94\x80\xe2\x94\x80\xe2\x94\x80\xe2\x94\x80\xe2\x94\x80\xe2\x94\x80\xe2\x94\x80\xe2\x94\x80\xe2\x94\x80\xe2\x94\x80\xe2\x94\x80\xe2\x94\x80\xe2\x94\x80\xe2\x94\x80\xe2\x94\x80\xe2\x94\x80\xe2\x94\x80\xe2\x94\x80\xe2\x94\x80\xe2\x94\x80\xe2\x94\x80\xe2\x94\x80\xe2\x94\x80\xe2\x94\x80\xe2\x94\x80\xe2\x94\x80\xe2\x94\x80\xe2\x94\x80\xe2\x94\x80\xe2\x94\x80\xe2\x94\x80\xe2\x94\x80\xe2\x94\x80\xe2\x94\x80\xe2\x94\x80\xe2\x94\x80\xe2\x94\x80\xe2\x94\x80\xe2\x94\x80 */\n        ::-webkit-scrollbar { width: 6px; }\n        ::-webkit-scrollbar-track { background: var(--cq-navy); }\n        ::-webkit-scrollbar-thumb { background: var(--cq-navy-light); border-radius: 3px; }\n        ::-webkit-scrollbar-thumb:hover { background: var(--cq-cyan); }\n    </style>\n\n    \n</head>\n\n<body>\n\n<!-- \xe2\x94\x80\xe2\x94\x80 Navbar \xe2\x94\x80\xe2\x94\x80\xe2\x94\x80\xe2\x94\x80\xe2\x94\x80\xe2\x94\x80\xe2\x94\x80\xe2\x94\x80\xe2\x94\x80\xe2\x94\x80\xe2\x94\x80\xe2\x94\x80\xe2\x94\x80\xe2\x94\x80\xe2\x94\x80\xe2\x94\x80\xe2\x94\x80\xe2\x94\x80\xe2\x94\x80\xe2\x94\x80\xe2\x94\x80\xe2\x94\x80\xe2\x94\x80\xe2\x94\x80\xe2\x94\x80\xe2\x94\x80\xe2\x94\x80\xe2\x94\x80\xe2\x94\x80\xe2\x94\x80\xe2\x94\x80\xe2\x94\x80\xe2\x94\x80\xe2\x94\x80\xe2\x94\x80\xe2\x94\x80\xe2\x94\x80\xe2\x94\x80\xe2\x94\x80\xe2\x94\x80\xe2\x94\x80\xe2\x94\x80\xe2\x94\x80\xe2\x94\x80\xe2\x94\x80\xe2\x94\x80\xe2\x94\x80\xe2\x94\x80\xe2\x94\x80\xe2\x94\x80\xe2\x94\x80\xe2\x94\x80\xe2\x94\x80\xe2\x94\x80\xe2\x94\x80\xe2\x94\x80\xe2\x94\x80\xe2\x94\x80\xe2\x94\x80\xe2\x94\x80\xe2\x94\x80 -->\n<nav class="navbar navbar-expand-lg navbar-cyberquest">\n    <div class="container">\n        <!-- Fixed: use auth.login instead of non-existent \'home\' route -->\n        <a class="navbar-brand-cq"\n           href="/challenges">\n            <i class="bi bi-shield-fill-check brand-icon"></i>\n            CYBER<span style="color:#fff;">QUEST</span>\n        </a>\n\n        <button class="navbar-toggler" type="button"\n                data-bs-toggle="collapse" data-bs-target="#navbarMain">\n            <span class="navbar-toggler-icon"></span>\n        </button>\n\n        <div class="collapse navbar-collapse" id="navbarMain">\n            \n            <ul class="navbar-nav me-auto mb-2 mb-lg-0">\n                \n                <li class="nav-item">\n                    <a class="nav-link nav-link-cq" href="/challenges">\n                        <i class="bi bi-controller me-1"></i> Challenges\n                    </a>\n                </li>\n                <li class="nav-item">\n                    <a class="nav-link nav-link-cq" href="/progress">\n                        <i class="bi bi-bar-chart-fill me-1"></i> My Progress\n                    </a>\n                </li>\n                <li class="nav-item">\n                    <a class="nav-link nav-link-cq" href="/result">\n                        <i class="bi bi-trophy me-1"></i> Results\n                    </a>\n                </li>\n                \n            </ul>\n            \n\n            <div class="d-flex align-items-center gap-2">\n                \n                    <span class="navbar-username d-none d-md-inline">\n                        <i class="bi bi-person-circle me-1"></i>\n                        <strong>newstudent_test</strong>\n                        <span class="badge ms-1"\n                              style="background:rgba(0,180,216,0.15);\n                                     color:var(--cq-cyan); font-size:0.7rem;">\n                            Student\n                        </span>\n                    </span>\n                    \n                    <a href="/2fa/setup"\n                       class="btn-nav-login btn"\n                       title="2FA Settings">\n                        <i class="bi bi-shield-lock"></i>\n                    </a>\n                    \n                    <a href="/logout" class="btn-nav-login btn">\n                        <i class="bi bi-box-arrow-right me-1"></i> Logout\n                    </a>\n                \n            </div>\n        </div>\n    </div>\n</nav>\n\n<!-- \xe2\x94\x80\xe2\x94\x80 Flash Messages (handled once here, not in child templates) \xe2\x94\x80\xe2\x94\x80\xe2\x94\x80\xe2\x94\x80\xe2\x94\x80\xe2\x94\x80\xe2\x94\x80\xe2\x94\x80\xe2\x94\x80\xe2\x94\x80 -->\n<div class="flash-container">\n    <div class="container">\n        \n            \n        \n    </div>\n</div>\n\n<!-- \xe2\x94\x80\xe2\x94\x80 Main Content \xe2\x94\x80\xe2\x94\x80\xe2\x94\x80\xe2\x94\x80\xe2\x94\x80\xe2\x94\x80\xe2\x94\x80\xe2\x94\x80\xe2\x94\x80\xe2\x94\x80\xe2\x94\x80\xe2\x94\x80\xe2\x94\x80\xe2\x94\x80\xe2\x94\x80\xe2\x94\x80\xe2\x94\x80\xe2\x94\x80\xe2\x94\x80\xe2\x94\x80\xe2\x94\x80\xe2\x94\x80\xe2\x94\x80\xe2\x94\x80\xe2\x94\x80\xe2\x94\x80\xe2\x94\x80\xe2\x94\x80\xe2\x94\x80\xe2\x94\x80\xe2\x94\x80\xe2\x94\x80\xe2\x94\x80\xe2\x94\x80\xe2\x94\x80\xe2\x94\x80\xe2\x94\x80\xe2\x94\x80\xe2\x94\x80\xe2\x94\x80\xe2\x94\x80\xe2\x94\x80\xe2\x94\x80\xe2\x94\x80\xe2\x94\x80\xe2\x94\x80\xe2\x94\x80\xe2\x94\x80\xe2\x94\x80\xe2\x94\x80\xe2\x94\x80\xe2\x94\x80\xe2\x94\x80\xe2\x94\x80\xe2\x94\x80\xe2\x94\x80 -->\n<main>\n    \n<div class="container py-4">\n\n  <div class="d-flex justify-content-between align-items-center mb-4">\n    <div>\n      <h2 class="mb-0" style="color:var(--cq-cyan);">\xf0\x9f\x9b\xa1\xef\xb8\x8f Challenge Categories</h2>\n      <p style="color:var(--cq-text-muted);" class="mb-0">Choose a category to start earning points</p>\n    </div>\n    <div class="text-end">\n      <span class="badge-cq-gold fs-6 px-3 py-2">\xe2\xad\x90 0 pts</span>\n      <a href="/progress" class="btn btn-cq-outline ms-2">\xf0\x9f\x93\x8a My Progress</a>\n    </div>\n  </div>\n\n  <!-- Category Cards -->\n  <div class="row g-4 mb-5">\n    \n    <div class="col-md-4">\n      <div class="card-cq h-100 p-4 text-center" style="transition:border-color 0.2s,transform 0.2s;"\n           onmouseover="this.style.borderColor=\'var(--cq-cyan)\';this.style.transform=\'translateY(-4px)\'"\n           onmouseout="this.style.borderColor=\'var(--cq-border)\';this.style.transform=\'none\'">\n        <div style="font-size:3.5rem;" class="mb-3">\xf0\x9f\x8e\xa3</div>\n        <h4 style="color:var(--cq-cyan);">Phishing Awareness</h4>\n        <p style="color:var(--cq-text-muted);" class="small mb-3">Learn to spot phishing emails and social engineering attacks.</p>\n\n        <div class="mb-3">\n          <div class="d-flex justify-content-between small mb-1"\n               style="color:var(--cq-text-muted);">\n            <span>Progress</span>\n            <span>0/5</span>\n          </div>\n          <div class="progress-cq">\n            <div class="progress-bar" role="progressbar"\n                 style="width:0%">\n            </div>\n          </div>\n        </div>\n\n        <a href="/challenge/phishing"\n           class="btn btn-cq-primary w-100 fw-bold">\n          \xf0\x9f\x9a\x80 Start\n        </a>\n      </div>\n    </div>\n    \n    <div class="col-md-4">\n      <div class="card-cq h-100 p-4 text-center" style="transition:border-color 0.2s,transform 0.2s;"\n           onmouseover="this.style.borderColor=\'var(--cq-cyan)\';this.style.transform=\'translateY(-4px)\'"\n           onmouseout="this.style.borderColor=\'var(--cq-border)\';this.style.transform=\'none\'">\n        <div style="font-size:3.5rem;" class="mb-3">\xf0\x9f\x94\x90</div>\n        <h4 style="color:var(--cq-cyan);">Password Security</h4>\n        <p style="color:var(--cq-text-muted);" class="small mb-3">Master the art of strong passwords and authentication.</p>\n\n        <div class="mb-3">\n          <div class="d-flex justify-content-between small mb-1"\n               style="color:var(--cq-text-muted);">\n            <span>Progress</span>\n            <span>0/5</span>\n          </div>\n          <div class="progress-cq">\n            <div class="progress-bar" role="progressbar"\n                 style="width:0%">\n            </div>\n          </div>\n        </div>\n\n        <a href="/challenge/password"\n           class="btn btn-cq-primary w-100 fw-bold">\n          \xf0\x9f\x9a\x80 Start\n        </a>\n      </div>\n    </div>\n    \n    <div class="col-md-4">\n      <div class="card-cq h-100 p-4 text-center" style="transition:border-color 0.2s,transform 0.2s;"\n           onmouseover="this.style.borderColor=\'var(--cq-cyan)\';this.style.transform=\'translateY(-4px)\'"\n           onmouseout="this.style.borderColor=\'var(--cq-border)\';this.style.transform=\'none\'">\n        <div style="font-size:3.5rem;" class="mb-3">\xf0\x9f\x8c\x90</div>\n        <h4 style="color:var(--cq-cyan);">Safe Browsing</h4>\n        <p style="color:var(--cq-text-muted);" class="small mb-3">Stay safe online \xe2\x80\x94 VPNs, HTTPS, and browser threats.</p>\n\n        <div class="mb-3">\n          <div class="d-flex justify-content-between small mb-1"\n               style="color:var(--cq-text-muted);">\n            <span>Progress</span>\n            <span>0/5</span>\n          </div>\n          <div class="progress-cq">\n            <div class="progress-bar" role="progressbar"\n                 style="width:0%">\n            </div>\n          </div>\n        </div>\n\n        <a href="/challenge/browsing"\n           class="btn btn-cq-primary w-100 fw-bold">\n          \xf0\x9f\x9a\x80 Start\n        </a>\n      </div>\n    </div>\n    \n  </div>\n\n  <!-- Badges -->\n  \n\n</div>\n\n</main>\n\n<!-- \xe2\x94\x80\xe2\x94\x80 Footer \xe2\x94\x80\xe2\x94\x80\xe2\x94\x80\xe2\x94\x80\xe2\x94\x80\xe2\x94\x80\xe2\x94\x80\xe2\x94\x80\xe2\x94\x80\xe2\x94\x80\xe2\x94\x80\xe2\x94\x80\xe2\x94\x80\xe2\x94\x80\xe2\x94\x80\xe2\x94\x80\xe2\x94\x80\xe2\x94\x80\xe2\x94\x80\xe2\x94\x80\xe2\x94\x80\xe2\x94\x80\xe2\x94\x80\xe2\x94\x80\xe2\x94\x80\xe2\x94\x80\xe2\x94\x80\xe2\x94\x80\xe2\x94\x80\xe2\x94\x80\xe2\x94\x80\xe2\x94\x80\xe2\x94\x80\xe2\x94\x80\xe2\x94\x80\xe2\x94\x80\xe2\x94\x80\xe2\x94\x80\xe2\x94\x80\xe2\x94\x80\xe2\x94\x80\xe2\x94\x80\xe2\x94\x80\xe2\x94\x80\xe2\x94\x80\xe2\x94\x80\xe2\x94\x80\xe2\x94\x80\xe2\x94\x80\xe2\x94\x80\xe2\x94\x80\xe2\x94\x80\xe2\x94\x80\xe2\x94\x80\xe2\x94\x80\xe2\x94\x80\xe2\x94\x80\xe2\x94\x80\xe2\x94\x80\xe2\x94\x80\xe2\x94\x80 -->\n<footer class="footer-cq">\n    <div class="container">\n        <div class="row align-items-center">\n            <div class="col-md-3 mb-2 mb-md-0">\n                <div class="footer-brand"><i class="bi bi-shield-fill-check me-2"></i>CYBERQUEST</div>\n                <div class="footer-text">Cybersecurity Awareness Game</div>\n            </div>\n            <div class="col-md-5 mb-2 mb-md-0">\n                <div class="footer-text">\n                    <i class="bi bi-mortarboard-fill me-1"></i>\n                    ICT932 \xe2\x80\x94 Cybersecurity Testing and Assurance<br>\n                    Crown Institute of Higher Education (CIHE) \xc2\xa9 2026\n                </div>\n            </div>\n            <div class="col-md-4 text-md-end">\n                <div class="footer-team">\n                    Prashan Manandhar | Raju Kshetri | Pramesh Silwal | Susanta Dhakal\n                </div>\n            </div>\n        </div>\n    </div>\n</footer>\n\n<script src="https://cdn.jsdelivr.net/npm/bootstrap@5.3.0/dist/js/bootstrap.bundle.min.js"></script>\n\n\n</body>\n</html>' = <WrapperTestResponse 20602 bytes [200 OK]>.data
FAILED tests/test_auth.py::TestRegistration::test_register_password_mismatch - assert b'do not match' in b'<!DOCTYPE html>\n<!--\n    base.html \xe2\x80\x94 Shared base template for CyberQuest\n    Authors: Susanta Dhakal (CIHE250321) & Pramesh Silwal (CIHE241339)\n    Fixed: Prashan Manandhar (CIHE241182) \xe2\x80\x94 removed broken url_for(\'home\')\n-->\n<html lang="en">\n<head>\n    <meta charset="UTF-8">\n    <meta name="viewport" content="width=device-width, initial-scale=1.0">\n    <meta name="description" content="CyberQuest \xe2\x80\x94 Cybersecurity Awareness Game for ICT932 CIHE">\n    <title>Challenges \xe2\x80\x94 CyberQuest | ICT932</title>\n\n    <!-- Bootstrap 5 CSS -->\n    <link href="https://cdn.jsdelivr.net/npm/bootstrap@5.3.0/dist/css/bootstrap.min.css" rel="stylesheet">\n    <!-- Bootstrap Icons -->\n    <link href="https://cdn.jsdelivr.net/npm/bootstrap-icons@1.11.0/font/bootstrap-icons.css" rel="stylesheet">\n    <!-- Google Fonts -->\n    <link href="https://fonts.googleapis.com/css2?family=Orbitron:wght@400;600;800&family=Rajdhani:wght@300;400;500;600&display=swap" rel="stylesheet">\n\n    <style>\n        /* \xe2\x94\x80\xe2\x94\x80 Design Tokens \xe2\x94\x80\xe2\x94\x80\xe2\x94\x80\xe2\x94\x80\xe2\x94\x80\xe2\x94\x80\xe2\x94\x80\xe2\x94\x80\xe2\x94\x80\xe2\x94\x80\xe2\x94\x80\xe2\x94\x80\xe2\x94\x80\xe2\x94\x80\xe2\x94\x80\xe2\x94\x80\xe2\x94\x80\xe2\x94\x80\xe2\x94\x80\xe2\x94\x80\xe2\x94\x80\xe2\x94\x80\xe2\x94\x80\xe2\x94\x80\xe2\x94\x80\xe2\x94\x80\xe2\x94\x80\xe2\x94\x80\xe2\x94\x80\xe2\x94\x80\xe2\x94\x80\xe2\x94\x80\xe2\x94\x80\xe2\x94\x80\xe2\x94\x80\xe2\x94\x80\xe2\x94\x80\xe2\x94\x80\xe2\x94\x80\xe2\x94\x80\xe2\x94\x80\xe2\x94\x80\xe2\x94\x80\xe2\x94\x80\xe2\x94\x80\xe2\x94\x80\xe2\x94\x80 */\n        :root {\n            --cq-navy:      #0D1B2A;\n            --cq-navy-mid:  #112233;\n            --cq-navy-light:#1A2E42;\n            --cq-cyan:      #00B4D8;\n            --cq-cyan-glow: #00D4FF;\n            --cq-green:     #00E676;\n            --cq-red:       #FF4D6D;\n            --cq-yellow:    #FFD60A;\n            --cq-text:      #E0EAF4;\n            --cq-text-muted:#7A9BB5;\n            --cq-border:    rgba(0, 180, 216, 0.2);\n            --cq-shadow:    0 4px 24px rgba(0, 180, 216, 0.12);\n            --cq-radius:    12px;\n            --font-heading: \'Orbitron\', monospace;\n            --font-body:    \'Rajdhani\', sans-serif;\n        }\n\n        *, *::before, *::after { box-sizing: border-box; }\n        html { scroll-behavior: smooth; }\n\n        body {\n            background-color: var(--cq-navy);\n            color: var(--cq-text);\n            font-family: var(--font-body);\n            font-size: 1.05rem;\n            min-height: 100vh;\n            display: flex;\n            flex-direction: column;\n        }\n\n        h1,h2,h3,h4,h5,h6 { font-family: var(--font-heading); }\n        main { flex: 1; }\n\n        /* \xe2\x94\x80\xe2\x94\x80 Navbar \xe2\x94\x80\xe2\x94\x80\xe2\x94\x80\xe2\x94\x80\xe2\x94\x80\xe2\x94\x80\xe2\x94\x80\xe2\x94\x80\xe2\x94\x80\xe2\x94\x80\xe2\x94\x80\xe2\x94\x80\xe2\x94\x80\xe2\x94\x80\xe2\x94\x80\xe2\x94\x80\xe2\x94\x80\xe2\x94\x80\xe2\x94\x80\xe2\x94\x80\xe2\x94\x80\xe2\x94\x80\xe2\x94\x80\xe2\x94\x80\xe2\x94\x80\xe2\x94\x80\xe2\x94\x80\xe2\x94\x80\xe2\x94\x80\xe2\x94\x80\xe2\x94\x80\xe2\x94\x80\xe2\x94\x80\xe2\x94\x80\xe2\x94\x80\xe2\x94\x80\xe2\x94\x80\xe2\x94\x80\xe2\x94\x80\xe2\x94\x80\xe2\x94\x80\xe2\x94\x80\xe2\x94\x80\xe2\x94\x80\xe2\x94\x80\xe2\x94\x80\xe2\x94\x80\xe2\x94\x80\xe2\x94\x80\xe2\x94\x80\xe2\x94\x80\xe2\x94\x80\xe2\x94\x80\xe2\x94\x80 */\n        .navbar-cyberquest {\n            background: rgba(13,27,42,0.97);\n            border-bottom: 1px solid var(--cq-border);\n            backdrop-filter: blur(10px);\n            padding: 0.75rem 0;\n            position: sticky; top: 0; z-index: 1000;\n        }\n        .navbar-brand-cq {\n            font-family: var(--font-heading); font-weight: 800;\n            font-size: 1.35rem; color: var(--cq-cyan) !important;\n            text-decoration: none; letter-spacing: 2px;\n            display: flex; align-items: center; gap: 0.5rem;\n        }\n        .navbar-brand-cq .brand-icon {\n            color: var(--cq-cyan-glow); font-size: 1.5rem;\n            filter: drop-shadow(0 0 6px var(--cq-cyan));\n        }\n        .navbar-brand-cq:hover { color: var(--cq-cyan-glow) !important; }\n        .nav-link-cq {\n            color: var(--cq-text-muted) !important;\n            font-family: var(--font-body); font-weight: 500;\n            font-size: 0.95rem; letter-spacing: 0.5px;\n            padding: 0.5rem 0.85rem !important;\n            border-radius: 6px;\n            transition: color 0.2s, background 0.2s;\n        }\n        .nav-link-cq:hover, .nav-link-cq.active {\n            color: var(--cq-cyan) !important;\n            background: rgba(0,180,216,0.08);\n        }\n        .btn-nav-login {\n            border: 1px solid var(--cq-cyan); color: var(--cq-cyan);\n            background: transparent; border-radius: 6px;\n            padding: 0.4rem 1rem; font-weight: 600; font-size: 0.9rem;\n            transition: all 0.2s;\n        }\n        .btn-nav-login:hover {\n            background: rgba(0,180,216,0.15); color: var(--cq-cyan-glow);\n        }\n        .btn-nav-register {\n            background: var(--cq-cyan); color: var(--cq-navy);\n            border: none; border-radius: 6px;\n            padding: 0.4rem 1rem; font-weight: 700; font-size: 0.9rem;\n            transition: all 0.2s;\n        }\n        .btn-nav-register:hover {\n            background: var(--cq-cyan-glow);\n            box-shadow: 0 4px 12px rgba(0,180,216,0.35);\n        }\n        .navbar-username { color: var(--cq-text-muted); font-size: 0.85rem; }\n        .navbar-username strong { color: var(--cq-cyan); }\n        .navbar-toggler { border-color: var(--cq-border); }\n        .navbar-toggler-icon { filter: invert(60%) sepia(80%) saturate(400%) hue-rotate(165deg); }\n\n        /* \xe2\x94\x80\xe2\x94\x80 Flash Messages \xe2\x94\x80\xe2\x94\x80\xe2\x94\x80\xe2\x94\x80\xe2\x94\x80\xe2\x94\x80\xe2\x94\x80\xe2\x94\x80\xe2\x94\x80\xe2\x94\x80\xe2\x94\x80\xe2\x94\x80\xe2\x94\x80\xe2\x94\x80\xe2\x94\x80\xe2\x94\x80\xe2\x94\x80\xe2\x94\x80\xe2\x94\x80\xe2\x94\x80\xe2\x94\x80\xe2\x94\x80\xe2\x94\x80\xe2\x94\x80\xe2\x94\x80\xe2\x94\x80\xe2\x94\x80\xe2\x94\x80\xe2\x94\x80\xe2\x94\x80\xe2\x94\x80\xe2\x94\x80\xe2\x94\x80\xe2\x94\x80\xe2\x94\x80\xe2\x94\x80\xe2\x94\x80\xe2\x94\x80\xe2\x94\x80\xe2\x94\x80\xe2\x94\x80\xe2\x94\x80\xe2\x94\x80\xe2\x94\x80\xe2\x94\x80\xe2\x94\x80 */\n        .flash-container { padding: 0.5rem 0; }\n        .alert-cq {\n            border-left: 4px solid; border-radius: 0 var(--cq-radius) var(--cq-radius) 0;\n            background: var(--cq-navy-mid); color: var(--cq-text);\n            border-top: none; border-right: none; border-bottom: none;\n            font-weight: 500;\n        }\n        .alert-cq.alert-success { border-color: var(--cq-green); }\n        .alert-cq.alert-danger  { border-color: var(--cq-red); }\n        .alert-cq.alert-info    { border-color: var(--cq-cyan); }\n        .alert-cq.alert-warning { border-color: var(--cq-yellow); }\n\n        /* \xe2\x94\x80\xe2\x94\x80 Dark Cards \xe2\x94\x80\xe2\x94\x80\xe2\x94\x80\xe2\x94\x80\xe2\x94\x80\xe2\x94\x80\xe2\x94\x80\xe2\x94\x80\xe2\x94\x80\xe2\x94\x80\xe2\x94\x80\xe2\x94\x80\xe2\x94\x80\xe2\x94\x80\xe2\x94\x80\xe2\x94\x80\xe2\x94\x80\xe2\x94\x80\xe2\x94\x80\xe2\x94\x80\xe2\x94\x80\xe2\x94\x80\xe2\x94\x80\xe2\x94\x80\xe2\x94\x80\xe2\x94\x80\xe2\x94\x80\xe2\x94\x80\xe2\x94\x80\xe2\x94\x80\xe2\x94\x80\xe2\x94\x80\xe2\x94\x80\xe2\x94\x80\xe2\x94\x80\xe2\x94\x80\xe2\x94\x80\xe2\x94\x80\xe2\x94\x80\xe2\x94\x80\xe2\x94\x80\xe2\x94\x80\xe2\x94\x80\xe2\x94\x80\xe2\x94\x80\xe2\x94\x80\xe2\x94\x80\xe2\x94\x80\xe2\x94\x80\xe2\x94\x80 */\n        .card-cq {\n            background: var(--cq-navy-mid);\n            border: 1px solid var(--cq-border);\n            border-radius: var(--cq-radius);\n            color: var(--cq-text);\n            box-shadow: var(--cq-shadow);\n        }\n        .card-cq .card-header {\n            background: var(--cq-navy-light);\n            border-bottom: 1px solid var(--cq-border);\n            color: var(--cq-text);\n            border-radius: var(--cq-radius) var(--cq-radius) 0 0;\n        }\n\n        /* \xe2\x94\x80\xe2\x94\x80 Dark Tables \xe2\x94\x80\xe2\x94\x80\xe2\x94\x80\xe2\x94\x80\xe2\x94\x80\xe2\x94\x80\xe2\x94\x80\xe2\x94\x80\xe2\x94\x80\xe2\x94\x80\xe2\x94\x80\xe2\x94\x80\xe2\x94\x80\xe2\x94\x80\xe2\x94\x80\xe2\x94\x80\xe2\x94\x80\xe2\x94\x80\xe2\x94\x80\xe2\x94\x80\xe2\x94\x80\xe2\x94\x80\xe2\x94\x80\xe2\x94\x80\xe2\x94\x80\xe2\x94\x80\xe2\x94\x80\xe2\x94\x80\xe2\x94\x80\xe2\x94\x80\xe2\x94\x80\xe2\x94\x80\xe2\x94\x80\xe2\x94\x80\xe2\x94\x80\xe2\x94\x80\xe2\x94\x80\xe2\x94\x80\xe2\x94\x80\xe2\x94\x80\xe2\x94\x80\xe2\x94\x80\xe2\x94\x80\xe2\x94\x80\xe2\x94\x80\xe2\x94\x80\xe2\x94\x80\xe2\x94\x80\xe2\x94\x80 */\n        .table-cq { color: var(--cq-text); }\n        .table-cq thead th {\n            background: var(--cq-navy-light);\n            color: var(--cq-cyan);\n            border-color: var(--cq-border);\n            font-family: var(--font-heading);\n            font-size: 0.8rem;\n            letter-spacing: 1px;\n        }\n        .table-cq tbody tr {\n            border-color: var(--cq-border);\n        }\n        .table-cq tbody tr:hover {\n            background: rgba(0,180,216,0.05);\n        }\n        .table-cq td, .table-cq th {\n            border-color: var(--cq-border);\n            vertical-align: middle;\n        }\n\n        /* \xe2\x94\x80\xe2\x94\x80 Dark Forms \xe2\x94\x80\xe2\x94\x80\xe2\x94\x80\xe2\x94\x80\xe2\x94\x80\xe2\x94\x80\xe2\x94\x80\xe2\x94\x80\xe2\x94\x80\xe2\x94\x80\xe2\x94\x80\xe2\x94\x80\xe2\x94\x80\xe2\x94\x80\xe2\x94\x80\xe2\x94\x80\xe2\x94\x80\xe2\x94\x80\xe2\x94\x80\xe2\x94\x80\xe2\x94\x80\xe2\x94\x80\xe2\x94\x80\xe2\x94\x80\xe2\x94\x80\xe2\x94\x80\xe2\x94\x80\xe2\x94\x80\xe2\x94\x80\xe2\x94\x80\xe2\x94\x80\xe2\x94\x80\xe2\x94\x80\xe2\x94\x80\xe2\x94\x80\xe2\x94\x80\xe2\x94\x80\xe2\x94\x80\xe2\x94\x80\xe2\x94\x80\xe2\x94\x80\xe2\x94\x80\xe2\x94\x80\xe2\x94\x80\xe2\x94\x80\xe2\x94\x80\xe2\x94\x80\xe2\x94\x80\xe2\x94\x80\xe2\x94\x80 */\n        .form-control-cq, .form-select-cq {\n            background: var(--cq-navy-light);\n            border: 1px solid var(--cq-border);\n            color: var(--cq-text);\n            border-radius: 8px;\n        }\n        .form-control-cq:focus, .form-select-cq:focus {\n            background: var(--cq-navy-light);\n            border-color: var(--cq-cyan);\n            color: var(--cq-text);\n            box-shadow: 0 0 0 3px rgba(0,180,216,0.2);\n        }\n        .form-control-cq::placeholder { color: var(--cq-text-muted); }\n\n        /* \xe2\x94\x80\xe2\x94\x80 CyberQuest Buttons \xe2\x94\x80\xe2\x94\x80\xe2\x94\x80\xe2\x94\x80\xe2\x94\x80\xe2\x94\x80\xe2\x94\x80\xe2\x94\x80\xe2\x94\x80\xe2\x94\x80\xe2\x94\x80\xe2\x94\x80\xe2\x94\x80\xe2\x94\x80\xe2\x94\x80\xe2\x94\x80\xe2\x94\x80\xe2\x94\x80\xe2\x94\x80\xe2\x94\x80\xe2\x94\x80\xe2\x94\x80\xe2\x94\x80\xe2\x94\x80\xe2\x94\x80\xe2\x94\x80\xe2\x94\x80\xe2\x94\x80\xe2\x94\x80\xe2\x94\x80\xe2\x94\x80\xe2\x94\x80\xe2\x94\x80\xe2\x94\x80\xe2\x94\x80\xe2\x94\x80\xe2\x94\x80\xe2\x94\x80\xe2\x94\x80\xe2\x94\x80\xe2\x94\x80\xe2\x94\x80 */\n        .btn-cq-primary {\n            background: var(--cq-cyan); color: var(--cq-navy);\n            border: none; font-weight: 700; border-radius: 8px;\n            font-family: var(--font-body); letter-spacing: 0.5px;\n            transition: all 0.2s;\n        }\n        .btn-cq-primary:hover {\n            background: var(--cq-cyan-glow);\n            box-shadow: 0 4px 16px rgba(0,180,216,0.4);\n        }\n        .btn-cq-outline {\n            border: 1px solid var(--cq-cyan); color: var(--cq-cyan);\n            background: transparent; border-radius: 8px;\n            font-weight: 600; transition: all 0.2s;\n        }\n        .btn-cq-outline:hover {\n            background: rgba(0,180,216,0.12); color: var(--cq-cyan-glow);\n        }\n        .btn-cq-danger {\n            border: 1px solid var(--cq-red); color: var(--cq-red);\n            background: transparent; border-radius: 8px;\n            font-weight: 600; transition: all 0.2s;\n        }\n        .btn-cq-danger:hover { background: rgba(255,77,109,0.12); }\n\n        /* \xe2\x94\x80\xe2\x94\x80 Badges / Pills \xe2\x94\x80\xe2\x94\x80\xe2\x94\x80\xe2\x94\x80\xe2\x94\x80\xe2\x94\x80\xe2\x94\x80\xe2\x94\x80\xe2\x94\x80\xe2\x94\x80\xe2\x94\x80\xe2\x94\x80\xe2\x94\x80\xe2\x94\x80\xe2\x94\x80\xe2\x94\x80\xe2\x94\x80\xe2\x94\x80\xe2\x94\x80\xe2\x94\x80\xe2\x94\x80\xe2\x94\x80\xe2\x94\x80\xe2\x94\x80\xe2\x94\x80\xe2\x94\x80\xe2\x94\x80\xe2\x94\x80\xe2\x94\x80\xe2\x94\x80\xe2\x94\x80\xe2\x94\x80\xe2\x94\x80\xe2\x94\x80\xe2\x94\x80\xe2\x94\x80\xe2\x94\x80\xe2\x94\x80\xe2\x94\x80\xe2\x94\x80\xe2\x94\x80\xe2\x94\x80\xe2\x94\x80\xe2\x94\x80\xe2\x94\x80\xe2\x94\x80 */\n        .badge-cq-cyan {\n            background: rgba(0,180,216,0.15);\n            color: var(--cq-cyan);\n            border: 1px solid var(--cq-border);\n            border-radius: 20px; padding: 0.3rem 0.8rem;\n            font-size: 0.8rem; font-weight: 600;\n        }\n        .badge-cq-gold {\n            background: rgba(255,214,10,0.15);\n            color: var(--cq-yellow);\n            border: 1px solid rgba(255,214,10,0.3);\n            border-radius: 20px; padding: 0.3rem 0.8rem;\n            font-size: 0.8rem; font-weight: 600;\n        }\n\n        /* \xe2\x94\x80\xe2\x94\x80 Progress bars \xe2\x94\x80\xe2\x94\x80\xe2\x94\x80\xe2\x94\x80\xe2\x94\x80\xe2\x94\x80\xe2\x94\x80\xe2\x94\x80\xe2\x94\x80\xe2\x94\x80\xe2\x94\x80\xe2\x94\x80\xe2\x94\x80\xe2\x94\x80\xe2\x94\x80\xe2\x94\x80\xe2\x94\x80\xe2\x94\x80\xe2\x94\x80\xe2\x94\x80\xe2\x94\x80\xe2\x94\x80\xe2\x94\x80\xe2\x94\x80\xe2\x94\x80\xe2\x94\x80\xe2\x94\x80\xe2\x94\x80\xe2\x94\x80\xe2\x94\x80\xe2\x94\x80\xe2\x94\x80\xe2\x94\x80\xe2\x94\x80\xe2\x94\x80\xe2\x94\x80\xe2\x94\x80\xe2\x94\x80\xe2\x94\x80\xe2\x94\x80\xe2\x94\x80\xe2\x94\x80\xe2\x94\x80\xe2\x94\x80\xe2\x94\x80\xe2\x94\x80\xe2\x94\x80 */\n        .progress-cq {\n            background: var(--cq-navy-light);\n            border-radius: 10px; height: 8px;\n        }\n        .progress-cq .progress-bar {\n            background: linear-gradient(90deg, var(--cq-cyan), var(--cq-green));\n            border-radius: 10px;\n        }\n\n        /* \xe2\x94\x80\xe2\x94\x80 Stat Cards \xe2\x94\x80\xe2\x94\x80\xe2\x94\x80\xe2\x94\x80\xe2\x94\x80\xe2\x94\x80\xe2\x94\x80\xe2\x94\x80\xe2\x94\x80\xe2\x94\x80\xe2\x94\x80\xe2\x94\x80\xe2\x94\x80\xe2\x94\x80\xe2\x94\x80\xe2\x94\x80\xe2\x94\x80\xe2\x94\x80\xe2\x94\x80\xe2\x94\x80\xe2\x94\x80\xe2\x94\x80\xe2\x94\x80\xe2\x94\x80\xe2\x94\x80\xe2\x94\x80\xe2\x94\x80\xe2\x94\x80\xe2\x94\x80\xe2\x94\x80\xe2\x94\x80\xe2\x94\x80\xe2\x94\x80\xe2\x94\x80\xe2\x94\x80\xe2\x94\x80\xe2\x94\x80\xe2\x94\x80\xe2\x94\x80\xe2\x94\x80\xe2\x94\x80\xe2\x94\x80\xe2\x94\x80\xe2\x94\x80\xe2\x94\x80\xe2\x94\x80\xe2\x94\x80\xe2\x94\x80\xe2\x94\x80\xe2\x94\x80 */\n        .stat-card {\n            background: var(--cq-navy-mid);\n            border: 1px solid var(--cq-border);\n            border-radius: var(--cq-radius);\n            padding: 1.5rem 1rem;\n            text-align: center;\n            transition: border-color 0.2s, transform 0.2s;\n        }\n        .stat-card:hover {\n            border-color: var(--cq-cyan);\n            transform: translateY(-2px);\n        }\n        .stat-card .stat-number {\n            font-family: var(--font-heading); font-size: 2rem;\n            font-weight: 800;\n        }\n        .stat-card .stat-label { color: var(--cq-text-muted); font-size: 0.85rem; }\n\n        /* \xe2\x94\x80\xe2\x94\x80 Footer \xe2\x94\x80\xe2\x94\x80\xe2\x94\x80\xe2\x94\x80\xe2\x94\x80\xe2\x94\x80\xe2\x94\x80\xe2\x94\x80\xe2\x94\x80\xe2\x94\x80\xe2\x94\x80\xe2\x94\x80\xe2\x94\x80\xe2\x94\x80\xe2\x94\x80\xe2\x94\x80\xe2\x94\x80\xe2\x94\x80\xe2\x94\x80\xe2\x94\x80\xe2\x94\x80\xe2\x94\x80\xe2\x94\x80\xe2\x94\x80\xe2\x94\x80\xe2\x94\x80\xe2\x94\x80\xe2\x94\x80\xe2\x94\x80\xe2\x94\x80\xe2\x94\x80\xe2\x94\x80\xe2\x94\x80\xe2\x94\x80\xe2\x94\x80\xe2\x94\x80\xe2\x94\x80\xe2\x94\x80\xe2\x94\x80\xe2\x94\x80\xe2\x94\x80\xe2\x94\x80\xe2\x94\x80\xe2\x94\x80\xe2\x94\x80\xe2\x94\x80\xe2\x94\x80\xe2\x94\x80\xe2\x94\x80\xe2\x94\x80\xe2\x94\x80\xe2\x94\x80\xe2\x94\x80\xe2\x94\x80 */\n        .footer-cq {\n            background: var(--cq-navy-mid);\n            border-top: 1px solid var(--cq-border);\n            padding: 1.5rem 0;\n            margin-top: auto;\n        }\n        .footer-brand {\n            font-family: var(--font-heading); font-weight: 800;\n            color: var(--cq-cyan); font-size: 1rem; letter-spacing: 2px;\n        }\n        .footer-text { color: var(--cq-text-muted); font-size: 0.85rem; }\n        .footer-team { color: var(--cq-cyan); font-size: 0.85rem; font-weight: 600; }\n\n        /* \xe2\x94\x80\xe2\x94\x80 Scrollbar \xe2\x94\x80\xe2\x94\x80\xe2\x94\x80\xe2\x94\x80\xe2\x94\x80\xe2\x94\x80\xe2\x94\x80\xe2\x94\x80\xe2\x94\x80\xe2\x94\x80\xe2\x94\x80\xe2\x94\x80\xe2\x94\x80\xe2\x94\x80\xe2\x94\x80\xe2\x94\x80\xe2\x94\x80\xe2\x94\x80\xe2\x94\x80\xe2\x94\x80\xe2\x94\x80\xe2\x94\x80\xe2\x94\x80\xe2\x94\x80\xe2\x94\x80\xe2\x94\x80\xe2\x94\x80\xe2\x94\x80\xe2\x94\x80\xe2\x94\x80\xe2\x94\x80\xe2\x94\x80\xe2\x94\x80\xe2\x94\x80\xe2\x94\x80\xe2\x94\x80\xe2\x94\x80\xe2\x94\x80\xe2\x94\x80\xe2\x94\x80\xe2\x94\x80\xe2\x94\x80\xe2\x94\x80\xe2\x94\x80\xe2\x94\x80\xe2\x94\x80\xe2\x94\x80\xe2\x94\x80\xe2\x94\x80\xe2\x94\x80\xe2\x94\x80 */\n        ::-webkit-scrollbar { width: 6px; }\n        ::-webkit-scrollbar-track { background: var(--cq-navy); }\n        ::-webkit-scrollbar-thumb { background: var(--cq-navy-light); border-radius: 3px; }\n        ::-webkit-scrollbar-thumb:hover { background: var(--cq-cyan); }\n    </style>\n\n    \n</head>\n\n<body>\n\n<!-- \xe2\x94\x80\xe2\x94\x80 Navbar \xe2\x94\x80\xe2\x94\x80\xe2\x94\x80\xe2\x94\x80\xe2\x94\x80\xe2\x94\x80\xe2\x94\x80\xe2\x94\x80\xe2\x94\x80\xe2\x94\x80\xe2\x94\x80\xe2\x94\x80\xe2\x94\x80\xe2\x94\x80\xe2\x94\x80\xe2\x94\x80\xe2\x94\x80\xe2\x94\x80\xe2\x94\x80\xe2\x94\x80\xe2\x94\x80\xe2\x94\x80\xe2\x94\x80\xe2\x94\x80\xe2\x94\x80\xe2\x94\x80\xe2\x94\x80\xe2\x94\x80\xe2\x94\x80\xe2\x94\x80\xe2\x94\x80\xe2\x94\x80\xe2\x94\x80\xe2\x94\x80\xe2\x94\x80\xe2\x94\x80\xe2\x94\x80\xe2\x94\x80\xe2\x94\x80\xe2\x94\x80\xe2\x94\x80\xe2\x94\x80\xe2\x94\x80\xe2\x94\x80\xe2\x94\x80\xe2\x94\x80\xe2\x94\x80\xe2\x94\x80\xe2\x94\x80\xe2\x94\x80\xe2\x94\x80\xe2\x94\x80\xe2\x94\x80\xe2\x94\x80\xe2\x94\x80\xe2\x94\x80\xe2\x94\x80\xe2\x94\x80\xe2\x94\x80\xe2\x94\x80\xe2\x94\x80 -->\n<nav class="navbar navbar-expand-lg navbar-cyberquest">\n    <div class="container">\n        <!-- Fixed: use auth.login instead of non-existent \'home\' route -->\n        <a class="navbar-brand-cq"\n           href="/challenges">\n            <i class="bi bi-shield-fill-check brand-icon"></i>\n            CYBER<span style="color:#fff;">QUEST</span>\n        </a>\n\n        <button class="navbar-toggler" type="button"\n                data-bs-toggle="collapse" data-bs-target="#navbarMain">\n            <span class="navbar-toggler-icon"></span>\n        </button>\n\n        <div class="collapse navbar-collapse" id="navbarMain">\n            \n            <ul class="navbar-nav me-auto mb-2 mb-lg-0">\n                \n                <li class="nav-item">\n                    <a class="nav-link nav-link-cq" href="/challenges">\n                        <i class="bi bi-controller me-1"></i> Challenges\n                    </a>\n                </li>\n                <li class="nav-item">\n                    <a class="nav-link nav-link-cq" href="/progress">\n                        <i class="bi bi-bar-chart-fill me-1"></i> My Progress\n                    </a>\n                </li>\n                <li class="nav-item">\n                    <a class="nav-link nav-link-cq" href="/result">\n                        <i class="bi bi-trophy me-1"></i> Results\n                    </a>\n                </li>\n                \n            </ul>\n            \n\n            <div class="d-flex align-items-center gap-2">\n                \n                    <span class="navbar-username d-none d-md-inline">\n                        <i class="bi bi-person-circle me-1"></i>\n                        <strong>newstudent_test</strong>\n                        <span class="badge ms-1"\n                              style="background:rgba(0,180,216,0.15);\n                                     color:var(--cq-cyan); font-size:0.7rem;">\n                            Student\n                        </span>\n                    </span>\n                    \n                    <a href="/2fa/setup"\n                       class="btn-nav-login btn"\n                       title="2FA Settings">\n                        <i class="bi bi-shield-lock"></i>\n                    </a>\n                    \n                    <a href="/logout" class="btn-nav-login btn">\n                        <i class="bi bi-box-arrow-right me-1"></i> Logout\n                    </a>\n                \n            </div>\n        </div>\n    </div>\n</nav>\n\n<!-- \xe2\x94\x80\xe2\x94\x80 Flash Messages (handled once here, not in child templates) \xe2\x94\x80\xe2\x94\x80\xe2\x94\x80\xe2\x94\x80\xe2\x94\x80\xe2\x94\x80\xe2\x94\x80\xe2\x94\x80\xe2\x94\x80\xe2\x94\x80 -->\n<div class="flash-container">\n    <div class="container">\n        \n            \n        \n    </div>\n</div>\n\n<!-- \xe2\x94\x80\xe2\x94\x80 Main Content \xe2\x94\x80\xe2\x94\x80\xe2\x94\x80\xe2\x94\x80\xe2\x94\x80\xe2\x94\x80\xe2\x94\x80\xe2\x94\x80\xe2\x94\x80\xe2\x94\x80\xe2\x94\x80\xe2\x94\x80\xe2\x94\x80\xe2\x94\x80\xe2\x94\x80\xe2\x94\x80\xe2\x94\x80\xe2\x94\x80\xe2\x94\x80\xe2\x94\x80\xe2\x94\x80\xe2\x94\x80\xe2\x94\x80\xe2\x94\x80\xe2\x94\x80\xe2\x94\x80\xe2\x94\x80\xe2\x94\x80\xe2\x94\x80\xe2\x94\x80\xe2\x94\x80\xe2\x94\x80\xe2\x94\x80\xe2\x94\x80\xe2\x94\x80\xe2\x94\x80\xe2\x94\x80\xe2\x94\x80\xe2\x94\x80\xe2\x94\x80\xe2\x94\x80\xe2\x94\x80\xe2\x94\x80\xe2\x94\x80\xe2\x94\x80\xe2\x94\x80\xe2\x94\x80\xe2\x94\x80\xe2\x94\x80\xe2\x94\x80\xe2\x94\x80\xe2\x94\x80\xe2\x94\x80\xe2\x94\x80\xe2\x94\x80\xe2\x94\x80 -->\n<main>\n    \n<div class="container py-4">\n\n  <div class="d-flex justify-content-between align-items-center mb-4">\n    <div>\n      <h2 class="mb-0" style="color:var(--cq-cyan);">\xf0\x9f\x9b\xa1\xef\xb8\x8f Challenge Categories</h2>\n      <p style="color:var(--cq-text-muted);" class="mb-0">Choose a category to start earning points</p>\n    </div>\n    <div class="text-end">\n      <span class="badge-cq-gold fs-6 px-3 py-2">\xe2\xad\x90 0 pts</span>\n      <a href="/progress" class="btn btn-cq-outline ms-2">\xf0\x9f\x93\x8a My Progress</a>\n    </div>\n  </div>\n\n  <!-- Category Cards -->\n  <div class="row g-4 mb-5">\n    \n    <div class="col-md-4">\n      <div class="card-cq h-100 p-4 text-center" style="transition:border-color 0.2s,transform 0.2s;"\n           onmouseover="this.style.borderColor=\'var(--cq-cyan)\';this.style.transform=\'translateY(-4px)\'"\n           onmouseout="this.style.borderColor=\'var(--cq-border)\';this.style.transform=\'none\'">\n        <div style="font-size:3.5rem;" class="mb-3">\xf0\x9f\x8e\xa3</div>\n        <h4 style="color:var(--cq-cyan);">Phishing Awareness</h4>\n        <p style="color:var(--cq-text-muted);" class="small mb-3">Learn to spot phishing emails and social engineering attacks.</p>\n\n        <div class="mb-3">\n          <div class="d-flex justify-content-between small mb-1"\n               style="color:var(--cq-text-muted);">\n            <span>Progress</span>\n            <span>0/5</span>\n          </div>\n          <div class="progress-cq">\n            <div class="progress-bar" role="progressbar"\n                 style="width:0%">\n            </div>\n          </div>\n        </div>\n\n        <a href="/challenge/phishing"\n           class="btn btn-cq-primary w-100 fw-bold">\n          \xf0\x9f\x9a\x80 Start\n        </a>\n      </div>\n    </div>\n    \n    <div class="col-md-4">\n      <div class="card-cq h-100 p-4 text-center" style="transition:border-color 0.2s,transform 0.2s;"\n           onmouseover="this.style.borderColor=\'var(--cq-cyan)\';this.style.transform=\'translateY(-4px)\'"\n           onmouseout="this.style.borderColor=\'var(--cq-border)\';this.style.transform=\'none\'">\n        <div style="font-size:3.5rem;" class="mb-3">\xf0\x9f\x94\x90</div>\n        <h4 style="color:var(--cq-cyan);">Password Security</h4>\n        <p style="color:var(--cq-text-muted);" class="small mb-3">Master the art of strong passwords and authentication.</p>\n\n        <div class="mb-3">\n          <div class="d-flex justify-content-between small mb-1"\n               style="color:var(--cq-text-muted);">\n            <span>Progress</span>\n            <span>0/5</span>\n          </div>\n          <div class="progress-cq">\n            <div class="progress-bar" role="progressbar"\n                 style="width:0%">\n            </div>\n          </div>\n        </div>\n\n        <a href="/challenge/password"\n           class="btn btn-cq-primary w-100 fw-bold">\n          \xf0\x9f\x9a\x80 Start\n        </a>\n      </div>\n    </div>\n    \n    <div class="col-md-4">\n      <div class="card-cq h-100 p-4 text-center" style="transition:border-color 0.2s,transform 0.2s;"\n           onmouseover="this.style.borderColor=\'var(--cq-cyan)\';this.style.transform=\'translateY(-4px)\'"\n           onmouseout="this.style.borderColor=\'var(--cq-border)\';this.style.transform=\'none\'">\n        <div style="font-size:3.5rem;" class="mb-3">\xf0\x9f\x8c\x90</div>\n        <h4 style="color:var(--cq-cyan);">Safe Browsing</h4>\n        <p style="color:var(--cq-text-muted);" class="small mb-3">Stay safe online \xe2\x80\x94 VPNs, HTTPS, and browser threats.</p>\n\n        <div class="mb-3">\n          <div class="d-flex justify-content-between small mb-1"\n               style="color:var(--cq-text-muted);">\n            <span>Progress</span>\n            <span>0/5</span>\n          </div>\n          <div class="progress-cq">\n            <div class="progress-bar" role="progressbar"\n                 style="width:0%">\n            </div>\n          </div>\n        </div>\n\n        <a href="/challenge/browsing"\n           class="btn btn-cq-primary w-100 fw-bold">\n          \xf0\x9f\x9a\x80 Start\n        </a>\n      </div>\n    </div>\n    \n  </div>\n\n  <!-- Badges -->\n  \n\n</div>\n\n</main>\n\n<!-- \xe2\x94\x80\xe2\x94\x80 Footer \xe2\x94\x80\xe2\x94\x80\xe2\x94\x80\xe2\x94\x80\xe2\x94\x80\xe2\x94\x80\xe2\x94\x80\xe2\x94\x80\xe2\x94\x80\xe2\x94\x80\xe2\x94\x80\xe2\x94\x80\xe2\x94\x80\xe2\x94\x80\xe2\x94\x80\xe2\x94\x80\xe2\x94\x80\xe2\x94\x80\xe2\x94\x80\xe2\x94\x80\xe2\x94\x80\xe2\x94\x80\xe2\x94\x80\xe2\x94\x80\xe2\x94\x80\xe2\x94\x80\xe2\x94\x80\xe2\x94\x80\xe2\x94\x80\xe2\x94\x80\xe2\x94\x80\xe2\x94\x80\xe2\x94\x80\xe2\x94\x80\xe2\x94\x80\xe2\x94\x80\xe2\x94\x80\xe2\x94\x80\xe2\x94\x80\xe2\x94\x80\xe2\x94\x80\xe2\x94\x80\xe2\x94\x80\xe2\x94\x80\xe2\x94\x80\xe2\x94\x80\xe2\x94\x80\xe2\x94\x80\xe2\x94\x80\xe2\x94\x80\xe2\x94\x80\xe2\x94\x80\xe2\x94\x80\xe2\x94\x80\xe2\x94\x80\xe2\x94\x80\xe2\x94\x80\xe2\x94\x80\xe2\x94\x80\xe2\x94\x80\xe2\x94\x80 -->\n<footer class="footer-cq">\n    <div class="container">\n        <div class="row align-items-center">\n            <div class="col-md-3 mb-2 mb-md-0">\n                <div class="footer-brand"><i class="bi bi-shield-fill-check me-2"></i>CYBERQUEST</div>\n                <div class="footer-text">Cybersecurity Awareness Game</div>\n            </div>\n            <div class="col-md-5 mb-2 mb-md-0">\n                <div class="footer-text">\n                    <i class="bi bi-mortarboard-fill me-1"></i>\n                    ICT932 \xe2\x80\x94 Cybersecurity Testing and Assurance<br>\n                    Crown Institute of Higher Education (CIHE) \xc2\xa9 2026\n                </div>\n            </div>\n            <div class="col-md-4 text-md-end">\n                <div class="footer-team">\n                    Prashan Manandhar | Raju Kshetri | Pramesh Silwal | Susanta Dhakal\n                </div>\n            </div>\n        </div>\n    </div>\n</footer>\n\n<script src="https://cdn.jsdelivr.net/npm/bootstrap@5.3.0/dist/js/bootstrap.bundle.min.js"></script>\n\n\n</body>\n</html>'
 +  where b'<!DOCTYPE html>\n<!--\n    base.html \xe2\x80\x94 Shared base template for CyberQuest\n    Authors: Susanta Dhakal (CIHE250321) & Pramesh Silwal (CIHE241339)\n    Fixed: Prashan Manandhar (CIHE241182) \xe2\x80\x94 removed broken url_for(\'home\')\n-->\n<html lang="en">\n<head>\n    <meta charset="UTF-8">\n    <meta name="viewport" content="width=device-width, initial-scale=1.0">\n    <meta name="description" content="CyberQuest \xe2\x80\x94 Cybersecurity Awareness Game for ICT932 CIHE">\n    <title>Challenges \xe2\x80\x94 CyberQuest | ICT932</title>\n\n    <!-- Bootstrap 5 CSS -->\n    <link href="https://cdn.jsdelivr.net/npm/bootstrap@5.3.0/dist/css/bootstrap.min.css" rel="stylesheet">\n    <!-- Bootstrap Icons -->\n    <link href="https://cdn.jsdelivr.net/npm/bootstrap-icons@1.11.0/font/bootstrap-icons.css" rel="stylesheet">\n    <!-- Google Fonts -->\n    <link href="https://fonts.googleapis.com/css2?family=Orbitron:wght@400;600;800&family=Rajdhani:wght@300;400;500;600&display=swap" rel="stylesheet">\n\n    <style>\n        /* \xe2\x94\x80\xe2\x94\x80 Design Tokens \xe2\x94\x80\xe2\x94\x80\xe2\x94\x80\xe2\x94\x80\xe2\x94\x80\xe2\x94\x80\xe2\x94\x80\xe2\x94\x80\xe2\x94\x80\xe2\x94\x80\xe2\x94\x80\xe2\x94\x80\xe2\x94\x80\xe2\x94\x80\xe2\x94\x80\xe2\x94\x80\xe2\x94\x80\xe2\x94\x80\xe2\x94\x80\xe2\x94\x80\xe2\x94\x80\xe2\x94\x80\xe2\x94\x80\xe2\x94\x80\xe2\x94\x80\xe2\x94\x80\xe2\x94\x80\xe2\x94\x80\xe2\x94\x80\xe2\x94\x80\xe2\x94\x80\xe2\x94\x80\xe2\x94\x80\xe2\x94\x80\xe2\x94\x80\xe2\x94\x80\xe2\x94\x80\xe2\x94\x80\xe2\x94\x80\xe2\x94\x80\xe2\x94\x80\xe2\x94\x80\xe2\x94\x80\xe2\x94\x80\xe2\x94\x80\xe2\x94\x80\xe2\x94\x80 */\n        :root {\n            --cq-navy:      #0D1B2A;\n            --cq-navy-mid:  #112233;\n            --cq-navy-light:#1A2E42;\n            --cq-cyan:      #00B4D8;\n            --cq-cyan-glow: #00D4FF;\n            --cq-green:     #00E676;\n            --cq-red:       #FF4D6D;\n            --cq-yellow:    #FFD60A;\n            --cq-text:      #E0EAF4;\n            --cq-text-muted:#7A9BB5;\n            --cq-border:    rgba(0, 180, 216, 0.2);\n            --cq-shadow:    0 4px 24px rgba(0, 180, 216, 0.12);\n            --cq-radius:    12px;\n            --font-heading: \'Orbitron\', monospace;\n            --font-body:    \'Rajdhani\', sans-serif;\n        }\n\n        *, *::before, *::after { box-sizing: border-box; }\n        html { scroll-behavior: smooth; }\n\n        body {\n            background-color: var(--cq-navy);\n            color: var(--cq-text);\n            font-family: var(--font-body);\n            font-size: 1.05rem;\n            min-height: 100vh;\n            display: flex;\n            flex-direction: column;\n        }\n\n        h1,h2,h3,h4,h5,h6 { font-family: var(--font-heading); }\n        main { flex: 1; }\n\n        /* \xe2\x94\x80\xe2\x94\x80 Navbar \xe2\x94\x80\xe2\x94\x80\xe2\x94\x80\xe2\x94\x80\xe2\x94\x80\xe2\x94\x80\xe2\x94\x80\xe2\x94\x80\xe2\x94\x80\xe2\x94\x80\xe2\x94\x80\xe2\x94\x80\xe2\x94\x80\xe2\x94\x80\xe2\x94\x80\xe2\x94\x80\xe2\x94\x80\xe2\x94\x80\xe2\x94\x80\xe2\x94\x80\xe2\x94\x80\xe2\x94\x80\xe2\x94\x80\xe2\x94\x80\xe2\x94\x80\xe2\x94\x80\xe2\x94\x80\xe2\x94\x80\xe2\x94\x80\xe2\x94\x80\xe2\x94\x80\xe2\x94\x80\xe2\x94\x80\xe2\x94\x80\xe2\x94\x80\xe2\x94\x80\xe2\x94\x80\xe2\x94\x80\xe2\x94\x80\xe2\x94\x80\xe2\x94\x80\xe2\x94\x80\xe2\x94\x80\xe2\x94\x80\xe2\x94\x80\xe2\x94\x80\xe2\x94\x80\xe2\x94\x80\xe2\x94\x80\xe2\x94\x80\xe2\x94\x80\xe2\x94\x80\xe2\x94\x80\xe2\x94\x80 */\n        .navbar-cyberquest {\n            background: rgba(13,27,42,0.97);\n            border-bottom: 1px solid var(--cq-border);\n            backdrop-filter: blur(10px);\n            padding: 0.75rem 0;\n            position: sticky; top: 0; z-index: 1000;\n        }\n        .navbar-brand-cq {\n            font-family: var(--font-heading); font-weight: 800;\n            font-size: 1.35rem; color: var(--cq-cyan) !important;\n            text-decoration: none; letter-spacing: 2px;\n            display: flex; align-items: center; gap: 0.5rem;\n        }\n        .navbar-brand-cq .brand-icon {\n            color: var(--cq-cyan-glow); font-size: 1.5rem;\n            filter: drop-shadow(0 0 6px var(--cq-cyan));\n        }\n        .navbar-brand-cq:hover { color: var(--cq-cyan-glow) !important; }\n        .nav-link-cq {\n            color: var(--cq-text-muted) !important;\n            font-family: var(--font-body); font-weight: 500;\n            font-size: 0.95rem; letter-spacing: 0.5px;\n            padding: 0.5rem 0.85rem !important;\n            border-radius: 6px;\n            transition: color 0.2s, background 0.2s;\n        }\n        .nav-link-cq:hover, .nav-link-cq.active {\n            color: var(--cq-cyan) !important;\n            background: rgba(0,180,216,0.08);\n        }\n        .btn-nav-login {\n            border: 1px solid var(--cq-cyan); color: var(--cq-cyan);\n            background: transparent; border-radius: 6px;\n            padding: 0.4rem 1rem; font-weight: 600; font-size: 0.9rem;\n            transition: all 0.2s;\n        }\n        .btn-nav-login:hover {\n            background: rgba(0,180,216,0.15); color: var(--cq-cyan-glow);\n        }\n        .btn-nav-register {\n            background: var(--cq-cyan); color: var(--cq-navy);\n            border: none; border-radius: 6px;\n            padding: 0.4rem 1rem; font-weight: 700; font-size: 0.9rem;\n            transition: all 0.2s;\n        }\n        .btn-nav-register:hover {\n            background: var(--cq-cyan-glow);\n            box-shadow: 0 4px 12px rgba(0,180,216,0.35);\n        }\n        .navbar-username { color: var(--cq-text-muted); font-size: 0.85rem; }\n        .navbar-username strong { color: var(--cq-cyan); }\n        .navbar-toggler { border-color: var(--cq-border); }\n        .navbar-toggler-icon { filter: invert(60%) sepia(80%) saturate(400%) hue-rotate(165deg); }\n\n        /* \xe2\x94\x80\xe2\x94\x80 Flash Messages \xe2\x94\x80\xe2\x94\x80\xe2\x94\x80\xe2\x94\x80\xe2\x94\x80\xe2\x94\x80\xe2\x94\x80\xe2\x94\x80\xe2\x94\x80\xe2\x94\x80\xe2\x94\x80\xe2\x94\x80\xe2\x94\x80\xe2\x94\x80\xe2\x94\x80\xe2\x94\x80\xe2\x94\x80\xe2\x94\x80\xe2\x94\x80\xe2\x94\x80\xe2\x94\x80\xe2\x94\x80\xe2\x94\x80\xe2\x94\x80\xe2\x94\x80\xe2\x94\x80\xe2\x94\x80\xe2\x94\x80\xe2\x94\x80\xe2\x94\x80\xe2\x94\x80\xe2\x94\x80\xe2\x94\x80\xe2\x94\x80\xe2\x94\x80\xe2\x94\x80\xe2\x94\x80\xe2\x94\x80\xe2\x94\x80\xe2\x94\x80\xe2\x94\x80\xe2\x94\x80\xe2\x94\x80\xe2\x94\x80\xe2\x94\x80\xe2\x94\x80 */\n        .flash-container { padding: 0.5rem 0; }\n        .alert-cq {\n            border-left: 4px solid; border-radius: 0 var(--cq-radius) var(--cq-radius) 0;\n            background: var(--cq-navy-mid); color: var(--cq-text);\n            border-top: none; border-right: none; border-bottom: none;\n            font-weight: 500;\n        }\n        .alert-cq.alert-success { border-color: var(--cq-green); }\n        .alert-cq.alert-danger  { border-color: var(--cq-red); }\n        .alert-cq.alert-info    { border-color: var(--cq-cyan); }\n        .alert-cq.alert-warning { border-color: var(--cq-yellow); }\n\n        /* \xe2\x94\x80\xe2\x94\x80 Dark Cards \xe2\x94\x80\xe2\x94\x80\xe2\x94\x80\xe2\x94\x80\xe2\x94\x80\xe2\x94\x80\xe2\x94\x80\xe2\x94\x80\xe2\x94\x80\xe2\x94\x80\xe2\x94\x80\xe2\x94\x80\xe2\x94\x80\xe2\x94\x80\xe2\x94\x80\xe2\x94\x80\xe2\x94\x80\xe2\x94\x80\xe2\x94\x80\xe2\x94\x80\xe2\x94\x80\xe2\x94\x80\xe2\x94\x80\xe2\x94\x80\xe2\x94\x80\xe2\x94\x80\xe2\x94\x80\xe2\x94\x80\xe2\x94\x80\xe2\x94\x80\xe2\x94\x80\xe2\x94\x80\xe2\x94\x80\xe2\x94\x80\xe2\x94\x80\xe2\x94\x80\xe2\x94\x80\xe2\x94\x80\xe2\x94\x80\xe2\x94\x80\xe2\x94\x80\xe2\x94\x80\xe2\x94\x80\xe2\x94\x80\xe2\x94\x80\xe2\x94\x80\xe2\x94\x80\xe2\x94\x80\xe2\x94\x80\xe2\x94\x80 */\n        .card-cq {\n            background: var(--cq-navy-mid);\n            border: 1px solid var(--cq-border);\n            border-radius: var(--cq-radius);\n            color: var(--cq-text);\n            box-shadow: var(--cq-shadow);\n        }\n        .card-cq .card-header {\n            background: var(--cq-navy-light);\n            border-bottom: 1px solid var(--cq-border);\n            color: var(--cq-text);\n            border-radius: var(--cq-radius) var(--cq-radius) 0 0;\n        }\n\n        /* \xe2\x94\x80\xe2\x94\x80 Dark Tables \xe2\x94\x80\xe2\x94\x80\xe2\x94\x80\xe2\x94\x80\xe2\x94\x80\xe2\x94\x80\xe2\x94\x80\xe2\x94\x80\xe2\x94\x80\xe2\x94\x80\xe2\x94\x80\xe2\x94\x80\xe2\x94\x80\xe2\x94\x80\xe2\x94\x80\xe2\x94\x80\xe2\x94\x80\xe2\x94\x80\xe2\x94\x80\xe2\x94\x80\xe2\x94\x80\xe2\x94\x80\xe2\x94\x80\xe2\x94\x80\xe2\x94\x80\xe2\x94\x80\xe2\x94\x80\xe2\x94\x80\xe2\x94\x80\xe2\x94\x80\xe2\x94\x80\xe2\x94\x80\xe2\x94\x80\xe2\x94\x80\xe2\x94\x80\xe2\x94\x80\xe2\x94\x80\xe2\x94\x80\xe2\x94\x80\xe2\x94\x80\xe2\x94\x80\xe2\x94\x80\xe2\x94\x80\xe2\x94\x80\xe2\x94\x80\xe2\x94\x80\xe2\x94\x80\xe2\x94\x80\xe2\x94\x80 */\n        .table-cq { color: var(--cq-text); }\n        .table-cq thead th {\n            background: var(--cq-navy-light);\n            color: var(--cq-cyan);\n            border-color: var(--cq-border);\n            font-family: var(--font-heading);\n            font-size: 0.8rem;\n            letter-spacing: 1px;\n        }\n        .table-cq tbody tr {\n            border-color: var(--cq-border);\n        }\n        .table-cq tbody tr:hover {\n            background: rgba(0,180,216,0.05);\n        }\n        .table-cq td, .table-cq th {\n            border-color: var(--cq-border);\n            vertical-align: middle;\n        }\n\n        /* \xe2\x94\x80\xe2\x94\x80 Dark Forms \xe2\x94\x80\xe2\x94\x80\xe2\x94\x80\xe2\x94\x80\xe2\x94\x80\xe2\x94\x80\xe2\x94\x80\xe2\x94\x80\xe2\x94\x80\xe2\x94\x80\xe2\x94\x80\xe2\x94\x80\xe2\x94\x80\xe2\x94\x80\xe2\x94\x80\xe2\x94\x80\xe2\x94\x80\xe2\x94\x80\xe2\x94\x80\xe2\x94\x80\xe2\x94\x80\xe2\x94\x80\xe2\x94\x80\xe2\x94\x80\xe2\x94\x80\xe2\x94\x80\xe2\x94\x80\xe2\x94\x80\xe2\x94\x80\xe2\x94\x80\xe2\x94\x80\xe2\x94\x80\xe2\x94\x80\xe2\x94\x80\xe2\x94\x80\xe2\x94\x80\xe2\x94\x80\xe2\x94\x80\xe2\x94\x80\xe2\x94\x80\xe2\x94\x80\xe2\x94\x80\xe2\x94\x80\xe2\x94\x80\xe2\x94\x80\xe2\x94\x80\xe2\x94\x80\xe2\x94\x80\xe2\x94\x80\xe2\x94\x80 */\n        .form-control-cq, .form-select-cq {\n            background: var(--cq-navy-light);\n            border: 1px solid var(--cq-border);\n            color: var(--cq-text);\n            border-radius: 8px;\n        }\n        .form-control-cq:focus, .form-select-cq:focus {\n            background: var(--cq-navy-light);\n            border-color: var(--cq-cyan);\n            color: var(--cq-text);\n            box-shadow: 0 0 0 3px rgba(0,180,216,0.2);\n        }\n        .form-control-cq::placeholder { color: var(--cq-text-muted); }\n\n        /* \xe2\x94\x80\xe2\x94\x80 CyberQuest Buttons \xe2\x94\x80\xe2\x94\x80\xe2\x94\x80\xe2\x94\x80\xe2\x94\x80\xe2\x94\x80\xe2\x94\x80\xe2\x94\x80\xe2\x94\x80\xe2\x94\x80\xe2\x94\x80\xe2\x94\x80\xe2\x94\x80\xe2\x94\x80\xe2\x94\x80\xe2\x94\x80\xe2\x94\x80\xe2\x94\x80\xe2\x94\x80\xe2\x94\x80\xe2\x94\x80\xe2\x94\x80\xe2\x94\x80\xe2\x94\x80\xe2\x94\x80\xe2\x94\x80\xe2\x94\x80\xe2\x94\x80\xe2\x94\x80\xe2\x94\x80\xe2\x94\x80\xe2\x94\x80\xe2\x94\x80\xe2\x94\x80\xe2\x94\x80\xe2\x94\x80\xe2\x94\x80\xe2\x94\x80\xe2\x94\x80\xe2\x94\x80\xe2\x94\x80\xe2\x94\x80 */\n        .btn-cq-primary {\n            background: var(--cq-cyan); color: var(--cq-navy);\n            border: none; font-weight: 700; border-radius: 8px;\n            font-family: var(--font-body); letter-spacing: 0.5px;\n            transition: all 0.2s;\n        }\n        .btn-cq-primary:hover {\n            background: var(--cq-cyan-glow);\n            box-shadow: 0 4px 16px rgba(0,180,216,0.4);\n        }\n        .btn-cq-outline {\n            border: 1px solid var(--cq-cyan); color: var(--cq-cyan);\n            background: transparent; border-radius: 8px;\n            font-weight: 600; transition: all 0.2s;\n        }\n        .btn-cq-outline:hover {\n            background: rgba(0,180,216,0.12); color: var(--cq-cyan-glow);\n        }\n        .btn-cq-danger {\n            border: 1px solid var(--cq-red); color: var(--cq-red);\n            background: transparent; border-radius: 8px;\n            font-weight: 600; transition: all 0.2s;\n        }\n        .btn-cq-danger:hover { background: rgba(255,77,109,0.12); }\n\n        /* \xe2\x94\x80\xe2\x94\x80 Badges / Pills \xe2\x94\x80\xe2\x94\x80\xe2\x94\x80\xe2\x94\x80\xe2\x94\x80\xe2\x94\x80\xe2\x94\x80\xe2\x94\x80\xe2\x94\x80\xe2\x94\x80\xe2\x94\x80\xe2\x94\x80\xe2\x94\x80\xe2\x94\x80\xe2\x94\x80\xe2\x94\x80\xe2\x94\x80\xe2\x94\x80\xe2\x94\x80\xe2\x94\x80\xe2\x94\x80\xe2\x94\x80\xe2\x94\x80\xe2\x94\x80\xe2\x94\x80\xe2\x94\x80\xe2\x94\x80\xe2\x94\x80\xe2\x94\x80\xe2\x94\x80\xe2\x94\x80\xe2\x94\x80\xe2\x94\x80\xe2\x94\x80\xe2\x94\x80\xe2\x94\x80\xe2\x94\x80\xe2\x94\x80\xe2\x94\x80\xe2\x94\x80\xe2\x94\x80\xe2\x94\x80\xe2\x94\x80\xe2\x94\x80\xe2\x94\x80\xe2\x94\x80 */\n        .badge-cq-cyan {\n            background: rgba(0,180,216,0.15);\n            color: var(--cq-cyan);\n            border: 1px solid var(--cq-border);\n            border-radius: 20px; padding: 0.3rem 0.8rem;\n            font-size: 0.8rem; font-weight: 600;\n        }\n        .badge-cq-gold {\n            background: rgba(255,214,10,0.15);\n            color: var(--cq-yellow);\n            border: 1px solid rgba(255,214,10,0.3);\n            border-radius: 20px; padding: 0.3rem 0.8rem;\n            font-size: 0.8rem; font-weight: 600;\n        }\n\n        /* \xe2\x94\x80\xe2\x94\x80 Progress bars \xe2\x94\x80\xe2\x94\x80\xe2\x94\x80\xe2\x94\x80\xe2\x94\x80\xe2\x94\x80\xe2\x94\x80\xe2\x94\x80\xe2\x94\x80\xe2\x94\x80\xe2\x94\x80\xe2\x94\x80\xe2\x94\x80\xe2\x94\x80\xe2\x94\x80\xe2\x94\x80\xe2\x94\x80\xe2\x94\x80\xe2\x94\x80\xe2\x94\x80\xe2\x94\x80\xe2\x94\x80\xe2\x94\x80\xe2\x94\x80\xe2\x94\x80\xe2\x94\x80\xe2\x94\x80\xe2\x94\x80\xe2\x94\x80\xe2\x94\x80\xe2\x94\x80\xe2\x94\x80\xe2\x94\x80\xe2\x94\x80\xe2\x94\x80\xe2\x94\x80\xe2\x94\x80\xe2\x94\x80\xe2\x94\x80\xe2\x94\x80\xe2\x94\x80\xe2\x94\x80\xe2\x94\x80\xe2\x94\x80\xe2\x94\x80\xe2\x94\x80\xe2\x94\x80 */\n        .progress-cq {\n            background: var(--cq-navy-light);\n            border-radius: 10px; height: 8px;\n        }\n        .progress-cq .progress-bar {\n            background: linear-gradient(90deg, var(--cq-cyan), var(--cq-green));\n            border-radius: 10px;\n        }\n\n        /* \xe2\x94\x80\xe2\x94\x80 Stat Cards \xe2\x94\x80\xe2\x94\x80\xe2\x94\x80\xe2\x94\x80\xe2\x94\x80\xe2\x94\x80\xe2\x94\x80\xe2\x94\x80\xe2\x94\x80\xe2\x94\x80\xe2\x94\x80\xe2\x94\x80\xe2\x94\x80\xe2\x94\x80\xe2\x94\x80\xe2\x94\x80\xe2\x94\x80\xe2\x94\x80\xe2\x94\x80\xe2\x94\x80\xe2\x94\x80\xe2\x94\x80\xe2\x94\x80\xe2\x94\x80\xe2\x94\x80\xe2\x94\x80\xe2\x94\x80\xe2\x94\x80\xe2\x94\x80\xe2\x94\x80\xe2\x94\x80\xe2\x94\x80\xe2\x94\x80\xe2\x94\x80\xe2\x94\x80\xe2\x94\x80\xe2\x94\x80\xe2\x94\x80\xe2\x94\x80\xe2\x94\x80\xe2\x94\x80\xe2\x94\x80\xe2\x94\x80\xe2\x94\x80\xe2\x94\x80\xe2\x94\x80\xe2\x94\x80\xe2\x94\x80\xe2\x94\x80\xe2\x94\x80 */\n        .stat-card {\n            background: var(--cq-navy-mid);\n            border: 1px solid var(--cq-border);\n            border-radius: var(--cq-radius);\n            padding: 1.5rem 1rem;\n            text-align: center;\n            transition: border-color 0.2s, transform 0.2s;\n        }\n        .stat-card:hover {\n            border-color: var(--cq-cyan);\n            transform: translateY(-2px);\n        }\n        .stat-card .stat-number {\n            font-family: var(--font-heading); font-size: 2rem;\n            font-weight: 800;\n        }\n        .stat-card .stat-label { color: var(--cq-text-muted); font-size: 0.85rem; }\n\n        /* \xe2\x94\x80\xe2\x94\x80 Footer \xe2\x94\x80\xe2\x94\x80\xe2\x94\x80\xe2\x94\x80\xe2\x94\x80\xe2\x94\x80\xe2\x94\x80\xe2\x94\x80\xe2\x94\x80\xe2\x94\x80\xe2\x94\x80\xe2\x94\x80\xe2\x94\x80\xe2\x94\x80\xe2\x94\x80\xe2\x94\x80\xe2\x94\x80\xe2\x94\x80\xe2\x94\x80\xe2\x94\x80\xe2\x94\x80\xe2\x94\x80\xe2\x94\x80\xe2\x94\x80\xe2\x94\x80\xe2\x94\x80\xe2\x94\x80\xe2\x94\x80\xe2\x94\x80\xe2\x94\x80\xe2\x94\x80\xe2\x94\x80\xe2\x94\x80\xe2\x94\x80\xe2\x94\x80\xe2\x94\x80\xe2\x94\x80\xe2\x94\x80\xe2\x94\x80\xe2\x94\x80\xe2\x94\x80\xe2\x94\x80\xe2\x94\x80\xe2\x94\x80\xe2\x94\x80\xe2\x94\x80\xe2\x94\x80\xe2\x94\x80\xe2\x94\x80\xe2\x94\x80\xe2\x94\x80\xe2\x94\x80\xe2\x94\x80\xe2\x94\x80 */\n        .footer-cq {\n            background: var(--cq-navy-mid);\n            border-top: 1px solid var(--cq-border);\n            padding: 1.5rem 0;\n            margin-top: auto;\n        }\n        .footer-brand {\n            font-family: var(--font-heading); font-weight: 800;\n            color: var(--cq-cyan); font-size: 1rem; letter-spacing: 2px;\n        }\n        .footer-text { color: var(--cq-text-muted); font-size: 0.85rem; }\n        .footer-team { color: var(--cq-cyan); font-size: 0.85rem; font-weight: 600; }\n\n        /* \xe2\x94\x80\xe2\x94\x80 Scrollbar \xe2\x94\x80\xe2\x94\x80\xe2\x94\x80\xe2\x94\x80\xe2\x94\x80\xe2\x94\x80\xe2\x94\x80\xe2\x94\x80\xe2\x94\x80\xe2\x94\x80\xe2\x94\x80\xe2\x94\x80\xe2\x94\x80\xe2\x94\x80\xe2\x94\x80\xe2\x94\x80\xe2\x94\x80\xe2\x94\x80\xe2\x94\x80\xe2\x94\x80\xe2\x94\x80\xe2\x94\x80\xe2\x94\x80\xe2\x94\x80\xe2\x94\x80\xe2\x94\x80\xe2\x94\x80\xe2\x94\x80\xe2\x94\x80\xe2\x94\x80\xe2\x94\x80\xe2\x94\x80\xe2\x94\x80\xe2\x94\x80\xe2\x94\x80\xe2\x94\x80\xe2\x94\x80\xe2\x94\x80\xe2\x94\x80\xe2\x94\x80\xe2\x94\x80\xe2\x94\x80\xe2\x94\x80\xe2\x94\x80\xe2\x94\x80\xe2\x94\x80\xe2\x94\x80\xe2\x94\x80\xe2\x94\x80\xe2\x94\x80\xe2\x94\x80 */\n        ::-webkit-scrollbar { width: 6px; }\n        ::-webkit-scrollbar-track { background: var(--cq-navy); }\n        ::-webkit-scrollbar-thumb { background: var(--cq-navy-light); border-radius: 3px; }\n        ::-webkit-scrollbar-thumb:hover { background: var(--cq-cyan); }\n    </style>\n\n    \n</head>\n\n<body>\n\n<!-- \xe2\x94\x80\xe2\x94\x80 Navbar \xe2\x94\x80\xe2\x94\x80\xe2\x94\x80\xe2\x94\x80\xe2\x94\x80\xe2\x94\x80\xe2\x94\x80\xe2\x94\x80\xe2\x94\x80\xe2\x94\x80\xe2\x94\x80\xe2\x94\x80\xe2\x94\x80\xe2\x94\x80\xe2\x94\x80\xe2\x94\x80\xe2\x94\x80\xe2\x94\x80\xe2\x94\x80\xe2\x94\x80\xe2\x94\x80\xe2\x94\x80\xe2\x94\x80\xe2\x94\x80\xe2\x94\x80\xe2\x94\x80\xe2\x94\x80\xe2\x94\x80\xe2\x94\x80\xe2\x94\x80\xe2\x94\x80\xe2\x94\x80\xe2\x94\x80\xe2\x94\x80\xe2\x94\x80\xe2\x94\x80\xe2\x94\x80\xe2\x94\x80\xe2\x94\x80\xe2\x94\x80\xe2\x94\x80\xe2\x94\x80\xe2\x94\x80\xe2\x94\x80\xe2\x94\x80\xe2\x94\x80\xe2\x94\x80\xe2\x94\x80\xe2\x94\x80\xe2\x94\x80\xe2\x94\x80\xe2\x94\x80\xe2\x94\x80\xe2\x94\x80\xe2\x94\x80\xe2\x94\x80\xe2\x94\x80\xe2\x94\x80\xe2\x94\x80\xe2\x94\x80\xe2\x94\x80 -->\n<nav class="navbar navbar-expand-lg navbar-cyberquest">\n    <div class="container">\n        <!-- Fixed: use auth.login instead of non-existent \'home\' route -->\n        <a class="navbar-brand-cq"\n           href="/challenges">\n            <i class="bi bi-shield-fill-check brand-icon"></i>\n            CYBER<span style="color:#fff;">QUEST</span>\n        </a>\n\n        <button class="navbar-toggler" type="button"\n                data-bs-toggle="collapse" data-bs-target="#navbarMain">\n            <span class="navbar-toggler-icon"></span>\n        </button>\n\n        <div class="collapse navbar-collapse" id="navbarMain">\n            \n            <ul class="navbar-nav me-auto mb-2 mb-lg-0">\n                \n                <li class="nav-item">\n                    <a class="nav-link nav-link-cq" href="/challenges">\n                        <i class="bi bi-controller me-1"></i> Challenges\n                    </a>\n                </li>\n                <li class="nav-item">\n                    <a class="nav-link nav-link-cq" href="/progress">\n                        <i class="bi bi-bar-chart-fill me-1"></i> My Progress\n                    </a>\n                </li>\n                <li class="nav-item">\n                    <a class="nav-link nav-link-cq" href="/result">\n                        <i class="bi bi-trophy me-1"></i> Results\n                    </a>\n                </li>\n                \n            </ul>\n            \n\n            <div class="d-flex align-items-center gap-2">\n                \n                    <span class="navbar-username d-none d-md-inline">\n                        <i class="bi bi-person-circle me-1"></i>\n                        <strong>newstudent_test</strong>\n                        <span class="badge ms-1"\n                              style="background:rgba(0,180,216,0.15);\n                                     color:var(--cq-cyan); font-size:0.7rem;">\n                            Student\n                        </span>\n                    </span>\n                    \n                    <a href="/2fa/setup"\n                       class="btn-nav-login btn"\n                       title="2FA Settings">\n                        <i class="bi bi-shield-lock"></i>\n                    </a>\n                    \n                    <a href="/logout" class="btn-nav-login btn">\n                        <i class="bi bi-box-arrow-right me-1"></i> Logout\n                    </a>\n                \n            </div>\n        </div>\n    </div>\n</nav>\n\n<!-- \xe2\x94\x80\xe2\x94\x80 Flash Messages (handled once here, not in child templates) \xe2\x94\x80\xe2\x94\x80\xe2\x94\x80\xe2\x94\x80\xe2\x94\x80\xe2\x94\x80\xe2\x94\x80\xe2\x94\x80\xe2\x94\x80\xe2\x94\x80 -->\n<div class="flash-container">\n    <div class="container">\n        \n            \n        \n    </div>\n</div>\n\n<!-- \xe2\x94\x80\xe2\x94\x80 Main Content \xe2\x94\x80\xe2\x94\x80\xe2\x94\x80\xe2\x94\x80\xe2\x94\x80\xe2\x94\x80\xe2\x94\x80\xe2\x94\x80\xe2\x94\x80\xe2\x94\x80\xe2\x94\x80\xe2\x94\x80\xe2\x94\x80\xe2\x94\x80\xe2\x94\x80\xe2\x94\x80\xe2\x94\x80\xe2\x94\x80\xe2\x94\x80\xe2\x94\x80\xe2\x94\x80\xe2\x94\x80\xe2\x94\x80\xe2\x94\x80\xe2\x94\x80\xe2\x94\x80\xe2\x94\x80\xe2\x94\x80\xe2\x94\x80\xe2\x94\x80\xe2\x94\x80\xe2\x94\x80\xe2\x94\x80\xe2\x94\x80\xe2\x94\x80\xe2\x94\x80\xe2\x94\x80\xe2\x94\x80\xe2\x94\x80\xe2\x94\x80\xe2\x94\x80\xe2\x94\x80\xe2\x94\x80\xe2\x94\x80\xe2\x94\x80\xe2\x94\x80\xe2\x94\x80\xe2\x94\x80\xe2\x94\x80\xe2\x94\x80\xe2\x94\x80\xe2\x94\x80\xe2\x94\x80\xe2\x94\x80\xe2\x94\x80\xe2\x94\x80 -->\n<main>\n    \n<div class="container py-4">\n\n  <div class="d-flex justify-content-between align-items-center mb-4">\n    <div>\n      <h2 class="mb-0" style="color:var(--cq-cyan);">\xf0\x9f\x9b\xa1\xef\xb8\x8f Challenge Categories</h2>\n      <p style="color:var(--cq-text-muted);" class="mb-0">Choose a category to start earning points</p>\n    </div>\n    <div class="text-end">\n      <span class="badge-cq-gold fs-6 px-3 py-2">\xe2\xad\x90 0 pts</span>\n      <a href="/progress" class="btn btn-cq-outline ms-2">\xf0\x9f\x93\x8a My Progress</a>\n    </div>\n  </div>\n\n  <!-- Category Cards -->\n  <div class="row g-4 mb-5">\n    \n    <div class="col-md-4">\n      <div class="card-cq h-100 p-4 text-center" style="transition:border-color 0.2s,transform 0.2s;"\n           onmouseover="this.style.borderColor=\'var(--cq-cyan)\';this.style.transform=\'translateY(-4px)\'"\n           onmouseout="this.style.borderColor=\'var(--cq-border)\';this.style.transform=\'none\'">\n        <div style="font-size:3.5rem;" class="mb-3">\xf0\x9f\x8e\xa3</div>\n        <h4 style="color:var(--cq-cyan);">Phishing Awareness</h4>\n        <p style="color:var(--cq-text-muted);" class="small mb-3">Learn to spot phishing emails and social engineering attacks.</p>\n\n        <div class="mb-3">\n          <div class="d-flex justify-content-between small mb-1"\n               style="color:var(--cq-text-muted);">\n            <span>Progress</span>\n            <span>0/5</span>\n          </div>\n          <div class="progress-cq">\n            <div class="progress-bar" role="progressbar"\n                 style="width:0%">\n            </div>\n          </div>\n        </div>\n\n        <a href="/challenge/phishing"\n           class="btn btn-cq-primary w-100 fw-bold">\n          \xf0\x9f\x9a\x80 Start\n        </a>\n      </div>\n    </div>\n    \n    <div class="col-md-4">\n      <div class="card-cq h-100 p-4 text-center" style="transition:border-color 0.2s,transform 0.2s;"\n           onmouseover="this.style.borderColor=\'var(--cq-cyan)\';this.style.transform=\'translateY(-4px)\'"\n           onmouseout="this.style.borderColor=\'var(--cq-border)\';this.style.transform=\'none\'">\n        <div style="font-size:3.5rem;" class="mb-3">\xf0\x9f\x94\x90</div>\n        <h4 style="color:var(--cq-cyan);">Password Security</h4>\n        <p style="color:var(--cq-text-muted);" class="small mb-3">Master the art of strong passwords and authentication.</p>\n\n        <div class="mb-3">\n          <div class="d-flex justify-content-between small mb-1"\n               style="color:var(--cq-text-muted);">\n            <span>Progress</span>\n            <span>0/5</span>\n          </div>\n          <div class="progress-cq">\n            <div class="progress-bar" role="progressbar"\n                 style="width:0%">\n            </div>\n          </div>\n        </div>\n\n        <a href="/challenge/password"\n           class="btn btn-cq-primary w-100 fw-bold">\n          \xf0\x9f\x9a\x80 Start\n        </a>\n      </div>\n    </div>\n    \n    <div class="col-md-4">\n      <div class="card-cq h-100 p-4 text-center" style="transition:border-color 0.2s,transform 0.2s;"\n           onmouseover="this.style.borderColor=\'var(--cq-cyan)\';this.style.transform=\'translateY(-4px)\'"\n           onmouseout="this.style.borderColor=\'var(--cq-border)\';this.style.transform=\'none\'">\n        <div style="font-size:3.5rem;" class="mb-3">\xf0\x9f\x8c\x90</div>\n        <h4 style="color:var(--cq-cyan);">Safe Browsing</h4>\n        <p style="color:var(--cq-text-muted);" class="small mb-3">Stay safe online \xe2\x80\x94 VPNs, HTTPS, and browser threats.</p>\n\n        <div class="mb-3">\n          <div class="d-flex justify-content-between small mb-1"\n               style="color:var(--cq-text-muted);">\n            <span>Progress</span>\n            <span>0/5</span>\n          </div>\n          <div class="progress-cq">\n            <div class="progress-bar" role="progressbar"\n                 style="width:0%">\n            </div>\n          </div>\n        </div>\n\n        <a href="/challenge/browsing"\n           class="btn btn-cq-primary w-100 fw-bold">\n          \xf0\x9f\x9a\x80 Start\n        </a>\n      </div>\n    </div>\n    \n  </div>\n\n  <!-- Badges -->\n  \n\n</div>\n\n</main>\n\n<!-- \xe2\x94\x80\xe2\x94\x80 Footer \xe2\x94\x80\xe2\x94\x80\xe2\x94\x80\xe2\x94\x80\xe2\x94\x80\xe2\x94\x80\xe2\x94\x80\xe2\x94\x80\xe2\x94\x80\xe2\x94\x80\xe2\x94\x80\xe2\x94\x80\xe2\x94\x80\xe2\x94\x80\xe2\x94\x80\xe2\x94\x80\xe2\x94\x80\xe2\x94\x80\xe2\x94\x80\xe2\x94\x80\xe2\x94\x80\xe2\x94\x80\xe2\x94\x80\xe2\x94\x80\xe2\x94\x80\xe2\x94\x80\xe2\x94\x80\xe2\x94\x80\xe2\x94\x80\xe2\x94\x80\xe2\x94\x80\xe2\x94\x80\xe2\x94\x80\xe2\x94\x80\xe2\x94\x80\xe2\x94\x80\xe2\x94\x80\xe2\x94\x80\xe2\x94\x80\xe2\x94\x80\xe2\x94\x80\xe2\x94\x80\xe2\x94\x80\xe2\x94\x80\xe2\x94\x80\xe2\x94\x80\xe2\x94\x80\xe2\x94\x80\xe2\x94\x80\xe2\x94\x80\xe2\x94\x80\xe2\x94\x80\xe2\x94\x80\xe2\x94\x80\xe2\x94\x80\xe2\x94\x80\xe2\x94\x80\xe2\x94\x80\xe2\x94\x80\xe2\x94\x80\xe2\x94\x80 -->\n<footer class="footer-cq">\n    <div class="container">\n        <div class="row align-items-center">\n            <div class="col-md-3 mb-2 mb-md-0">\n                <div class="footer-brand"><i class="bi bi-shield-fill-check me-2"></i>CYBERQUEST</div>\n                <div class="footer-text">Cybersecurity Awareness Game</div>\n            </div>\n            <div class="col-md-5 mb-2 mb-md-0">\n                <div class="footer-text">\n                    <i class="bi bi-mortarboard-fill me-1"></i>\n                    ICT932 \xe2\x80\x94 Cybersecurity Testing and Assurance<br>\n                    Crown Institute of Higher Education (CIHE) \xc2\xa9 2026\n                </div>\n            </div>\n            <div class="col-md-4 text-md-end">\n                <div class="footer-team">\n                    Prashan Manandhar | Raju Kshetri | Pramesh Silwal | Susanta Dhakal\n                </div>\n            </div>\n        </div>\n    </div>\n</footer>\n\n<script src="https://cdn.jsdelivr.net/npm/bootstrap@5.3.0/dist/js/bootstrap.bundle.min.js"></script>\n\n\n</body>\n</html>' = <WrapperTestResponse 20602 bytes [200 OK]>.data
FAILED tests/test_auth.py::TestRegistration::test_register_weak_password_no_uppercase - assert b'uppercase' in b'<!DOCTYPE html>\n<!--\n    base.html \xe2\x80\x94 Shared base template for CyberQuest\n    Authors: Susanta Dhakal (CIHE250321) & Pramesh Silwal (CIHE241339)\n    Fixed: Prashan Manandhar (CIHE241182) \xe2\x80\x94 removed broken url_for(\'home\')\n-->\n<html lang="en">\n<head>\n    <meta charset="UTF-8">\n    <meta name="viewport" content="width=device-width, initial-scale=1.0">\n    <meta name="description" content="CyberQuest \xe2\x80\x94 Cybersecurity Awareness Game for ICT932 CIHE">\n    <title>Challenges \xe2\x80\x94 CyberQuest | ICT932</title>\n\n    <!-- Bootstrap 5 CSS -->\n    <link href="https://cdn.jsdelivr.net/npm/bootstrap@5.3.0/dist/css/bootstrap.min.css" rel="stylesheet">\n    <!-- Bootstrap Icons -->\n    <link href="https://cdn.jsdelivr.net/npm/bootstrap-icons@1.11.0/font/bootstrap-icons.css" rel="stylesheet">\n    <!-- Google Fonts -->\n    <link href="https://fonts.googleapis.com/css2?family=Orbitron:wght@400;600;800&family=Rajdhani:wght@300;400;500;600&display=swap" rel="stylesheet">\n\n    <style>\n        /* \xe2\x94\x80\xe2\x94\x80 Design Tokens \xe2\x94\x80\xe2\x94\x80\xe2\x94\x80\xe2\x94\x80\xe2\x94\x80\xe2\x94\x80\xe2\x94\x80\xe2\x94\x80\xe2\x94\x80\xe2\x94\x80\xe2\x94\x80\xe2\x94\x80\xe2\x94\x80\xe2\x94\x80\xe2\x94\x80\xe2\x94\x80\xe2\x94\x80\xe2\x94\x80\xe2\x94\x80\xe2\x94\x80\xe2\x94\x80\xe2\x94\x80\xe2\x94\x80\xe2\x94\x80\xe2\x94\x80\xe2\x94\x80\xe2\x94\x80\xe2\x94\x80\xe2\x94\x80\xe2\x94\x80\xe2\x94\x80\xe2\x94\x80\xe2\x94\x80\xe2\x94\x80\xe2\x94\x80\xe2\x94\x80\xe2\x94\x80\xe2\x94\x80\xe2\x94\x80\xe2\x94\x80\xe2\x94\x80\xe2\x94\x80\xe2\x94\x80\xe2\x94\x80\xe2\x94\x80\xe2\x94\x80\xe2\x94\x80 */\n        :root {\n            --cq-navy:      #0D1B2A;\n            --cq-navy-mid:  #112233;\n            --cq-navy-light:#1A2E42;\n            --cq-cyan:      #00B4D8;\n            --cq-cyan-glow: #00D4FF;\n            --cq-green:     #00E676;\n            --cq-red:       #FF4D6D;\n            --cq-yellow:    #FFD60A;\n            --cq-text:      #E0EAF4;\n            --cq-text-muted:#7A9BB5;\n            --cq-border:    rgba(0, 180, 216, 0.2);\n            --cq-shadow:    0 4px 24px rgba(0, 180, 216, 0.12);\n            --cq-radius:    12px;\n            --font-heading: \'Orbitron\', monospace;\n            --font-body:    \'Rajdhani\', sans-serif;\n        }\n\n        *, *::before, *::after { box-sizing: border-box; }\n        html { scroll-behavior: smooth; }\n\n        body {\n            background-color: var(--cq-navy);\n            color: var(--cq-text);\n            font-family: var(--font-body);\n            font-size: 1.05rem;\n            min-height: 100vh;\n            display: flex;\n            flex-direction: column;\n        }\n\n        h1,h2,h3,h4,h5,h6 { font-family: var(--font-heading); }\n        main { flex: 1; }\n\n        /* \xe2\x94\x80\xe2\x94\x80 Navbar \xe2\x94\x80\xe2\x94\x80\xe2\x94\x80\xe2\x94\x80\xe2\x94\x80\xe2\x94\x80\xe2\x94\x80\xe2\x94\x80\xe2\x94\x80\xe2\x94\x80\xe2\x94\x80\xe2\x94\x80\xe2\x94\x80\xe2\x94\x80\xe2\x94\x80\xe2\x94\x80\xe2\x94\x80\xe2\x94\x80\xe2\x94\x80\xe2\x94\x80\xe2\x94\x80\xe2\x94\x80\xe2\x94\x80\xe2\x94\x80\xe2\x94\x80\xe2\x94\x80\xe2\x94\x80\xe2\x94\x80\xe2\x94\x80\xe2\x94\x80\xe2\x94\x80\xe2\x94\x80\xe2\x94\x80\xe2\x94\x80\xe2\x94\x80\xe2\x94\x80\xe2\x94\x80\xe2\x94\x80\xe2\x94\x80\xe2\x94\x80\xe2\x94\x80\xe2\x94\x80\xe2\x94\x80\xe2\x94\x80\xe2\x94\x80\xe2\x94\x80\xe2\x94\x80\xe2\x94\x80\xe2\x94\x80\xe2\x94\x80\xe2\x94\x80\xe2\x94\x80\xe2\x94\x80\xe2\x94\x80 */\n        .navbar-cyberquest {\n            background: rgba(13,27,42,0.97);\n            border-bottom: 1px solid var(--cq-border);\n            backdrop-filter: blur(10px);\n            padding: 0.75rem 0;\n            position: sticky; top: 0; z-index: 1000;\n        }\n        .navbar-brand-cq {\n            font-family: var(--font-heading); font-weight: 800;\n            font-size: 1.35rem; color: var(--cq-cyan) !important;\n            text-decoration: none; letter-spacing: 2px;\n            display: flex; align-items: center; gap: 0.5rem;\n        }\n        .navbar-brand-cq .brand-icon {\n            color: var(--cq-cyan-glow); font-size: 1.5rem;\n            filter: drop-shadow(0 0 6px var(--cq-cyan));\n        }\n        .navbar-brand-cq:hover { color: var(--cq-cyan-glow) !important; }\n        .nav-link-cq {\n            color: var(--cq-text-muted) !important;\n            font-family: var(--font-body); font-weight: 500;\n            font-size: 0.95rem; letter-spacing: 0.5px;\n            padding: 0.5rem 0.85rem !important;\n            border-radius: 6px;\n            transition: color 0.2s, background 0.2s;\n        }\n        .nav-link-cq:hover, .nav-link-cq.active {\n            color: var(--cq-cyan) !important;\n            background: rgba(0,180,216,0.08);\n        }\n        .btn-nav-login {\n            border: 1px solid var(--cq-cyan); color: var(--cq-cyan);\n            background: transparent; border-radius: 6px;\n            padding: 0.4rem 1rem; font-weight: 600; font-size: 0.9rem;\n            transition: all 0.2s;\n        }\n        .btn-nav-login:hover {\n            background: rgba(0,180,216,0.15); color: var(--cq-cyan-glow);\n        }\n        .btn-nav-register {\n            background: var(--cq-cyan); color: var(--cq-navy);\n            border: none; border-radius: 6px;\n            padding: 0.4rem 1rem; font-weight: 700; font-size: 0.9rem;\n            transition: all 0.2s;\n        }\n        .btn-nav-register:hover {\n            background: var(--cq-cyan-glow);\n            box-shadow: 0 4px 12px rgba(0,180,216,0.35);\n        }\n        .navbar-username { color: var(--cq-text-muted); font-size: 0.85rem; }\n        .navbar-username strong { color: var(--cq-cyan); }\n        .navbar-toggler { border-color: var(--cq-border); }\n        .navbar-toggler-icon { filter: invert(60%) sepia(80%) saturate(400%) hue-rotate(165deg); }\n\n        /* \xe2\x94\x80\xe2\x94\x80 Flash Messages \xe2\x94\x80\xe2\x94\x80\xe2\x94\x80\xe2\x94\x80\xe2\x94\x80\xe2\x94\x80\xe2\x94\x80\xe2\x94\x80\xe2\x94\x80\xe2\x94\x80\xe2\x94\x80\xe2\x94\x80\xe2\x94\x80\xe2\x94\x80\xe2\x94\x80\xe2\x94\x80\xe2\x94\x80\xe2\x94\x80\xe2\x94\x80\xe2\x94\x80\xe2\x94\x80\xe2\x94\x80\xe2\x94\x80\xe2\x94\x80\xe2\x94\x80\xe2\x94\x80\xe2\x94\x80\xe2\x94\x80\xe2\x94\x80\xe2\x94\x80\xe2\x94\x80\xe2\x94\x80\xe2\x94\x80\xe2\x94\x80\xe2\x94\x80\xe2\x94\x80\xe2\x94\x80\xe2\x94\x80\xe2\x94\x80\xe2\x94\x80\xe2\x94\x80\xe2\x94\x80\xe2\x94\x80\xe2\x94\x80\xe2\x94\x80\xe2\x94\x80 */\n        .flash-container { padding: 0.5rem 0; }\n        .alert-cq {\n            border-left: 4px solid; border-radius: 0 var(--cq-radius) var(--cq-radius) 0;\n            background: var(--cq-navy-mid); color: var(--cq-text);\n            border-top: none; border-right: none; border-bottom: none;\n            font-weight: 500;\n        }\n        .alert-cq.alert-success { border-color: var(--cq-green); }\n        .alert-cq.alert-danger  { border-color: var(--cq-red); }\n        .alert-cq.alert-info    { border-color: var(--cq-cyan); }\n        .alert-cq.alert-warning { border-color: var(--cq-yellow); }\n\n        /* \xe2\x94\x80\xe2\x94\x80 Dark Cards \xe2\x94\x80\xe2\x94\x80\xe2\x94\x80\xe2\x94\x80\xe2\x94\x80\xe2\x94\x80\xe2\x94\x80\xe2\x94\x80\xe2\x94\x80\xe2\x94\x80\xe2\x94\x80\xe2\x94\x80\xe2\x94\x80\xe2\x94\x80\xe2\x94\x80\xe2\x94\x80\xe2\x94\x80\xe2\x94\x80\xe2\x94\x80\xe2\x94\x80\xe2\x94\x80\xe2\x94\x80\xe2\x94\x80\xe2\x94\x80\xe2\x94\x80\xe2\x94\x80\xe2\x94\x80\xe2\x94\x80\xe2\x94\x80\xe2\x94\x80\xe2\x94\x80\xe2\x94\x80\xe2\x94\x80\xe2\x94\x80\xe2\x94\x80\xe2\x94\x80\xe2\x94\x80\xe2\x94\x80\xe2\x94\x80\xe2\x94\x80\xe2\x94\x80\xe2\x94\x80\xe2\x94\x80\xe2\x94\x80\xe2\x94\x80\xe2\x94\x80\xe2\x94\x80\xe2\x94\x80\xe2\x94\x80\xe2\x94\x80 */\n        .card-cq {\n            background: var(--cq-navy-mid);\n            border: 1px solid var(--cq-border);\n            border-radius: var(--cq-radius);\n            color: var(--cq-text);\n            box-shadow: var(--cq-shadow);\n        }\n        .card-cq .card-header {\n            background: var(--cq-navy-light);\n            border-bottom: 1px solid var(--cq-border);\n            color: var(--cq-text);\n            border-radius: var(--cq-radius) var(--cq-radius) 0 0;\n        }\n\n        /* \xe2\x94\x80\xe2\x94\x80 Dark Tables \xe2\x94\x80\xe2\x94\x80\xe2\x94\x80\xe2\x94\x80\xe2\x94\x80\xe2\x94\x80\xe2\x94\x80\xe2\x94\x80\xe2\x94\x80\xe2\x94\x80\xe2\x94\x80\xe2\x94\x80\xe2\x94\x80\xe2\x94\x80\xe2\x94\x80\xe2\x94\x80\xe2\x94\x80\xe2\x94\x80\xe2\x94\x80\xe2\x94\x80\xe2\x94\x80\xe2\x94\x80\xe2\x94\x80\xe2\x94\x80\xe2\x94\x80\xe2\x94\x80\xe2\x94\x80\xe2\x94\x80\xe2\x94\x80\xe2\x94\x80\xe2\x94\x80\xe2\x94\x80\xe2\x94\x80\xe2\x94\x80\xe2\x94\x80\xe2\x94\x80\xe2\x94\x80\xe2\x94\x80\xe2\x94\x80\xe2\x94\x80\xe2\x94\x80\xe2\x94\x80\xe2\x94\x80\xe2\x94\x80\xe2\x94\x80\xe2\x94\x80\xe2\x94\x80\xe2\x94\x80\xe2\x94\x80 */\n        .table-cq { color: var(--cq-text); }\n        .table-cq thead th {\n            background: var(--cq-navy-light);\n            color: var(--cq-cyan);\n            border-color: var(--cq-border);\n            font-family: var(--font-heading);\n            font-size: 0.8rem;\n            letter-spacing: 1px;\n        }\n        .table-cq tbody tr {\n            border-color: var(--cq-border);\n        }\n        .table-cq tbody tr:hover {\n            background: rgba(0,180,216,0.05);\n        }\n        .table-cq td, .table-cq th {\n            border-color: var(--cq-border);\n            vertical-align: middle;\n        }\n\n        /* \xe2\x94\x80\xe2\x94\x80 Dark Forms \xe2\x94\x80\xe2\x94\x80\xe2\x94\x80\xe2\x94\x80\xe2\x94\x80\xe2\x94\x80\xe2\x94\x80\xe2\x94\x80\xe2\x94\x80\xe2\x94\x80\xe2\x94\x80\xe2\x94\x80\xe2\x94\x80\xe2\x94\x80\xe2\x94\x80\xe2\x94\x80\xe2\x94\x80\xe2\x94\x80\xe2\x94\x80\xe2\x94\x80\xe2\x94\x80\xe2\x94\x80\xe2\x94\x80\xe2\x94\x80\xe2\x94\x80\xe2\x94\x80\xe2\x94\x80\xe2\x94\x80\xe2\x94\x80\xe2\x94\x80\xe2\x94\x80\xe2\x94\x80\xe2\x94\x80\xe2\x94\x80\xe2\x94\x80\xe2\x94\x80\xe2\x94\x80\xe2\x94\x80\xe2\x94\x80\xe2\x94\x80\xe2\x94\x80\xe2\x94\x80\xe2\x94\x80\xe2\x94\x80\xe2\x94\x80\xe2\x94\x80\xe2\x94\x80\xe2\x94\x80\xe2\x94\x80\xe2\x94\x80 */\n        .form-control-cq, .form-select-cq {\n            background: var(--cq-navy-light);\n            border: 1px solid var(--cq-border);\n            color: var(--cq-text);\n            border-radius: 8px;\n        }\n        .form-control-cq:focus, .form-select-cq:focus {\n            background: var(--cq-navy-light);\n            border-color: var(--cq-cyan);\n            color: var(--cq-text);\n            box-shadow: 0 0 0 3px rgba(0,180,216,0.2);\n        }\n        .form-control-cq::placeholder { color: var(--cq-text-muted); }\n\n        /* \xe2\x94\x80\xe2\x94\x80 CyberQuest Buttons \xe2\x94\x80\xe2\x94\x80\xe2\x94\x80\xe2\x94\x80\xe2\x94\x80\xe2\x94\x80\xe2\x94\x80\xe2\x94\x80\xe2\x94\x80\xe2\x94\x80\xe2\x94\x80\xe2\x94\x80\xe2\x94\x80\xe2\x94\x80\xe2\x94\x80\xe2\x94\x80\xe2\x94\x80\xe2\x94\x80\xe2\x94\x80\xe2\x94\x80\xe2\x94\x80\xe2\x94\x80\xe2\x94\x80\xe2\x94\x80\xe2\x94\x80\xe2\x94\x80\xe2\x94\x80\xe2\x94\x80\xe2\x94\x80\xe2\x94\x80\xe2\x94\x80\xe2\x94\x80\xe2\x94\x80\xe2\x94\x80\xe2\x94\x80\xe2\x94\x80\xe2\x94\x80\xe2\x94\x80\xe2\x94\x80\xe2\x94\x80\xe2\x94\x80\xe2\x94\x80 */\n        .btn-cq-primary {\n            background: var(--cq-cyan); color: var(--cq-navy);\n            border: none; font-weight: 700; border-radius: 8px;\n            font-family: var(--font-body); letter-spacing: 0.5px;\n            transition: all 0.2s;\n        }\n        .btn-cq-primary:hover {\n            background: var(--cq-cyan-glow);\n            box-shadow: 0 4px 16px rgba(0,180,216,0.4);\n        }\n        .btn-cq-outline {\n            border: 1px solid var(--cq-cyan); color: var(--cq-cyan);\n            background: transparent; border-radius: 8px;\n            font-weight: 600; transition: all 0.2s;\n        }\n        .btn-cq-outline:hover {\n            background: rgba(0,180,216,0.12); color: var(--cq-cyan-glow);\n        }\n        .btn-cq-danger {\n            border: 1px solid var(--cq-red); color: var(--cq-red);\n            background: transparent; border-radius: 8px;\n            font-weight: 600; transition: all 0.2s;\n        }\n        .btn-cq-danger:hover { background: rgba(255,77,109,0.12); }\n\n        /* \xe2\x94\x80\xe2\x94\x80 Badges / Pills \xe2\x94\x80\xe2\x94\x80\xe2\x94\x80\xe2\x94\x80\xe2\x94\x80\xe2\x94\x80\xe2\x94\x80\xe2\x94\x80\xe2\x94\x80\xe2\x94\x80\xe2\x94\x80\xe2\x94\x80\xe2\x94\x80\xe2\x94\x80\xe2\x94\x80\xe2\x94\x80\xe2\x94\x80\xe2\x94\x80\xe2\x94\x80\xe2\x94\x80\xe2\x94\x80\xe2\x94\x80\xe2\x94\x80\xe2\x94\x80\xe2\x94\x80\xe2\x94\x80\xe2\x94\x80\xe2\x94\x80\xe2\x94\x80\xe2\x94\x80\xe2\x94\x80\xe2\x94\x80\xe2\x94\x80\xe2\x94\x80\xe2\x94\x80\xe2\x94\x80\xe2\x94\x80\xe2\x94\x80\xe2\x94\x80\xe2\x94\x80\xe2\x94\x80\xe2\x94\x80\xe2\x94\x80\xe2\x94\x80\xe2\x94\x80\xe2\x94\x80 */\n        .badge-cq-cyan {\n            background: rgba(0,180,216,0.15);\n            color: var(--cq-cyan);\n            border: 1px solid var(--cq-border);\n            border-radius: 20px; padding: 0.3rem 0.8rem;\n            font-size: 0.8rem; font-weight: 600;\n        }\n        .badge-cq-gold {\n            background: rgba(255,214,10,0.15);\n            color: var(--cq-yellow);\n            border: 1px solid rgba(255,214,10,0.3);\n            border-radius: 20px; padding: 0.3rem 0.8rem;\n            font-size: 0.8rem; font-weight: 600;\n        }\n\n        /* \xe2\x94\x80\xe2\x94\x80 Progress bars \xe2\x94\x80\xe2\x94\x80\xe2\x94\x80\xe2\x94\x80\xe2\x94\x80\xe2\x94\x80\xe2\x94\x80\xe2\x94\x80\xe2\x94\x80\xe2\x94\x80\xe2\x94\x80\xe2\x94\x80\xe2\x94\x80\xe2\x94\x80\xe2\x94\x80\xe2\x94\x80\xe2\x94\x80\xe2\x94\x80\xe2\x94\x80\xe2\x94\x80\xe2\x94\x80\xe2\x94\x80\xe2\x94\x80\xe2\x94\x80\xe2\x94\x80\xe2\x94\x80\xe2\x94\x80\xe2\x94\x80\xe2\x94\x80\xe2\x94\x80\xe2\x94\x80\xe2\x94\x80\xe2\x94\x80\xe2\x94\x80\xe2\x94\x80\xe2\x94\x80\xe2\x94\x80\xe2\x94\x80\xe2\x94\x80\xe2\x94\x80\xe2\x94\x80\xe2\x94\x80\xe2\x94\x80\xe2\x94\x80\xe2\x94\x80\xe2\x94\x80\xe2\x94\x80 */\n        .progress-cq {\n            background: var(--cq-navy-light);\n            border-radius: 10px; height: 8px;\n        }\n        .progress-cq .progress-bar {\n            background: linear-gradient(90deg, var(--cq-cyan), var(--cq-green));\n            border-radius: 10px;\n        }\n\n        /* \xe2\x94\x80\xe2\x94\x80 Stat Cards \xe2\x94\x80\xe2\x94\x80\xe2\x94\x80\xe2\x94\x80\xe2\x94\x80\xe2\x94\x80\xe2\x94\x80\xe2\x94\x80\xe2\x94\x80\xe2\x94\x80\xe2\x94\x80\xe2\x94\x80\xe2\x94\x80\xe2\x94\x80\xe2\x94\x80\xe2\x94\x80\xe2\x94\x80\xe2\x94\x80\xe2\x94\x80\xe2\x94\x80\xe2\x94\x80\xe2\x94\x80\xe2\x94\x80\xe2\x94\x80\xe2\x94\x80\xe2\x94\x80\xe2\x94\x80\xe2\x94\x80\xe2\x94\x80\xe2\x94\x80\xe2\x94\x80\xe2\x94\x80\xe2\x94\x80\xe2\x94\x80\xe2\x94\x80\xe2\x94\x80\xe2\x94\x80\xe2\x94\x80\xe2\x94\x80\xe2\x94\x80\xe2\x94\x80\xe2\x94\x80\xe2\x94\x80\xe2\x94\x80\xe2\x94\x80\xe2\x94\x80\xe2\x94\x80\xe2\x94\x80\xe2\x94\x80\xe2\x94\x80 */\n        .stat-card {\n            background: var(--cq-navy-mid);\n            border: 1px solid var(--cq-border);\n            border-radius: var(--cq-radius);\n            padding: 1.5rem 1rem;\n            text-align: center;\n            transition: border-color 0.2s, transform 0.2s;\n        }\n        .stat-card:hover {\n            border-color: var(--cq-cyan);\n            transform: translateY(-2px);\n        }\n        .stat-card .stat-number {\n            font-family: var(--font-heading); font-size: 2rem;\n            font-weight: 800;\n        }\n        .stat-card .stat-label { color: var(--cq-text-muted); font-size: 0.85rem; }\n\n        /* \xe2\x94\x80\xe2\x94\x80 Footer \xe2\x94\x80\xe2\x94\x80\xe2\x94\x80\xe2\x94\x80\xe2\x94\x80\xe2\x94\x80\xe2\x94\x80\xe2\x94\x80\xe2\x94\x80\xe2\x94\x80\xe2\x94\x80\xe2\x94\x80\xe2\x94\x80\xe2\x94\x80\xe2\x94\x80\xe2\x94\x80\xe2\x94\x80\xe2\x94\x80\xe2\x94\x80\xe2\x94\x80\xe2\x94\x80\xe2\x94\x80\xe2\x94\x80\xe2\x94\x80\xe2\x94\x80\xe2\x94\x80\xe2\x94\x80\xe2\x94\x80\xe2\x94\x80\xe2\x94\x80\xe2\x94\x80\xe2\x94\x80\xe2\x94\x80\xe2\x94\x80\xe2\x94\x80\xe2\x94\x80\xe2\x94\x80\xe2\x94\x80\xe2\x94\x80\xe2\x94\x80\xe2\x94\x80\xe2\x94\x80\xe2\x94\x80\xe2\x94\x80\xe2\x94\x80\xe2\x94\x80\xe2\x94\x80\xe2\x94\x80\xe2\x94\x80\xe2\x94\x80\xe2\x94\x80\xe2\x94\x80\xe2\x94\x80\xe2\x94\x80 */\n        .footer-cq {\n            background: var(--cq-navy-mid);\n            border-top: 1px solid var(--cq-border);\n            padding: 1.5rem 0;\n            margin-top: auto;\n        }\n        .footer-brand {\n            font-family: var(--font-heading); font-weight: 800;\n            color: var(--cq-cyan); font-size: 1rem; letter-spacing: 2px;\n        }\n        .footer-text { color: var(--cq-text-muted); font-size: 0.85rem; }\n        .footer-team { color: var(--cq-cyan); font-size: 0.85rem; font-weight: 600; }\n\n        /* \xe2\x94\x80\xe2\x94\x80 Scrollbar \xe2\x94\x80\xe2\x94\x80\xe2\x94\x80\xe2\x94\x80\xe2\x94\x80\xe2\x94\x80\xe2\x94\x80\xe2\x94\x80\xe2\x94\x80\xe2\x94\x80\xe2\x94\x80\xe2\x94\x80\xe2\x94\x80\xe2\x94\x80\xe2\x94\x80\xe2\x94\x80\xe2\x94\x80\xe2\x94\x80\xe2\x94\x80\xe2\x94\x80\xe2\x94\x80\xe2\x94\x80\xe2\x94\x80\xe2\x94\x80\xe2\x94\x80\xe2\x94\x80\xe2\x94\x80\xe2\x94\x80\xe2\x94\x80\xe2\x94\x80\xe2\x94\x80\xe2\x94\x80\xe2\x94\x80\xe2\x94\x80\xe2\x94\x80\xe2\x94\x80\xe2\x94\x80\xe2\x94\x80\xe2\x94\x80\xe2\x94\x80\xe2\x94\x80\xe2\x94\x80\xe2\x94\x80\xe2\x94\x80\xe2\x94\x80\xe2\x94\x80\xe2\x94\x80\xe2\x94\x80\xe2\x94\x80\xe2\x94\x80\xe2\x94\x80 */\n        ::-webkit-scrollbar { width: 6px; }\n        ::-webkit-scrollbar-track { background: var(--cq-navy); }\n        ::-webkit-scrollbar-thumb { background: var(--cq-navy-light); border-radius: 3px; }\n        ::-webkit-scrollbar-thumb:hover { background: var(--cq-cyan); }\n    </style>\n\n    \n</head>\n\n<body>\n\n<!-- \xe2\x94\x80\xe2\x94\x80 Navbar \xe2\x94\x80\xe2\x94\x80\xe2\x94\x80\xe2\x94\x80\xe2\x94\x80\xe2\x94\x80\xe2\x94\x80\xe2\x94\x80\xe2\x94\x80\xe2\x94\x80\xe2\x94\x80\xe2\x94\x80\xe2\x94\x80\xe2\x94\x80\xe2\x94\x80\xe2\x94\x80\xe2\x94\x80\xe2\x94\x80\xe2\x94\x80\xe2\x94\x80\xe2\x94\x80\xe2\x94\x80\xe2\x94\x80\xe2\x94\x80\xe2\x94\x80\xe2\x94\x80\xe2\x94\x80\xe2\x94\x80\xe2\x94\x80\xe2\x94\x80\xe2\x94\x80\xe2\x94\x80\xe2\x94\x80\xe2\x94\x80\xe2\x94\x80\xe2\x94\x80\xe2\x94\x80\xe2\x94\x80\xe2\x94\x80\xe2\x94\x80\xe2\x94\x80\xe2\x94\x80\xe2\x94\x80\xe2\x94\x80\xe2\x94\x80\xe2\x94\x80\xe2\x94\x80\xe2\x94\x80\xe2\x94\x80\xe2\x94\x80\xe2\x94\x80\xe2\x94\x80\xe2\x94\x80\xe2\x94\x80\xe2\x94\x80\xe2\x94\x80\xe2\x94\x80\xe2\x94\x80\xe2\x94\x80\xe2\x94\x80\xe2\x94\x80 -->\n<nav class="navbar navbar-expand-lg navbar-cyberquest">\n    <div class="container">\n        <!-- Fixed: use auth.login instead of non-existent \'home\' route -->\n        <a class="navbar-brand-cq"\n           href="/challenges">\n            <i class="bi bi-shield-fill-check brand-icon"></i>\n            CYBER<span style="color:#fff;">QUEST</span>\n        </a>\n\n        <button class="navbar-toggler" type="button"\n                data-bs-toggle="collapse" data-bs-target="#navbarMain">\n            <span class="navbar-toggler-icon"></span>\n        </button>\n\n        <div class="collapse navbar-collapse" id="navbarMain">\n            \n            <ul class="navbar-nav me-auto mb-2 mb-lg-0">\n                \n                <li class="nav-item">\n                    <a class="nav-link nav-link-cq" href="/challenges">\n                        <i class="bi bi-controller me-1"></i> Challenges\n                    </a>\n                </li>\n                <li class="nav-item">\n                    <a class="nav-link nav-link-cq" href="/progress">\n                        <i class="bi bi-bar-chart-fill me-1"></i> My Progress\n                    </a>\n                </li>\n                <li class="nav-item">\n                    <a class="nav-link nav-link-cq" href="/result">\n                        <i class="bi bi-trophy me-1"></i> Results\n                    </a>\n                </li>\n                \n            </ul>\n            \n\n            <div class="d-flex align-items-center gap-2">\n                \n                    <span class="navbar-username d-none d-md-inline">\n                        <i class="bi bi-person-circle me-1"></i>\n                        <strong>newstudent_test</strong>\n                        <span class="badge ms-1"\n                              style="background:rgba(0,180,216,0.15);\n                                     color:var(--cq-cyan); font-size:0.7rem;">\n                            Student\n                        </span>\n                    </span>\n                    \n                    <a href="/2fa/setup"\n                       class="btn-nav-login btn"\n                       title="2FA Settings">\n                        <i class="bi bi-shield-lock"></i>\n                    </a>\n                    \n                    <a href="/logout" class="btn-nav-login btn">\n                        <i class="bi bi-box-arrow-right me-1"></i> Logout\n                    </a>\n                \n            </div>\n        </div>\n    </div>\n</nav>\n\n<!-- \xe2\x94\x80\xe2\x94\x80 Flash Messages (handled once here, not in child templates) \xe2\x94\x80\xe2\x94\x80\xe2\x94\x80\xe2\x94\x80\xe2\x94\x80\xe2\x94\x80\xe2\x94\x80\xe2\x94\x80\xe2\x94\x80\xe2\x94\x80 -->\n<div class="flash-container">\n    <div class="container">\n        \n            \n        \n    </div>\n</div>\n\n<!-- \xe2\x94\x80\xe2\x94\x80 Main Content \xe2\x94\x80\xe2\x94\x80\xe2\x94\x80\xe2\x94\x80\xe2\x94\x80\xe2\x94\x80\xe2\x94\x80\xe2\x94\x80\xe2\x94\x80\xe2\x94\x80\xe2\x94\x80\xe2\x94\x80\xe2\x94\x80\xe2\x94\x80\xe2\x94\x80\xe2\x94\x80\xe2\x94\x80\xe2\x94\x80\xe2\x94\x80\xe2\x94\x80\xe2\x94\x80\xe2\x94\x80\xe2\x94\x80\xe2\x94\x80\xe2\x94\x80\xe2\x94\x80\xe2\x94\x80\xe2\x94\x80\xe2\x94\x80\xe2\x94\x80\xe2\x94\x80\xe2\x94\x80\xe2\x94\x80\xe2\x94\x80\xe2\x94\x80\xe2\x94\x80\xe2\x94\x80\xe2\x94\x80\xe2\x94\x80\xe2\x94\x80\xe2\x94\x80\xe2\x94\x80\xe2\x94\x80\xe2\x94\x80\xe2\x94\x80\xe2\x94\x80\xe2\x94\x80\xe2\x94\x80\xe2\x94\x80\xe2\x94\x80\xe2\x94\x80\xe2\x94\x80\xe2\x94\x80\xe2\x94\x80\xe2\x94\x80\xe2\x94\x80 -->\n<main>\n    \n<div class="container py-4">\n\n  <div class="d-flex justify-content-between align-items-center mb-4">\n    <div>\n      <h2 class="mb-0" style="color:var(--cq-cyan);">\xf0\x9f\x9b\xa1\xef\xb8\x8f Challenge Categories</h2>\n      <p style="color:var(--cq-text-muted);" class="mb-0">Choose a category to start earning points</p>\n    </div>\n    <div class="text-end">\n      <span class="badge-cq-gold fs-6 px-3 py-2">\xe2\xad\x90 0 pts</span>\n      <a href="/progress" class="btn btn-cq-outline ms-2">\xf0\x9f\x93\x8a My Progress</a>\n    </div>\n  </div>\n\n  <!-- Category Cards -->\n  <div class="row g-4 mb-5">\n    \n    <div class="col-md-4">\n      <div class="card-cq h-100 p-4 text-center" style="transition:border-color 0.2s,transform 0.2s;"\n           onmouseover="this.style.borderColor=\'var(--cq-cyan)\';this.style.transform=\'translateY(-4px)\'"\n           onmouseout="this.style.borderColor=\'var(--cq-border)\';this.style.transform=\'none\'">\n        <div style="font-size:3.5rem;" class="mb-3">\xf0\x9f\x8e\xa3</div>\n        <h4 style="color:var(--cq-cyan);">Phishing Awareness</h4>\n        <p style="color:var(--cq-text-muted);" class="small mb-3">Learn to spot phishing emails and social engineering attacks.</p>\n\n        <div class="mb-3">\n          <div class="d-flex justify-content-between small mb-1"\n               style="color:var(--cq-text-muted);">\n            <span>Progress</span>\n            <span>0/5</span>\n          </div>\n          <div class="progress-cq">\n            <div class="progress-bar" role="progressbar"\n                 style="width:0%">\n            </div>\n          </div>\n        </div>\n\n        <a href="/challenge/phishing"\n           class="btn btn-cq-primary w-100 fw-bold">\n          \xf0\x9f\x9a\x80 Start\n        </a>\n      </div>\n    </div>\n    \n    <div class="col-md-4">\n      <div class="card-cq h-100 p-4 text-center" style="transition:border-color 0.2s,transform 0.2s;"\n           onmouseover="this.style.borderColor=\'var(--cq-cyan)\';this.style.transform=\'translateY(-4px)\'"\n           onmouseout="this.style.borderColor=\'var(--cq-border)\';this.style.transform=\'none\'">\n        <div style="font-size:3.5rem;" class="mb-3">\xf0\x9f\x94\x90</div>\n        <h4 style="color:var(--cq-cyan);">Password Security</h4>\n        <p style="color:var(--cq-text-muted);" class="small mb-3">Master the art of strong passwords and authentication.</p>\n\n        <div class="mb-3">\n          <div class="d-flex justify-content-between small mb-1"\n               style="color:var(--cq-text-muted);">\n            <span>Progress</span>\n            <span>0/5</span>\n          </div>\n          <div class="progress-cq">\n            <div class="progress-bar" role="progressbar"\n                 style="width:0%">\n            </div>\n          </div>\n        </div>\n\n        <a href="/challenge/password"\n           class="btn btn-cq-primary w-100 fw-bold">\n          \xf0\x9f\x9a\x80 Start\n        </a>\n      </div>\n    </div>\n    \n    <div class="col-md-4">\n      <div class="card-cq h-100 p-4 text-center" style="transition:border-color 0.2s,transform 0.2s;"\n           onmouseover="this.style.borderColor=\'var(--cq-cyan)\';this.style.transform=\'translateY(-4px)\'"\n           onmouseout="this.style.borderColor=\'var(--cq-border)\';this.style.transform=\'none\'">\n        <div style="font-size:3.5rem;" class="mb-3">\xf0\x9f\x8c\x90</div>\n        <h4 style="color:var(--cq-cyan);">Safe Browsing</h4>\n        <p style="color:var(--cq-text-muted);" class="small mb-3">Stay safe online \xe2\x80\x94 VPNs, HTTPS, and browser threats.</p>\n\n        <div class="mb-3">\n          <div class="d-flex justify-content-between small mb-1"\n               style="color:var(--cq-text-muted);">\n            <span>Progress</span>\n            <span>0/5</span>\n          </div>\n          <div class="progress-cq">\n            <div class="progress-bar" role="progressbar"\n                 style="width:0%">\n            </div>\n          </div>\n        </div>\n\n        <a href="/challenge/browsing"\n           class="btn btn-cq-primary w-100 fw-bold">\n          \xf0\x9f\x9a\x80 Start\n        </a>\n      </div>\n    </div>\n    \n  </div>\n\n  <!-- Badges -->\n  \n\n</div>\n\n</main>\n\n<!-- \xe2\x94\x80\xe2\x94\x80 Footer \xe2\x94\x80\xe2\x94\x80\xe2\x94\x80\xe2\x94\x80\xe2\x94\x80\xe2\x94\x80\xe2\x94\x80\xe2\x94\x80\xe2\x94\x80\xe2\x94\x80\xe2\x94\x80\xe2\x94\x80\xe2\x94\x80\xe2\x94\x80\xe2\x94\x80\xe2\x94\x80\xe2\x94\x80\xe2\x94\x80\xe2\x94\x80\xe2\x94\x80\xe2\x94\x80\xe2\x94\x80\xe2\x94\x80\xe2\x94\x80\xe2\x94\x80\xe2\x94\x80\xe2\x94\x80\xe2\x94\x80\xe2\x94\x80\xe2\x94\x80\xe2\x94\x80\xe2\x94\x80\xe2\x94\x80\xe2\x94\x80\xe2\x94\x80\xe2\x94\x80\xe2\x94\x80\xe2\x94\x80\xe2\x94\x80\xe2\x94\x80\xe2\x94\x80\xe2\x94\x80\xe2\x94\x80\xe2\x94\x80\xe2\x94\x80\xe2\x94\x80\xe2\x94\x80\xe2\x94\x80\xe2\x94\x80\xe2\x94\x80\xe2\x94\x80\xe2\x94\x80\xe2\x94\x80\xe2\x94\x80\xe2\x94\x80\xe2\x94\x80\xe2\x94\x80\xe2\x94\x80\xe2\x94\x80\xe2\x94\x80\xe2\x94\x80 -->\n<footer class="footer-cq">\n    <div class="container">\n        <div class="row align-items-center">\n            <div class="col-md-3 mb-2 mb-md-0">\n                <div class="footer-brand"><i class="bi bi-shield-fill-check me-2"></i>CYBERQUEST</div>\n                <div class="footer-text">Cybersecurity Awareness Game</div>\n            </div>\n            <div class="col-md-5 mb-2 mb-md-0">\n                <div class="footer-text">\n                    <i class="bi bi-mortarboard-fill me-1"></i>\n                    ICT932 \xe2\x80\x94 Cybersecurity Testing and Assurance<br>\n                    Crown Institute of Higher Education (CIHE) \xc2\xa9 2026\n                </div>\n            </div>\n            <div class="col-md-4 text-md-end">\n                <div class="footer-team">\n                    Prashan Manandhar | Raju Kshetri | Pramesh Silwal | Susanta Dhakal\n                </div>\n            </div>\n        </div>\n    </div>\n</footer>\n\n<script src="https://cdn.jsdelivr.net/npm/bootstrap@5.3.0/dist/js/bootstrap.bundle.min.js"></script>\n\n\n</body>\n</html>'
 +  where b'<!DOCTYPE html>\n<!--\n    base.html \xe2\x80\x94 Shared base template for CyberQuest\n    Authors: Susanta Dhakal (CIHE250321) & Pramesh Silwal (CIHE241339)\n    Fixed: Prashan Manandhar (CIHE241182) \xe2\x80\x94 removed broken url_for(\'home\')\n-->\n<html lang="en">\n<head>\n    <meta charset="UTF-8">\n    <meta name="viewport" content="width=device-width, initial-scale=1.0">\n    <meta name="description" content="CyberQuest \xe2\x80\x94 Cybersecurity Awareness Game for ICT932 CIHE">\n    <title>Challenges \xe2\x80\x94 CyberQuest | ICT932</title>\n\n    <!-- Bootstrap 5 CSS -->\n    <link href="https://cdn.jsdelivr.net/npm/bootstrap@5.3.0/dist/css/bootstrap.min.css" rel="stylesheet">\n    <!-- Bootstrap Icons -->\n    <link href="https://cdn.jsdelivr.net/npm/bootstrap-icons@1.11.0/font/bootstrap-icons.css" rel="stylesheet">\n    <!-- Google Fonts -->\n    <link href="https://fonts.googleapis.com/css2?family=Orbitron:wght@400;600;800&family=Rajdhani:wght@300;400;500;600&display=swap" rel="stylesheet">\n\n    <style>\n        /* \xe2\x94\x80\xe2\x94\x80 Design Tokens \xe2\x94\x80\xe2\x94\x80\xe2\x94\x80\xe2\x94\x80\xe2\x94\x80\xe2\x94\x80\xe2\x94\x80\xe2\x94\x80\xe2\x94\x80\xe2\x94\x80\xe2\x94\x80\xe2\x94\x80\xe2\x94\x80\xe2\x94\x80\xe2\x94\x80\xe2\x94\x80\xe2\x94\x80\xe2\x94\x80\xe2\x94\x80\xe2\x94\x80\xe2\x94\x80\xe2\x94\x80\xe2\x94\x80\xe2\x94\x80\xe2\x94\x80\xe2\x94\x80\xe2\x94\x80\xe2\x94\x80\xe2\x94\x80\xe2\x94\x80\xe2\x94\x80\xe2\x94\x80\xe2\x94\x80\xe2\x94\x80\xe2\x94\x80\xe2\x94\x80\xe2\x94\x80\xe2\x94\x80\xe2\x94\x80\xe2\x94\x80\xe2\x94\x80\xe2\x94\x80\xe2\x94\x80\xe2\x94\x80\xe2\x94\x80\xe2\x94\x80\xe2\x94\x80 */\n        :root {\n            --cq-navy:      #0D1B2A;\n            --cq-navy-mid:  #112233;\n            --cq-navy-light:#1A2E42;\n            --cq-cyan:      #00B4D8;\n            --cq-cyan-glow: #00D4FF;\n            --cq-green:     #00E676;\n            --cq-red:       #FF4D6D;\n            --cq-yellow:    #FFD60A;\n            --cq-text:      #E0EAF4;\n            --cq-text-muted:#7A9BB5;\n            --cq-border:    rgba(0, 180, 216, 0.2);\n            --cq-shadow:    0 4px 24px rgba(0, 180, 216, 0.12);\n            --cq-radius:    12px;\n            --font-heading: \'Orbitron\', monospace;\n            --font-body:    \'Rajdhani\', sans-serif;\n        }\n\n        *, *::before, *::after { box-sizing: border-box; }\n        html { scroll-behavior: smooth; }\n\n        body {\n            background-color: var(--cq-navy);\n            color: var(--cq-text);\n            font-family: var(--font-body);\n            font-size: 1.05rem;\n            min-height: 100vh;\n            display: flex;\n            flex-direction: column;\n        }\n\n        h1,h2,h3,h4,h5,h6 { font-family: var(--font-heading); }\n        main { flex: 1; }\n\n        /* \xe2\x94\x80\xe2\x94\x80 Navbar \xe2\x94\x80\xe2\x94\x80\xe2\x94\x80\xe2\x94\x80\xe2\x94\x80\xe2\x94\x80\xe2\x94\x80\xe2\x94\x80\xe2\x94\x80\xe2\x94\x80\xe2\x94\x80\xe2\x94\x80\xe2\x94\x80\xe2\x94\x80\xe2\x94\x80\xe2\x94\x80\xe2\x94\x80\xe2\x94\x80\xe2\x94\x80\xe2\x94\x80\xe2\x94\x80\xe2\x94\x80\xe2\x94\x80\xe2\x94\x80\xe2\x94\x80\xe2\x94\x80\xe2\x94\x80\xe2\x94\x80\xe2\x94\x80\xe2\x94\x80\xe2\x94\x80\xe2\x94\x80\xe2\x94\x80\xe2\x94\x80\xe2\x94\x80\xe2\x94\x80\xe2\x94\x80\xe2\x94\x80\xe2\x94\x80\xe2\x94\x80\xe2\x94\x80\xe2\x94\x80\xe2\x94\x80\xe2\x94\x80\xe2\x94\x80\xe2\x94\x80\xe2\x94\x80\xe2\x94\x80\xe2\x94\x80\xe2\x94\x80\xe2\x94\x80\xe2\x94\x80\xe2\x94\x80\xe2\x94\x80 */\n        .navbar-cyberquest {\n            background: rgba(13,27,42,0.97);\n            border-bottom: 1px solid var(--cq-border);\n            backdrop-filter: blur(10px);\n            padding: 0.75rem 0;\n            position: sticky; top: 0; z-index: 1000;\n        }\n        .navbar-brand-cq {\n            font-family: var(--font-heading); font-weight: 800;\n            font-size: 1.35rem; color: var(--cq-cyan) !important;\n            text-decoration: none; letter-spacing: 2px;\n            display: flex; align-items: center; gap: 0.5rem;\n        }\n        .navbar-brand-cq .brand-icon {\n            color: var(--cq-cyan-glow); font-size: 1.5rem;\n            filter: drop-shadow(0 0 6px var(--cq-cyan));\n        }\n        .navbar-brand-cq:hover { color: var(--cq-cyan-glow) !important; }\n        .nav-link-cq {\n            color: var(--cq-text-muted) !important;\n            font-family: var(--font-body); font-weight: 500;\n            font-size: 0.95rem; letter-spacing: 0.5px;\n            padding: 0.5rem 0.85rem !important;\n            border-radius: 6px;\n            transition: color 0.2s, background 0.2s;\n        }\n        .nav-link-cq:hover, .nav-link-cq.active {\n            color: var(--cq-cyan) !important;\n            background: rgba(0,180,216,0.08);\n        }\n        .btn-nav-login {\n            border: 1px solid var(--cq-cyan); color: var(--cq-cyan);\n            background: transparent; border-radius: 6px;\n            padding: 0.4rem 1rem; font-weight: 600; font-size: 0.9rem;\n            transition: all 0.2s;\n        }\n        .btn-nav-login:hover {\n            background: rgba(0,180,216,0.15); color: var(--cq-cyan-glow);\n        }\n        .btn-nav-register {\n            background: var(--cq-cyan); color: var(--cq-navy);\n            border: none; border-radius: 6px;\n            padding: 0.4rem 1rem; font-weight: 700; font-size: 0.9rem;\n            transition: all 0.2s;\n        }\n        .btn-nav-register:hover {\n            background: var(--cq-cyan-glow);\n            box-shadow: 0 4px 12px rgba(0,180,216,0.35);\n        }\n        .navbar-username { color: var(--cq-text-muted); font-size: 0.85rem; }\n        .navbar-username strong { color: var(--cq-cyan); }\n        .navbar-toggler { border-color: var(--cq-border); }\n        .navbar-toggler-icon { filter: invert(60%) sepia(80%) saturate(400%) hue-rotate(165deg); }\n\n        /* \xe2\x94\x80\xe2\x94\x80 Flash Messages \xe2\x94\x80\xe2\x94\x80\xe2\x94\x80\xe2\x94\x80\xe2\x94\x80\xe2\x94\x80\xe2\x94\x80\xe2\x94\x80\xe2\x94\x80\xe2\x94\x80\xe2\x94\x80\xe2\x94\x80\xe2\x94\x80\xe2\x94\x80\xe2\x94\x80\xe2\x94\x80\xe2\x94\x80\xe2\x94\x80\xe2\x94\x80\xe2\x94\x80\xe2\x94\x80\xe2\x94\x80\xe2\x94\x80\xe2\x94\x80\xe2\x94\x80\xe2\x94\x80\xe2\x94\x80\xe2\x94\x80\xe2\x94\x80\xe2\x94\x80\xe2\x94\x80\xe2\x94\x80\xe2\x94\x80\xe2\x94\x80\xe2\x94\x80\xe2\x94\x80\xe2\x94\x80\xe2\x94\x80\xe2\x94\x80\xe2\x94\x80\xe2\x94\x80\xe2\x94\x80\xe2\x94\x80\xe2\x94\x80\xe2\x94\x80\xe2\x94\x80 */\n        .flash-container { padding: 0.5rem 0; }\n        .alert-cq {\n            border-left: 4px solid; border-radius: 0 var(--cq-radius) var(--cq-radius) 0;\n            background: var(--cq-navy-mid); color: var(--cq-text);\n            border-top: none; border-right: none; border-bottom: none;\n            font-weight: 500;\n        }\n        .alert-cq.alert-success { border-color: var(--cq-green); }\n        .alert-cq.alert-danger  { border-color: var(--cq-red); }\n        .alert-cq.alert-info    { border-color: var(--cq-cyan); }\n        .alert-cq.alert-warning { border-color: var(--cq-yellow); }\n\n        /* \xe2\x94\x80\xe2\x94\x80 Dark Cards \xe2\x94\x80\xe2\x94\x80\xe2\x94\x80\xe2\x94\x80\xe2\x94\x80\xe2\x94\x80\xe2\x94\x80\xe2\x94\x80\xe2\x94\x80\xe2\x94\x80\xe2\x94\x80\xe2\x94\x80\xe2\x94\x80\xe2\x94\x80\xe2\x94\x80\xe2\x94\x80\xe2\x94\x80\xe2\x94\x80\xe2\x94\x80\xe2\x94\x80\xe2\x94\x80\xe2\x94\x80\xe2\x94\x80\xe2\x94\x80\xe2\x94\x80\xe2\x94\x80\xe2\x94\x80\xe2\x94\x80\xe2\x94\x80\xe2\x94\x80\xe2\x94\x80\xe2\x94\x80\xe2\x94\x80\xe2\x94\x80\xe2\x94\x80\xe2\x94\x80\xe2\x94\x80\xe2\x94\x80\xe2\x94\x80\xe2\x94\x80\xe2\x94\x80\xe2\x94\x80\xe2\x94\x80\xe2\x94\x80\xe2\x94\x80\xe2\x94\x80\xe2\x94\x80\xe2\x94\x80\xe2\x94\x80\xe2\x94\x80 */\n        .card-cq {\n            background: var(--cq-navy-mid);\n            border: 1px solid var(--cq-border);\n            border-radius: var(--cq-radius);\n            color: var(--cq-text);\n            box-shadow: var(--cq-shadow);\n        }\n        .card-cq .card-header {\n            background: var(--cq-navy-light);\n            border-bottom: 1px solid var(--cq-border);\n            color: var(--cq-text);\n            border-radius: var(--cq-radius) var(--cq-radius) 0 0;\n        }\n\n        /* \xe2\x94\x80\xe2\x94\x80 Dark Tables \xe2\x94\x80\xe2\x94\x80\xe2\x94\x80\xe2\x94\x80\xe2\x94\x80\xe2\x94\x80\xe2\x94\x80\xe2\x94\x80\xe2\x94\x80\xe2\x94\x80\xe2\x94\x80\xe2\x94\x80\xe2\x94\x80\xe2\x94\x80\xe2\x94\x80\xe2\x94\x80\xe2\x94\x80\xe2\x94\x80\xe2\x94\x80\xe2\x94\x80\xe2\x94\x80\xe2\x94\x80\xe2\x94\x80\xe2\x94\x80\xe2\x94\x80\xe2\x94\x80\xe2\x94\x80\xe2\x94\x80\xe2\x94\x80\xe2\x94\x80\xe2\x94\x80\xe2\x94\x80\xe2\x94\x80\xe2\x94\x80\xe2\x94\x80\xe2\x94\x80\xe2\x94\x80\xe2\x94\x80\xe2\x94\x80\xe2\x94\x80\xe2\x94\x80\xe2\x94\x80\xe2\x94\x80\xe2\x94\x80\xe2\x94\x80\xe2\x94\x80\xe2\x94\x80\xe2\x94\x80\xe2\x94\x80 */\n        .table-cq { color: var(--cq-text); }\n        .table-cq thead th {\n            background: var(--cq-navy-light);\n            color: var(--cq-cyan);\n            border-color: var(--cq-border);\n            font-family: var(--font-heading);\n            font-size: 0.8rem;\n            letter-spacing: 1px;\n        }\n        .table-cq tbody tr {\n            border-color: var(--cq-border);\n        }\n        .table-cq tbody tr:hover {\n            background: rgba(0,180,216,0.05);\n        }\n        .table-cq td, .table-cq th {\n            border-color: var(--cq-border);\n            vertical-align: middle;\n        }\n\n        /* \xe2\x94\x80\xe2\x94\x80 Dark Forms \xe2\x94\x80\xe2\x94\x80\xe2\x94\x80\xe2\x94\x80\xe2\x94\x80\xe2\x94\x80\xe2\x94\x80\xe2\x94\x80\xe2\x94\x80\xe2\x94\x80\xe2\x94\x80\xe2\x94\x80\xe2\x94\x80\xe2\x94\x80\xe2\x94\x80\xe2\x94\x80\xe2\x94\x80\xe2\x94\x80\xe2\x94\x80\xe2\x94\x80\xe2\x94\x80\xe2\x94\x80\xe2\x94\x80\xe2\x94\x80\xe2\x94\x80\xe2\x94\x80\xe2\x94\x80\xe2\x94\x80\xe2\x94\x80\xe2\x94\x80\xe2\x94\x80\xe2\x94\x80\xe2\x94\x80\xe2\x94\x80\xe2\x94\x80\xe2\x94\x80\xe2\x94\x80\xe2\x94\x80\xe2\x94\x80\xe2\x94\x80\xe2\x94\x80\xe2\x94\x80\xe2\x94\x80\xe2\x94\x80\xe2\x94\x80\xe2\x94\x80\xe2\x94\x80\xe2\x94\x80\xe2\x94\x80\xe2\x94\x80 */\n        .form-control-cq, .form-select-cq {\n            background: var(--cq-navy-light);\n            border: 1px solid var(--cq-border);\n            color: var(--cq-text);\n            border-radius: 8px;\n        }\n        .form-control-cq:focus, .form-select-cq:focus {\n            background: var(--cq-navy-light);\n            border-color: var(--cq-cyan);\n            color: var(--cq-text);\n            box-shadow: 0 0 0 3px rgba(0,180,216,0.2);\n        }\n        .form-control-cq::placeholder { color: var(--cq-text-muted); }\n\n        /* \xe2\x94\x80\xe2\x94\x80 CyberQuest Buttons \xe2\x94\x80\xe2\x94\x80\xe2\x94\x80\xe2\x94\x80\xe2\x94\x80\xe2\x94\x80\xe2\x94\x80\xe2\x94\x80\xe2\x94\x80\xe2\x94\x80\xe2\x94\x80\xe2\x94\x80\xe2\x94\x80\xe2\x94\x80\xe2\x94\x80\xe2\x94\x80\xe2\x94\x80\xe2\x94\x80\xe2\x94\x80\xe2\x94\x80\xe2\x94\x80\xe2\x94\x80\xe2\x94\x80\xe2\x94\x80\xe2\x94\x80\xe2\x94\x80\xe2\x94\x80\xe2\x94\x80\xe2\x94\x80\xe2\x94\x80\xe2\x94\x80\xe2\x94\x80\xe2\x94\x80\xe2\x94\x80\xe2\x94\x80\xe2\x94\x80\xe2\x94\x80\xe2\x94\x80\xe2\x94\x80\xe2\x94\x80\xe2\x94\x80\xe2\x94\x80 */\n        .btn-cq-primary {\n            background: var(--cq-cyan); color: var(--cq-navy);\n            border: none; font-weight: 700; border-radius: 8px;\n            font-family: var(--font-body); letter-spacing: 0.5px;\n            transition: all 0.2s;\n        }\n        .btn-cq-primary:hover {\n            background: var(--cq-cyan-glow);\n            box-shadow: 0 4px 16px rgba(0,180,216,0.4);\n        }\n        .btn-cq-outline {\n            border: 1px solid var(--cq-cyan); color: var(--cq-cyan);\n            background: transparent; border-radius: 8px;\n            font-weight: 600; transition: all 0.2s;\n        }\n        .btn-cq-outline:hover {\n            background: rgba(0,180,216,0.12); color: var(--cq-cyan-glow);\n        }\n        .btn-cq-danger {\n            border: 1px solid var(--cq-red); color: var(--cq-red);\n            background: transparent; border-radius: 8px;\n            font-weight: 600; transition: all 0.2s;\n        }\n        .btn-cq-danger:hover { background: rgba(255,77,109,0.12); }\n\n        /* \xe2\x94\x80\xe2\x94\x80 Badges / Pills \xe2\x94\x80\xe2\x94\x80\xe2\x94\x80\xe2\x94\x80\xe2\x94\x80\xe2\x94\x80\xe2\x94\x80\xe2\x94\x80\xe2\x94\x80\xe2\x94\x80\xe2\x94\x80\xe2\x94\x80\xe2\x94\x80\xe2\x94\x80\xe2\x94\x80\xe2\x94\x80\xe2\x94\x80\xe2\x94\x80\xe2\x94\x80\xe2\x94\x80\xe2\x94\x80\xe2\x94\x80\xe2\x94\x80\xe2\x94\x80\xe2\x94\x80\xe2\x94\x80\xe2\x94\x80\xe2\x94\x80\xe2\x94\x80\xe2\x94\x80\xe2\x94\x80\xe2\x94\x80\xe2\x94\x80\xe2\x94\x80\xe2\x94\x80\xe2\x94\x80\xe2\x94\x80\xe2\x94\x80\xe2\x94\x80\xe2\x94\x80\xe2\x94\x80\xe2\x94\x80\xe2\x94\x80\xe2\x94\x80\xe2\x94\x80\xe2\x94\x80 */\n        .badge-cq-cyan {\n            background: rgba(0,180,216,0.15);\n            color: var(--cq-cyan);\n            border: 1px solid var(--cq-border);\n            border-radius: 20px; padding: 0.3rem 0.8rem;\n            font-size: 0.8rem; font-weight: 600;\n        }\n        .badge-cq-gold {\n            background: rgba(255,214,10,0.15);\n            color: var(--cq-yellow);\n            border: 1px solid rgba(255,214,10,0.3);\n            border-radius: 20px; padding: 0.3rem 0.8rem;\n            font-size: 0.8rem; font-weight: 600;\n        }\n\n        /* \xe2\x94\x80\xe2\x94\x80 Progress bars \xe2\x94\x80\xe2\x94\x80\xe2\x94\x80\xe2\x94\x80\xe2\x94\x80\xe2\x94\x80\xe2\x94\x80\xe2\x94\x80\xe2\x94\x80\xe2\x94\x80\xe2\x94\x80\xe2\x94\x80\xe2\x94\x80\xe2\x94\x80\xe2\x94\x80\xe2\x94\x80\xe2\x94\x80\xe2\x94\x80\xe2\x94\x80\xe2\x94\x80\xe2\x94\x80\xe2\x94\x80\xe2\x94\x80\xe2\x94\x80\xe2\x94\x80\xe2\x94\x80\xe2\x94\x80\xe2\x94\x80\xe2\x94\x80\xe2\x94\x80\xe2\x94\x80\xe2\x94\x80\xe2\x94\x80\xe2\x94\x80\xe2\x94\x80\xe2\x94\x80\xe2\x94\x80\xe2\x94\x80\xe2\x94\x80\xe2\x94\x80\xe2\x94\x80\xe2\x94\x80\xe2\x94\x80\xe2\x94\x80\xe2\x94\x80\xe2\x94\x80\xe2\x94\x80 */\n        .progress-cq {\n            background: var(--cq-navy-light);\n            border-radius: 10px; height: 8px;\n        }\n        .progress-cq .progress-bar {\n            background: linear-gradient(90deg, var(--cq-cyan), var(--cq-green));\n            border-radius: 10px;\n        }\n\n        /* \xe2\x94\x80\xe2\x94\x80 Stat Cards \xe2\x94\x80\xe2\x94\x80\xe2\x94\x80\xe2\x94\x80\xe2\x94\x80\xe2\x94\x80\xe2\x94\x80\xe2\x94\x80\xe2\x94\x80\xe2\x94\x80\xe2\x94\x80\xe2\x94\x80\xe2\x94\x80\xe2\x94\x80\xe2\x94\x80\xe2\x94\x80\xe2\x94\x80\xe2\x94\x80\xe2\x94\x80\xe2\x94\x80\xe2\x94\x80\xe2\x94\x80\xe2\x94\x80\xe2\x94\x80\xe2\x94\x80\xe2\x94\x80\xe2\x94\x80\xe2\x94\x80\xe2\x94\x80\xe2\x94\x80\xe2\x94\x80\xe2\x94\x80\xe2\x94\x80\xe2\x94\x80\xe2\x94\x80\xe2\x94\x80\xe2\x94\x80\xe2\x94\x80\xe2\x94\x80\xe2\x94\x80\xe2\x94\x80\xe2\x94\x80\xe2\x94\x80\xe2\x94\x80\xe2\x94\x80\xe2\x94\x80\xe2\x94\x80\xe2\x94\x80\xe2\x94\x80\xe2\x94\x80 */\n        .stat-card {\n            background: var(--cq-navy-mid);\n            border: 1px solid var(--cq-border);\n            border-radius: var(--cq-radius);\n            padding: 1.5rem 1rem;\n            text-align: center;\n            transition: border-color 0.2s, transform 0.2s;\n        }\n        .stat-card:hover {\n            border-color: var(--cq-cyan);\n            transform: translateY(-2px);\n        }\n        .stat-card .stat-number {\n            font-family: var(--font-heading); font-size: 2rem;\n            font-weight: 800;\n        }\n        .stat-card .stat-label { color: var(--cq-text-muted); font-size: 0.85rem; }\n\n        /* \xe2\x94\x80\xe2\x94\x80 Footer \xe2\x94\x80\xe2\x94\x80\xe2\x94\x80\xe2\x94\x80\xe2\x94\x80\xe2\x94\x80\xe2\x94\x80\xe2\x94\x80\xe2\x94\x80\xe2\x94\x80\xe2\x94\x80\xe2\x94\x80\xe2\x94\x80\xe2\x94\x80\xe2\x94\x80\xe2\x94\x80\xe2\x94\x80\xe2\x94\x80\xe2\x94\x80\xe2\x94\x80\xe2\x94\x80\xe2\x94\x80\xe2\x94\x80\xe2\x94\x80\xe2\x94\x80\xe2\x94\x80\xe2\x94\x80\xe2\x94\x80\xe2\x94\x80\xe2\x94\x80\xe2\x94\x80\xe2\x94\x80\xe2\x94\x80\xe2\x94\x80\xe2\x94\x80\xe2\x94\x80\xe2\x94\x80\xe2\x94\x80\xe2\x94\x80\xe2\x94\x80\xe2\x94\x80\xe2\x94\x80\xe2\x94\x80\xe2\x94\x80\xe2\x94\x80\xe2\x94\x80\xe2\x94\x80\xe2\x94\x80\xe2\x94\x80\xe2\x94\x80\xe2\x94\x80\xe2\x94\x80\xe2\x94\x80\xe2\x94\x80 */\n        .footer-cq {\n            background: var(--cq-navy-mid);\n            border-top: 1px solid var(--cq-border);\n            padding: 1.5rem 0;\n            margin-top: auto;\n        }\n        .footer-brand {\n            font-family: var(--font-heading); font-weight: 800;\n            color: var(--cq-cyan); font-size: 1rem; letter-spacing: 2px;\n        }\n        .footer-text { color: var(--cq-text-muted); font-size: 0.85rem; }\n        .footer-team { color: var(--cq-cyan); font-size: 0.85rem; font-weight: 600; }\n\n        /* \xe2\x94\x80\xe2\x94\x80 Scrollbar \xe2\x94\x80\xe2\x94\x80\xe2\x94\x80\xe2\x94\x80\xe2\x94\x80\xe2\x94\x80\xe2\x94\x80\xe2\x94\x80\xe2\x94\x80\xe2\x94\x80\xe2\x94\x80\xe2\x94\x80\xe2\x94\x80\xe2\x94\x80\xe2\x94\x80\xe2\x94\x80\xe2\x94\x80\xe2\x94\x80\xe2\x94\x80\xe2\x94\x80\xe2\x94\x80\xe2\x94\x80\xe2\x94\x80\xe2\x94\x80\xe2\x94\x80\xe2\x94\x80\xe2\x94\x80\xe2\x94\x80\xe2\x94\x80\xe2\x94\x80\xe2\x94\x80\xe2\x94\x80\xe2\x94\x80\xe2\x94\x80\xe2\x94\x80\xe2\x94\x80\xe2\x94\x80\xe2\x94\x80\xe2\x94\x80\xe2\x94\x80\xe2\x94\x80\xe2\x94\x80\xe2\x94\x80\xe2\x94\x80\xe2\x94\x80\xe2\x94\x80\xe2\x94\x80\xe2\x94\x80\xe2\x94\x80\xe2\x94\x80\xe2\x94\x80 */\n        ::-webkit-scrollbar { width: 6px; }\n        ::-webkit-scrollbar-track { background: var(--cq-navy); }\n        ::-webkit-scrollbar-thumb { background: var(--cq-navy-light); border-radius: 3px; }\n        ::-webkit-scrollbar-thumb:hover { background: var(--cq-cyan); }\n    </style>\n\n    \n</head>\n\n<body>\n\n<!-- \xe2\x94\x80\xe2\x94\x80 Navbar \xe2\x94\x80\xe2\x94\x80\xe2\x94\x80\xe2\x94\x80\xe2\x94\x80\xe2\x94\x80\xe2\x94\x80\xe2\x94\x80\xe2\x94\x80\xe2\x94\x80\xe2\x94\x80\xe2\x94\x80\xe2\x94\x80\xe2\x94\x80\xe2\x94\x80\xe2\x94\x80\xe2\x94\x80\xe2\x94\x80\xe2\x94\x80\xe2\x94\x80\xe2\x94\x80\xe2\x94\x80\xe2\x94\x80\xe2\x94\x80\xe2\x94\x80\xe2\x94\x80\xe2\x94\x80\xe2\x94\x80\xe2\x94\x80\xe2\x94\x80\xe2\x94\x80\xe2\x94\x80\xe2\x94\x80\xe2\x94\x80\xe2\x94\x80\xe2\x94\x80\xe2\x94\x80\xe2\x94\x80\xe2\x94\x80\xe2\x94\x80\xe2\x94\x80\xe2\x94\x80\xe2\x94\x80\xe2\x94\x80\xe2\x94\x80\xe2\x94\x80\xe2\x94\x80\xe2\x94\x80\xe2\x94\x80\xe2\x94\x80\xe2\x94\x80\xe2\x94\x80\xe2\x94\x80\xe2\x94\x80\xe2\x94\x80\xe2\x94\x80\xe2\x94\x80\xe2\x94\x80\xe2\x94\x80\xe2\x94\x80\xe2\x94\x80 -->\n<nav class="navbar navbar-expand-lg navbar-cyberquest">\n    <div class="container">\n        <!-- Fixed: use auth.login instead of non-existent \'home\' route -->\n        <a class="navbar-brand-cq"\n           href="/challenges">\n            <i class="bi bi-shield-fill-check brand-icon"></i>\n            CYBER<span style="color:#fff;">QUEST</span>\n        </a>\n\n        <button class="navbar-toggler" type="button"\n                data-bs-toggle="collapse" data-bs-target="#navbarMain">\n            <span class="navbar-toggler-icon"></span>\n        </button>\n\n        <div class="collapse navbar-collapse" id="navbarMain">\n            \n            <ul class="navbar-nav me-auto mb-2 mb-lg-0">\n                \n                <li class="nav-item">\n                    <a class="nav-link nav-link-cq" href="/challenges">\n                        <i class="bi bi-controller me-1"></i> Challenges\n                    </a>\n                </li>\n                <li class="nav-item">\n                    <a class="nav-link nav-link-cq" href="/progress">\n                        <i class="bi bi-bar-chart-fill me-1"></i> My Progress\n                    </a>\n                </li>\n                <li class="nav-item">\n                    <a class="nav-link nav-link-cq" href="/result">\n                        <i class="bi bi-trophy me-1"></i> Results\n                    </a>\n                </li>\n                \n            </ul>\n            \n\n            <div class="d-flex align-items-center gap-2">\n                \n                    <span class="navbar-username d-none d-md-inline">\n                        <i class="bi bi-person-circle me-1"></i>\n                        <strong>newstudent_test</strong>\n                        <span class="badge ms-1"\n                              style="background:rgba(0,180,216,0.15);\n                                     color:var(--cq-cyan); font-size:0.7rem;">\n                            Student\n                        </span>\n                    </span>\n                    \n                    <a href="/2fa/setup"\n                       class="btn-nav-login btn"\n                       title="2FA Settings">\n                        <i class="bi bi-shield-lock"></i>\n                    </a>\n                    \n                    <a href="/logout" class="btn-nav-login btn">\n                        <i class="bi bi-box-arrow-right me-1"></i> Logout\n                    </a>\n                \n            </div>\n        </div>\n    </div>\n</nav>\n\n<!-- \xe2\x94\x80\xe2\x94\x80 Flash Messages (handled once here, not in child templates) \xe2\x94\x80\xe2\x94\x80\xe2\x94\x80\xe2\x94\x80\xe2\x94\x80\xe2\x94\x80\xe2\x94\x80\xe2\x94\x80\xe2\x94\x80\xe2\x94\x80 -->\n<div class="flash-container">\n    <div class="container">\n        \n            \n        \n    </div>\n</div>\n\n<!-- \xe2\x94\x80\xe2\x94\x80 Main Content \xe2\x94\x80\xe2\x94\x80\xe2\x94\x80\xe2\x94\x80\xe2\x94\x80\xe2\x94\x80\xe2\x94\x80\xe2\x94\x80\xe2\x94\x80\xe2\x94\x80\xe2\x94\x80\xe2\x94\x80\xe2\x94\x80\xe2\x94\x80\xe2\x94\x80\xe2\x94\x80\xe2\x94\x80\xe2\x94\x80\xe2\x94\x80\xe2\x94\x80\xe2\x94\x80\xe2\x94\x80\xe2\x94\x80\xe2\x94\x80\xe2\x94\x80\xe2\x94\x80\xe2\x94\x80\xe2\x94\x80\xe2\x94\x80\xe2\x94\x80\xe2\x94\x80\xe2\x94\x80\xe2\x94\x80\xe2\x94\x80\xe2\x94\x80\xe2\x94\x80\xe2\x94\x80\xe2\x94\x80\xe2\x94\x80\xe2\x94\x80\xe2\x94\x80\xe2\x94\x80\xe2\x94\x80\xe2\x94\x80\xe2\x94\x80\xe2\x94\x80\xe2\x94\x80\xe2\x94\x80\xe2\x94\x80\xe2\x94\x80\xe2\x94\x80\xe2\x94\x80\xe2\x94\x80\xe2\x94\x80\xe2\x94\x80\xe2\x94\x80 -->\n<main>\n    \n<div class="container py-4">\n\n  <div class="d-flex justify-content-between align-items-center mb-4">\n    <div>\n      <h2 class="mb-0" style="color:var(--cq-cyan);">\xf0\x9f\x9b\xa1\xef\xb8\x8f Challenge Categories</h2>\n      <p style="color:var(--cq-text-muted);" class="mb-0">Choose a category to start earning points</p>\n    </div>\n    <div class="text-end">\n      <span class="badge-cq-gold fs-6 px-3 py-2">\xe2\xad\x90 0 pts</span>\n      <a href="/progress" class="btn btn-cq-outline ms-2">\xf0\x9f\x93\x8a My Progress</a>\n    </div>\n  </div>\n\n  <!-- Category Cards -->\n  <div class="row g-4 mb-5">\n    \n    <div class="col-md-4">\n      <div class="card-cq h-100 p-4 text-center" style="transition:border-color 0.2s,transform 0.2s;"\n           onmouseover="this.style.borderColor=\'var(--cq-cyan)\';this.style.transform=\'translateY(-4px)\'"\n           onmouseout="this.style.borderColor=\'var(--cq-border)\';this.style.transform=\'none\'">\n        <div style="font-size:3.5rem;" class="mb-3">\xf0\x9f\x8e\xa3</div>\n        <h4 style="color:var(--cq-cyan);">Phishing Awareness</h4>\n        <p style="color:var(--cq-text-muted);" class="small mb-3">Learn to spot phishing emails and social engineering attacks.</p>\n\n        <div class="mb-3">\n          <div class="d-flex justify-content-between small mb-1"\n               style="color:var(--cq-text-muted);">\n            <span>Progress</span>\n            <span>0/5</span>\n          </div>\n          <div class="progress-cq">\n            <div class="progress-bar" role="progressbar"\n                 style="width:0%">\n            </div>\n          </div>\n        </div>\n\n        <a href="/challenge/phishing"\n           class="btn btn-cq-primary w-100 fw-bold">\n          \xf0\x9f\x9a\x80 Start\n        </a>\n      </div>\n    </div>\n    \n    <div class="col-md-4">\n      <div class="card-cq h-100 p-4 text-center" style="transition:border-color 0.2s,transform 0.2s;"\n           onmouseover="this.style.borderColor=\'var(--cq-cyan)\';this.style.transform=\'translateY(-4px)\'"\n           onmouseout="this.style.borderColor=\'var(--cq-border)\';this.style.transform=\'none\'">\n        <div style="font-size:3.5rem;" class="mb-3">\xf0\x9f\x94\x90</div>\n        <h4 style="color:var(--cq-cyan);">Password Security</h4>\n        <p style="color:var(--cq-text-muted);" class="small mb-3">Master the art of strong passwords and authentication.</p>\n\n        <div class="mb-3">\n          <div class="d-flex justify-content-between small mb-1"\n               style="color:var(--cq-text-muted);">\n            <span>Progress</span>\n            <span>0/5</span>\n          </div>\n          <div class="progress-cq">\n            <div class="progress-bar" role="progressbar"\n                 style="width:0%">\n            </div>\n          </div>\n        </div>\n\n        <a href="/challenge/password"\n           class="btn btn-cq-primary w-100 fw-bold">\n          \xf0\x9f\x9a\x80 Start\n        </a>\n      </div>\n    </div>\n    \n    <div class="col-md-4">\n      <div class="card-cq h-100 p-4 text-center" style="transition:border-color 0.2s,transform 0.2s;"\n           onmouseover="this.style.borderColor=\'var(--cq-cyan)\';this.style.transform=\'translateY(-4px)\'"\n           onmouseout="this.style.borderColor=\'var(--cq-border)\';this.style.transform=\'none\'">\n        <div style="font-size:3.5rem;" class="mb-3">\xf0\x9f\x8c\x90</div>\n        <h4 style="color:var(--cq-cyan);">Safe Browsing</h4>\n        <p style="color:var(--cq-text-muted);" class="small mb-3">Stay safe online \xe2\x80\x94 VPNs, HTTPS, and browser threats.</p>\n\n        <div class="mb-3">\n          <div class="d-flex justify-content-between small mb-1"\n               style="color:var(--cq-text-muted);">\n            <span>Progress</span>\n            <span>0/5</span>\n          </div>\n          <div class="progress-cq">\n            <div class="progress-bar" role="progressbar"\n                 style="width:0%">\n            </div>\n          </div>\n        </div>\n\n        <a href="/challenge/browsing"\n           class="btn btn-cq-primary w-100 fw-bold">\n          \xf0\x9f\x9a\x80 Start\n        </a>\n      </div>\n    </div>\n    \n  </div>\n\n  <!-- Badges -->\n  \n\n</div>\n\n</main>\n\n<!-- \xe2\x94\x80\xe2\x94\x80 Footer \xe2\x94\x80\xe2\x94\x80\xe2\x94\x80\xe2\x94\x80\xe2\x94\x80\xe2\x94\x80\xe2\x94\x80\xe2\x94\x80\xe2\x94\x80\xe2\x94\x80\xe2\x94\x80\xe2\x94\x80\xe2\x94\x80\xe2\x94\x80\xe2\x94\x80\xe2\x94\x80\xe2\x94\x80\xe2\x94\x80\xe2\x94\x80\xe2\x94\x80\xe2\x94\x80\xe2\x94\x80\xe2\x94\x80\xe2\x94\x80\xe2\x94\x80\xe2\x94\x80\xe2\x94\x80\xe2\x94\x80\xe2\x94\x80\xe2\x94\x80\xe2\x94\x80\xe2\x94\x80\xe2\x94\x80\xe2\x94\x80\xe2\x94\x80\xe2\x94\x80\xe2\x94\x80\xe2\x94\x80\xe2\x94\x80\xe2\x94\x80\xe2\x94\x80\xe2\x94\x80\xe2\x94\x80\xe2\x94\x80\xe2\x94\x80\xe2\x94\x80\xe2\x94\x80\xe2\x94\x80\xe2\x94\x80\xe2\x94\x80\xe2\x94\x80\xe2\x94\x80\xe2\x94\x80\xe2\x94\x80\xe2\x94\x80\xe2\x94\x80\xe2\x94\x80\xe2\x94\x80\xe2\x94\x80\xe2\x94\x80\xe2\x94\x80 -->\n<footer class="footer-cq">\n    <div class="container">\n        <div class="row align-items-center">\n            <div class="col-md-3 mb-2 mb-md-0">\n                <div class="footer-brand"><i class="bi bi-shield-fill-check me-2"></i>CYBERQUEST</div>\n                <div class="footer-text">Cybersecurity Awareness Game</div>\n            </div>\n            <div class="col-md-5 mb-2 mb-md-0">\n                <div class="footer-text">\n                    <i class="bi bi-mortarboard-fill me-1"></i>\n                    ICT932 \xe2\x80\x94 Cybersecurity Testing and Assurance<br>\n                    Crown Institute of Higher Education (CIHE) \xc2\xa9 2026\n                </div>\n            </div>\n            <div class="col-md-4 text-md-end">\n                <div class="footer-team">\n                    Prashan Manandhar | Raju Kshetri | Pramesh Silwal | Susanta Dhakal\n                </div>\n            </div>\n        </div>\n    </div>\n</footer>\n\n<script src="https://cdn.jsdelivr.net/npm/bootstrap@5.3.0/dist/js/bootstrap.bundle.min.js"></script>\n\n\n</body>\n</html>' = <WrapperTestResponse 20602 bytes [200 OK]>.data
FAILED tests/test_auth.py::TestRegistration::test_register_weak_password_no_special - assert b'special' in b'<!DOCTYPE html>\n<!--\n    base.html \xe2\x80\x94 Shared base template for CyberQuest\n    Authors: Susanta Dhakal (CIHE250321) & Pramesh Silwal (CIHE241339)\n    Fixed: Prashan Manandhar (CIHE241182) \xe2\x80\x94 removed broken url_for(\'home\')\n-->\n<html lang="en">\n<head>\n    <meta charset="UTF-8">\n    <meta name="viewport" content="width=device-width, initial-scale=1.0">\n    <meta name="description" content="CyberQuest \xe2\x80\x94 Cybersecurity Awareness Game for ICT932 CIHE">\n    <title>Challenges \xe2\x80\x94 CyberQuest | ICT932</title>\n\n    <!-- Bootstrap 5 CSS -->\n    <link href="https://cdn.jsdelivr.net/npm/bootstrap@5.3.0/dist/css/bootstrap.min.css" rel="stylesheet">\n    <!-- Bootstrap Icons -->\n    <link href="https://cdn.jsdelivr.net/npm/bootstrap-icons@1.11.0/font/bootstrap-icons.css" rel="stylesheet">\n    <!-- Google Fonts -->\n    <link href="https://fonts.googleapis.com/css2?family=Orbitron:wght@400;600;800&family=Rajdhani:wght@300;400;500;600&display=swap" rel="stylesheet">\n\n    <style>\n        /* \xe2\x94\x80\xe2\x94\x80 Design Tokens \xe2\x94\x80\xe2\x94\x80\xe2\x94\x80\xe2\x94\x80\xe2\x94\x80\xe2\x94\x80\xe2\x94\x80\xe2\x94\x80\xe2\x94\x80\xe2\x94\x80\xe2\x94\x80\xe2\x94\x80\xe2\x94\x80\xe2\x94\x80\xe2\x94\x80\xe2\x94\x80\xe2\x94\x80\xe2\x94\x80\xe2\x94\x80\xe2\x94\x80\xe2\x94\x80\xe2\x94\x80\xe2\x94\x80\xe2\x94\x80\xe2\x94\x80\xe2\x94\x80\xe2\x94\x80\xe2\x94\x80\xe2\x94\x80\xe2\x94\x80\xe2\x94\x80\xe2\x94\x80\xe2\x94\x80\xe2\x94\x80\xe2\x94\x80\xe2\x94\x80\xe2\x94\x80\xe2\x94\x80\xe2\x94\x80\xe2\x94\x80\xe2\x94\x80\xe2\x94\x80\xe2\x94\x80\xe2\x94\x80\xe2\x94\x80\xe2\x94\x80\xe2\x94\x80 */\n        :root {\n            --cq-navy:      #0D1B2A;\n            --cq-navy-mid:  #112233;\n            --cq-navy-light:#1A2E42;\n            --cq-cyan:      #00B4D8;\n            --cq-cyan-glow: #00D4FF;\n            --cq-green:     #00E676;\n            --cq-red:       #FF4D6D;\n            --cq-yellow:    #FFD60A;\n            --cq-text:      #E0EAF4;\n            --cq-text-muted:#7A9BB5;\n            --cq-border:    rgba(0, 180, 216, 0.2);\n            --cq-shadow:    0 4px 24px rgba(0, 180, 216, 0.12);\n            --cq-radius:    12px;\n            --font-heading: \'Orbitron\', monospace;\n            --font-body:    \'Rajdhani\', sans-serif;\n        }\n\n        *, *::before, *::after { box-sizing: border-box; }\n        html { scroll-behavior: smooth; }\n\n        body {\n            background-color: var(--cq-navy);\n            color: var(--cq-text);\n            font-family: var(--font-body);\n            font-size: 1.05rem;\n            min-height: 100vh;\n            display: flex;\n            flex-direction: column;\n        }\n\n        h1,h2,h3,h4,h5,h6 { font-family: var(--font-heading); }\n        main { flex: 1; }\n\n        /* \xe2\x94\x80\xe2\x94\x80 Navbar \xe2\x94\x80\xe2\x94\x80\xe2\x94\x80\xe2\x94\x80\xe2\x94\x80\xe2\x94\x80\xe2\x94\x80\xe2\x94\x80\xe2\x94\x80\xe2\x94\x80\xe2\x94\x80\xe2\x94\x80\xe2\x94\x80\xe2\x94\x80\xe2\x94\x80\xe2\x94\x80\xe2\x94\x80\xe2\x94\x80\xe2\x94\x80\xe2\x94\x80\xe2\x94\x80\xe2\x94\x80\xe2\x94\x80\xe2\x94\x80\xe2\x94\x80\xe2\x94\x80\xe2\x94\x80\xe2\x94\x80\xe2\x94\x80\xe2\x94\x80\xe2\x94\x80\xe2\x94\x80\xe2\x94\x80\xe2\x94\x80\xe2\x94\x80\xe2\x94\x80\xe2\x94\x80\xe2\x94\x80\xe2\x94\x80\xe2\x94\x80\xe2\x94\x80\xe2\x94\x80\xe2\x94\x80\xe2\x94\x80\xe2\x94\x80\xe2\x94\x80\xe2\x94\x80\xe2\x94\x80\xe2\x94\x80\xe2\x94\x80\xe2\x94\x80\xe2\x94\x80\xe2\x94\x80\xe2\x94\x80 */\n        .navbar-cyberquest {\n            background: rgba(13,27,42,0.97);\n            border-bottom: 1px solid var(--cq-border);\n            backdrop-filter: blur(10px);\n            padding: 0.75rem 0;\n            position: sticky; top: 0; z-index: 1000;\n        }\n        .navbar-brand-cq {\n            font-family: var(--font-heading); font-weight: 800;\n            font-size: 1.35rem; color: var(--cq-cyan) !important;\n            text-decoration: none; letter-spacing: 2px;\n            display: flex; align-items: center; gap: 0.5rem;\n        }\n        .navbar-brand-cq .brand-icon {\n            color: var(--cq-cyan-glow); font-size: 1.5rem;\n            filter: drop-shadow(0 0 6px var(--cq-cyan));\n        }\n        .navbar-brand-cq:hover { color: var(--cq-cyan-glow) !important; }\n        .nav-link-cq {\n            color: var(--cq-text-muted) !important;\n            font-family: var(--font-body); font-weight: 500;\n            font-size: 0.95rem; letter-spacing: 0.5px;\n            padding: 0.5rem 0.85rem !important;\n            border-radius: 6px;\n            transition: color 0.2s, background 0.2s;\n        }\n        .nav-link-cq:hover, .nav-link-cq.active {\n            color: var(--cq-cyan) !important;\n            background: rgba(0,180,216,0.08);\n        }\n        .btn-nav-login {\n            border: 1px solid var(--cq-cyan); color: var(--cq-cyan);\n            background: transparent; border-radius: 6px;\n            padding: 0.4rem 1rem; font-weight: 600; font-size: 0.9rem;\n            transition: all 0.2s;\n        }\n        .btn-nav-login:hover {\n            background: rgba(0,180,216,0.15); color: var(--cq-cyan-glow);\n        }\n        .btn-nav-register {\n            background: var(--cq-cyan); color: var(--cq-navy);\n            border: none; border-radius: 6px;\n            padding: 0.4rem 1rem; font-weight: 700; font-size: 0.9rem;\n            transition: all 0.2s;\n        }\n        .btn-nav-register:hover {\n            background: var(--cq-cyan-glow);\n            box-shadow: 0 4px 12px rgba(0,180,216,0.35);\n        }\n        .navbar-username { color: var(--cq-text-muted); font-size: 0.85rem; }\n        .navbar-username strong { color: var(--cq-cyan); }\n        .navbar-toggler { border-color: var(--cq-border); }\n        .navbar-toggler-icon { filter: invert(60%) sepia(80%) saturate(400%) hue-rotate(165deg); }\n\n        /* \xe2\x94\x80\xe2\x94\x80 Flash Messages \xe2\x94\x80\xe2\x94\x80\xe2\x94\x80\xe2\x94\x80\xe2\x94\x80\xe2\x94\x80\xe2\x94\x80\xe2\x94\x80\xe2\x94\x80\xe2\x94\x80\xe2\x94\x80\xe2\x94\x80\xe2\x94\x80\xe2\x94\x80\xe2\x94\x80\xe2\x94\x80\xe2\x94\x80\xe2\x94\x80\xe2\x94\x80\xe2\x94\x80\xe2\x94\x80\xe2\x94\x80\xe2\x94\x80\xe2\x94\x80\xe2\x94\x80\xe2\x94\x80\xe2\x94\x80\xe2\x94\x80\xe2\x94\x80\xe2\x94\x80\xe2\x94\x80\xe2\x94\x80\xe2\x94\x80\xe2\x94\x80\xe2\x94\x80\xe2\x94\x80\xe2\x94\x80\xe2\x94\x80\xe2\x94\x80\xe2\x94\x80\xe2\x94\x80\xe2\x94\x80\xe2\x94\x80\xe2\x94\x80\xe2\x94\x80\xe2\x94\x80 */\n        .flash-container { padding: 0.5rem 0; }\n        .alert-cq {\n            border-left: 4px solid; border-radius: 0 var(--cq-radius) var(--cq-radius) 0;\n            background: var(--cq-navy-mid); color: var(--cq-text);\n            border-top: none; border-right: none; border-bottom: none;\n            font-weight: 500;\n        }\n        .alert-cq.alert-success { border-color: var(--cq-green); }\n        .alert-cq.alert-danger  { border-color: var(--cq-red); }\n        .alert-cq.alert-info    { border-color: var(--cq-cyan); }\n        .alert-cq.alert-warning { border-color: var(--cq-yellow); }\n\n        /* \xe2\x94\x80\xe2\x94\x80 Dark Cards \xe2\x94\x80\xe2\x94\x80\xe2\x94\x80\xe2\x94\x80\xe2\x94\x80\xe2\x94\x80\xe2\x94\x80\xe2\x94\x80\xe2\x94\x80\xe2\x94\x80\xe2\x94\x80\xe2\x94\x80\xe2\x94\x80\xe2\x94\x80\xe2\x94\x80\xe2\x94\x80\xe2\x94\x80\xe2\x94\x80\xe2\x94\x80\xe2\x94\x80\xe2\x94\x80\xe2\x94\x80\xe2\x94\x80\xe2\x94\x80\xe2\x94\x80\xe2\x94\x80\xe2\x94\x80\xe2\x94\x80\xe2\x94\x80\xe2\x94\x80\xe2\x94\x80\xe2\x94\x80\xe2\x94\x80\xe2\x94\x80\xe2\x94\x80\xe2\x94\x80\xe2\x94\x80\xe2\x94\x80\xe2\x94\x80\xe2\x94\x80\xe2\x94\x80\xe2\x94\x80\xe2\x94\x80\xe2\x94\x80\xe2\x94\x80\xe2\x94\x80\xe2\x94\x80\xe2\x94\x80\xe2\x94\x80\xe2\x94\x80 */\n        .card-cq {\n            background: var(--cq-navy-mid);\n            border: 1px solid var(--cq-border);\n            border-radius: var(--cq-radius);\n            color: var(--cq-text);\n            box-shadow: var(--cq-shadow);\n        }\n        .card-cq .card-header {\n            background: var(--cq-navy-light);\n            border-bottom: 1px solid var(--cq-border);\n            color: var(--cq-text);\n            border-radius: var(--cq-radius) var(--cq-radius) 0 0;\n        }\n\n        /* \xe2\x94\x80\xe2\x94\x80 Dark Tables \xe2\x94\x80\xe2\x94\x80\xe2\x94\x80\xe2\x94\x80\xe2\x94\x80\xe2\x94\x80\xe2\x94\x80\xe2\x94\x80\xe2\x94\x80\xe2\x94\x80\xe2\x94\x80\xe2\x94\x80\xe2\x94\x80\xe2\x94\x80\xe2\x94\x80\xe2\x94\x80\xe2\x94\x80\xe2\x94\x80\xe2\x94\x80\xe2\x94\x80\xe2\x94\x80\xe2\x94\x80\xe2\x94\x80\xe2\x94\x80\xe2\x94\x80\xe2\x94\x80\xe2\x94\x80\xe2\x94\x80\xe2\x94\x80\xe2\x94\x80\xe2\x94\x80\xe2\x94\x80\xe2\x94\x80\xe2\x94\x80\xe2\x94\x80\xe2\x94\x80\xe2\x94\x80\xe2\x94\x80\xe2\x94\x80\xe2\x94\x80\xe2\x94\x80\xe2\x94\x80\xe2\x94\x80\xe2\x94\x80\xe2\x94\x80\xe2\x94\x80\xe2\x94\x80\xe2\x94\x80\xe2\x94\x80 */\n        .table-cq { color: var(--cq-text); }\n        .table-cq thead th {\n            background: var(--cq-navy-light);\n            color: var(--cq-cyan);\n            border-color: var(--cq-border);\n            font-family: var(--font-heading);\n            font-size: 0.8rem;\n            letter-spacing: 1px;\n        }\n        .table-cq tbody tr {\n            border-color: var(--cq-border);\n        }\n        .table-cq tbody tr:hover {\n            background: rgba(0,180,216,0.05);\n        }\n        .table-cq td, .table-cq th {\n            border-color: var(--cq-border);\n            vertical-align: middle;\n        }\n\n        /* \xe2\x94\x80\xe2\x94\x80 Dark Forms \xe2\x94\x80\xe2\x94\x80\xe2\x94\x80\xe2\x94\x80\xe2\x94\x80\xe2\x94\x80\xe2\x94\x80\xe2\x94\x80\xe2\x94\x80\xe2\x94\x80\xe2\x94\x80\xe2\x94\x80\xe2\x94\x80\xe2\x94\x80\xe2\x94\x80\xe2\x94\x80\xe2\x94\x80\xe2\x94\x80\xe2\x94\x80\xe2\x94\x80\xe2\x94\x80\xe2\x94\x80\xe2\x94\x80\xe2\x94\x80\xe2\x94\x80\xe2\x94\x80\xe2\x94\x80\xe2\x94\x80\xe2\x94\x80\xe2\x94\x80\xe2\x94\x80\xe2\x94\x80\xe2\x94\x80\xe2\x94\x80\xe2\x94\x80\xe2\x94\x80\xe2\x94\x80\xe2\x94\x80\xe2\x94\x80\xe2\x94\x80\xe2\x94\x80\xe2\x94\x80\xe2\x94\x80\xe2\x94\x80\xe2\x94\x80\xe2\x94\x80\xe2\x94\x80\xe2\x94\x80\xe2\x94\x80\xe2\x94\x80 */\n        .form-control-cq, .form-select-cq {\n            background: var(--cq-navy-light);\n            border: 1px solid var(--cq-border);\n            color: var(--cq-text);\n            border-radius: 8px;\n        }\n        .form-control-cq:focus, .form-select-cq:focus {\n            background: var(--cq-navy-light);\n            border-color: var(--cq-cyan);\n            color: var(--cq-text);\n            box-shadow: 0 0 0 3px rgba(0,180,216,0.2);\n        }\n        .form-control-cq::placeholder { color: var(--cq-text-muted); }\n\n        /* \xe2\x94\x80\xe2\x94\x80 CyberQuest Buttons \xe2\x94\x80\xe2\x94\x80\xe2\x94\x80\xe2\x94\x80\xe2\x94\x80\xe2\x94\x80\xe2\x94\x80\xe2\x94\x80\xe2\x94\x80\xe2\x94\x80\xe2\x94\x80\xe2\x94\x80\xe2\x94\x80\xe2\x94\x80\xe2\x94\x80\xe2\x94\x80\xe2\x94\x80\xe2\x94\x80\xe2\x94\x80\xe2\x94\x80\xe2\x94\x80\xe2\x94\x80\xe2\x94\x80\xe2\x94\x80\xe2\x94\x80\xe2\x94\x80\xe2\x94\x80\xe2\x94\x80\xe2\x94\x80\xe2\x94\x80\xe2\x94\x80\xe2\x94\x80\xe2\x94\x80\xe2\x94\x80\xe2\x94\x80\xe2\x94\x80\xe2\x94\x80\xe2\x94\x80\xe2\x94\x80\xe2\x94\x80\xe2\x94\x80\xe2\x94\x80 */\n        .btn-cq-primary {\n            background: var(--cq-cyan); color: var(--cq-navy);\n            border: none; font-weight: 700; border-radius: 8px;\n            font-family: var(--font-body); letter-spacing: 0.5px;\n            transition: all 0.2s;\n        }\n        .btn-cq-primary:hover {\n            background: var(--cq-cyan-glow);\n            box-shadow: 0 4px 16px rgba(0,180,216,0.4);\n        }\n        .btn-cq-outline {\n            border: 1px solid var(--cq-cyan); color: var(--cq-cyan);\n            background: transparent; border-radius: 8px;\n            font-weight: 600; transition: all 0.2s;\n        }\n        .btn-cq-outline:hover {\n            background: rgba(0,180,216,0.12); color: var(--cq-cyan-glow);\n        }\n        .btn-cq-danger {\n            border: 1px solid var(--cq-red); color: var(--cq-red);\n            background: transparent; border-radius: 8px;\n            font-weight: 600; transition: all 0.2s;\n        }\n        .btn-cq-danger:hover { background: rgba(255,77,109,0.12); }\n\n        /* \xe2\x94\x80\xe2\x94\x80 Badges / Pills \xe2\x94\x80\xe2\x94\x80\xe2\x94\x80\xe2\x94\x80\xe2\x94\x80\xe2\x94\x80\xe2\x94\x80\xe2\x94\x80\xe2\x94\x80\xe2\x94\x80\xe2\x94\x80\xe2\x94\x80\xe2\x94\x80\xe2\x94\x80\xe2\x94\x80\xe2\x94\x80\xe2\x94\x80\xe2\x94\x80\xe2\x94\x80\xe2\x94\x80\xe2\x94\x80\xe2\x94\x80\xe2\x94\x80\xe2\x94\x80\xe2\x94\x80\xe2\x94\x80\xe2\x94\x80\xe2\x94\x80\xe2\x94\x80\xe2\x94\x80\xe2\x94\x80\xe2\x94\x80\xe2\x94\x80\xe2\x94\x80\xe2\x94\x80\xe2\x94\x80\xe2\x94\x80\xe2\x94\x80\xe2\x94\x80\xe2\x94\x80\xe2\x94\x80\xe2\x94\x80\xe2\x94\x80\xe2\x94\x80\xe2\x94\x80\xe2\x94\x80 */\n        .badge-cq-cyan {\n            background: rgba(0,180,216,0.15);\n            color: var(--cq-cyan);\n            border: 1px solid var(--cq-border);\n            border-radius: 20px; padding: 0.3rem 0.8rem;\n            font-size: 0.8rem; font-weight: 600;\n        }\n        .badge-cq-gold {\n            background: rgba(255,214,10,0.15);\n            color: var(--cq-yellow);\n            border: 1px solid rgba(255,214,10,0.3);\n            border-radius: 20px; padding: 0.3rem 0.8rem;\n            font-size: 0.8rem; font-weight: 600;\n        }\n\n        /* \xe2\x94\x80\xe2\x94\x80 Progress bars \xe2\x94\x80\xe2\x94\x80\xe2\x94\x80\xe2\x94\x80\xe2\x94\x80\xe2\x94\x80\xe2\x94\x80\xe2\x94\x80\xe2\x94\x80\xe2\x94\x80\xe2\x94\x80\xe2\x94\x80\xe2\x94\x80\xe2\x94\x80\xe2\x94\x80\xe2\x94\x80\xe2\x94\x80\xe2\x94\x80\xe2\x94\x80\xe2\x94\x80\xe2\x94\x80\xe2\x94\x80\xe2\x94\x80\xe2\x94\x80\xe2\x94\x80\xe2\x94\x80\xe2\x94\x80\xe2\x94\x80\xe2\x94\x80\xe2\x94\x80\xe2\x94\x80\xe2\x94\x80\xe2\x94\x80\xe2\x94\x80\xe2\x94\x80\xe2\x94\x80\xe2\x94\x80\xe2\x94\x80\xe2\x94\x80\xe2\x94\x80\xe2\x94\x80\xe2\x94\x80\xe2\x94\x80\xe2\x94\x80\xe2\x94\x80\xe2\x94\x80\xe2\x94\x80 */\n        .progress-cq {\n            background: var(--cq-navy-light);\n            border-radius: 10px; height: 8px;\n        }\n        .progress-cq .progress-bar {\n            background: linear-gradient(90deg, var(--cq-cyan), var(--cq-green));\n            border-radius: 10px;\n        }\n\n        /* \xe2\x94\x80\xe2\x94\x80 Stat Cards \xe2\x94\x80\xe2\x94\x80\xe2\x94\x80\xe2\x94\x80\xe2\x94\x80\xe2\x94\x80\xe2\x94\x80\xe2\x94\x80\xe2\x94\x80\xe2\x94\x80\xe2\x94\x80\xe2\x94\x80\xe2\x94\x80\xe2\x94\x80\xe2\x94\x80\xe2\x94\x80\xe2\x94\x80\xe2\x94\x80\xe2\x94\x80\xe2\x94\x80\xe2\x94\x80\xe2\x94\x80\xe2\x94\x80\xe2\x94\x80\xe2\x94\x80\xe2\x94\x80\xe2\x94\x80\xe2\x94\x80\xe2\x94\x80\xe2\x94\x80\xe2\x94\x80\xe2\x94\x80\xe2\x94\x80\xe2\x94\x80\xe2\x94\x80\xe2\x94\x80\xe2\x94\x80\xe2\x94\x80\xe2\x94\x80\xe2\x94\x80\xe2\x94\x80\xe2\x94\x80\xe2\x94\x80\xe2\x94\x80\xe2\x94\x80\xe2\x94\x80\xe2\x94\x80\xe2\x94\x80\xe2\x94\x80\xe2\x94\x80 */\n        .stat-card {\n            background: var(--cq-navy-mid);\n            border: 1px solid var(--cq-border);\n            border-radius: var(--cq-radius);\n            padding: 1.5rem 1rem;\n            text-align: center;\n            transition: border-color 0.2s, transform 0.2s;\n        }\n        .stat-card:hover {\n            border-color: var(--cq-cyan);\n            transform: translateY(-2px);\n        }\n        .stat-card .stat-number {\n            font-family: var(--font-heading); font-size: 2rem;\n            font-weight: 800;\n        }\n        .stat-card .stat-label { color: var(--cq-text-muted); font-size: 0.85rem; }\n\n        /* \xe2\x94\x80\xe2\x94\x80 Footer \xe2\x94\x80\xe2\x94\x80\xe2\x94\x80\xe2\x94\x80\xe2\x94\x80\xe2\x94\x80\xe2\x94\x80\xe2\x94\x80\xe2\x94\x80\xe2\x94\x80\xe2\x94\x80\xe2\x94\x80\xe2\x94\x80\xe2\x94\x80\xe2\x94\x80\xe2\x94\x80\xe2\x94\x80\xe2\x94\x80\xe2\x94\x80\xe2\x94\x80\xe2\x94\x80\xe2\x94\x80\xe2\x94\x80\xe2\x94\x80\xe2\x94\x80\xe2\x94\x80\xe2\x94\x80\xe2\x94\x80\xe2\x94\x80\xe2\x94\x80\xe2\x94\x80\xe2\x94\x80\xe2\x94\x80\xe2\x94\x80\xe2\x94\x80\xe2\x94\x80\xe2\x94\x80\xe2\x94\x80\xe2\x94\x80\xe2\x94\x80\xe2\x94\x80\xe2\x94\x80\xe2\x94\x80\xe2\x94\x80\xe2\x94\x80\xe2\x94\x80\xe2\x94\x80\xe2\x94\x80\xe2\x94\x80\xe2\x94\x80\xe2\x94\x80\xe2\x94\x80\xe2\x94\x80\xe2\x94\x80 */\n        .footer-cq {\n            background: var(--cq-navy-mid);\n            border-top: 1px solid var(--cq-border);\n            padding: 1.5rem 0;\n            margin-top: auto;\n        }\n        .footer-brand {\n            font-family: var(--font-heading); font-weight: 800;\n            color: var(--cq-cyan); font-size: 1rem; letter-spacing: 2px;\n        }\n        .footer-text { color: var(--cq-text-muted); font-size: 0.85rem; }\n        .footer-team { color: var(--cq-cyan); font-size: 0.85rem; font-weight: 600; }\n\n        /* \xe2\x94\x80\xe2\x94\x80 Scrollbar \xe2\x94\x80\xe2\x94\x80\xe2\x94\x80\xe2\x94\x80\xe2\x94\x80\xe2\x94\x80\xe2\x94\x80\xe2\x94\x80\xe2\x94\x80\xe2\x94\x80\xe2\x94\x80\xe2\x94\x80\xe2\x94\x80\xe2\x94\x80\xe2\x94\x80\xe2\x94\x80\xe2\x94\x80\xe2\x94\x80\xe2\x94\x80\xe2\x94\x80\xe2\x94\x80\xe2\x94\x80\xe2\x94\x80\xe2\x94\x80\xe2\x94\x80\xe2\x94\x80\xe2\x94\x80\xe2\x94\x80\xe2\x94\x80\xe2\x94\x80\xe2\x94\x80\xe2\x94\x80\xe2\x94\x80\xe2\x94\x80\xe2\x94\x80\xe2\x94\x80\xe2\x94\x80\xe2\x94\x80\xe2\x94\x80\xe2\x94\x80\xe2\x94\x80\xe2\x94\x80\xe2\x94\x80\xe2\x94\x80\xe2\x94\x80\xe2\x94\x80\xe2\x94\x80\xe2\x94\x80\xe2\x94\x80\xe2\x94\x80\xe2\x94\x80 */\n        ::-webkit-scrollbar { width: 6px; }\n        ::-webkit-scrollbar-track { background: var(--cq-navy); }\n        ::-webkit-scrollbar-thumb { background: var(--cq-navy-light); border-radius: 3px; }\n        ::-webkit-scrollbar-thumb:hover { background: var(--cq-cyan); }\n    </style>\n\n    \n</head>\n\n<body>\n\n<!-- \xe2\x94\x80\xe2\x94\x80 Navbar \xe2\x94\x80\xe2\x94\x80\xe2\x94\x80\xe2\x94\x80\xe2\x94\x80\xe2\x94\x80\xe2\x94\x80\xe2\x94\x80\xe2\x94\x80\xe2\x94\x80\xe2\x94\x80\xe2\x94\x80\xe2\x94\x80\xe2\x94\x80\xe2\x94\x80\xe2\x94\x80\xe2\x94\x80\xe2\x94\x80\xe2\x94\x80\xe2\x94\x80\xe2\x94\x80\xe2\x94\x80\xe2\x94\x80\xe2\x94\x80\xe2\x94\x80\xe2\x94\x80\xe2\x94\x80\xe2\x94\x80\xe2\x94\x80\xe2\x94\x80\xe2\x94\x80\xe2\x94\x80\xe2\x94\x80\xe2\x94\x80\xe2\x94\x80\xe2\x94\x80\xe2\x94\x80\xe2\x94\x80\xe2\x94\x80\xe2\x94\x80\xe2\x94\x80\xe2\x94\x80\xe2\x94\x80\xe2\x94\x80\xe2\x94\x80\xe2\x94\x80\xe2\x94\x80\xe2\x94\x80\xe2\x94\x80\xe2\x94\x80\xe2\x94\x80\xe2\x94\x80\xe2\x94\x80\xe2\x94\x80\xe2\x94\x80\xe2\x94\x80\xe2\x94\x80\xe2\x94\x80\xe2\x94\x80\xe2\x94\x80\xe2\x94\x80 -->\n<nav class="navbar navbar-expand-lg navbar-cyberquest">\n    <div class="container">\n        <!-- Fixed: use auth.login instead of non-existent \'home\' route -->\n        <a class="navbar-brand-cq"\n           href="/challenges">\n            <i class="bi bi-shield-fill-check brand-icon"></i>\n            CYBER<span style="color:#fff;">QUEST</span>\n        </a>\n\n        <button class="navbar-toggler" type="button"\n                data-bs-toggle="collapse" data-bs-target="#navbarMain">\n            <span class="navbar-toggler-icon"></span>\n        </button>\n\n        <div class="collapse navbar-collapse" id="navbarMain">\n            \n            <ul class="navbar-nav me-auto mb-2 mb-lg-0">\n                \n                <li class="nav-item">\n                    <a class="nav-link nav-link-cq" href="/challenges">\n                        <i class="bi bi-controller me-1"></i> Challenges\n                    </a>\n                </li>\n                <li class="nav-item">\n                    <a class="nav-link nav-link-cq" href="/progress">\n                        <i class="bi bi-bar-chart-fill me-1"></i> My Progress\n                    </a>\n                </li>\n                <li class="nav-item">\n                    <a class="nav-link nav-link-cq" href="/result">\n                        <i class="bi bi-trophy me-1"></i> Results\n                    </a>\n                </li>\n                \n            </ul>\n            \n\n            <div class="d-flex align-items-center gap-2">\n                \n                    <span class="navbar-username d-none d-md-inline">\n                        <i class="bi bi-person-circle me-1"></i>\n                        <strong>newstudent_test</strong>\n                        <span class="badge ms-1"\n                              style="background:rgba(0,180,216,0.15);\n                                     color:var(--cq-cyan); font-size:0.7rem;">\n                            Student\n                        </span>\n                    </span>\n                    \n                    <a href="/2fa/setup"\n                       class="btn-nav-login btn"\n                       title="2FA Settings">\n                        <i class="bi bi-shield-lock"></i>\n                    </a>\n                    \n                    <a href="/logout" class="btn-nav-login btn">\n                        <i class="bi bi-box-arrow-right me-1"></i> Logout\n                    </a>\n                \n            </div>\n        </div>\n    </div>\n</nav>\n\n<!-- \xe2\x94\x80\xe2\x94\x80 Flash Messages (handled once here, not in child templates) \xe2\x94\x80\xe2\x94\x80\xe2\x94\x80\xe2\x94\x80\xe2\x94\x80\xe2\x94\x80\xe2\x94\x80\xe2\x94\x80\xe2\x94\x80\xe2\x94\x80 -->\n<div class="flash-container">\n    <div class="container">\n        \n            \n        \n    </div>\n</div>\n\n<!-- \xe2\x94\x80\xe2\x94\x80 Main Content \xe2\x94\x80\xe2\x94\x80\xe2\x94\x80\xe2\x94\x80\xe2\x94\x80\xe2\x94\x80\xe2\x94\x80\xe2\x94\x80\xe2\x94\x80\xe2\x94\x80\xe2\x94\x80\xe2\x94\x80\xe2\x94\x80\xe2\x94\x80\xe2\x94\x80\xe2\x94\x80\xe2\x94\x80\xe2\x94\x80\xe2\x94\x80\xe2\x94\x80\xe2\x94\x80\xe2\x94\x80\xe2\x94\x80\xe2\x94\x80\xe2\x94\x80\xe2\x94\x80\xe2\x94\x80\xe2\x94\x80\xe2\x94\x80\xe2\x94\x80\xe2\x94\x80\xe2\x94\x80\xe2\x94\x80\xe2\x94\x80\xe2\x94\x80\xe2\x94\x80\xe2\x94\x80\xe2\x94\x80\xe2\x94\x80\xe2\x94\x80\xe2\x94\x80\xe2\x94\x80\xe2\x94\x80\xe2\x94\x80\xe2\x94\x80\xe2\x94\x80\xe2\x94\x80\xe2\x94\x80\xe2\x94\x80\xe2\x94\x80\xe2\x94\x80\xe2\x94\x80\xe2\x94\x80\xe2\x94\x80\xe2\x94\x80\xe2\x94\x80 -->\n<main>\n    \n<div class="container py-4">\n\n  <div class="d-flex justify-content-between align-items-center mb-4">\n    <div>\n      <h2 class="mb-0" style="color:var(--cq-cyan);">\xf0\x9f\x9b\xa1\xef\xb8\x8f Challenge Categories</h2>\n      <p style="color:var(--cq-text-muted);" class="mb-0">Choose a category to start earning points</p>\n    </div>\n    <div class="text-end">\n      <span class="badge-cq-gold fs-6 px-3 py-2">\xe2\xad\x90 0 pts</span>\n      <a href="/progress" class="btn btn-cq-outline ms-2">\xf0\x9f\x93\x8a My Progress</a>\n    </div>\n  </div>\n\n  <!-- Category Cards -->\n  <div class="row g-4 mb-5">\n    \n    <div class="col-md-4">\n      <div class="card-cq h-100 p-4 text-center" style="transition:border-color 0.2s,transform 0.2s;"\n           onmouseover="this.style.borderColor=\'var(--cq-cyan)\';this.style.transform=\'translateY(-4px)\'"\n           onmouseout="this.style.borderColor=\'var(--cq-border)\';this.style.transform=\'none\'">\n        <div style="font-size:3.5rem;" class="mb-3">\xf0\x9f\x8e\xa3</div>\n        <h4 style="color:var(--cq-cyan);">Phishing Awareness</h4>\n        <p style="color:var(--cq-text-muted);" class="small mb-3">Learn to spot phishing emails and social engineering attacks.</p>\n\n        <div class="mb-3">\n          <div class="d-flex justify-content-between small mb-1"\n               style="color:var(--cq-text-muted);">\n            <span>Progress</span>\n            <span>0/5</span>\n          </div>\n          <div class="progress-cq">\n            <div class="progress-bar" role="progressbar"\n                 style="width:0%">\n            </div>\n          </div>\n        </div>\n\n        <a href="/challenge/phishing"\n           class="btn btn-cq-primary w-100 fw-bold">\n          \xf0\x9f\x9a\x80 Start\n        </a>\n      </div>\n    </div>\n    \n    <div class="col-md-4">\n      <div class="card-cq h-100 p-4 text-center" style="transition:border-color 0.2s,transform 0.2s;"\n           onmouseover="this.style.borderColor=\'var(--cq-cyan)\';this.style.transform=\'translateY(-4px)\'"\n           onmouseout="this.style.borderColor=\'var(--cq-border)\';this.style.transform=\'none\'">\n        <div style="font-size:3.5rem;" class="mb-3">\xf0\x9f\x94\x90</div>\n        <h4 style="color:var(--cq-cyan);">Password Security</h4>\n        <p style="color:var(--cq-text-muted);" class="small mb-3">Master the art of strong passwords and authentication.</p>\n\n        <div class="mb-3">\n          <div class="d-flex justify-content-between small mb-1"\n               style="color:var(--cq-text-muted);">\n            <span>Progress</span>\n            <span>0/5</span>\n          </div>\n          <div class="progress-cq">\n            <div class="progress-bar" role="progressbar"\n                 style="width:0%">\n            </div>\n          </div>\n        </div>\n\n        <a href="/challenge/password"\n           class="btn btn-cq-primary w-100 fw-bold">\n          \xf0\x9f\x9a\x80 Start\n        </a>\n      </div>\n    </div>\n    \n    <div class="col-md-4">\n      <div class="card-cq h-100 p-4 text-center" style="transition:border-color 0.2s,transform 0.2s;"\n           onmouseover="this.style.borderColor=\'var(--cq-cyan)\';this.style.transform=\'translateY(-4px)\'"\n           onmouseout="this.style.borderColor=\'var(--cq-border)\';this.style.transform=\'none\'">\n        <div style="font-size:3.5rem;" class="mb-3">\xf0\x9f\x8c\x90</div>\n        <h4 style="color:var(--cq-cyan);">Safe Browsing</h4>\n        <p style="color:var(--cq-text-muted);" class="small mb-3">Stay safe online \xe2\x80\x94 VPNs, HTTPS, and browser threats.</p>\n\n        <div class="mb-3">\n          <div class="d-flex justify-content-between small mb-1"\n               style="color:var(--cq-text-muted);">\n            <span>Progress</span>\n            <span>0/5</span>\n          </div>\n          <div class="progress-cq">\n            <div class="progress-bar" role="progressbar"\n                 style="width:0%">\n            </div>\n          </div>\n        </div>\n\n        <a href="/challenge/browsing"\n           class="btn btn-cq-primary w-100 fw-bold">\n          \xf0\x9f\x9a\x80 Start\n        </a>\n      </div>\n    </div>\n    \n  </div>\n\n  <!-- Badges -->\n  \n\n</div>\n\n</main>\n\n<!-- \xe2\x94\x80\xe2\x94\x80 Footer \xe2\x94\x80\xe2\x94\x80\xe2\x94\x80\xe2\x94\x80\xe2\x94\x80\xe2\x94\x80\xe2\x94\x80\xe2\x94\x80\xe2\x94\x80\xe2\x94\x80\xe2\x94\x80\xe2\x94\x80\xe2\x94\x80\xe2\x94\x80\xe2\x94\x80\xe2\x94\x80\xe2\x94\x80\xe2\x94\x80\xe2\x94\x80\xe2\x94\x80\xe2\x94\x80\xe2\x94\x80\xe2\x94\x80\xe2\x94\x80\xe2\x94\x80\xe2\x94\x80\xe2\x94\x80\xe2\x94\x80\xe2\x94\x80\xe2\x94\x80\xe2\x94\x80\xe2\x94\x80\xe2\x94\x80\xe2\x94\x80\xe2\x94\x80\xe2\x94\x80\xe2\x94\x80\xe2\x94\x80\xe2\x94\x80\xe2\x94\x80\xe2\x94\x80\xe2\x94\x80\xe2\x94\x80\xe2\x94\x80\xe2\x94\x80\xe2\x94\x80\xe2\x94\x80\xe2\x94\x80\xe2\x94\x80\xe2\x94\x80\xe2\x94\x80\xe2\x94\x80\xe2\x94\x80\xe2\x94\x80\xe2\x94\x80\xe2\x94\x80\xe2\x94\x80\xe2\x94\x80\xe2\x94\x80\xe2\x94\x80\xe2\x94\x80 -->\n<footer class="footer-cq">\n    <div class="container">\n        <div class="row align-items-center">\n            <div class="col-md-3 mb-2 mb-md-0">\n                <div class="footer-brand"><i class="bi bi-shield-fill-check me-2"></i>CYBERQUEST</div>\n                <div class="footer-text">Cybersecurity Awareness Game</div>\n            </div>\n            <div class="col-md-5 mb-2 mb-md-0">\n                <div class="footer-text">\n                    <i class="bi bi-mortarboard-fill me-1"></i>\n                    ICT932 \xe2\x80\x94 Cybersecurity Testing and Assurance<br>\n                    Crown Institute of Higher Education (CIHE) \xc2\xa9 2026\n                </div>\n            </div>\n            <div class="col-md-4 text-md-end">\n                <div class="footer-team">\n                    Prashan Manandhar | Raju Kshetri | Pramesh Silwal | Susanta Dhakal\n                </div>\n            </div>\n        </div>\n    </div>\n</footer>\n\n<script src="https://cdn.jsdelivr.net/npm/bootstrap@5.3.0/dist/js/bootstrap.bundle.min.js"></script>\n\n\n</body>\n</html>'
 +  where b'<!DOCTYPE html>\n<!--\n    base.html \xe2\x80\x94 Shared base template for CyberQuest\n    Authors: Susanta Dhakal (CIHE250321) & Pramesh Silwal (CIHE241339)\n    Fixed: Prashan Manandhar (CIHE241182) \xe2\x80\x94 removed broken url_for(\'home\')\n-->\n<html lang="en">\n<head>\n    <meta charset="UTF-8">\n    <meta name="viewport" content="width=device-width, initial-scale=1.0">\n    <meta name="description" content="CyberQuest \xe2\x80\x94 Cybersecurity Awareness Game for ICT932 CIHE">\n    <title>Challenges \xe2\x80\x94 CyberQuest | ICT932</title>\n\n    <!-- Bootstrap 5 CSS -->\n    <link href="https://cdn.jsdelivr.net/npm/bootstrap@5.3.0/dist/css/bootstrap.min.css" rel="stylesheet">\n    <!-- Bootstrap Icons -->\n    <link href="https://cdn.jsdelivr.net/npm/bootstrap-icons@1.11.0/font/bootstrap-icons.css" rel="stylesheet">\n    <!-- Google Fonts -->\n    <link href="https://fonts.googleapis.com/css2?family=Orbitron:wght@400;600;800&family=Rajdhani:wght@300;400;500;600&display=swap" rel="stylesheet">\n\n    <style>\n        /* \xe2\x94\x80\xe2\x94\x80 Design Tokens \xe2\x94\x80\xe2\x94\x80\xe2\x94\x80\xe2\x94\x80\xe2\x94\x80\xe2\x94\x80\xe2\x94\x80\xe2\x94\x80\xe2\x94\x80\xe2\x94\x80\xe2\x94\x80\xe2\x94\x80\xe2\x94\x80\xe2\x94\x80\xe2\x94\x80\xe2\x94\x80\xe2\x94\x80\xe2\x94\x80\xe2\x94\x80\xe2\x94\x80\xe2\x94\x80\xe2\x94\x80\xe2\x94\x80\xe2\x94\x80\xe2\x94\x80\xe2\x94\x80\xe2\x94\x80\xe2\x94\x80\xe2\x94\x80\xe2\x94\x80\xe2\x94\x80\xe2\x94\x80\xe2\x94\x80\xe2\x94\x80\xe2\x94\x80\xe2\x94\x80\xe2\x94\x80\xe2\x94\x80\xe2\x94\x80\xe2\x94\x80\xe2\x94\x80\xe2\x94\x80\xe2\x94\x80\xe2\x94\x80\xe2\x94\x80\xe2\x94\x80\xe2\x94\x80 */\n        :root {\n            --cq-navy:      #0D1B2A;\n            --cq-navy-mid:  #112233;\n            --cq-navy-light:#1A2E42;\n            --cq-cyan:      #00B4D8;\n            --cq-cyan-glow: #00D4FF;\n            --cq-green:     #00E676;\n            --cq-red:       #FF4D6D;\n            --cq-yellow:    #FFD60A;\n            --cq-text:      #E0EAF4;\n            --cq-text-muted:#7A9BB5;\n            --cq-border:    rgba(0, 180, 216, 0.2);\n            --cq-shadow:    0 4px 24px rgba(0, 180, 216, 0.12);\n            --cq-radius:    12px;\n            --font-heading: \'Orbitron\', monospace;\n            --font-body:    \'Rajdhani\', sans-serif;\n        }\n\n        *, *::before, *::after { box-sizing: border-box; }\n        html { scroll-behavior: smooth; }\n\n        body {\n            background-color: var(--cq-navy);\n            color: var(--cq-text);\n            font-family: var(--font-body);\n            font-size: 1.05rem;\n            min-height: 100vh;\n            display: flex;\n            flex-direction: column;\n        }\n\n        h1,h2,h3,h4,h5,h6 { font-family: var(--font-heading); }\n        main { flex: 1; }\n\n        /* \xe2\x94\x80\xe2\x94\x80 Navbar \xe2\x94\x80\xe2\x94\x80\xe2\x94\x80\xe2\x94\x80\xe2\x94\x80\xe2\x94\x80\xe2\x94\x80\xe2\x94\x80\xe2\x94\x80\xe2\x94\x80\xe2\x94\x80\xe2\x94\x80\xe2\x94\x80\xe2\x94\x80\xe2\x94\x80\xe2\x94\x80\xe2\x94\x80\xe2\x94\x80\xe2\x94\x80\xe2\x94\x80\xe2\x94\x80\xe2\x94\x80\xe2\x94\x80\xe2\x94\x80\xe2\x94\x80\xe2\x94\x80\xe2\x94\x80\xe2\x94\x80\xe2\x94\x80\xe2\x94\x80\xe2\x94\x80\xe2\x94\x80\xe2\x94\x80\xe2\x94\x80\xe2\x94\x80\xe2\x94\x80\xe2\x94\x80\xe2\x94\x80\xe2\x94\x80\xe2\x94\x80\xe2\x94\x80\xe2\x94\x80\xe2\x94\x80\xe2\x94\x80\xe2\x94\x80\xe2\x94\x80\xe2\x94\x80\xe2\x94\x80\xe2\x94\x80\xe2\x94\x80\xe2\x94\x80\xe2\x94\x80\xe2\x94\x80\xe2\x94\x80 */\n        .navbar-cyberquest {\n            background: rgba(13,27,42,0.97);\n            border-bottom: 1px solid var(--cq-border);\n            backdrop-filter: blur(10px);\n            padding: 0.75rem 0;\n            position: sticky; top: 0; z-index: 1000;\n        }\n        .navbar-brand-cq {\n            font-family: var(--font-heading); font-weight: 800;\n            font-size: 1.35rem; color: var(--cq-cyan) !important;\n            text-decoration: none; letter-spacing: 2px;\n            display: flex; align-items: center; gap: 0.5rem;\n        }\n        .navbar-brand-cq .brand-icon {\n            color: var(--cq-cyan-glow); font-size: 1.5rem;\n            filter: drop-shadow(0 0 6px var(--cq-cyan));\n        }\n        .navbar-brand-cq:hover { color: var(--cq-cyan-glow) !important; }\n        .nav-link-cq {\n            color: var(--cq-text-muted) !important;\n            font-family: var(--font-body); font-weight: 500;\n            font-size: 0.95rem; letter-spacing: 0.5px;\n            padding: 0.5rem 0.85rem !important;\n            border-radius: 6px;\n            transition: color 0.2s, background 0.2s;\n        }\n        .nav-link-cq:hover, .nav-link-cq.active {\n            color: var(--cq-cyan) !important;\n            background: rgba(0,180,216,0.08);\n        }\n        .btn-nav-login {\n            border: 1px solid var(--cq-cyan); color: var(--cq-cyan);\n            background: transparent; border-radius: 6px;\n            padding: 0.4rem 1rem; font-weight: 600; font-size: 0.9rem;\n            transition: all 0.2s;\n        }\n        .btn-nav-login:hover {\n            background: rgba(0,180,216,0.15); color: var(--cq-cyan-glow);\n        }\n        .btn-nav-register {\n            background: var(--cq-cyan); color: var(--cq-navy);\n            border: none; border-radius: 6px;\n            padding: 0.4rem 1rem; font-weight: 700; font-size: 0.9rem;\n            transition: all 0.2s;\n        }\n        .btn-nav-register:hover {\n            background: var(--cq-cyan-glow);\n            box-shadow: 0 4px 12px rgba(0,180,216,0.35);\n        }\n        .navbar-username { color: var(--cq-text-muted); font-size: 0.85rem; }\n        .navbar-username strong { color: var(--cq-cyan); }\n        .navbar-toggler { border-color: var(--cq-border); }\n        .navbar-toggler-icon { filter: invert(60%) sepia(80%) saturate(400%) hue-rotate(165deg); }\n\n        /* \xe2\x94\x80\xe2\x94\x80 Flash Messages \xe2\x94\x80\xe2\x94\x80\xe2\x94\x80\xe2\x94\x80\xe2\x94\x80\xe2\x94\x80\xe2\x94\x80\xe2\x94\x80\xe2\x94\x80\xe2\x94\x80\xe2\x94\x80\xe2\x94\x80\xe2\x94\x80\xe2\x94\x80\xe2\x94\x80\xe2\x94\x80\xe2\x94\x80\xe2\x94\x80\xe2\x94\x80\xe2\x94\x80\xe2\x94\x80\xe2\x94\x80\xe2\x94\x80\xe2\x94\x80\xe2\x94\x80\xe2\x94\x80\xe2\x94\x80\xe2\x94\x80\xe2\x94\x80\xe2\x94\x80\xe2\x94\x80\xe2\x94\x80\xe2\x94\x80\xe2\x94\x80\xe2\x94\x80\xe2\x94\x80\xe2\x94\x80\xe2\x94\x80\xe2\x94\x80\xe2\x94\x80\xe2\x94\x80\xe2\x94\x80\xe2\x94\x80\xe2\x94\x80\xe2\x94\x80\xe2\x94\x80 */\n        .flash-container { padding: 0.5rem 0; }\n        .alert-cq {\n            border-left: 4px solid; border-radius: 0 var(--cq-radius) var(--cq-radius) 0;\n            background: var(--cq-navy-mid); color: var(--cq-text);\n            border-top: none; border-right: none; border-bottom: none;\n            font-weight: 500;\n        }\n        .alert-cq.alert-success { border-color: var(--cq-green); }\n        .alert-cq.alert-danger  { border-color: var(--cq-red); }\n        .alert-cq.alert-info    { border-color: var(--cq-cyan); }\n        .alert-cq.alert-warning { border-color: var(--cq-yellow); }\n\n        /* \xe2\x94\x80\xe2\x94\x80 Dark Cards \xe2\x94\x80\xe2\x94\x80\xe2\x94\x80\xe2\x94\x80\xe2\x94\x80\xe2\x94\x80\xe2\x94\x80\xe2\x94\x80\xe2\x94\x80\xe2\x94\x80\xe2\x94\x80\xe2\x94\x80\xe2\x94\x80\xe2\x94\x80\xe2\x94\x80\xe2\x94\x80\xe2\x94\x80\xe2\x94\x80\xe2\x94\x80\xe2\x94\x80\xe2\x94\x80\xe2\x94\x80\xe2\x94\x80\xe2\x94\x80\xe2\x94\x80\xe2\x94\x80\xe2\x94\x80\xe2\x94\x80\xe2\x94\x80\xe2\x94\x80\xe2\x94\x80\xe2\x94\x80\xe2\x94\x80\xe2\x94\x80\xe2\x94\x80\xe2\x94\x80\xe2\x94\x80\xe2\x94\x80\xe2\x94\x80\xe2\x94\x80\xe2\x94\x80\xe2\x94\x80\xe2\x94\x80\xe2\x94\x80\xe2\x94\x80\xe2\x94\x80\xe2\x94\x80\xe2\x94\x80\xe2\x94\x80\xe2\x94\x80 */\n        .card-cq {\n            background: var(--cq-navy-mid);\n            border: 1px solid var(--cq-border);\n            border-radius: var(--cq-radius);\n            color: var(--cq-text);\n            box-shadow: var(--cq-shadow);\n        }\n        .card-cq .card-header {\n            background: var(--cq-navy-light);\n            border-bottom: 1px solid var(--cq-border);\n            color: var(--cq-text);\n            border-radius: var(--cq-radius) var(--cq-radius) 0 0;\n        }\n\n        /* \xe2\x94\x80\xe2\x94\x80 Dark Tables \xe2\x94\x80\xe2\x94\x80\xe2\x94\x80\xe2\x94\x80\xe2\x94\x80\xe2\x94\x80\xe2\x94\x80\xe2\x94\x80\xe2\x94\x80\xe2\x94\x80\xe2\x94\x80\xe2\x94\x80\xe2\x94\x80\xe2\x94\x80\xe2\x94\x80\xe2\x94\x80\xe2\x94\x80\xe2\x94\x80\xe2\x94\x80\xe2\x94\x80\xe2\x94\x80\xe2\x94\x80\xe2\x94\x80\xe2\x94\x80\xe2\x94\x80\xe2\x94\x80\xe2\x94\x80\xe2\x94\x80\xe2\x94\x80\xe2\x94\x80\xe2\x94\x80\xe2\x94\x80\xe2\x94\x80\xe2\x94\x80\xe2\x94\x80\xe2\x94\x80\xe2\x94\x80\xe2\x94\x80\xe2\x94\x80\xe2\x94\x80\xe2\x94\x80\xe2\x94\x80\xe2\x94\x80\xe2\x94\x80\xe2\x94\x80\xe2\x94\x80\xe2\x94\x80\xe2\x94\x80\xe2\x94\x80 */\n        .table-cq { color: var(--cq-text); }\n        .table-cq thead th {\n            background: var(--cq-navy-light);\n            color: var(--cq-cyan);\n            border-color: var(--cq-border);\n            font-family: var(--font-heading);\n            font-size: 0.8rem;\n            letter-spacing: 1px;\n        }\n        .table-cq tbody tr {\n            border-color: var(--cq-border);\n        }\n        .table-cq tbody tr:hover {\n            background: rgba(0,180,216,0.05);\n        }\n        .table-cq td, .table-cq th {\n            border-color: var(--cq-border);\n            vertical-align: middle;\n        }\n\n        /* \xe2\x94\x80\xe2\x94\x80 Dark Forms \xe2\x94\x80\xe2\x94\x80\xe2\x94\x80\xe2\x94\x80\xe2\x94\x80\xe2\x94\x80\xe2\x94\x80\xe2\x94\x80\xe2\x94\x80\xe2\x94\x80\xe2\x94\x80\xe2\x94\x80\xe2\x94\x80\xe2\x94\x80\xe2\x94\x80\xe2\x94\x80\xe2\x94\x80\xe2\x94\x80\xe2\x94\x80\xe2\x94\x80\xe2\x94\x80\xe2\x94\x80\xe2\x94\x80\xe2\x94\x80\xe2\x94\x80\xe2\x94\x80\xe2\x94\x80\xe2\x94\x80\xe2\x94\x80\xe2\x94\x80\xe2\x94\x80\xe2\x94\x80\xe2\x94\x80\xe2\x94\x80\xe2\x94\x80\xe2\x94\x80\xe2\x94\x80\xe2\x94\x80\xe2\x94\x80\xe2\x94\x80\xe2\x94\x80\xe2\x94\x80\xe2\x94\x80\xe2\x94\x80\xe2\x94\x80\xe2\x94\x80\xe2\x94\x80\xe2\x94\x80\xe2\x94\x80\xe2\x94\x80 */\n        .form-control-cq, .form-select-cq {\n            background: var(--cq-navy-light);\n            border: 1px solid var(--cq-border);\n            color: var(--cq-text);\n            border-radius: 8px;\n        }\n        .form-control-cq:focus, .form-select-cq:focus {\n            background: var(--cq-navy-light);\n            border-color: var(--cq-cyan);\n            color: var(--cq-text);\n            box-shadow: 0 0 0 3px rgba(0,180,216,0.2);\n        }\n        .form-control-cq::placeholder { color: var(--cq-text-muted); }\n\n        /* \xe2\x94\x80\xe2\x94\x80 CyberQuest Buttons \xe2\x94\x80\xe2\x94\x80\xe2\x94\x80\xe2\x94\x80\xe2\x94\x80\xe2\x94\x80\xe2\x94\x80\xe2\x94\x80\xe2\x94\x80\xe2\x94\x80\xe2\x94\x80\xe2\x94\x80\xe2\x94\x80\xe2\x94\x80\xe2\x94\x80\xe2\x94\x80\xe2\x94\x80\xe2\x94\x80\xe2\x94\x80\xe2\x94\x80\xe2\x94\x80\xe2\x94\x80\xe2\x94\x80\xe2\x94\x80\xe2\x94\x80\xe2\x94\x80\xe2\x94\x80\xe2\x94\x80\xe2\x94\x80\xe2\x94\x80\xe2\x94\x80\xe2\x94\x80\xe2\x94\x80\xe2\x94\x80\xe2\x94\x80\xe2\x94\x80\xe2\x94\x80\xe2\x94\x80\xe2\x94\x80\xe2\x94\x80\xe2\x94\x80\xe2\x94\x80 */\n        .btn-cq-primary {\n            background: var(--cq-cyan); color: var(--cq-navy);\n            border: none; font-weight: 700; border-radius: 8px;\n            font-family: var(--font-body); letter-spacing: 0.5px;\n            transition: all 0.2s;\n        }\n        .btn-cq-primary:hover {\n            background: var(--cq-cyan-glow);\n            box-shadow: 0 4px 16px rgba(0,180,216,0.4);\n        }\n        .btn-cq-outline {\n            border: 1px solid var(--cq-cyan); color: var(--cq-cyan);\n            background: transparent; border-radius: 8px;\n            font-weight: 600; transition: all 0.2s;\n        }\n        .btn-cq-outline:hover {\n            background: rgba(0,180,216,0.12); color: var(--cq-cyan-glow);\n        }\n        .btn-cq-danger {\n            border: 1px solid var(--cq-red); color: var(--cq-red);\n            background: transparent; border-radius: 8px;\n            font-weight: 600; transition: all 0.2s;\n        }\n        .btn-cq-danger:hover { background: rgba(255,77,109,0.12); }\n\n        /* \xe2\x94\x80\xe2\x94\x80 Badges / Pills \xe2\x94\x80\xe2\x94\x80\xe2\x94\x80\xe2\x94\x80\xe2\x94\x80\xe2\x94\x80\xe2\x94\x80\xe2\x94\x80\xe2\x94\x80\xe2\x94\x80\xe2\x94\x80\xe2\x94\x80\xe2\x94\x80\xe2\x94\x80\xe2\x94\x80\xe2\x94\x80\xe2\x94\x80\xe2\x94\x80\xe2\x94\x80\xe2\x94\x80\xe2\x94\x80\xe2\x94\x80\xe2\x94\x80\xe2\x94\x80\xe2\x94\x80\xe2\x94\x80\xe2\x94\x80\xe2\x94\x80\xe2\x94\x80\xe2\x94\x80\xe2\x94\x80\xe2\x94\x80\xe2\x94\x80\xe2\x94\x80\xe2\x94\x80\xe2\x94\x80\xe2\x94\x80\xe2\x94\x80\xe2\x94\x80\xe2\x94\x80\xe2\x94\x80\xe2\x94\x80\xe2\x94\x80\xe2\x94\x80\xe2\x94\x80\xe2\x94\x80 */\n        .badge-cq-cyan {\n            background: rgba(0,180,216,0.15);\n            color: var(--cq-cyan);\n            border: 1px solid var(--cq-border);\n            border-radius: 20px; padding: 0.3rem 0.8rem;\n            font-size: 0.8rem; font-weight: 600;\n        }\n        .badge-cq-gold {\n            background: rgba(255,214,10,0.15);\n            color: var(--cq-yellow);\n            border: 1px solid rgba(255,214,10,0.3);\n            border-radius: 20px; padding: 0.3rem 0.8rem;\n            font-size: 0.8rem; font-weight: 600;\n        }\n\n        /* \xe2\x94\x80\xe2\x94\x80 Progress bars \xe2\x94\x80\xe2\x94\x80\xe2\x94\x80\xe2\x94\x80\xe2\x94\x80\xe2\x94\x80\xe2\x94\x80\xe2\x94\x80\xe2\x94\x80\xe2\x94\x80\xe2\x94\x80\xe2\x94\x80\xe2\x94\x80\xe2\x94\x80\xe2\x94\x80\xe2\x94\x80\xe2\x94\x80\xe2\x94\x80\xe2\x94\x80\xe2\x94\x80\xe2\x94\x80\xe2\x94\x80\xe2\x94\x80\xe2\x94\x80\xe2\x94\x80\xe2\x94\x80\xe2\x94\x80\xe2\x94\x80\xe2\x94\x80\xe2\x94\x80\xe2\x94\x80\xe2\x94\x80\xe2\x94\x80\xe2\x94\x80\xe2\x94\x80\xe2\x94\x80\xe2\x94\x80\xe2\x94\x80\xe2\x94\x80\xe2\x94\x80\xe2\x94\x80\xe2\x94\x80\xe2\x94\x80\xe2\x94\x80\xe2\x94\x80\xe2\x94\x80\xe2\x94\x80 */\n        .progress-cq {\n            background: var(--cq-navy-light);\n            border-radius: 10px; height: 8px;\n        }\n        .progress-cq .progress-bar {\n            background: linear-gradient(90deg, var(--cq-cyan), var(--cq-green));\n            border-radius: 10px;\n        }\n\n        /* \xe2\x94\x80\xe2\x94\x80 Stat Cards \xe2\x94\x80\xe2\x94\x80\xe2\x94\x80\xe2\x94\x80\xe2\x94\x80\xe2\x94\x80\xe2\x94\x80\xe2\x94\x80\xe2\x94\x80\xe2\x94\x80\xe2\x94\x80\xe2\x94\x80\xe2\x94\x80\xe2\x94\x80\xe2\x94\x80\xe2\x94\x80\xe2\x94\x80\xe2\x94\x80\xe2\x94\x80\xe2\x94\x80\xe2\x94\x80\xe2\x94\x80\xe2\x94\x80\xe2\x94\x80\xe2\x94\x80\xe2\x94\x80\xe2\x94\x80\xe2\x94\x80\xe2\x94\x80\xe2\x94\x80\xe2\x94\x80\xe2\x94\x80\xe2\x94\x80\xe2\x94\x80\xe2\x94\x80\xe2\x94\x80\xe2\x94\x80\xe2\x94\x80\xe2\x94\x80\xe2\x94\x80\xe2\x94\x80\xe2\x94\x80\xe2\x94\x80\xe2\x94\x80\xe2\x94\x80\xe2\x94\x80\xe2\x94\x80\xe2\x94\x80\xe2\x94\x80\xe2\x94\x80 */\n        .stat-card {\n            background: var(--cq-navy-mid);\n            border: 1px solid var(--cq-border);\n            border-radius: var(--cq-radius);\n            padding: 1.5rem 1rem;\n            text-align: center;\n            transition: border-color 0.2s, transform 0.2s;\n        }\n        .stat-card:hover {\n            border-color: var(--cq-cyan);\n            transform: translateY(-2px);\n        }\n        .stat-card .stat-number {\n            font-family: var(--font-heading); font-size: 2rem;\n            font-weight: 800;\n        }\n        .stat-card .stat-label { color: var(--cq-text-muted); font-size: 0.85rem; }\n\n        /* \xe2\x94\x80\xe2\x94\x80 Footer \xe2\x94\x80\xe2\x94\x80\xe2\x94\x80\xe2\x94\x80\xe2\x94\x80\xe2\x94\x80\xe2\x94\x80\xe2\x94\x80\xe2\x94\x80\xe2\x94\x80\xe2\x94\x80\xe2\x94\x80\xe2\x94\x80\xe2\x94\x80\xe2\x94\x80\xe2\x94\x80\xe2\x94\x80\xe2\x94\x80\xe2\x94\x80\xe2\x94\x80\xe2\x94\x80\xe2\x94\x80\xe2\x94\x80\xe2\x94\x80\xe2\x94\x80\xe2\x94\x80\xe2\x94\x80\xe2\x94\x80\xe2\x94\x80\xe2\x94\x80\xe2\x94\x80\xe2\x94\x80\xe2\x94\x80\xe2\x94\x80\xe2\x94\x80\xe2\x94\x80\xe2\x94\x80\xe2\x94\x80\xe2\x94\x80\xe2\x94\x80\xe2\x94\x80\xe2\x94\x80\xe2\x94\x80\xe2\x94\x80\xe2\x94\x80\xe2\x94\x80\xe2\x94\x80\xe2\x94\x80\xe2\x94\x80\xe2\x94\x80\xe2\x94\x80\xe2\x94\x80\xe2\x94\x80\xe2\x94\x80 */\n        .footer-cq {\n            background: var(--cq-navy-mid);\n            border-top: 1px solid var(--cq-border);\n            padding: 1.5rem 0;\n            margin-top: auto;\n        }\n        .footer-brand {\n            font-family: var(--font-heading); font-weight: 800;\n            color: var(--cq-cyan); font-size: 1rem; letter-spacing: 2px;\n        }\n        .footer-text { color: var(--cq-text-muted); font-size: 0.85rem; }\n        .footer-team { color: var(--cq-cyan); font-size: 0.85rem; font-weight: 600; }\n\n        /* \xe2\x94\x80\xe2\x94\x80 Scrollbar \xe2\x94\x80\xe2\x94\x80\xe2\x94\x80\xe2\x94\x80\xe2\x94\x80\xe2\x94\x80\xe2\x94\x80\xe2\x94\x80\xe2\x94\x80\xe2\x94\x80\xe2\x94\x80\xe2\x94\x80\xe2\x94\x80\xe2\x94\x80\xe2\x94\x80\xe2\x94\x80\xe2\x94\x80\xe2\x94\x80\xe2\x94\x80\xe2\x94\x80\xe2\x94\x80\xe2\x94\x80\xe2\x94\x80\xe2\x94\x80\xe2\x94\x80\xe2\x94\x80\xe2\x94\x80\xe2\x94\x80\xe2\x94\x80\xe2\x94\x80\xe2\x94\x80\xe2\x94\x80\xe2\x94\x80\xe2\x94\x80\xe2\x94\x80\xe2\x94\x80\xe2\x94\x80\xe2\x94\x80\xe2\x94\x80\xe2\x94\x80\xe2\x94\x80\xe2\x94\x80\xe2\x94\x80\xe2\x94\x80\xe2\x94\x80\xe2\x94\x80\xe2\x94\x80\xe2\x94\x80\xe2\x94\x80\xe2\x94\x80\xe2\x94\x80 */\n        ::-webkit-scrollbar { width: 6px; }\n        ::-webkit-scrollbar-track { background: var(--cq-navy); }\n        ::-webkit-scrollbar-thumb { background: var(--cq-navy-light); border-radius: 3px; }\n        ::-webkit-scrollbar-thumb:hover { background: var(--cq-cyan); }\n    </style>\n\n    \n</head>\n\n<body>\n\n<!-- \xe2\x94\x80\xe2\x94\x80 Navbar \xe2\x94\x80\xe2\x94\x80\xe2\x94\x80\xe2\x94\x80\xe2\x94\x80\xe2\x94\x80\xe2\x94\x80\xe2\x94\x80\xe2\x94\x80\xe2\x94\x80\xe2\x94\x80\xe2\x94\x80\xe2\x94\x80\xe2\x94\x80\xe2\x94\x80\xe2\x94\x80\xe2\x94\x80\xe2\x94\x80\xe2\x94\x80\xe2\x94\x80\xe2\x94\x80\xe2\x94\x80\xe2\x94\x80\xe2\x94\x80\xe2\x94\x80\xe2\x94\x80\xe2\x94\x80\xe2\x94\x80\xe2\x94\x80\xe2\x94\x80\xe2\x94\x80\xe2\x94\x80\xe2\x94\x80\xe2\x94\x80\xe2\x94\x80\xe2\x94\x80\xe2\x94\x80\xe2\x94\x80\xe2\x94\x80\xe2\x94\x80\xe2\x94\x80\xe2\x94\x80\xe2\x94\x80\xe2\x94\x80\xe2\x94\x80\xe2\x94\x80\xe2\x94\x80\xe2\x94\x80\xe2\x94\x80\xe2\x94\x80\xe2\x94\x80\xe2\x94\x80\xe2\x94\x80\xe2\x94\x80\xe2\x94\x80\xe2\x94\x80\xe2\x94\x80\xe2\x94\x80\xe2\x94\x80\xe2\x94\x80\xe2\x94\x80 -->\n<nav class="navbar navbar-expand-lg navbar-cyberquest">\n    <div class="container">\n        <!-- Fixed: use auth.login instead of non-existent \'home\' route -->\n        <a class="navbar-brand-cq"\n           href="/challenges">\n            <i class="bi bi-shield-fill-check brand-icon"></i>\n            CYBER<span style="color:#fff;">QUEST</span>\n        </a>\n\n        <button class="navbar-toggler" type="button"\n                data-bs-toggle="collapse" data-bs-target="#navbarMain">\n            <span class="navbar-toggler-icon"></span>\n        </button>\n\n        <div class="collapse navbar-collapse" id="navbarMain">\n            \n            <ul class="navbar-nav me-auto mb-2 mb-lg-0">\n                \n                <li class="nav-item">\n                    <a class="nav-link nav-link-cq" href="/challenges">\n                        <i class="bi bi-controller me-1"></i> Challenges\n                    </a>\n                </li>\n                <li class="nav-item">\n                    <a class="nav-link nav-link-cq" href="/progress">\n                        <i class="bi bi-bar-chart-fill me-1"></i> My Progress\n                    </a>\n                </li>\n                <li class="nav-item">\n                    <a class="nav-link nav-link-cq" href="/result">\n                        <i class="bi bi-trophy me-1"></i> Results\n                    </a>\n                </li>\n                \n            </ul>\n            \n\n            <div class="d-flex align-items-center gap-2">\n                \n                    <span class="navbar-username d-none d-md-inline">\n                        <i class="bi bi-person-circle me-1"></i>\n                        <strong>newstudent_test</strong>\n                        <span class="badge ms-1"\n                              style="background:rgba(0,180,216,0.15);\n                                     color:var(--cq-cyan); font-size:0.7rem;">\n                            Student\n                        </span>\n                    </span>\n                    \n                    <a href="/2fa/setup"\n                       class="btn-nav-login btn"\n                       title="2FA Settings">\n                        <i class="bi bi-shield-lock"></i>\n                    </a>\n                    \n                    <a href="/logout" class="btn-nav-login btn">\n                        <i class="bi bi-box-arrow-right me-1"></i> Logout\n                    </a>\n                \n            </div>\n        </div>\n    </div>\n</nav>\n\n<!-- \xe2\x94\x80\xe2\x94\x80 Flash Messages (handled once here, not in child templates) \xe2\x94\x80\xe2\x94\x80\xe2\x94\x80\xe2\x94\x80\xe2\x94\x80\xe2\x94\x80\xe2\x94\x80\xe2\x94\x80\xe2\x94\x80\xe2\x94\x80 -->\n<div class="flash-container">\n    <div class="container">\n        \n            \n        \n    </div>\n</div>\n\n<!-- \xe2\x94\x80\xe2\x94\x80 Main Content \xe2\x94\x80\xe2\x94\x80\xe2\x94\x80\xe2\x94\x80\xe2\x94\x80\xe2\x94\x80\xe2\x94\x80\xe2\x94\x80\xe2\x94\x80\xe2\x94\x80\xe2\x94\x80\xe2\x94\x80\xe2\x94\x80\xe2\x94\x80\xe2\x94\x80\xe2\x94\x80\xe2\x94\x80\xe2\x94\x80\xe2\x94\x80\xe2\x94\x80\xe2\x94\x80\xe2\x94\x80\xe2\x94\x80\xe2\x94\x80\xe2\x94\x80\xe2\x94\x80\xe2\x94\x80\xe2\x94\x80\xe2\x94\x80\xe2\x94\x80\xe2\x94\x80\xe2\x94\x80\xe2\x94\x80\xe2\x94\x80\xe2\x94\x80\xe2\x94\x80\xe2\x94\x80\xe2\x94\x80\xe2\x94\x80\xe2\x94\x80\xe2\x94\x80\xe2\x94\x80\xe2\x94\x80\xe2\x94\x80\xe2\x94\x80\xe2\x94\x80\xe2\x94\x80\xe2\x94\x80\xe2\x94\x80\xe2\x94\x80\xe2\x94\x80\xe2\x94\x80\xe2\x94\x80\xe2\x94\x80\xe2\x94\x80\xe2\x94\x80 -->\n<main>\n    \n<div class="container py-4">\n\n  <div class="d-flex justify-content-between align-items-center mb-4">\n    <div>\n      <h2 class="mb-0" style="color:var(--cq-cyan);">\xf0\x9f\x9b\xa1\xef\xb8\x8f Challenge Categories</h2>\n      <p style="color:var(--cq-text-muted);" class="mb-0">Choose a category to start earning points</p>\n    </div>\n    <div class="text-end">\n      <span class="badge-cq-gold fs-6 px-3 py-2">\xe2\xad\x90 0 pts</span>\n      <a href="/progress" class="btn btn-cq-outline ms-2">\xf0\x9f\x93\x8a My Progress</a>\n    </div>\n  </div>\n\n  <!-- Category Cards -->\n  <div class="row g-4 mb-5">\n    \n    <div class="col-md-4">\n      <div class="card-cq h-100 p-4 text-center" style="transition:border-color 0.2s,transform 0.2s;"\n           onmouseover="this.style.borderColor=\'var(--cq-cyan)\';this.style.transform=\'translateY(-4px)\'"\n           onmouseout="this.style.borderColor=\'var(--cq-border)\';this.style.transform=\'none\'">\n        <div style="font-size:3.5rem;" class="mb-3">\xf0\x9f\x8e\xa3</div>\n        <h4 style="color:var(--cq-cyan);">Phishing Awareness</h4>\n        <p style="color:var(--cq-text-muted);" class="small mb-3">Learn to spot phishing emails and social engineering attacks.</p>\n\n        <div class="mb-3">\n          <div class="d-flex justify-content-between small mb-1"\n               style="color:var(--cq-text-muted);">\n            <span>Progress</span>\n            <span>0/5</span>\n          </div>\n          <div class="progress-cq">\n            <div class="progress-bar" role="progressbar"\n                 style="width:0%">\n            </div>\n          </div>\n        </div>\n\n        <a href="/challenge/phishing"\n           class="btn btn-cq-primary w-100 fw-bold">\n          \xf0\x9f\x9a\x80 Start\n        </a>\n      </div>\n    </div>\n    \n    <div class="col-md-4">\n      <div class="card-cq h-100 p-4 text-center" style="transition:border-color 0.2s,transform 0.2s;"\n           onmouseover="this.style.borderColor=\'var(--cq-cyan)\';this.style.transform=\'translateY(-4px)\'"\n           onmouseout="this.style.borderColor=\'var(--cq-border)\';this.style.transform=\'none\'">\n        <div style="font-size:3.5rem;" class="mb-3">\xf0\x9f\x94\x90</div>\n        <h4 style="color:var(--cq-cyan);">Password Security</h4>\n        <p style="color:var(--cq-text-muted);" class="small mb-3">Master the art of strong passwords and authentication.</p>\n\n        <div class="mb-3">\n          <div class="d-flex justify-content-between small mb-1"\n               style="color:var(--cq-text-muted);">\n            <span>Progress</span>\n            <span>0/5</span>\n          </div>\n          <div class="progress-cq">\n            <div class="progress-bar" role="progressbar"\n                 style="width:0%">\n            </div>\n          </div>\n        </div>\n\n        <a href="/challenge/password"\n           class="btn btn-cq-primary w-100 fw-bold">\n          \xf0\x9f\x9a\x80 Start\n        </a>\n      </div>\n    </div>\n    \n    <div class="col-md-4">\n      <div class="card-cq h-100 p-4 text-center" style="transition:border-color 0.2s,transform 0.2s;"\n           onmouseover="this.style.borderColor=\'var(--cq-cyan)\';this.style.transform=\'translateY(-4px)\'"\n           onmouseout="this.style.borderColor=\'var(--cq-border)\';this.style.transform=\'none\'">\n        <div style="font-size:3.5rem;" class="mb-3">\xf0\x9f\x8c\x90</div>\n        <h4 style="color:var(--cq-cyan);">Safe Browsing</h4>\n        <p style="color:var(--cq-text-muted);" class="small mb-3">Stay safe online \xe2\x80\x94 VPNs, HTTPS, and browser threats.</p>\n\n        <div class="mb-3">\n          <div class="d-flex justify-content-between small mb-1"\n               style="color:var(--cq-text-muted);">\n            <span>Progress</span>\n            <span>0/5</span>\n          </div>\n          <div class="progress-cq">\n            <div class="progress-bar" role="progressbar"\n                 style="width:0%">\n            </div>\n          </div>\n        </div>\n\n        <a href="/challenge/browsing"\n           class="btn btn-cq-primary w-100 fw-bold">\n          \xf0\x9f\x9a\x80 Start\n        </a>\n      </div>\n    </div>\n    \n  </div>\n\n  <!-- Badges -->\n  \n\n</div>\n\n</main>\n\n<!-- \xe2\x94\x80\xe2\x94\x80 Footer \xe2\x94\x80\xe2\x94\x80\xe2\x94\x80\xe2\x94\x80\xe2\x94\x80\xe2\x94\x80\xe2\x94\x80\xe2\x94\x80\xe2\x94\x80\xe2\x94\x80\xe2\x94\x80\xe2\x94\x80\xe2\x94\x80\xe2\x94\x80\xe2\x94\x80\xe2\x94\x80\xe2\x94\x80\xe2\x94\x80\xe2\x94\x80\xe2\x94\x80\xe2\x94\x80\xe2\x94\x80\xe2\x94\x80\xe2\x94\x80\xe2\x94\x80\xe2\x94\x80\xe2\x94\x80\xe2\x94\x80\xe2\x94\x80\xe2\x94\x80\xe2\x94\x80\xe2\x94\x80\xe2\x94\x80\xe2\x94\x80\xe2\x94\x80\xe2\x94\x80\xe2\x94\x80\xe2\x94\x80\xe2\x94\x80\xe2\x94\x80\xe2\x94\x80\xe2\x94\x80\xe2\x94\x80\xe2\x94\x80\xe2\x94\x80\xe2\x94\x80\xe2\x94\x80\xe2\x94\x80\xe2\x94\x80\xe2\x94\x80\xe2\x94\x80\xe2\x94\x80\xe2\x94\x80\xe2\x94\x80\xe2\x94\x80\xe2\x94\x80\xe2\x94\x80\xe2\x94\x80\xe2\x94\x80\xe2\x94\x80\xe2\x94\x80 -->\n<footer class="footer-cq">\n    <div class="container">\n        <div class="row align-items-center">\n            <div class="col-md-3 mb-2 mb-md-0">\n                <div class="footer-brand"><i class="bi bi-shield-fill-check me-2"></i>CYBERQUEST</div>\n                <div class="footer-text">Cybersecurity Awareness Game</div>\n            </div>\n            <div class="col-md-5 mb-2 mb-md-0">\n                <div class="footer-text">\n                    <i class="bi bi-mortarboard-fill me-1"></i>\n                    ICT932 \xe2\x80\x94 Cybersecurity Testing and Assurance<br>\n                    Crown Institute of Higher Education (CIHE) \xc2\xa9 2026\n                </div>\n            </div>\n            <div class="col-md-4 text-md-end">\n                <div class="footer-team">\n                    Prashan Manandhar | Raju Kshetri | Pramesh Silwal | Susanta Dhakal\n                </div>\n            </div>\n        </div>\n    </div>\n</footer>\n\n<script src="https://cdn.jsdelivr.net/npm/bootstrap@5.3.0/dist/js/bootstrap.bundle.min.js"></script>\n\n\n</body>\n</html>' = <WrapperTestResponse 20602 bytes [200 OK]>.data
FAILED tests/test_auth.py::TestRegistration::test_register_weak_password_too_short - assert b'8 characters' in b'<!DOCTYPE html>\n<!--\n    base.html \xe2\x80\x94 Shared base template for CyberQuest\n    Authors: Susanta Dhakal (CIHE250321) & Pramesh Silwal (CIHE241339)\n    Fixed: Prashan Manandhar (CIHE241182) \xe2\x80\x94 removed broken url_for(\'home\')\n-->\n<html lang="en">\n<head>\n    <meta charset="UTF-8">\n    <meta name="viewport" content="width=device-width, initial-scale=1.0">\n    <meta name="description" content="CyberQuest \xe2\x80\x94 Cybersecurity Awareness Game for ICT932 CIHE">\n    <title>Challenges \xe2\x80\x94 CyberQuest | ICT932</title>\n\n    <!-- Bootstrap 5 CSS -->\n    <link href="https://cdn.jsdelivr.net/npm/bootstrap@5.3.0/dist/css/bootstrap.min.css" rel="stylesheet">\n    <!-- Bootstrap Icons -->\n    <link href="https://cdn.jsdelivr.net/npm/bootstrap-icons@1.11.0/font/bootstrap-icons.css" rel="stylesheet">\n    <!-- Google Fonts -->\n    <link href="https://fonts.googleapis.com/css2?family=Orbitron:wght@400;600;800&family=Rajdhani:wght@300;400;500;600&display=swap" rel="stylesheet">\n\n    <style>\n        /* \xe2\x94\x80\xe2\x94\x80 Design Tokens \xe2\x94\x80\xe2\x94\x80\xe2\x94\x80\xe2\x94\x80\xe2\x94\x80\xe2\x94\x80\xe2\x94\x80\xe2\x94\x80\xe2\x94\x80\xe2\x94\x80\xe2\x94\x80\xe2\x94\x80\xe2\x94\x80\xe2\x94\x80\xe2\x94\x80\xe2\x94\x80\xe2\x94\x80\xe2\x94\x80\xe2\x94\x80\xe2\x94\x80\xe2\x94\x80\xe2\x94\x80\xe2\x94\x80\xe2\x94\x80\xe2\x94\x80\xe2\x94\x80\xe2\x94\x80\xe2\x94\x80\xe2\x94\x80\xe2\x94\x80\xe2\x94\x80\xe2\x94\x80\xe2\x94\x80\xe2\x94\x80\xe2\x94\x80\xe2\x94\x80\xe2\x94\x80\xe2\x94\x80\xe2\x94\x80\xe2\x94\x80\xe2\x94\x80\xe2\x94\x80\xe2\x94\x80\xe2\x94\x80\xe2\x94\x80\xe2\x94\x80\xe2\x94\x80 */\n        :root {\n            --cq-navy:      #0D1B2A;\n            --cq-navy-mid:  #112233;\n            --cq-navy-light:#1A2E42;\n            --cq-cyan:      #00B4D8;\n            --cq-cyan-glow: #00D4FF;\n            --cq-green:     #00E676;\n            --cq-red:       #FF4D6D;\n            --cq-yellow:    #FFD60A;\n            --cq-text:      #E0EAF4;\n            --cq-text-muted:#7A9BB5;\n            --cq-border:    rgba(0, 180, 216, 0.2);\n            --cq-shadow:    0 4px 24px rgba(0, 180, 216, 0.12);\n            --cq-radius:    12px;\n            --font-heading: \'Orbitron\', monospace;\n            --font-body:    \'Rajdhani\', sans-serif;\n        }\n\n        *, *::before, *::after { box-sizing: border-box; }\n        html { scroll-behavior: smooth; }\n\n        body {\n            background-color: var(--cq-navy);\n            color: var(--cq-text);\n            font-family: var(--font-body);\n            font-size: 1.05rem;\n            min-height: 100vh;\n            display: flex;\n            flex-direction: column;\n        }\n\n        h1,h2,h3,h4,h5,h6 { font-family: var(--font-heading); }\n        main { flex: 1; }\n\n        /* \xe2\x94\x80\xe2\x94\x80 Navbar \xe2\x94\x80\xe2\x94\x80\xe2\x94\x80\xe2\x94\x80\xe2\x94\x80\xe2\x94\x80\xe2\x94\x80\xe2\x94\x80\xe2\x94\x80\xe2\x94\x80\xe2\x94\x80\xe2\x94\x80\xe2\x94\x80\xe2\x94\x80\xe2\x94\x80\xe2\x94\x80\xe2\x94\x80\xe2\x94\x80\xe2\x94\x80\xe2\x94\x80\xe2\x94\x80\xe2\x94\x80\xe2\x94\x80\xe2\x94\x80\xe2\x94\x80\xe2\x94\x80\xe2\x94\x80\xe2\x94\x80\xe2\x94\x80\xe2\x94\x80\xe2\x94\x80\xe2\x94\x80\xe2\x94\x80\xe2\x94\x80\xe2\x94\x80\xe2\x94\x80\xe2\x94\x80\xe2\x94\x80\xe2\x94\x80\xe2\x94\x80\xe2\x94\x80\xe2\x94\x80\xe2\x94\x80\xe2\x94\x80\xe2\x94\x80\xe2\x94\x80\xe2\x94\x80\xe2\x94\x80\xe2\x94\x80\xe2\x94\x80\xe2\x94\x80\xe2\x94\x80\xe2\x94\x80\xe2\x94\x80 */\n        .navbar-cyberquest {\n            background: rgba(13,27,42,0.97);\n            border-bottom: 1px solid var(--cq-border);\n            backdrop-filter: blur(10px);\n            padding: 0.75rem 0;\n            position: sticky; top: 0; z-index: 1000;\n        }\n        .navbar-brand-cq {\n            font-family: var(--font-heading); font-weight: 800;\n            font-size: 1.35rem; color: var(--cq-cyan) !important;\n            text-decoration: none; letter-spacing: 2px;\n            display: flex; align-items: center; gap: 0.5rem;\n        }\n        .navbar-brand-cq .brand-icon {\n            color: var(--cq-cyan-glow); font-size: 1.5rem;\n            filter: drop-shadow(0 0 6px var(--cq-cyan));\n        }\n        .navbar-brand-cq:hover { color: var(--cq-cyan-glow) !important; }\n        .nav-link-cq {\n            color: var(--cq-text-muted) !important;\n            font-family: var(--font-body); font-weight: 500;\n            font-size: 0.95rem; letter-spacing: 0.5px;\n            padding: 0.5rem 0.85rem !important;\n            border-radius: 6px;\n            transition: color 0.2s, background 0.2s;\n        }\n        .nav-link-cq:hover, .nav-link-cq.active {\n            color: var(--cq-cyan) !important;\n            background: rgba(0,180,216,0.08);\n        }\n        .btn-nav-login {\n            border: 1px solid var(--cq-cyan); color: var(--cq-cyan);\n            background: transparent; border-radius: 6px;\n            padding: 0.4rem 1rem; font-weight: 600; font-size: 0.9rem;\n            transition: all 0.2s;\n        }\n        .btn-nav-login:hover {\n            background: rgba(0,180,216,0.15); color: var(--cq-cyan-glow);\n        }\n        .btn-nav-register {\n            background: var(--cq-cyan); color: var(--cq-navy);\n            border: none; border-radius: 6px;\n            padding: 0.4rem 1rem; font-weight: 700; font-size: 0.9rem;\n            transition: all 0.2s;\n        }\n        .btn-nav-register:hover {\n            background: var(--cq-cyan-glow);\n            box-shadow: 0 4px 12px rgba(0,180,216,0.35);\n        }\n        .navbar-username { color: var(--cq-text-muted); font-size: 0.85rem; }\n        .navbar-username strong { color: var(--cq-cyan); }\n        .navbar-toggler { border-color: var(--cq-border); }\n        .navbar-toggler-icon { filter: invert(60%) sepia(80%) saturate(400%) hue-rotate(165deg); }\n\n        /* \xe2\x94\x80\xe2\x94\x80 Flash Messages \xe2\x94\x80\xe2\x94\x80\xe2\x94\x80\xe2\x94\x80\xe2\x94\x80\xe2\x94\x80\xe2\x94\x80\xe2\x94\x80\xe2\x94\x80\xe2\x94\x80\xe2\x94\x80\xe2\x94\x80\xe2\x94\x80\xe2\x94\x80\xe2\x94\x80\xe2\x94\x80\xe2\x94\x80\xe2\x94\x80\xe2\x94\x80\xe2\x94\x80\xe2\x94\x80\xe2\x94\x80\xe2\x94\x80\xe2\x94\x80\xe2\x94\x80\xe2\x94\x80\xe2\x94\x80\xe2\x94\x80\xe2\x94\x80\xe2\x94\x80\xe2\x94\x80\xe2\x94\x80\xe2\x94\x80\xe2\x94\x80\xe2\x94\x80\xe2\x94\x80\xe2\x94\x80\xe2\x94\x80\xe2\x94\x80\xe2\x94\x80\xe2\x94\x80\xe2\x94\x80\xe2\x94\x80\xe2\x94\x80\xe2\x94\x80\xe2\x94\x80 */\n        .flash-container { padding: 0.5rem 0; }\n        .alert-cq {\n            border-left: 4px solid; border-radius: 0 var(--cq-radius) var(--cq-radius) 0;\n            background: var(--cq-navy-mid); color: var(--cq-text);\n            border-top: none; border-right: none; border-bottom: none;\n            font-weight: 500;\n        }\n        .alert-cq.alert-success { border-color: var(--cq-green); }\n        .alert-cq.alert-danger  { border-color: var(--cq-red); }\n        .alert-cq.alert-info    { border-color: var(--cq-cyan); }\n        .alert-cq.alert-warning { border-color: var(--cq-yellow); }\n\n        /* \xe2\x94\x80\xe2\x94\x80 Dark Cards \xe2\x94\x80\xe2\x94\x80\xe2\x94\x80\xe2\x94\x80\xe2\x94\x80\xe2\x94\x80\xe2\x94\x80\xe2\x94\x80\xe2\x94\x80\xe2\x94\x80\xe2\x94\x80\xe2\x94\x80\xe2\x94\x80\xe2\x94\x80\xe2\x94\x80\xe2\x94\x80\xe2\x94\x80\xe2\x94\x80\xe2\x94\x80\xe2\x94\x80\xe2\x94\x80\xe2\x94\x80\xe2\x94\x80\xe2\x94\x80\xe2\x94\x80\xe2\x94\x80\xe2\x94\x80\xe2\x94\x80\xe2\x94\x80\xe2\x94\x80\xe2\x94\x80\xe2\x94\x80\xe2\x94\x80\xe2\x94\x80\xe2\x94\x80\xe2\x94\x80\xe2\x94\x80\xe2\x94\x80\xe2\x94\x80\xe2\x94\x80\xe2\x94\x80\xe2\x94\x80\xe2\x94\x80\xe2\x94\x80\xe2\x94\x80\xe2\x94\x80\xe2\x94\x80\xe2\x94\x80\xe2\x94\x80\xe2\x94\x80 */\n        .card-cq {\n            background: var(--cq-navy-mid);\n            border: 1px solid var(--cq-border);\n            border-radius: var(--cq-radius);\n            color: var(--cq-text);\n            box-shadow: var(--cq-shadow);\n        }\n        .card-cq .card-header {\n            background: var(--cq-navy-light);\n            border-bottom: 1px solid var(--cq-border);\n            color: var(--cq-text);\n            border-radius: var(--cq-radius) var(--cq-radius) 0 0;\n        }\n\n        /* \xe2\x94\x80\xe2\x94\x80 Dark Tables \xe2\x94\x80\xe2\x94\x80\xe2\x94\x80\xe2\x94\x80\xe2\x94\x80\xe2\x94\x80\xe2\x94\x80\xe2\x94\x80\xe2\x94\x80\xe2\x94\x80\xe2\x94\x80\xe2\x94\x80\xe2\x94\x80\xe2\x94\x80\xe2\x94\x80\xe2\x94\x80\xe2\x94\x80\xe2\x94\x80\xe2\x94\x80\xe2\x94\x80\xe2\x94\x80\xe2\x94\x80\xe2\x94\x80\xe2\x94\x80\xe2\x94\x80\xe2\x94\x80\xe2\x94\x80\xe2\x94\x80\xe2\x94\x80\xe2\x94\x80\xe2\x94\x80\xe2\x94\x80\xe2\x94\x80\xe2\x94\x80\xe2\x94\x80\xe2\x94\x80\xe2\x94\x80\xe2\x94\x80\xe2\x94\x80\xe2\x94\x80\xe2\x94\x80\xe2\x94\x80\xe2\x94\x80\xe2\x94\x80\xe2\x94\x80\xe2\x94\x80\xe2\x94\x80\xe2\x94\x80\xe2\x94\x80 */\n        .table-cq { color: var(--cq-text); }\n        .table-cq thead th {\n            background: var(--cq-navy-light);\n            color: var(--cq-cyan);\n            border-color: var(--cq-border);\n            font-family: var(--font-heading);\n            font-size: 0.8rem;\n            letter-spacing: 1px;\n        }\n        .table-cq tbody tr {\n            border-color: var(--cq-border);\n        }\n        .table-cq tbody tr:hover {\n            background: rgba(0,180,216,0.05);\n        }\n        .table-cq td, .table-cq th {\n            border-color: var(--cq-border);\n            vertical-align: middle;\n        }\n\n        /* \xe2\x94\x80\xe2\x94\x80 Dark Forms \xe2\x94\x80\xe2\x94\x80\xe2\x94\x80\xe2\x94\x80\xe2\x94\x80\xe2\x94\x80\xe2\x94\x80\xe2\x94\x80\xe2\x94\x80\xe2\x94\x80\xe2\x94\x80\xe2\x94\x80\xe2\x94\x80\xe2\x94\x80\xe2\x94\x80\xe2\x94\x80\xe2\x94\x80\xe2\x94\x80\xe2\x94\x80\xe2\x94\x80\xe2\x94\x80\xe2\x94\x80\xe2\x94\x80\xe2\x94\x80\xe2\x94\x80\xe2\x94\x80\xe2\x94\x80\xe2\x94\x80\xe2\x94\x80\xe2\x94\x80\xe2\x94\x80\xe2\x94\x80\xe2\x94\x80\xe2\x94\x80\xe2\x94\x80\xe2\x94\x80\xe2\x94\x80\xe2\x94\x80\xe2\x94\x80\xe2\x94\x80\xe2\x94\x80\xe2\x94\x80\xe2\x94\x80\xe2\x94\x80\xe2\x94\x80\xe2\x94\x80\xe2\x94\x80\xe2\x94\x80\xe2\x94\x80\xe2\x94\x80 */\n        .form-control-cq, .form-select-cq {\n            background: var(--cq-navy-light);\n            border: 1px solid var(--cq-border);\n            color: var(--cq-text);\n            border-radius: 8px;\n        }\n        .form-control-cq:focus, .form-select-cq:focus {\n            background: var(--cq-navy-light);\n            border-color: var(--cq-cyan);\n            color: var(--cq-text);\n            box-shadow: 0 0 0 3px rgba(0,180,216,0.2);\n        }\n        .form-control-cq::placeholder { color: var(--cq-text-muted); }\n\n        /* \xe2\x94\x80\xe2\x94\x80 CyberQuest Buttons \xe2\x94\x80\xe2\x94\x80\xe2\x94\x80\xe2\x94\x80\xe2\x94\x80\xe2\x94\x80\xe2\x94\x80\xe2\x94\x80\xe2\x94\x80\xe2\x94\x80\xe2\x94\x80\xe2\x94\x80\xe2\x94\x80\xe2\x94\x80\xe2\x94\x80\xe2\x94\x80\xe2\x94\x80\xe2\x94\x80\xe2\x94\x80\xe2\x94\x80\xe2\x94\x80\xe2\x94\x80\xe2\x94\x80\xe2\x94\x80\xe2\x94\x80\xe2\x94\x80\xe2\x94\x80\xe2\x94\x80\xe2\x94\x80\xe2\x94\x80\xe2\x94\x80\xe2\x94\x80\xe2\x94\x80\xe2\x94\x80\xe2\x94\x80\xe2\x94\x80\xe2\x94\x80\xe2\x94\x80\xe2\x94\x80\xe2\x94\x80\xe2\x94\x80\xe2\x94\x80 */\n        .btn-cq-primary {\n            background: var(--cq-cyan); color: var(--cq-navy);\n            border: none; font-weight: 700; border-radius: 8px;\n            font-family: var(--font-body); letter-spacing: 0.5px;\n            transition: all 0.2s;\n        }\n        .btn-cq-primary:hover {\n            background: var(--cq-cyan-glow);\n            box-shadow: 0 4px 16px rgba(0,180,216,0.4);\n        }\n        .btn-cq-outline {\n            border: 1px solid var(--cq-cyan); color: var(--cq-cyan);\n            background: transparent; border-radius: 8px;\n            font-weight: 600; transition: all 0.2s;\n        }\n        .btn-cq-outline:hover {\n            background: rgba(0,180,216,0.12); color: var(--cq-cyan-glow);\n        }\n        .btn-cq-danger {\n            border: 1px solid var(--cq-red); color: var(--cq-red);\n            background: transparent; border-radius: 8px;\n            font-weight: 600; transition: all 0.2s;\n        }\n        .btn-cq-danger:hover { background: rgba(255,77,109,0.12); }\n\n        /* \xe2\x94\x80\xe2\x94\x80 Badges / Pills \xe2\x94\x80\xe2\x94\x80\xe2\x94\x80\xe2\x94\x80\xe2\x94\x80\xe2\x94\x80\xe2\x94\x80\xe2\x94\x80\xe2\x94\x80\xe2\x94\x80\xe2\x94\x80\xe2\x94\x80\xe2\x94\x80\xe2\x94\x80\xe2\x94\x80\xe2\x94\x80\xe2\x94\x80\xe2\x94\x80\xe2\x94\x80\xe2\x94\x80\xe2\x94\x80\xe2\x94\x80\xe2\x94\x80\xe2\x94\x80\xe2\x94\x80\xe2\x94\x80\xe2\x94\x80\xe2\x94\x80\xe2\x94\x80\xe2\x94\x80\xe2\x94\x80\xe2\x94\x80\xe2\x94\x80\xe2\x94\x80\xe2\x94\x80\xe2\x94\x80\xe2\x94\x80\xe2\x94\x80\xe2\x94\x80\xe2\x94\x80\xe2\x94\x80\xe2\x94\x80\xe2\x94\x80\xe2\x94\x80\xe2\x94\x80\xe2\x94\x80 */\n        .badge-cq-cyan {\n            background: rgba(0,180,216,0.15);\n            color: var(--cq-cyan);\n            border: 1px solid var(--cq-border);\n            border-radius: 20px; padding: 0.3rem 0.8rem;\n            font-size: 0.8rem; font-weight: 600;\n        }\n        .badge-cq-gold {\n            background: rgba(255,214,10,0.15);\n            color: var(--cq-yellow);\n            border: 1px solid rgba(255,214,10,0.3);\n            border-radius: 20px; padding: 0.3rem 0.8rem;\n            font-size: 0.8rem; font-weight: 600;\n        }\n\n        /* \xe2\x94\x80\xe2\x94\x80 Progress bars \xe2\x94\x80\xe2\x94\x80\xe2\x94\x80\xe2\x94\x80\xe2\x94\x80\xe2\x94\x80\xe2\x94\x80\xe2\x94\x80\xe2\x94\x80\xe2\x94\x80\xe2\x94\x80\xe2\x94\x80\xe2\x94\x80\xe2\x94\x80\xe2\x94\x80\xe2\x94\x80\xe2\x94\x80\xe2\x94\x80\xe2\x94\x80\xe2\x94\x80\xe2\x94\x80\xe2\x94\x80\xe2\x94\x80\xe2\x94\x80\xe2\x94\x80\xe2\x94\x80\xe2\x94\x80\xe2\x94\x80\xe2\x94\x80\xe2\x94\x80\xe2\x94\x80\xe2\x94\x80\xe2\x94\x80\xe2\x94\x80\xe2\x94\x80\xe2\x94\x80\xe2\x94\x80\xe2\x94\x80\xe2\x94\x80\xe2\x94\x80\xe2\x94\x80\xe2\x94\x80\xe2\x94\x80\xe2\x94\x80\xe2\x94\x80\xe2\x94\x80\xe2\x94\x80 */\n        .progress-cq {\n            background: var(--cq-navy-light);\n            border-radius: 10px; height: 8px;\n        }\n        .progress-cq .progress-bar {\n            background: linear-gradient(90deg, var(--cq-cyan), var(--cq-green));\n            border-radius: 10px;\n        }\n\n        /* \xe2\x94\x80\xe2\x94\x80 Stat Cards \xe2\x94\x80\xe2\x94\x80\xe2\x94\x80\xe2\x94\x80\xe2\x94\x80\xe2\x94\x80\xe2\x94\x80\xe2\x94\x80\xe2\x94\x80\xe2\x94\x80\xe2\x94\x80\xe2\x94\x80\xe2\x94\x80\xe2\x94\x80\xe2\x94\x80\xe2\x94\x80\xe2\x94\x80\xe2\x94\x80\xe2\x94\x80\xe2\x94\x80\xe2\x94\x80\xe2\x94\x80\xe2\x94\x80\xe2\x94\x80\xe2\x94\x80\xe2\x94\x80\xe2\x94\x80\xe2\x94\x80\xe2\x94\x80\xe2\x94\x80\xe2\x94\x80\xe2\x94\x80\xe2\x94\x80\xe2\x94\x80\xe2\x94\x80\xe2\x94\x80\xe2\x94\x80\xe2\x94\x80\xe2\x94\x80\xe2\x94\x80\xe2\x94\x80\xe2\x94\x80\xe2\x94\x80\xe2\x94\x80\xe2\x94\x80\xe2\x94\x80\xe2\x94\x80\xe2\x94\x80\xe2\x94\x80\xe2\x94\x80 */\n        .stat-card {\n            background: var(--cq-navy-mid);\n            border: 1px solid var(--cq-border);\n            border-radius: var(--cq-radius);\n            padding: 1.5rem 1rem;\n            text-align: center;\n            transition: border-color 0.2s, transform 0.2s;\n        }\n        .stat-card:hover {\n            border-color: var(--cq-cyan);\n            transform: translateY(-2px);\n        }\n        .stat-card .stat-number {\n            font-family: var(--font-heading); font-size: 2rem;\n            font-weight: 800;\n        }\n        .stat-card .stat-label { color: var(--cq-text-muted); font-size: 0.85rem; }\n\n        /* \xe2\x94\x80\xe2\x94\x80 Footer \xe2\x94\x80\xe2\x94\x80\xe2\x94\x80\xe2\x94\x80\xe2\x94\x80\xe2\x94\x80\xe2\x94\x80\xe2\x94\x80\xe2\x94\x80\xe2\x94\x80\xe2\x94\x80\xe2\x94\x80\xe2\x94\x80\xe2\x94\x80\xe2\x94\x80\xe2\x94\x80\xe2\x94\x80\xe2\x94\x80\xe2\x94\x80\xe2\x94\x80\xe2\x94\x80\xe2\x94\x80\xe2\x94\x80\xe2\x94\x80\xe2\x94\x80\xe2\x94\x80\xe2\x94\x80\xe2\x94\x80\xe2\x94\x80\xe2\x94\x80\xe2\x94\x80\xe2\x94\x80\xe2\x94\x80\xe2\x94\x80\xe2\x94\x80\xe2\x94\x80\xe2\x94\x80\xe2\x94\x80\xe2\x94\x80\xe2\x94\x80\xe2\x94\x80\xe2\x94\x80\xe2\x94\x80\xe2\x94\x80\xe2\x94\x80\xe2\x94\x80\xe2\x94\x80\xe2\x94\x80\xe2\x94\x80\xe2\x94\x80\xe2\x94\x80\xe2\x94\x80\xe2\x94\x80\xe2\x94\x80 */\n        .footer-cq {\n            background: var(--cq-navy-mid);\n            border-top: 1px solid var(--cq-border);\n            padding: 1.5rem 0;\n            margin-top: auto;\n        }\n        .footer-brand {\n            font-family: var(--font-heading); font-weight: 800;\n            color: var(--cq-cyan); font-size: 1rem; letter-spacing: 2px;\n        }\n        .footer-text { color: var(--cq-text-muted); font-size: 0.85rem; }\n        .footer-team { color: var(--cq-cyan); font-size: 0.85rem; font-weight: 600; }\n\n        /* \xe2\x94\x80\xe2\x94\x80 Scrollbar \xe2\x94\x80\xe2\x94\x80\xe2\x94\x80\xe2\x94\x80\xe2\x94\x80\xe2\x94\x80\xe2\x94\x80\xe2\x94\x80\xe2\x94\x80\xe2\x94\x80\xe2\x94\x80\xe2\x94\x80\xe2\x94\x80\xe2\x94\x80\xe2\x94\x80\xe2\x94\x80\xe2\x94\x80\xe2\x94\x80\xe2\x94\x80\xe2\x94\x80\xe2\x94\x80\xe2\x94\x80\xe2\x94\x80\xe2\x94\x80\xe2\x94\x80\xe2\x94\x80\xe2\x94\x80\xe2\x94\x80\xe2\x94\x80\xe2\x94\x80\xe2\x94\x80\xe2\x94\x80\xe2\x94\x80\xe2\x94\x80\xe2\x94\x80\xe2\x94\x80\xe2\x94\x80\xe2\x94\x80\xe2\x94\x80\xe2\x94\x80\xe2\x94\x80\xe2\x94\x80\xe2\x94\x80\xe2\x94\x80\xe2\x94\x80\xe2\x94\x80\xe2\x94\x80\xe2\x94\x80\xe2\x94\x80\xe2\x94\x80\xe2\x94\x80 */\n        ::-webkit-scrollbar { width: 6px; }\n        ::-webkit-scrollbar-track { background: var(--cq-navy); }\n        ::-webkit-scrollbar-thumb { background: var(--cq-navy-light); border-radius: 3px; }\n        ::-webkit-scrollbar-thumb:hover { background: var(--cq-cyan); }\n    </style>\n\n    \n</head>\n\n<body>\n\n<!-- \xe2\x94\x80\xe2\x94\x80 Navbar \xe2\x94\x80\xe2\x94\x80\xe2\x94\x80\xe2\x94\x80\xe2\x94\x80\xe2\x94\x80\xe2\x94\x80\xe2\x94\x80\xe2\x94\x80\xe2\x94\x80\xe2\x94\x80\xe2\x94\x80\xe2\x94\x80\xe2\x94\x80\xe2\x94\x80\xe2\x94\x80\xe2\x94\x80\xe2\x94\x80\xe2\x94\x80\xe2\x94\x80\xe2\x94\x80\xe2\x94\x80\xe2\x94\x80\xe2\x94\x80\xe2\x94\x80\xe2\x94\x80\xe2\x94\x80\xe2\x94\x80\xe2\x94\x80\xe2\x94\x80\xe2\x94\x80\xe2\x94\x80\xe2\x94\x80\xe2\x94\x80\xe2\x94\x80\xe2\x94\x80\xe2\x94\x80\xe2\x94\x80\xe2\x94\x80\xe2\x94\x80\xe2\x94\x80\xe2\x94\x80\xe2\x94\x80\xe2\x94\x80\xe2\x94\x80\xe2\x94\x80\xe2\x94\x80\xe2\x94\x80\xe2\x94\x80\xe2\x94\x80\xe2\x94\x80\xe2\x94\x80\xe2\x94\x80\xe2\x94\x80\xe2\x94\x80\xe2\x94\x80\xe2\x94\x80\xe2\x94\x80\xe2\x94\x80\xe2\x94\x80\xe2\x94\x80 -->\n<nav class="navbar navbar-expand-lg navbar-cyberquest">\n    <div class="container">\n        <!-- Fixed: use auth.login instead of non-existent \'home\' route -->\n        <a class="navbar-brand-cq"\n           href="/challenges">\n            <i class="bi bi-shield-fill-check brand-icon"></i>\n            CYBER<span style="color:#fff;">QUEST</span>\n        </a>\n\n        <button class="navbar-toggler" type="button"\n                data-bs-toggle="collapse" data-bs-target="#navbarMain">\n            <span class="navbar-toggler-icon"></span>\n        </button>\n\n        <div class="collapse navbar-collapse" id="navbarMain">\n            \n            <ul class="navbar-nav me-auto mb-2 mb-lg-0">\n                \n                <li class="nav-item">\n                    <a class="nav-link nav-link-cq" href="/challenges">\n                        <i class="bi bi-controller me-1"></i> Challenges\n                    </a>\n                </li>\n                <li class="nav-item">\n                    <a class="nav-link nav-link-cq" href="/progress">\n                        <i class="bi bi-bar-chart-fill me-1"></i> My Progress\n                    </a>\n                </li>\n                <li class="nav-item">\n                    <a class="nav-link nav-link-cq" href="/result">\n                        <i class="bi bi-trophy me-1"></i> Results\n                    </a>\n                </li>\n                \n            </ul>\n            \n\n            <div class="d-flex align-items-center gap-2">\n                \n                    <span class="navbar-username d-none d-md-inline">\n                        <i class="bi bi-person-circle me-1"></i>\n                        <strong>newstudent_test</strong>\n                        <span class="badge ms-1"\n                              style="background:rgba(0,180,216,0.15);\n                                     color:var(--cq-cyan); font-size:0.7rem;">\n                            Student\n                        </span>\n                    </span>\n                    \n                    <a href="/2fa/setup"\n                       class="btn-nav-login btn"\n                       title="2FA Settings">\n                        <i class="bi bi-shield-lock"></i>\n                    </a>\n                    \n                    <a href="/logout" class="btn-nav-login btn">\n                        <i class="bi bi-box-arrow-right me-1"></i> Logout\n                    </a>\n                \n            </div>\n        </div>\n    </div>\n</nav>\n\n<!-- \xe2\x94\x80\xe2\x94\x80 Flash Messages (handled once here, not in child templates) \xe2\x94\x80\xe2\x94\x80\xe2\x94\x80\xe2\x94\x80\xe2\x94\x80\xe2\x94\x80\xe2\x94\x80\xe2\x94\x80\xe2\x94\x80\xe2\x94\x80 -->\n<div class="flash-container">\n    <div class="container">\n        \n            \n        \n    </div>\n</div>\n\n<!-- \xe2\x94\x80\xe2\x94\x80 Main Content \xe2\x94\x80\xe2\x94\x80\xe2\x94\x80\xe2\x94\x80\xe2\x94\x80\xe2\x94\x80\xe2\x94\x80\xe2\x94\x80\xe2\x94\x80\xe2\x94\x80\xe2\x94\x80\xe2\x94\x80\xe2\x94\x80\xe2\x94\x80\xe2\x94\x80\xe2\x94\x80\xe2\x94\x80\xe2\x94\x80\xe2\x94\x80\xe2\x94\x80\xe2\x94\x80\xe2\x94\x80\xe2\x94\x80\xe2\x94\x80\xe2\x94\x80\xe2\x94\x80\xe2\x94\x80\xe2\x94\x80\xe2\x94\x80\xe2\x94\x80\xe2\x94\x80\xe2\x94\x80\xe2\x94\x80\xe2\x94\x80\xe2\x94\x80\xe2\x94\x80\xe2\x94\x80\xe2\x94\x80\xe2\x94\x80\xe2\x94\x80\xe2\x94\x80\xe2\x94\x80\xe2\x94\x80\xe2\x94\x80\xe2\x94\x80\xe2\x94\x80\xe2\x94\x80\xe2\x94\x80\xe2\x94\x80\xe2\x94\x80\xe2\x94\x80\xe2\x94\x80\xe2\x94\x80\xe2\x94\x80\xe2\x94\x80\xe2\x94\x80 -->\n<main>\n    \n<div class="container py-4">\n\n  <div class="d-flex justify-content-between align-items-center mb-4">\n    <div>\n      <h2 class="mb-0" style="color:var(--cq-cyan);">\xf0\x9f\x9b\xa1\xef\xb8\x8f Challenge Categories</h2>\n      <p style="color:var(--cq-text-muted);" class="mb-0">Choose a category to start earning points</p>\n    </div>\n    <div class="text-end">\n      <span class="badge-cq-gold fs-6 px-3 py-2">\xe2\xad\x90 0 pts</span>\n      <a href="/progress" class="btn btn-cq-outline ms-2">\xf0\x9f\x93\x8a My Progress</a>\n    </div>\n  </div>\n\n  <!-- Category Cards -->\n  <div class="row g-4 mb-5">\n    \n    <div class="col-md-4">\n      <div class="card-cq h-100 p-4 text-center" style="transition:border-color 0.2s,transform 0.2s;"\n           onmouseover="this.style.borderColor=\'var(--cq-cyan)\';this.style.transform=\'translateY(-4px)\'"\n           onmouseout="this.style.borderColor=\'var(--cq-border)\';this.style.transform=\'none\'">\n        <div style="font-size:3.5rem;" class="mb-3">\xf0\x9f\x8e\xa3</div>\n        <h4 style="color:var(--cq-cyan);">Phishing Awareness</h4>\n        <p style="color:var(--cq-text-muted);" class="small mb-3">Learn to spot phishing emails and social engineering attacks.</p>\n\n        <div class="mb-3">\n          <div class="d-flex justify-content-between small mb-1"\n               style="color:var(--cq-text-muted);">\n            <span>Progress</span>\n            <span>0/5</span>\n          </div>\n          <div class="progress-cq">\n            <div class="progress-bar" role="progressbar"\n                 style="width:0%">\n            </div>\n          </div>\n        </div>\n\n        <a href="/challenge/phishing"\n           class="btn btn-cq-primary w-100 fw-bold">\n          \xf0\x9f\x9a\x80 Start\n        </a>\n      </div>\n    </div>\n    \n    <div class="col-md-4">\n      <div class="card-cq h-100 p-4 text-center" style="transition:border-color 0.2s,transform 0.2s;"\n           onmouseover="this.style.borderColor=\'var(--cq-cyan)\';this.style.transform=\'translateY(-4px)\'"\n           onmouseout="this.style.borderColor=\'var(--cq-border)\';this.style.transform=\'none\'">\n        <div style="font-size:3.5rem;" class="mb-3">\xf0\x9f\x94\x90</div>\n        <h4 style="color:var(--cq-cyan);">Password Security</h4>\n        <p style="color:var(--cq-text-muted);" class="small mb-3">Master the art of strong passwords and authentication.</p>\n\n        <div class="mb-3">\n          <div class="d-flex justify-content-between small mb-1"\n               style="color:var(--cq-text-muted);">\n            <span>Progress</span>\n            <span>0/5</span>\n          </div>\n          <div class="progress-cq">\n            <div class="progress-bar" role="progressbar"\n                 style="width:0%">\n            </div>\n          </div>\n        </div>\n\n        <a href="/challenge/password"\n           class="btn btn-cq-primary w-100 fw-bold">\n          \xf0\x9f\x9a\x80 Start\n        </a>\n      </div>\n    </div>\n    \n    <div class="col-md-4">\n      <div class="card-cq h-100 p-4 text-center" style="transition:border-color 0.2s,transform 0.2s;"\n           onmouseover="this.style.borderColor=\'var(--cq-cyan)\';this.style.transform=\'translateY(-4px)\'"\n           onmouseout="this.style.borderColor=\'var(--cq-border)\';this.style.transform=\'none\'">\n        <div style="font-size:3.5rem;" class="mb-3">\xf0\x9f\x8c\x90</div>\n        <h4 style="color:var(--cq-cyan);">Safe Browsing</h4>\n        <p style="color:var(--cq-text-muted);" class="small mb-3">Stay safe online \xe2\x80\x94 VPNs, HTTPS, and browser threats.</p>\n\n        <div class="mb-3">\n          <div class="d-flex justify-content-between small mb-1"\n               style="color:var(--cq-text-muted);">\n            <span>Progress</span>\n            <span>0/5</span>\n          </div>\n          <div class="progress-cq">\n            <div class="progress-bar" role="progressbar"\n                 style="width:0%">\n            </div>\n          </div>\n        </div>\n\n        <a href="/challenge/browsing"\n           class="btn btn-cq-primary w-100 fw-bold">\n          \xf0\x9f\x9a\x80 Start\n        </a>\n      </div>\n    </div>\n    \n  </div>\n\n  <!-- Badges -->\n  \n\n</div>\n\n</main>\n\n<!-- \xe2\x94\x80\xe2\x94\x80 Footer \xe2\x94\x80\xe2\x94\x80\xe2\x94\x80\xe2\x94\x80\xe2\x94\x80\xe2\x94\x80\xe2\x94\x80\xe2\x94\x80\xe2\x94\x80\xe2\x94\x80\xe2\x94\x80\xe2\x94\x80\xe2\x94\x80\xe2\x94\x80\xe2\x94\x80\xe2\x94\x80\xe2\x94\x80\xe2\x94\x80\xe2\x94\x80\xe2\x94\x80\xe2\x94\x80\xe2\x94\x80\xe2\x94\x80\xe2\x94\x80\xe2\x94\x80\xe2\x94\x80\xe2\x94\x80\xe2\x94\x80\xe2\x94\x80\xe2\x94\x80\xe2\x94\x80\xe2\x94\x80\xe2\x94\x80\xe2\x94\x80\xe2\x94\x80\xe2\x94\x80\xe2\x94\x80\xe2\x94\x80\xe2\x94\x80\xe2\x94\x80\xe2\x94\x80\xe2\x94\x80\xe2\x94\x80\xe2\x94\x80\xe2\x94\x80\xe2\x94\x80\xe2\x94\x80\xe2\x94\x80\xe2\x94\x80\xe2\x94\x80\xe2\x94\x80\xe2\x94\x80\xe2\x94\x80\xe2\x94\x80\xe2\x94\x80\xe2\x94\x80\xe2\x94\x80\xe2\x94\x80\xe2\x94\x80\xe2\x94\x80\xe2\x94\x80 -->\n<footer class="footer-cq">\n    <div class="container">\n        <div class="row align-items-center">\n            <div class="col-md-3 mb-2 mb-md-0">\n                <div class="footer-brand"><i class="bi bi-shield-fill-check me-2"></i>CYBERQUEST</div>\n                <div class="footer-text">Cybersecurity Awareness Game</div>\n            </div>\n            <div class="col-md-5 mb-2 mb-md-0">\n                <div class="footer-text">\n                    <i class="bi bi-mortarboard-fill me-1"></i>\n                    ICT932 \xe2\x80\x94 Cybersecurity Testing and Assurance<br>\n                    Crown Institute of Higher Education (CIHE) \xc2\xa9 2026\n                </div>\n            </div>\n            <div class="col-md-4 text-md-end">\n                <div class="footer-team">\n                    Prashan Manandhar | Raju Kshetri | Pramesh Silwal | Susanta Dhakal\n                </div>\n            </div>\n        </div>\n    </div>\n</footer>\n\n<script src="https://cdn.jsdelivr.net/npm/bootstrap@5.3.0/dist/js/bootstrap.bundle.min.js"></script>\n\n\n</body>\n</html>'
 +  where b'<!DOCTYPE html>\n<!--\n    base.html \xe2\x80\x94 Shared base template for CyberQuest\n    Authors: Susanta Dhakal (CIHE250321) & Pramesh Silwal (CIHE241339)\n    Fixed: Prashan Manandhar (CIHE241182) \xe2\x80\x94 removed broken url_for(\'home\')\n-->\n<html lang="en">\n<head>\n    <meta charset="UTF-8">\n    <meta name="viewport" content="width=device-width, initial-scale=1.0">\n    <meta name="description" content="CyberQuest \xe2\x80\x94 Cybersecurity Awareness Game for ICT932 CIHE">\n    <title>Challenges \xe2\x80\x94 CyberQuest | ICT932</title>\n\n    <!-- Bootstrap 5 CSS -->\n    <link href="https://cdn.jsdelivr.net/npm/bootstrap@5.3.0/dist/css/bootstrap.min.css" rel="stylesheet">\n    <!-- Bootstrap Icons -->\n    <link href="https://cdn.jsdelivr.net/npm/bootstrap-icons@1.11.0/font/bootstrap-icons.css" rel="stylesheet">\n    <!-- Google Fonts -->\n    <link href="https://fonts.googleapis.com/css2?family=Orbitron:wght@400;600;800&family=Rajdhani:wght@300;400;500;600&display=swap" rel="stylesheet">\n\n    <style>\n        /* \xe2\x94\x80\xe2\x94\x80 Design Tokens \xe2\x94\x80\xe2\x94\x80\xe2\x94\x80\xe2\x94\x80\xe2\x94\x80\xe2\x94\x80\xe2\x94\x80\xe2\x94\x80\xe2\x94\x80\xe2\x94\x80\xe2\x94\x80\xe2\x94\x80\xe2\x94\x80\xe2\x94\x80\xe2\x94\x80\xe2\x94\x80\xe2\x94\x80\xe2\x94\x80\xe2\x94\x80\xe2\x94\x80\xe2\x94\x80\xe2\x94\x80\xe2\x94\x80\xe2\x94\x80\xe2\x94\x80\xe2\x94\x80\xe2\x94\x80\xe2\x94\x80\xe2\x94\x80\xe2\x94\x80\xe2\x94\x80\xe2\x94\x80\xe2\x94\x80\xe2\x94\x80\xe2\x94\x80\xe2\x94\x80\xe2\x94\x80\xe2\x94\x80\xe2\x94\x80\xe2\x94\x80\xe2\x94\x80\xe2\x94\x80\xe2\x94\x80\xe2\x94\x80\xe2\x94\x80\xe2\x94\x80\xe2\x94\x80 */\n        :root {\n            --cq-navy:      #0D1B2A;\n            --cq-navy-mid:  #112233;\n            --cq-navy-light:#1A2E42;\n            --cq-cyan:      #00B4D8;\n            --cq-cyan-glow: #00D4FF;\n            --cq-green:     #00E676;\n            --cq-red:       #FF4D6D;\n            --cq-yellow:    #FFD60A;\n            --cq-text:      #E0EAF4;\n            --cq-text-muted:#7A9BB5;\n            --cq-border:    rgba(0, 180, 216, 0.2);\n            --cq-shadow:    0 4px 24px rgba(0, 180, 216, 0.12);\n            --cq-radius:    12px;\n            --font-heading: \'Orbitron\', monospace;\n            --font-body:    \'Rajdhani\', sans-serif;\n        }\n\n        *, *::before, *::after { box-sizing: border-box; }\n        html { scroll-behavior: smooth; }\n\n        body {\n            background-color: var(--cq-navy);\n            color: var(--cq-text);\n            font-family: var(--font-body);\n            font-size: 1.05rem;\n            min-height: 100vh;\n            display: flex;\n            flex-direction: column;\n        }\n\n        h1,h2,h3,h4,h5,h6 { font-family: var(--font-heading); }\n        main { flex: 1; }\n\n        /* \xe2\x94\x80\xe2\x94\x80 Navbar \xe2\x94\x80\xe2\x94\x80\xe2\x94\x80\xe2\x94\x80\xe2\x94\x80\xe2\x94\x80\xe2\x94\x80\xe2\x94\x80\xe2\x94\x80\xe2\x94\x80\xe2\x94\x80\xe2\x94\x80\xe2\x94\x80\xe2\x94\x80\xe2\x94\x80\xe2\x94\x80\xe2\x94\x80\xe2\x94\x80\xe2\x94\x80\xe2\x94\x80\xe2\x94\x80\xe2\x94\x80\xe2\x94\x80\xe2\x94\x80\xe2\x94\x80\xe2\x94\x80\xe2\x94\x80\xe2\x94\x80\xe2\x94\x80\xe2\x94\x80\xe2\x94\x80\xe2\x94\x80\xe2\x94\x80\xe2\x94\x80\xe2\x94\x80\xe2\x94\x80\xe2\x94\x80\xe2\x94\x80\xe2\x94\x80\xe2\x94\x80\xe2\x94\x80\xe2\x94\x80\xe2\x94\x80\xe2\x94\x80\xe2\x94\x80\xe2\x94\x80\xe2\x94\x80\xe2\x94\x80\xe2\x94\x80\xe2\x94\x80\xe2\x94\x80\xe2\x94\x80\xe2\x94\x80\xe2\x94\x80 */\n        .navbar-cyberquest {\n            background: rgba(13,27,42,0.97);\n            border-bottom: 1px solid var(--cq-border);\n            backdrop-filter: blur(10px);\n            padding: 0.75rem 0;\n            position: sticky; top: 0; z-index: 1000;\n        }\n        .navbar-brand-cq {\n            font-family: var(--font-heading); font-weight: 800;\n            font-size: 1.35rem; color: var(--cq-cyan) !important;\n            text-decoration: none; letter-spacing: 2px;\n            display: flex; align-items: center; gap: 0.5rem;\n        }\n        .navbar-brand-cq .brand-icon {\n            color: var(--cq-cyan-glow); font-size: 1.5rem;\n            filter: drop-shadow(0 0 6px var(--cq-cyan));\n        }\n        .navbar-brand-cq:hover { color: var(--cq-cyan-glow) !important; }\n        .nav-link-cq {\n            color: var(--cq-text-muted) !important;\n            font-family: var(--font-body); font-weight: 500;\n            font-size: 0.95rem; letter-spacing: 0.5px;\n            padding: 0.5rem 0.85rem !important;\n            border-radius: 6px;\n            transition: color 0.2s, background 0.2s;\n        }\n        .nav-link-cq:hover, .nav-link-cq.active {\n            color: var(--cq-cyan) !important;\n            background: rgba(0,180,216,0.08);\n        }\n        .btn-nav-login {\n            border: 1px solid var(--cq-cyan); color: var(--cq-cyan);\n            background: transparent; border-radius: 6px;\n            padding: 0.4rem 1rem; font-weight: 600; font-size: 0.9rem;\n            transition: all 0.2s;\n        }\n        .btn-nav-login:hover {\n            background: rgba(0,180,216,0.15); color: var(--cq-cyan-glow);\n        }\n        .btn-nav-register {\n            background: var(--cq-cyan); color: var(--cq-navy);\n            border: none; border-radius: 6px;\n            padding: 0.4rem 1rem; font-weight: 700; font-size: 0.9rem;\n            transition: all 0.2s;\n        }\n        .btn-nav-register:hover {\n            background: var(--cq-cyan-glow);\n            box-shadow: 0 4px 12px rgba(0,180,216,0.35);\n        }\n        .navbar-username { color: var(--cq-text-muted); font-size: 0.85rem; }\n        .navbar-username strong { color: var(--cq-cyan); }\n        .navbar-toggler { border-color: var(--cq-border); }\n        .navbar-toggler-icon { filter: invert(60%) sepia(80%) saturate(400%) hue-rotate(165deg); }\n\n        /* \xe2\x94\x80\xe2\x94\x80 Flash Messages \xe2\x94\x80\xe2\x94\x80\xe2\x94\x80\xe2\x94\x80\xe2\x94\x80\xe2\x94\x80\xe2\x94\x80\xe2\x94\x80\xe2\x94\x80\xe2\x94\x80\xe2\x94\x80\xe2\x94\x80\xe2\x94\x80\xe2\x94\x80\xe2\x94\x80\xe2\x94\x80\xe2\x94\x80\xe2\x94\x80\xe2\x94\x80\xe2\x94\x80\xe2\x94\x80\xe2\x94\x80\xe2\x94\x80\xe2\x94\x80\xe2\x94\x80\xe2\x94\x80\xe2\x94\x80\xe2\x94\x80\xe2\x94\x80\xe2\x94\x80\xe2\x94\x80\xe2\x94\x80\xe2\x94\x80\xe2\x94\x80\xe2\x94\x80\xe2\x94\x80\xe2\x94\x80\xe2\x94\x80\xe2\x94\x80\xe2\x94\x80\xe2\x94\x80\xe2\x94\x80\xe2\x94\x80\xe2\x94\x80\xe2\x94\x80\xe2\x94\x80 */\n        .flash-container { padding: 0.5rem 0; }\n        .alert-cq {\n            border-left: 4px solid; border-radius: 0 var(--cq-radius) var(--cq-radius) 0;\n            background: var(--cq-navy-mid); color: var(--cq-text);\n            border-top: none; border-right: none; border-bottom: none;\n            font-weight: 500;\n        }\n        .alert-cq.alert-success { border-color: var(--cq-green); }\n        .alert-cq.alert-danger  { border-color: var(--cq-red); }\n        .alert-cq.alert-info    { border-color: var(--cq-cyan); }\n        .alert-cq.alert-warning { border-color: var(--cq-yellow); }\n\n        /* \xe2\x94\x80\xe2\x94\x80 Dark Cards \xe2\x94\x80\xe2\x94\x80\xe2\x94\x80\xe2\x94\x80\xe2\x94\x80\xe2\x94\x80\xe2\x94\x80\xe2\x94\x80\xe2\x94\x80\xe2\x94\x80\xe2\x94\x80\xe2\x94\x80\xe2\x94\x80\xe2\x94\x80\xe2\x94\x80\xe2\x94\x80\xe2\x94\x80\xe2\x94\x80\xe2\x94\x80\xe2\x94\x80\xe2\x94\x80\xe2\x94\x80\xe2\x94\x80\xe2\x94\x80\xe2\x94\x80\xe2\x94\x80\xe2\x94\x80\xe2\x94\x80\xe2\x94\x80\xe2\x94\x80\xe2\x94\x80\xe2\x94\x80\xe2\x94\x80\xe2\x94\x80\xe2\x94\x80\xe2\x94\x80\xe2\x94\x80\xe2\x94\x80\xe2\x94\x80\xe2\x94\x80\xe2\x94\x80\xe2\x94\x80\xe2\x94\x80\xe2\x94\x80\xe2\x94\x80\xe2\x94\x80\xe2\x94\x80\xe2\x94\x80\xe2\x94\x80\xe2\x94\x80 */\n        .card-cq {\n            background: var(--cq-navy-mid);\n            border: 1px solid var(--cq-border);\n            border-radius: var(--cq-radius);\n            color: var(--cq-text);\n            box-shadow: var(--cq-shadow);\n        }\n        .card-cq .card-header {\n            background: var(--cq-navy-light);\n            border-bottom: 1px solid var(--cq-border);\n            color: var(--cq-text);\n            border-radius: var(--cq-radius) var(--cq-radius) 0 0;\n        }\n\n        /* \xe2\x94\x80\xe2\x94\x80 Dark Tables \xe2\x94\x80\xe2\x94\x80\xe2\x94\x80\xe2\x94\x80\xe2\x94\x80\xe2\x94\x80\xe2\x94\x80\xe2\x94\x80\xe2\x94\x80\xe2\x94\x80\xe2\x94\x80\xe2\x94\x80\xe2\x94\x80\xe2\x94\x80\xe2\x94\x80\xe2\x94\x80\xe2\x94\x80\xe2\x94\x80\xe2\x94\x80\xe2\x94\x80\xe2\x94\x80\xe2\x94\x80\xe2\x94\x80\xe2\x94\x80\xe2\x94\x80\xe2\x94\x80\xe2\x94\x80\xe2\x94\x80\xe2\x94\x80\xe2\x94\x80\xe2\x94\x80\xe2\x94\x80\xe2\x94\x80\xe2\x94\x80\xe2\x94\x80\xe2\x94\x80\xe2\x94\x80\xe2\x94\x80\xe2\x94\x80\xe2\x94\x80\xe2\x94\x80\xe2\x94\x80\xe2\x94\x80\xe2\x94\x80\xe2\x94\x80\xe2\x94\x80\xe2\x94\x80\xe2\x94\x80\xe2\x94\x80 */\n        .table-cq { color: var(--cq-text); }\n        .table-cq thead th {\n            background: var(--cq-navy-light);\n            color: var(--cq-cyan);\n            border-color: var(--cq-border);\n            font-family: var(--font-heading);\n            font-size: 0.8rem;\n            letter-spacing: 1px;\n        }\n        .table-cq tbody tr {\n            border-color: var(--cq-border);\n        }\n        .table-cq tbody tr:hover {\n            background: rgba(0,180,216,0.05);\n        }\n        .table-cq td, .table-cq th {\n            border-color: var(--cq-border);\n            vertical-align: middle;\n        }\n\n        /* \xe2\x94\x80\xe2\x94\x80 Dark Forms \xe2\x94\x80\xe2\x94\x80\xe2\x94\x80\xe2\x94\x80\xe2\x94\x80\xe2\x94\x80\xe2\x94\x80\xe2\x94\x80\xe2\x94\x80\xe2\x94\x80\xe2\x94\x80\xe2\x94\x80\xe2\x94\x80\xe2\x94\x80\xe2\x94\x80\xe2\x94\x80\xe2\x94\x80\xe2\x94\x80\xe2\x94\x80\xe2\x94\x80\xe2\x94\x80\xe2\x94\x80\xe2\x94\x80\xe2\x94\x80\xe2\x94\x80\xe2\x94\x80\xe2\x94\x80\xe2\x94\x80\xe2\x94\x80\xe2\x94\x80\xe2\x94\x80\xe2\x94\x80\xe2\x94\x80\xe2\x94\x80\xe2\x94\x80\xe2\x94\x80\xe2\x94\x80\xe2\x94\x80\xe2\x94\x80\xe2\x94\x80\xe2\x94\x80\xe2\x94\x80\xe2\x94\x80\xe2\x94\x80\xe2\x94\x80\xe2\x94\x80\xe2\x94\x80\xe2\x94\x80\xe2\x94\x80\xe2\x94\x80 */\n        .form-control-cq, .form-select-cq {\n            background: var(--cq-navy-light);\n            border: 1px solid var(--cq-border);\n            color: var(--cq-text);\n            border-radius: 8px;\n        }\n        .form-control-cq:focus, .form-select-cq:focus {\n            background: var(--cq-navy-light);\n            border-color: var(--cq-cyan);\n            color: var(--cq-text);\n            box-shadow: 0 0 0 3px rgba(0,180,216,0.2);\n        }\n        .form-control-cq::placeholder { color: var(--cq-text-muted); }\n\n        /* \xe2\x94\x80\xe2\x94\x80 CyberQuest Buttons \xe2\x94\x80\xe2\x94\x80\xe2\x94\x80\xe2\x94\x80\xe2\x94\x80\xe2\x94\x80\xe2\x94\x80\xe2\x94\x80\xe2\x94\x80\xe2\x94\x80\xe2\x94\x80\xe2\x94\x80\xe2\x94\x80\xe2\x94\x80\xe2\x94\x80\xe2\x94\x80\xe2\x94\x80\xe2\x94\x80\xe2\x94\x80\xe2\x94\x80\xe2\x94\x80\xe2\x94\x80\xe2\x94\x80\xe2\x94\x80\xe2\x94\x80\xe2\x94\x80\xe2\x94\x80\xe2\x94\x80\xe2\x94\x80\xe2\x94\x80\xe2\x94\x80\xe2\x94\x80\xe2\x94\x80\xe2\x94\x80\xe2\x94\x80\xe2\x94\x80\xe2\x94\x80\xe2\x94\x80\xe2\x94\x80\xe2\x94\x80\xe2\x94\x80\xe2\x94\x80 */\n        .btn-cq-primary {\n            background: var(--cq-cyan); color: var(--cq-navy);\n            border: none; font-weight: 700; border-radius: 8px;\n            font-family: var(--font-body); letter-spacing: 0.5px;\n            transition: all 0.2s;\n        }\n        .btn-cq-primary:hover {\n            background: var(--cq-cyan-glow);\n            box-shadow: 0 4px 16px rgba(0,180,216,0.4);\n        }\n        .btn-cq-outline {\n            border: 1px solid var(--cq-cyan); color: var(--cq-cyan);\n            background: transparent; border-radius: 8px;\n            font-weight: 600; transition: all 0.2s;\n        }\n        .btn-cq-outline:hover {\n            background: rgba(0,180,216,0.12); color: var(--cq-cyan-glow);\n        }\n        .btn-cq-danger {\n            border: 1px solid var(--cq-red); color: var(--cq-red);\n            background: transparent; border-radius: 8px;\n            font-weight: 600; transition: all 0.2s;\n        }\n        .btn-cq-danger:hover { background: rgba(255,77,109,0.12); }\n\n        /* \xe2\x94\x80\xe2\x94\x80 Badges / Pills \xe2\x94\x80\xe2\x94\x80\xe2\x94\x80\xe2\x94\x80\xe2\x94\x80\xe2\x94\x80\xe2\x94\x80\xe2\x94\x80\xe2\x94\x80\xe2\x94\x80\xe2\x94\x80\xe2\x94\x80\xe2\x94\x80\xe2\x94\x80\xe2\x94\x80\xe2\x94\x80\xe2\x94\x80\xe2\x94\x80\xe2\x94\x80\xe2\x94\x80\xe2\x94\x80\xe2\x94\x80\xe2\x94\x80\xe2\x94\x80\xe2\x94\x80\xe2\x94\x80\xe2\x94\x80\xe2\x94\x80\xe2\x94\x80\xe2\x94\x80\xe2\x94\x80\xe2\x94\x80\xe2\x94\x80\xe2\x94\x80\xe2\x94\x80\xe2\x94\x80\xe2\x94\x80\xe2\x94\x80\xe2\x94\x80\xe2\x94\x80\xe2\x94\x80\xe2\x94\x80\xe2\x94\x80\xe2\x94\x80\xe2\x94\x80\xe2\x94\x80 */\n        .badge-cq-cyan {\n            background: rgba(0,180,216,0.15);\n            color: var(--cq-cyan);\n            border: 1px solid var(--cq-border);\n            border-radius: 20px; padding: 0.3rem 0.8rem;\n            font-size: 0.8rem; font-weight: 600;\n        }\n        .badge-cq-gold {\n            background: rgba(255,214,10,0.15);\n            color: var(--cq-yellow);\n            border: 1px solid rgba(255,214,10,0.3);\n            border-radius: 20px; padding: 0.3rem 0.8rem;\n            font-size: 0.8rem; font-weight: 600;\n        }\n\n        /* \xe2\x94\x80\xe2\x94\x80 Progress bars \xe2\x94\x80\xe2\x94\x80\xe2\x94\x80\xe2\x94\x80\xe2\x94\x80\xe2\x94\x80\xe2\x94\x80\xe2\x94\x80\xe2\x94\x80\xe2\x94\x80\xe2\x94\x80\xe2\x94\x80\xe2\x94\x80\xe2\x94\x80\xe2\x94\x80\xe2\x94\x80\xe2\x94\x80\xe2\x94\x80\xe2\x94\x80\xe2\x94\x80\xe2\x94\x80\xe2\x94\x80\xe2\x94\x80\xe2\x94\x80\xe2\x94\x80\xe2\x94\x80\xe2\x94\x80\xe2\x94\x80\xe2\x94\x80\xe2\x94\x80\xe2\x94\x80\xe2\x94\x80\xe2\x94\x80\xe2\x94\x80\xe2\x94\x80\xe2\x94\x80\xe2\x94\x80\xe2\x94\x80\xe2\x94\x80\xe2\x94\x80\xe2\x94\x80\xe2\x94\x80\xe2\x94\x80\xe2\x94\x80\xe2\x94\x80\xe2\x94\x80\xe2\x94\x80 */\n        .progress-cq {\n            background: var(--cq-navy-light);\n            border-radius: 10px; height: 8px;\n        }\n        .progress-cq .progress-bar {\n            background: linear-gradient(90deg, var(--cq-cyan), var(--cq-green));\n            border-radius: 10px;\n        }\n\n        /* \xe2\x94\x80\xe2\x94\x80 Stat Cards \xe2\x94\x80\xe2\x94\x80\xe2\x94\x80\xe2\x94\x80\xe2\x94\x80\xe2\x94\x80\xe2\x94\x80\xe2\x94\x80\xe2\x94\x80\xe2\x94\x80\xe2\x94\x80\xe2\x94\x80\xe2\x94\x80\xe2\x94\x80\xe2\x94\x80\xe2\x94\x80\xe2\x94\x80\xe2\x94\x80\xe2\x94\x80\xe2\x94\x80\xe2\x94\x80\xe2\x94\x80\xe2\x94\x80\xe2\x94\x80\xe2\x94\x80\xe2\x94\x80\xe2\x94\x80\xe2\x94\x80\xe2\x94\x80\xe2\x94\x80\xe2\x94\x80\xe2\x94\x80\xe2\x94\x80\xe2\x94\x80\xe2\x94\x80\xe2\x94\x80\xe2\x94\x80\xe2\x94\x80\xe2\x94\x80\xe2\x94\x80\xe2\x94\x80\xe2\x94\x80\xe2\x94\x80\xe2\x94\x80\xe2\x94\x80\xe2\x94\x80\xe2\x94\x80\xe2\x94\x80\xe2\x94\x80\xe2\x94\x80 */\n        .stat-card {\n            background: var(--cq-navy-mid);\n            border: 1px solid var(--cq-border);\n            border-radius: var(--cq-radius);\n            padding: 1.5rem 1rem;\n            text-align: center;\n            transition: border-color 0.2s, transform 0.2s;\n        }\n        .stat-card:hover {\n            border-color: var(--cq-cyan);\n            transform: translateY(-2px);\n        }\n        .stat-card .stat-number {\n            font-family: var(--font-heading); font-size: 2rem;\n            font-weight: 800;\n        }\n        .stat-card .stat-label { color: var(--cq-text-muted); font-size: 0.85rem; }\n\n        /* \xe2\x94\x80\xe2\x94\x80 Footer \xe2\x94\x80\xe2\x94\x80\xe2\x94\x80\xe2\x94\x80\xe2\x94\x80\xe2\x94\x80\xe2\x94\x80\xe2\x94\x80\xe2\x94\x80\xe2\x94\x80\xe2\x94\x80\xe2\x94\x80\xe2\x94\x80\xe2\x94\x80\xe2\x94\x80\xe2\x94\x80\xe2\x94\x80\xe2\x94\x80\xe2\x94\x80\xe2\x94\x80\xe2\x94\x80\xe2\x94\x80\xe2\x94\x80\xe2\x94\x80\xe2\x94\x80\xe2\x94\x80\xe2\x94\x80\xe2\x94\x80\xe2\x94\x80\xe2\x94\x80\xe2\x94\x80\xe2\x94\x80\xe2\x94\x80\xe2\x94\x80\xe2\x94\x80\xe2\x94\x80\xe2\x94\x80\xe2\x94\x80\xe2\x94\x80\xe2\x94\x80\xe2\x94\x80\xe2\x94\x80\xe2\x94\x80\xe2\x94\x80\xe2\x94\x80\xe2\x94\x80\xe2\x94\x80\xe2\x94\x80\xe2\x94\x80\xe2\x94\x80\xe2\x94\x80\xe2\x94\x80\xe2\x94\x80\xe2\x94\x80 */\n        .footer-cq {\n            background: var(--cq-navy-mid);\n            border-top: 1px solid var(--cq-border);\n            padding: 1.5rem 0;\n            margin-top: auto;\n        }\n        .footer-brand {\n            font-family: var(--font-heading); font-weight: 800;\n            color: var(--cq-cyan); font-size: 1rem; letter-spacing: 2px;\n        }\n        .footer-text { color: var(--cq-text-muted); font-size: 0.85rem; }\n        .footer-team { color: var(--cq-cyan); font-size: 0.85rem; font-weight: 600; }\n\n        /* \xe2\x94\x80\xe2\x94\x80 Scrollbar \xe2\x94\x80\xe2\x94\x80\xe2\x94\x80\xe2\x94\x80\xe2\x94\x80\xe2\x94\x80\xe2\x94\x80\xe2\x94\x80\xe2\x94\x80\xe2\x94\x80\xe2\x94\x80\xe2\x94\x80\xe2\x94\x80\xe2\x94\x80\xe2\x94\x80\xe2\x94\x80\xe2\x94\x80\xe2\x94\x80\xe2\x94\x80\xe2\x94\x80\xe2\x94\x80\xe2\x94\x80\xe2\x94\x80\xe2\x94\x80\xe2\x94\x80\xe2\x94\x80\xe2\x94\x80\xe2\x94\x80\xe2\x94\x80\xe2\x94\x80\xe2\x94\x80\xe2\x94\x80\xe2\x94\x80\xe2\x94\x80\xe2\x94\x80\xe2\x94\x80\xe2\x94\x80\xe2\x94\x80\xe2\x94\x80\xe2\x94\x80\xe2\x94\x80\xe2\x94\x80\xe2\x94\x80\xe2\x94\x80\xe2\x94\x80\xe2\x94\x80\xe2\x94\x80\xe2\x94\x80\xe2\x94\x80\xe2\x94\x80\xe2\x94\x80 */\n        ::-webkit-scrollbar { width: 6px; }\n        ::-webkit-scrollbar-track { background: var(--cq-navy); }\n        ::-webkit-scrollbar-thumb { background: var(--cq-navy-light); border-radius: 3px; }\n        ::-webkit-scrollbar-thumb:hover { background: var(--cq-cyan); }\n    </style>\n\n    \n</head>\n\n<body>\n\n<!-- \xe2\x94\x80\xe2\x94\x80 Navbar \xe2\x94\x80\xe2\x94\x80\xe2\x94\x80\xe2\x94\x80\xe2\x94\x80\xe2\x94\x80\xe2\x94\x80\xe2\x94\x80\xe2\x94\x80\xe2\x94\x80\xe2\x94\x80\xe2\x94\x80\xe2\x94\x80\xe2\x94\x80\xe2\x94\x80\xe2\x94\x80\xe2\x94\x80\xe2\x94\x80\xe2\x94\x80\xe2\x94\x80\xe2\x94\x80\xe2\x94\x80\xe2\x94\x80\xe2\x94\x80\xe2\x94\x80\xe2\x94\x80\xe2\x94\x80\xe2\x94\x80\xe2\x94\x80\xe2\x94\x80\xe2\x94\x80\xe2\x94\x80\xe2\x94\x80\xe2\x94\x80\xe2\x94\x80\xe2\x94\x80\xe2\x94\x80\xe2\x94\x80\xe2\x94\x80\xe2\x94\x80\xe2\x94\x80\xe2\x94\x80\xe2\x94\x80\xe2\x94\x80\xe2\x94\x80\xe2\x94\x80\xe2\x94\x80\xe2\x94\x80\xe2\x94\x80\xe2\x94\x80\xe2\x94\x80\xe2\x94\x80\xe2\x94\x80\xe2\x94\x80\xe2\x94\x80\xe2\x94\x80\xe2\x94\x80\xe2\x94\x80\xe2\x94\x80\xe2\x94\x80\xe2\x94\x80 -->\n<nav class="navbar navbar-expand-lg navbar-cyberquest">\n    <div class="container">\n        <!-- Fixed: use auth.login instead of non-existent \'home\' route -->\n        <a class="navbar-brand-cq"\n           href="/challenges">\n            <i class="bi bi-shield-fill-check brand-icon"></i>\n            CYBER<span style="color:#fff;">QUEST</span>\n        </a>\n\n        <button class="navbar-toggler" type="button"\n                data-bs-toggle="collapse" data-bs-target="#navbarMain">\n            <span class="navbar-toggler-icon"></span>\n        </button>\n\n        <div class="collapse navbar-collapse" id="navbarMain">\n            \n            <ul class="navbar-nav me-auto mb-2 mb-lg-0">\n                \n                <li class="nav-item">\n                    <a class="nav-link nav-link-cq" href="/challenges">\n                        <i class="bi bi-controller me-1"></i> Challenges\n                    </a>\n                </li>\n                <li class="nav-item">\n                    <a class="nav-link nav-link-cq" href="/progress">\n                        <i class="bi bi-bar-chart-fill me-1"></i> My Progress\n                    </a>\n                </li>\n                <li class="nav-item">\n                    <a class="nav-link nav-link-cq" href="/result">\n                        <i class="bi bi-trophy me-1"></i> Results\n                    </a>\n                </li>\n                \n            </ul>\n            \n\n            <div class="d-flex align-items-center gap-2">\n                \n                    <span class="navbar-username d-none d-md-inline">\n                        <i class="bi bi-person-circle me-1"></i>\n                        <strong>newstudent_test</strong>\n                        <span class="badge ms-1"\n                              style="background:rgba(0,180,216,0.15);\n                                     color:var(--cq-cyan); font-size:0.7rem;">\n                            Student\n                        </span>\n                    </span>\n                    \n                    <a href="/2fa/setup"\n                       class="btn-nav-login btn"\n                       title="2FA Settings">\n                        <i class="bi bi-shield-lock"></i>\n                    </a>\n                    \n                    <a href="/logout" class="btn-nav-login btn">\n                        <i class="bi bi-box-arrow-right me-1"></i> Logout\n                    </a>\n                \n            </div>\n        </div>\n    </div>\n</nav>\n\n<!-- \xe2\x94\x80\xe2\x94\x80 Flash Messages (handled once here, not in child templates) \xe2\x94\x80\xe2\x94\x80\xe2\x94\x80\xe2\x94\x80\xe2\x94\x80\xe2\x94\x80\xe2\x94\x80\xe2\x94\x80\xe2\x94\x80\xe2\x94\x80 -->\n<div class="flash-container">\n    <div class="container">\n        \n            \n        \n    </div>\n</div>\n\n<!-- \xe2\x94\x80\xe2\x94\x80 Main Content \xe2\x94\x80\xe2\x94\x80\xe2\x94\x80\xe2\x94\x80\xe2\x94\x80\xe2\x94\x80\xe2\x94\x80\xe2\x94\x80\xe2\x94\x80\xe2\x94\x80\xe2\x94\x80\xe2\x94\x80\xe2\x94\x80\xe2\x94\x80\xe2\x94\x80\xe2\x94\x80\xe2\x94\x80\xe2\x94\x80\xe2\x94\x80\xe2\x94\x80\xe2\x94\x80\xe2\x94\x80\xe2\x94\x80\xe2\x94\x80\xe2\x94\x80\xe2\x94\x80\xe2\x94\x80\xe2\x94\x80\xe2\x94\x80\xe2\x94\x80\xe2\x94\x80\xe2\x94\x80\xe2\x94\x80\xe2\x94\x80\xe2\x94\x80\xe2\x94\x80\xe2\x94\x80\xe2\x94\x80\xe2\x94\x80\xe2\x94\x80\xe2\x94\x80\xe2\x94\x80\xe2\x94\x80\xe2\x94\x80\xe2\x94\x80\xe2\x94\x80\xe2\x94\x80\xe2\x94\x80\xe2\x94\x80\xe2\x94\x80\xe2\x94\x80\xe2\x94\x80\xe2\x94\x80\xe2\x94\x80\xe2\x94\x80\xe2\x94\x80 -->\n<main>\n    \n<div class="container py-4">\n\n  <div class="d-flex justify-content-between align-items-center mb-4">\n    <div>\n      <h2 class="mb-0" style="color:var(--cq-cyan);">\xf0\x9f\x9b\xa1\xef\xb8\x8f Challenge Categories</h2>\n      <p style="color:var(--cq-text-muted);" class="mb-0">Choose a category to start earning points</p>\n    </div>\n    <div class="text-end">\n      <span class="badge-cq-gold fs-6 px-3 py-2">\xe2\xad\x90 0 pts</span>\n      <a href="/progress" class="btn btn-cq-outline ms-2">\xf0\x9f\x93\x8a My Progress</a>\n    </div>\n  </div>\n\n  <!-- Category Cards -->\n  <div class="row g-4 mb-5">\n    \n    <div class="col-md-4">\n      <div class="card-cq h-100 p-4 text-center" style="transition:border-color 0.2s,transform 0.2s;"\n           onmouseover="this.style.borderColor=\'var(--cq-cyan)\';this.style.transform=\'translateY(-4px)\'"\n           onmouseout="this.style.borderColor=\'var(--cq-border)\';this.style.transform=\'none\'">\n        <div style="font-size:3.5rem;" class="mb-3">\xf0\x9f\x8e\xa3</div>\n        <h4 style="color:var(--cq-cyan);">Phishing Awareness</h4>\n        <p style="color:var(--cq-text-muted);" class="small mb-3">Learn to spot phishing emails and social engineering attacks.</p>\n\n        <div class="mb-3">\n          <div class="d-flex justify-content-between small mb-1"\n               style="color:var(--cq-text-muted);">\n            <span>Progress</span>\n            <span>0/5</span>\n          </div>\n          <div class="progress-cq">\n            <div class="progress-bar" role="progressbar"\n                 style="width:0%">\n            </div>\n          </div>\n        </div>\n\n        <a href="/challenge/phishing"\n           class="btn btn-cq-primary w-100 fw-bold">\n          \xf0\x9f\x9a\x80 Start\n        </a>\n      </div>\n    </div>\n    \n    <div class="col-md-4">\n      <div class="card-cq h-100 p-4 text-center" style="transition:border-color 0.2s,transform 0.2s;"\n           onmouseover="this.style.borderColor=\'var(--cq-cyan)\';this.style.transform=\'translateY(-4px)\'"\n           onmouseout="this.style.borderColor=\'var(--cq-border)\';this.style.transform=\'none\'">\n        <div style="font-size:3.5rem;" class="mb-3">\xf0\x9f\x94\x90</div>\n        <h4 style="color:var(--cq-cyan);">Password Security</h4>\n        <p style="color:var(--cq-text-muted);" class="small mb-3">Master the art of strong passwords and authentication.</p>\n\n        <div class="mb-3">\n          <div class="d-flex justify-content-between small mb-1"\n               style="color:var(--cq-text-muted);">\n            <span>Progress</span>\n            <span>0/5</span>\n          </div>\n          <div class="progress-cq">\n            <div class="progress-bar" role="progressbar"\n                 style="width:0%">\n            </div>\n          </div>\n        </div>\n\n        <a href="/challenge/password"\n           class="btn btn-cq-primary w-100 fw-bold">\n          \xf0\x9f\x9a\x80 Start\n        </a>\n      </div>\n    </div>\n    \n    <div class="col-md-4">\n      <div class="card-cq h-100 p-4 text-center" style="transition:border-color 0.2s,transform 0.2s;"\n           onmouseover="this.style.borderColor=\'var(--cq-cyan)\';this.style.transform=\'translateY(-4px)\'"\n           onmouseout="this.style.borderColor=\'var(--cq-border)\';this.style.transform=\'none\'">\n        <div style="font-size:3.5rem;" class="mb-3">\xf0\x9f\x8c\x90</div>\n        <h4 style="color:var(--cq-cyan);">Safe Browsing</h4>\n        <p style="color:var(--cq-text-muted);" class="small mb-3">Stay safe online \xe2\x80\x94 VPNs, HTTPS, and browser threats.</p>\n\n        <div class="mb-3">\n          <div class="d-flex justify-content-between small mb-1"\n               style="color:var(--cq-text-muted);">\n            <span>Progress</span>\n            <span>0/5</span>\n          </div>\n          <div class="progress-cq">\n            <div class="progress-bar" role="progressbar"\n                 style="width:0%">\n            </div>\n          </div>\n        </div>\n\n        <a href="/challenge/browsing"\n           class="btn btn-cq-primary w-100 fw-bold">\n          \xf0\x9f\x9a\x80 Start\n        </a>\n      </div>\n    </div>\n    \n  </div>\n\n  <!-- Badges -->\n  \n\n</div>\n\n</main>\n\n<!-- \xe2\x94\x80\xe2\x94\x80 Footer \xe2\x94\x80\xe2\x94\x80\xe2\x94\x80\xe2\x94\x80\xe2\x94\x80\xe2\x94\x80\xe2\x94\x80\xe2\x94\x80\xe2\x94\x80\xe2\x94\x80\xe2\x94\x80\xe2\x94\x80\xe2\x94\x80\xe2\x94\x80\xe2\x94\x80\xe2\x94\x80\xe2\x94\x80\xe2\x94\x80\xe2\x94\x80\xe2\x94\x80\xe2\x94\x80\xe2\x94\x80\xe2\x94\x80\xe2\x94\x80\xe2\x94\x80\xe2\x94\x80\xe2\x94\x80\xe2\x94\x80\xe2\x94\x80\xe2\x94\x80\xe2\x94\x80\xe2\x94\x80\xe2\x94\x80\xe2\x94\x80\xe2\x94\x80\xe2\x94\x80\xe2\x94\x80\xe2\x94\x80\xe2\x94\x80\xe2\x94\x80\xe2\x94\x80\xe2\x94\x80\xe2\x94\x80\xe2\x94\x80\xe2\x94\x80\xe2\x94\x80\xe2\x94\x80\xe2\x94\x80\xe2\x94\x80\xe2\x94\x80\xe2\x94\x80\xe2\x94\x80\xe2\x94\x80\xe2\x94\x80\xe2\x94\x80\xe2\x94\x80\xe2\x94\x80\xe2\x94\x80\xe2\x94\x80\xe2\x94\x80\xe2\x94\x80 -->\n<footer class="footer-cq">\n    <div class="container">\n        <div class="row align-items-center">\n            <div class="col-md-3 mb-2 mb-md-0">\n                <div class="footer-brand"><i class="bi bi-shield-fill-check me-2"></i>CYBERQUEST</div>\n                <div class="footer-text">Cybersecurity Awareness Game</div>\n            </div>\n            <div class="col-md-5 mb-2 mb-md-0">\n                <div class="footer-text">\n                    <i class="bi bi-mortarboard-fill me-1"></i>\n                    ICT932 \xe2\x80\x94 Cybersecurity Testing and Assurance<br>\n                    Crown Institute of Higher Education (CIHE) \xc2\xa9 2026\n                </div>\n            </div>\n            <div class="col-md-4 text-md-end">\n                <div class="footer-team">\n                    Prashan Manandhar | Raju Kshetri | Pramesh Silwal | Susanta Dhakal\n                </div>\n            </div>\n        </div>\n    </div>\n</footer>\n\n<script src="https://cdn.jsdelivr.net/npm/bootstrap@5.3.0/dist/js/bootstrap.bundle.min.js"></script>\n\n\n</body>\n</html>' = <WrapperTestResponse 20602 bytes [200 OK]>.data
FAILED tests/test_auth.py::TestRegistration::test_register_missing_fields - assert b'required' in b'<!DOCTYPE html>\n<!--\n    base.html \xe2\x80\x94 Shared base template for CyberQuest\n    Authors: Susanta Dhakal (CIHE250321) & Pramesh Silwal (CIHE241339)\n    Fixed: Prashan Manandhar (CIHE241182) \xe2\x80\x94 removed broken url_for(\'home\')\n-->\n<html lang="en">\n<head>\n    <meta charset="UTF-8">\n    <meta name="viewport" content="width=device-width, initial-scale=1.0">\n    <meta name="description" content="CyberQuest \xe2\x80\x94 Cybersecurity Awareness Game for ICT932 CIHE">\n    <title>Challenges \xe2\x80\x94 CyberQuest | ICT932</title>\n\n    <!-- Bootstrap 5 CSS -->\n    <link href="https://cdn.jsdelivr.net/npm/bootstrap@5.3.0/dist/css/bootstrap.min.css" rel="stylesheet">\n    <!-- Bootstrap Icons -->\n    <link href="https://cdn.jsdelivr.net/npm/bootstrap-icons@1.11.0/font/bootstrap-icons.css" rel="stylesheet">\n    <!-- Google Fonts -->\n    <link href="https://fonts.googleapis.com/css2?family=Orbitron:wght@400;600;800&family=Rajdhani:wght@300;400;500;600&display=swap" rel="stylesheet">\n\n    <style>\n        /* \xe2\x94\x80\xe2\x94\x80 Design Tokens \xe2\x94\x80\xe2\x94\x80\xe2\x94\x80\xe2\x94\x80\xe2\x94\x80\xe2\x94\x80\xe2\x94\x80\xe2\x94\x80\xe2\x94\x80\xe2\x94\x80\xe2\x94\x80\xe2\x94\x80\xe2\x94\x80\xe2\x94\x80\xe2\x94\x80\xe2\x94\x80\xe2\x94\x80\xe2\x94\x80\xe2\x94\x80\xe2\x94\x80\xe2\x94\x80\xe2\x94\x80\xe2\x94\x80\xe2\x94\x80\xe2\x94\x80\xe2\x94\x80\xe2\x94\x80\xe2\x94\x80\xe2\x94\x80\xe2\x94\x80\xe2\x94\x80\xe2\x94\x80\xe2\x94\x80\xe2\x94\x80\xe2\x94\x80\xe2\x94\x80\xe2\x94\x80\xe2\x94\x80\xe2\x94\x80\xe2\x94\x80\xe2\x94\x80\xe2\x94\x80\xe2\x94\x80\xe2\x94\x80\xe2\x94\x80\xe2\x94\x80\xe2\x94\x80 */\n        :root {\n            --cq-navy:      #0D1B2A;\n            --cq-navy-mid:  #112233;\n            --cq-navy-light:#1A2E42;\n            --cq-cyan:      #00B4D8;\n            --cq-cyan-glow: #00D4FF;\n            --cq-green:     #00E676;\n            --cq-red:       #FF4D6D;\n            --cq-yellow:    #FFD60A;\n            --cq-text:      #E0EAF4;\n            --cq-text-muted:#7A9BB5;\n            --cq-border:    rgba(0, 180, 216, 0.2);\n            --cq-shadow:    0 4px 24px rgba(0, 180, 216, 0.12);\n            --cq-radius:    12px;\n            --font-heading: \'Orbitron\', monospace;\n            --font-body:    \'Rajdhani\', sans-serif;\n        }\n\n        *, *::before, *::after { box-sizing: border-box; }\n        html { scroll-behavior: smooth; }\n\n        body {\n            background-color: var(--cq-navy);\n            color: var(--cq-text);\n            font-family: var(--font-body);\n            font-size: 1.05rem;\n            min-height: 100vh;\n            display: flex;\n            flex-direction: column;\n        }\n\n        h1,h2,h3,h4,h5,h6 { font-family: var(--font-heading); }\n        main { flex: 1; }\n\n        /* \xe2\x94\x80\xe2\x94\x80 Navbar \xe2\x94\x80\xe2\x94\x80\xe2\x94\x80\xe2\x94\x80\xe2\x94\x80\xe2\x94\x80\xe2\x94\x80\xe2\x94\x80\xe2\x94\x80\xe2\x94\x80\xe2\x94\x80\xe2\x94\x80\xe2\x94\x80\xe2\x94\x80\xe2\x94\x80\xe2\x94\x80\xe2\x94\x80\xe2\x94\x80\xe2\x94\x80\xe2\x94\x80\xe2\x94\x80\xe2\x94\x80\xe2\x94\x80\xe2\x94\x80\xe2\x94\x80\xe2\x94\x80\xe2\x94\x80\xe2\x94\x80\xe2\x94\x80\xe2\x94\x80\xe2\x94\x80\xe2\x94\x80\xe2\x94\x80\xe2\x94\x80\xe2\x94\x80\xe2\x94\x80\xe2\x94\x80\xe2\x94\x80\xe2\x94\x80\xe2\x94\x80\xe2\x94\x80\xe2\x94\x80\xe2\x94\x80\xe2\x94\x80\xe2\x94\x80\xe2\x94\x80\xe2\x94\x80\xe2\x94\x80\xe2\x94\x80\xe2\x94\x80\xe2\x94\x80\xe2\x94\x80\xe2\x94\x80\xe2\x94\x80 */\n        .navbar-cyberquest {\n            background: rgba(13,27,42,0.97);\n            border-bottom: 1px solid var(--cq-border);\n            backdrop-filter: blur(10px);\n            padding: 0.75rem 0;\n            position: sticky; top: 0; z-index: 1000;\n        }\n        .navbar-brand-cq {\n            font-family: var(--font-heading); font-weight: 800;\n            font-size: 1.35rem; color: var(--cq-cyan) !important;\n            text-decoration: none; letter-spacing: 2px;\n            display: flex; align-items: center; gap: 0.5rem;\n        }\n        .navbar-brand-cq .brand-icon {\n            color: var(--cq-cyan-glow); font-size: 1.5rem;\n            filter: drop-shadow(0 0 6px var(--cq-cyan));\n        }\n        .navbar-brand-cq:hover { color: var(--cq-cyan-glow) !important; }\n        .nav-link-cq {\n            color: var(--cq-text-muted) !important;\n            font-family: var(--font-body); font-weight: 500;\n            font-size: 0.95rem; letter-spacing: 0.5px;\n            padding: 0.5rem 0.85rem !important;\n            border-radius: 6px;\n            transition: color 0.2s, background 0.2s;\n        }\n        .nav-link-cq:hover, .nav-link-cq.active {\n            color: var(--cq-cyan) !important;\n            background: rgba(0,180,216,0.08);\n        }\n        .btn-nav-login {\n            border: 1px solid var(--cq-cyan); color: var(--cq-cyan);\n            background: transparent; border-radius: 6px;\n            padding: 0.4rem 1rem; font-weight: 600; font-size: 0.9rem;\n            transition: all 0.2s;\n        }\n        .btn-nav-login:hover {\n            background: rgba(0,180,216,0.15); color: var(--cq-cyan-glow);\n        }\n        .btn-nav-register {\n            background: var(--cq-cyan); color: var(--cq-navy);\n            border: none; border-radius: 6px;\n            padding: 0.4rem 1rem; font-weight: 700; font-size: 0.9rem;\n            transition: all 0.2s;\n        }\n        .btn-nav-register:hover {\n            background: var(--cq-cyan-glow);\n            box-shadow: 0 4px 12px rgba(0,180,216,0.35);\n        }\n        .navbar-username { color: var(--cq-text-muted); font-size: 0.85rem; }\n        .navbar-username strong { color: var(--cq-cyan); }\n        .navbar-toggler { border-color: var(--cq-border); }\n        .navbar-toggler-icon { filter: invert(60%) sepia(80%) saturate(400%) hue-rotate(165deg); }\n\n        /* \xe2\x94\x80\xe2\x94\x80 Flash Messages \xe2\x94\x80\xe2\x94\x80\xe2\x94\x80\xe2\x94\x80\xe2\x94\x80\xe2\x94\x80\xe2\x94\x80\xe2\x94\x80\xe2\x94\x80\xe2\x94\x80\xe2\x94\x80\xe2\x94\x80\xe2\x94\x80\xe2\x94\x80\xe2\x94\x80\xe2\x94\x80\xe2\x94\x80\xe2\x94\x80\xe2\x94\x80\xe2\x94\x80\xe2\x94\x80\xe2\x94\x80\xe2\x94\x80\xe2\x94\x80\xe2\x94\x80\xe2\x94\x80\xe2\x94\x80\xe2\x94\x80\xe2\x94\x80\xe2\x94\x80\xe2\x94\x80\xe2\x94\x80\xe2\x94\x80\xe2\x94\x80\xe2\x94\x80\xe2\x94\x80\xe2\x94\x80\xe2\x94\x80\xe2\x94\x80\xe2\x94\x80\xe2\x94\x80\xe2\x94\x80\xe2\x94\x80\xe2\x94\x80\xe2\x94\x80\xe2\x94\x80 */\n        .flash-container { padding: 0.5rem 0; }\n        .alert-cq {\n            border-left: 4px solid; border-radius: 0 var(--cq-radius) var(--cq-radius) 0;\n            background: var(--cq-navy-mid); color: var(--cq-text);\n            border-top: none; border-right: none; border-bottom: none;\n            font-weight: 500;\n        }\n        .alert-cq.alert-success { border-color: var(--cq-green); }\n        .alert-cq.alert-danger  { border-color: var(--cq-red); }\n        .alert-cq.alert-info    { border-color: var(--cq-cyan); }\n        .alert-cq.alert-warning { border-color: var(--cq-yellow); }\n\n        /* \xe2\x94\x80\xe2\x94\x80 Dark Cards \xe2\x94\x80\xe2\x94\x80\xe2\x94\x80\xe2\x94\x80\xe2\x94\x80\xe2\x94\x80\xe2\x94\x80\xe2\x94\x80\xe2\x94\x80\xe2\x94\x80\xe2\x94\x80\xe2\x94\x80\xe2\x94\x80\xe2\x94\x80\xe2\x94\x80\xe2\x94\x80\xe2\x94\x80\xe2\x94\x80\xe2\x94\x80\xe2\x94\x80\xe2\x94\x80\xe2\x94\x80\xe2\x94\x80\xe2\x94\x80\xe2\x94\x80\xe2\x94\x80\xe2\x94\x80\xe2\x94\x80\xe2\x94\x80\xe2\x94\x80\xe2\x94\x80\xe2\x94\x80\xe2\x94\x80\xe2\x94\x80\xe2\x94\x80\xe2\x94\x80\xe2\x94\x80\xe2\x94\x80\xe2\x94\x80\xe2\x94\x80\xe2\x94\x80\xe2\x94\x80\xe2\x94\x80\xe2\x94\x80\xe2\x94\x80\xe2\x94\x80\xe2\x94\x80\xe2\x94\x80\xe2\x94\x80\xe2\x94\x80 */\n        .card-cq {\n            background: var(--cq-navy-mid);\n            border: 1px solid var(--cq-border);\n            border-radius: var(--cq-radius);\n            color: var(--cq-text);\n            box-shadow: var(--cq-shadow);\n        }\n        .card-cq .card-header {\n            background: var(--cq-navy-light);\n            border-bottom: 1px solid var(--cq-border);\n            color: var(--cq-text);\n            border-radius: var(--cq-radius) var(--cq-radius) 0 0;\n        }\n\n        /* \xe2\x94\x80\xe2\x94\x80 Dark Tables \xe2\x94\x80\xe2\x94\x80\xe2\x94\x80\xe2\x94\x80\xe2\x94\x80\xe2\x94\x80\xe2\x94\x80\xe2\x94\x80\xe2\x94\x80\xe2\x94\x80\xe2\x94\x80\xe2\x94\x80\xe2\x94\x80\xe2\x94\x80\xe2\x94\x80\xe2\x94\x80\xe2\x94\x80\xe2\x94\x80\xe2\x94\x80\xe2\x94\x80\xe2\x94\x80\xe2\x94\x80\xe2\x94\x80\xe2\x94\x80\xe2\x94\x80\xe2\x94\x80\xe2\x94\x80\xe2\x94\x80\xe2\x94\x80\xe2\x94\x80\xe2\x94\x80\xe2\x94\x80\xe2\x94\x80\xe2\x94\x80\xe2\x94\x80\xe2\x94\x80\xe2\x94\x80\xe2\x94\x80\xe2\x94\x80\xe2\x94\x80\xe2\x94\x80\xe2\x94\x80\xe2\x94\x80\xe2\x94\x80\xe2\x94\x80\xe2\x94\x80\xe2\x94\x80\xe2\x94\x80\xe2\x94\x80 */\n        .table-cq { color: var(--cq-text); }\n        .table-cq thead th {\n            background: var(--cq-navy-light);\n            color: var(--cq-cyan);\n            border-color: var(--cq-border);\n            font-family: var(--font-heading);\n            font-size: 0.8rem;\n            letter-spacing: 1px;\n        }\n        .table-cq tbody tr {\n            border-color: var(--cq-border);\n        }\n        .table-cq tbody tr:hover {\n            background: rgba(0,180,216,0.05);\n        }\n        .table-cq td, .table-cq th {\n            border-color: var(--cq-border);\n            vertical-align: middle;\n        }\n\n        /* \xe2\x94\x80\xe2\x94\x80 Dark Forms \xe2\x94\x80\xe2\x94\x80\xe2\x94\x80\xe2\x94\x80\xe2\x94\x80\xe2\x94\x80\xe2\x94\x80\xe2\x94\x80\xe2\x94\x80\xe2\x94\x80\xe2\x94\x80\xe2\x94\x80\xe2\x94\x80\xe2\x94\x80\xe2\x94\x80\xe2\x94\x80\xe2\x94\x80\xe2\x94\x80\xe2\x94\x80\xe2\x94\x80\xe2\x94\x80\xe2\x94\x80\xe2\x94\x80\xe2\x94\x80\xe2\x94\x80\xe2\x94\x80\xe2\x94\x80\xe2\x94\x80\xe2\x94\x80\xe2\x94\x80\xe2\x94\x80\xe2\x94\x80\xe2\x94\x80\xe2\x94\x80\xe2\x94\x80\xe2\x94\x80\xe2\x94\x80\xe2\x94\x80\xe2\x94\x80\xe2\x94\x80\xe2\x94\x80\xe2\x94\x80\xe2\x94\x80\xe2\x94\x80\xe2\x94\x80\xe2\x94\x80\xe2\x94\x80\xe2\x94\x80\xe2\x94\x80\xe2\x94\x80 */\n        .form-control-cq, .form-select-cq {\n            background: var(--cq-navy-light);\n            border: 1px solid var(--cq-border);\n            color: var(--cq-text);\n            border-radius: 8px;\n        }\n        .form-control-cq:focus, .form-select-cq:focus {\n            background: var(--cq-navy-light);\n            border-color: var(--cq-cyan);\n            color: var(--cq-text);\n            box-shadow: 0 0 0 3px rgba(0,180,216,0.2);\n        }\n        .form-control-cq::placeholder { color: var(--cq-text-muted); }\n\n        /* \xe2\x94\x80\xe2\x94\x80 CyberQuest Buttons \xe2\x94\x80\xe2\x94\x80\xe2\x94\x80\xe2\x94\x80\xe2\x94\x80\xe2\x94\x80\xe2\x94\x80\xe2\x94\x80\xe2\x94\x80\xe2\x94\x80\xe2\x94\x80\xe2\x94\x80\xe2\x94\x80\xe2\x94\x80\xe2\x94\x80\xe2\x94\x80\xe2\x94\x80\xe2\x94\x80\xe2\x94\x80\xe2\x94\x80\xe2\x94\x80\xe2\x94\x80\xe2\x94\x80\xe2\x94\x80\xe2\x94\x80\xe2\x94\x80\xe2\x94\x80\xe2\x94\x80\xe2\x94\x80\xe2\x94\x80\xe2\x94\x80\xe2\x94\x80\xe2\x94\x80\xe2\x94\x80\xe2\x94\x80\xe2\x94\x80\xe2\x94\x80\xe2\x94\x80\xe2\x94\x80\xe2\x94\x80\xe2\x94\x80\xe2\x94\x80 */\n        .btn-cq-primary {\n            background: var(--cq-cyan); color: var(--cq-navy);\n            border: none; font-weight: 700; border-radius: 8px;\n            font-family: var(--font-body); letter-spacing: 0.5px;\n            transition: all 0.2s;\n        }\n        .btn-cq-primary:hover {\n            background: var(--cq-cyan-glow);\n            box-shadow: 0 4px 16px rgba(0,180,216,0.4);\n        }\n        .btn-cq-outline {\n            border: 1px solid var(--cq-cyan); color: var(--cq-cyan);\n            background: transparent; border-radius: 8px;\n            font-weight: 600; transition: all 0.2s;\n        }\n        .btn-cq-outline:hover {\n            background: rgba(0,180,216,0.12); color: var(--cq-cyan-glow);\n        }\n        .btn-cq-danger {\n            border: 1px solid var(--cq-red); color: var(--cq-red);\n            background: transparent; border-radius: 8px;\n            font-weight: 600; transition: all 0.2s;\n        }\n        .btn-cq-danger:hover { background: rgba(255,77,109,0.12); }\n\n        /* \xe2\x94\x80\xe2\x94\x80 Badges / Pills \xe2\x94\x80\xe2\x94\x80\xe2\x94\x80\xe2\x94\x80\xe2\x94\x80\xe2\x94\x80\xe2\x94\x80\xe2\x94\x80\xe2\x94\x80\xe2\x94\x80\xe2\x94\x80\xe2\x94\x80\xe2\x94\x80\xe2\x94\x80\xe2\x94\x80\xe2\x94\x80\xe2\x94\x80\xe2\x94\x80\xe2\x94\x80\xe2\x94\x80\xe2\x94\x80\xe2\x94\x80\xe2\x94\x80\xe2\x94\x80\xe2\x94\x80\xe2\x94\x80\xe2\x94\x80\xe2\x94\x80\xe2\x94\x80\xe2\x94\x80\xe2\x94\x80\xe2\x94\x80\xe2\x94\x80\xe2\x94\x80\xe2\x94\x80\xe2\x94\x80\xe2\x94\x80\xe2\x94\x80\xe2\x94\x80\xe2\x94\x80\xe2\x94\x80\xe2\x94\x80\xe2\x94\x80\xe2\x94\x80\xe2\x94\x80\xe2\x94\x80 */\n        .badge-cq-cyan {\n            background: rgba(0,180,216,0.15);\n            color: var(--cq-cyan);\n            border: 1px solid var(--cq-border);\n            border-radius: 20px; padding: 0.3rem 0.8rem;\n            font-size: 0.8rem; font-weight: 600;\n        }\n        .badge-cq-gold {\n            background: rgba(255,214,10,0.15);\n            color: var(--cq-yellow);\n            border: 1px solid rgba(255,214,10,0.3);\n            border-radius: 20px; padding: 0.3rem 0.8rem;\n            font-size: 0.8rem; font-weight: 600;\n        }\n\n        /* \xe2\x94\x80\xe2\x94\x80 Progress bars \xe2\x94\x80\xe2\x94\x80\xe2\x94\x80\xe2\x94\x80\xe2\x94\x80\xe2\x94\x80\xe2\x94\x80\xe2\x94\x80\xe2\x94\x80\xe2\x94\x80\xe2\x94\x80\xe2\x94\x80\xe2\x94\x80\xe2\x94\x80\xe2\x94\x80\xe2\x94\x80\xe2\x94\x80\xe2\x94\x80\xe2\x94\x80\xe2\x94\x80\xe2\x94\x80\xe2\x94\x80\xe2\x94\x80\xe2\x94\x80\xe2\x94\x80\xe2\x94\x80\xe2\x94\x80\xe2\x94\x80\xe2\x94\x80\xe2\x94\x80\xe2\x94\x80\xe2\x94\x80\xe2\x94\x80\xe2\x94\x80\xe2\x94\x80\xe2\x94\x80\xe2\x94\x80\xe2\x94\x80\xe2\x94\x80\xe2\x94\x80\xe2\x94\x80\xe2\x94\x80\xe2\x94\x80\xe2\x94\x80\xe2\x94\x80\xe2\x94\x80\xe2\x94\x80 */\n        .progress-cq {\n            background: var(--cq-navy-light);\n            border-radius: 10px; height: 8px;\n        }\n        .progress-cq .progress-bar {\n            background: linear-gradient(90deg, var(--cq-cyan), var(--cq-green));\n            border-radius: 10px;\n        }\n\n        /* \xe2\x94\x80\xe2\x94\x80 Stat Cards \xe2\x94\x80\xe2\x94\x80\xe2\x94\x80\xe2\x94\x80\xe2\x94\x80\xe2\x94\x80\xe2\x94\x80\xe2\x94\x80\xe2\x94\x80\xe2\x94\x80\xe2\x94\x80\xe2\x94\x80\xe2\x94\x80\xe2\x94\x80\xe2\x94\x80\xe2\x94\x80\xe2\x94\x80\xe2\x94\x80\xe2\x94\x80\xe2\x94\x80\xe2\x94\x80\xe2\x94\x80\xe2\x94\x80\xe2\x94\x80\xe2\x94\x80\xe2\x94\x80\xe2\x94\x80\xe2\x94\x80\xe2\x94\x80\xe2\x94\x80\xe2\x94\x80\xe2\x94\x80\xe2\x94\x80\xe2\x94\x80\xe2\x94\x80\xe2\x94\x80\xe2\x94\x80\xe2\x94\x80\xe2\x94\x80\xe2\x94\x80\xe2\x94\x80\xe2\x94\x80\xe2\x94\x80\xe2\x94\x80\xe2\x94\x80\xe2\x94\x80\xe2\x94\x80\xe2\x94\x80\xe2\x94\x80\xe2\x94\x80 */\n        .stat-card {\n            background: var(--cq-navy-mid);\n            border: 1px solid var(--cq-border);\n            border-radius: var(--cq-radius);\n            padding: 1.5rem 1rem;\n            text-align: center;\n            transition: border-color 0.2s, transform 0.2s;\n        }\n        .stat-card:hover {\n            border-color: var(--cq-cyan);\n            transform: translateY(-2px);\n        }\n        .stat-card .stat-number {\n            font-family: var(--font-heading); font-size: 2rem;\n            font-weight: 800;\n        }\n        .stat-card .stat-label { color: var(--cq-text-muted); font-size: 0.85rem; }\n\n        /* \xe2\x94\x80\xe2\x94\x80 Footer \xe2\x94\x80\xe2\x94\x80\xe2\x94\x80\xe2\x94\x80\xe2\x94\x80\xe2\x94\x80\xe2\x94\x80\xe2\x94\x80\xe2\x94\x80\xe2\x94\x80\xe2\x94\x80\xe2\x94\x80\xe2\x94\x80\xe2\x94\x80\xe2\x94\x80\xe2\x94\x80\xe2\x94\x80\xe2\x94\x80\xe2\x94\x80\xe2\x94\x80\xe2\x94\x80\xe2\x94\x80\xe2\x94\x80\xe2\x94\x80\xe2\x94\x80\xe2\x94\x80\xe2\x94\x80\xe2\x94\x80\xe2\x94\x80\xe2\x94\x80\xe2\x94\x80\xe2\x94\x80\xe2\x94\x80\xe2\x94\x80\xe2\x94\x80\xe2\x94\x80\xe2\x94\x80\xe2\x94\x80\xe2\x94\x80\xe2\x94\x80\xe2\x94\x80\xe2\x94\x80\xe2\x94\x80\xe2\x94\x80\xe2\x94\x80\xe2\x94\x80\xe2\x94\x80\xe2\x94\x80\xe2\x94\x80\xe2\x94\x80\xe2\x94\x80\xe2\x94\x80\xe2\x94\x80\xe2\x94\x80 */\n        .footer-cq {\n            background: var(--cq-navy-mid);\n            border-top: 1px solid var(--cq-border);\n            padding: 1.5rem 0;\n            margin-top: auto;\n        }\n        .footer-brand {\n            font-family: var(--font-heading); font-weight: 800;\n            color: var(--cq-cyan); font-size: 1rem; letter-spacing: 2px;\n        }\n        .footer-text { color: var(--cq-text-muted); font-size: 0.85rem; }\n        .footer-team { color: var(--cq-cyan); font-size: 0.85rem; font-weight: 600; }\n\n        /* \xe2\x94\x80\xe2\x94\x80 Scrollbar \xe2\x94\x80\xe2\x94\x80\xe2\x94\x80\xe2\x94\x80\xe2\x94\x80\xe2\x94\x80\xe2\x94\x80\xe2\x94\x80\xe2\x94\x80\xe2\x94\x80\xe2\x94\x80\xe2\x94\x80\xe2\x94\x80\xe2\x94\x80\xe2\x94\x80\xe2\x94\x80\xe2\x94\x80\xe2\x94\x80\xe2\x94\x80\xe2\x94\x80\xe2\x94\x80\xe2\x94\x80\xe2\x94\x80\xe2\x94\x80\xe2\x94\x80\xe2\x94\x80\xe2\x94\x80\xe2\x94\x80\xe2\x94\x80\xe2\x94\x80\xe2\x94\x80\xe2\x94\x80\xe2\x94\x80\xe2\x94\x80\xe2\x94\x80\xe2\x94\x80\xe2\x94\x80\xe2\x94\x80\xe2\x94\x80\xe2\x94\x80\xe2\x94\x80\xe2\x94\x80\xe2\x94\x80\xe2\x94\x80\xe2\x94\x80\xe2\x94\x80\xe2\x94\x80\xe2\x94\x80\xe2\x94\x80\xe2\x94\x80\xe2\x94\x80 */\n        ::-webkit-scrollbar { width: 6px; }\n        ::-webkit-scrollbar-track { background: var(--cq-navy); }\n        ::-webkit-scrollbar-thumb { background: var(--cq-navy-light); border-radius: 3px; }\n        ::-webkit-scrollbar-thumb:hover { background: var(--cq-cyan); }\n    </style>\n\n    \n</head>\n\n<body>\n\n<!-- \xe2\x94\x80\xe2\x94\x80 Navbar \xe2\x94\x80\xe2\x94\x80\xe2\x94\x80\xe2\x94\x80\xe2\x94\x80\xe2\x94\x80\xe2\x94\x80\xe2\x94\x80\xe2\x94\x80\xe2\x94\x80\xe2\x94\x80\xe2\x94\x80\xe2\x94\x80\xe2\x94\x80\xe2\x94\x80\xe2\x94\x80\xe2\x94\x80\xe2\x94\x80\xe2\x94\x80\xe2\x94\x80\xe2\x94\x80\xe2\x94\x80\xe2\x94\x80\xe2\x94\x80\xe2\x94\x80\xe2\x94\x80\xe2\x94\x80\xe2\x94\x80\xe2\x94\x80\xe2\x94\x80\xe2\x94\x80\xe2\x94\x80\xe2\x94\x80\xe2\x94\x80\xe2\x94\x80\xe2\x94\x80\xe2\x94\x80\xe2\x94\x80\xe2\x94\x80\xe2\x94\x80\xe2\x94\x80\xe2\x94\x80\xe2\x94\x80\xe2\x94\x80\xe2\x94\x80\xe2\x94\x80\xe2\x94\x80\xe2\x94\x80\xe2\x94\x80\xe2\x94\x80\xe2\x94\x80\xe2\x94\x80\xe2\x94\x80\xe2\x94\x80\xe2\x94\x80\xe2\x94\x80\xe2\x94\x80\xe2\x94\x80\xe2\x94\x80\xe2\x94\x80\xe2\x94\x80 -->\n<nav class="navbar navbar-expand-lg navbar-cyberquest">\n    <div class="container">\n        <!-- Fixed: use auth.login instead of non-existent \'home\' route -->\n        <a class="navbar-brand-cq"\n           href="/challenges">\n            <i class="bi bi-shield-fill-check brand-icon"></i>\n            CYBER<span style="color:#fff;">QUEST</span>\n        </a>\n\n        <button class="navbar-toggler" type="button"\n                data-bs-toggle="collapse" data-bs-target="#navbarMain">\n            <span class="navbar-toggler-icon"></span>\n        </button>\n\n        <div class="collapse navbar-collapse" id="navbarMain">\n            \n            <ul class="navbar-nav me-auto mb-2 mb-lg-0">\n                \n                <li class="nav-item">\n                    <a class="nav-link nav-link-cq" href="/challenges">\n                        <i class="bi bi-controller me-1"></i> Challenges\n                    </a>\n                </li>\n                <li class="nav-item">\n                    <a class="nav-link nav-link-cq" href="/progress">\n                        <i class="bi bi-bar-chart-fill me-1"></i> My Progress\n                    </a>\n                </li>\n                <li class="nav-item">\n                    <a class="nav-link nav-link-cq" href="/result">\n                        <i class="bi bi-trophy me-1"></i> Results\n                    </a>\n                </li>\n                \n            </ul>\n            \n\n            <div class="d-flex align-items-center gap-2">\n                \n                    <span class="navbar-username d-none d-md-inline">\n                        <i class="bi bi-person-circle me-1"></i>\n                        <strong>newstudent_test</strong>\n                        <span class="badge ms-1"\n                              style="background:rgba(0,180,216,0.15);\n                                     color:var(--cq-cyan); font-size:0.7rem;">\n                            Student\n                        </span>\n                    </span>\n                    \n                    <a href="/2fa/setup"\n                       class="btn-nav-login btn"\n                       title="2FA Settings">\n                        <i class="bi bi-shield-lock"></i>\n                    </a>\n                    \n                    <a href="/logout" class="btn-nav-login btn">\n                        <i class="bi bi-box-arrow-right me-1"></i> Logout\n                    </a>\n                \n            </div>\n        </div>\n    </div>\n</nav>\n\n<!-- \xe2\x94\x80\xe2\x94\x80 Flash Messages (handled once here, not in child templates) \xe2\x94\x80\xe2\x94\x80\xe2\x94\x80\xe2\x94\x80\xe2\x94\x80\xe2\x94\x80\xe2\x94\x80\xe2\x94\x80\xe2\x94\x80\xe2\x94\x80 -->\n<div class="flash-container">\n    <div class="container">\n        \n            \n        \n    </div>\n</div>\n\n<!-- \xe2\x94\x80\xe2\x94\x80 Main Content \xe2\x94\x80\xe2\x94\x80\xe2\x94\x80\xe2\x94\x80\xe2\x94\x80\xe2\x94\x80\xe2\x94\x80\xe2\x94\x80\xe2\x94\x80\xe2\x94\x80\xe2\x94\x80\xe2\x94\x80\xe2\x94\x80\xe2\x94\x80\xe2\x94\x80\xe2\x94\x80\xe2\x94\x80\xe2\x94\x80\xe2\x94\x80\xe2\x94\x80\xe2\x94\x80\xe2\x94\x80\xe2\x94\x80\xe2\x94\x80\xe2\x94\x80\xe2\x94\x80\xe2\x94\x80\xe2\x94\x80\xe2\x94\x80\xe2\x94\x80\xe2\x94\x80\xe2\x94\x80\xe2\x94\x80\xe2\x94\x80\xe2\x94\x80\xe2\x94\x80\xe2\x94\x80\xe2\x94\x80\xe2\x94\x80\xe2\x94\x80\xe2\x94\x80\xe2\x94\x80\xe2\x94\x80\xe2\x94\x80\xe2\x94\x80\xe2\x94\x80\xe2\x94\x80\xe2\x94\x80\xe2\x94\x80\xe2\x94\x80\xe2\x94\x80\xe2\x94\x80\xe2\x94\x80\xe2\x94\x80\xe2\x94\x80\xe2\x94\x80 -->\n<main>\n    \n<div class="container py-4">\n\n  <div class="d-flex justify-content-between align-items-center mb-4">\n    <div>\n      <h2 class="mb-0" style="color:var(--cq-cyan);">\xf0\x9f\x9b\xa1\xef\xb8\x8f Challenge Categories</h2>\n      <p style="color:var(--cq-text-muted);" class="mb-0">Choose a category to start earning points</p>\n    </div>\n    <div class="text-end">\n      <span class="badge-cq-gold fs-6 px-3 py-2">\xe2\xad\x90 0 pts</span>\n      <a href="/progress" class="btn btn-cq-outline ms-2">\xf0\x9f\x93\x8a My Progress</a>\n    </div>\n  </div>\n\n  <!-- Category Cards -->\n  <div class="row g-4 mb-5">\n    \n    <div class="col-md-4">\n      <div class="card-cq h-100 p-4 text-center" style="transition:border-color 0.2s,transform 0.2s;"\n           onmouseover="this.style.borderColor=\'var(--cq-cyan)\';this.style.transform=\'translateY(-4px)\'"\n           onmouseout="this.style.borderColor=\'var(--cq-border)\';this.style.transform=\'none\'">\n        <div style="font-size:3.5rem;" class="mb-3">\xf0\x9f\x8e\xa3</div>\n        <h4 style="color:var(--cq-cyan);">Phishing Awareness</h4>\n        <p style="color:var(--cq-text-muted);" class="small mb-3">Learn to spot phishing emails and social engineering attacks.</p>\n\n        <div class="mb-3">\n          <div class="d-flex justify-content-between small mb-1"\n               style="color:var(--cq-text-muted);">\n            <span>Progress</span>\n            <span>0/5</span>\n          </div>\n          <div class="progress-cq">\n            <div class="progress-bar" role="progressbar"\n                 style="width:0%">\n            </div>\n          </div>\n        </div>\n\n        <a href="/challenge/phishing"\n           class="btn btn-cq-primary w-100 fw-bold">\n          \xf0\x9f\x9a\x80 Start\n        </a>\n      </div>\n    </div>\n    \n    <div class="col-md-4">\n      <div class="card-cq h-100 p-4 text-center" style="transition:border-color 0.2s,transform 0.2s;"\n           onmouseover="this.style.borderColor=\'var(--cq-cyan)\';this.style.transform=\'translateY(-4px)\'"\n           onmouseout="this.style.borderColor=\'var(--cq-border)\';this.style.transform=\'none\'">\n        <div style="font-size:3.5rem;" class="mb-3">\xf0\x9f\x94\x90</div>\n        <h4 style="color:var(--cq-cyan);">Password Security</h4>\n        <p style="color:var(--cq-text-muted);" class="small mb-3">Master the art of strong passwords and authentication.</p>\n\n        <div class="mb-3">\n          <div class="d-flex justify-content-between small mb-1"\n               style="color:var(--cq-text-muted);">\n            <span>Progress</span>\n            <span>0/5</span>\n          </div>\n          <div class="progress-cq">\n            <div class="progress-bar" role="progressbar"\n                 style="width:0%">\n            </div>\n          </div>\n        </div>\n\n        <a href="/challenge/password"\n           class="btn btn-cq-primary w-100 fw-bold">\n          \xf0\x9f\x9a\x80 Start\n        </a>\n      </div>\n    </div>\n    \n    <div class="col-md-4">\n      <div class="card-cq h-100 p-4 text-center" style="transition:border-color 0.2s,transform 0.2s;"\n           onmouseover="this.style.borderColor=\'var(--cq-cyan)\';this.style.transform=\'translateY(-4px)\'"\n           onmouseout="this.style.borderColor=\'var(--cq-border)\';this.style.transform=\'none\'">\n        <div style="font-size:3.5rem;" class="mb-3">\xf0\x9f\x8c\x90</div>\n        <h4 style="color:var(--cq-cyan);">Safe Browsing</h4>\n        <p style="color:var(--cq-text-muted);" class="small mb-3">Stay safe online \xe2\x80\x94 VPNs, HTTPS, and browser threats.</p>\n\n        <div class="mb-3">\n          <div class="d-flex justify-content-between small mb-1"\n               style="color:var(--cq-text-muted);">\n            <span>Progress</span>\n            <span>0/5</span>\n          </div>\n          <div class="progress-cq">\n            <div class="progress-bar" role="progressbar"\n                 style="width:0%">\n            </div>\n          </div>\n        </div>\n\n        <a href="/challenge/browsing"\n           class="btn btn-cq-primary w-100 fw-bold">\n          \xf0\x9f\x9a\x80 Start\n        </a>\n      </div>\n    </div>\n    \n  </div>\n\n  <!-- Badges -->\n  \n\n</div>\n\n</main>\n\n<!-- \xe2\x94\x80\xe2\x94\x80 Footer \xe2\x94\x80\xe2\x94\x80\xe2\x94\x80\xe2\x94\x80\xe2\x94\x80\xe2\x94\x80\xe2\x94\x80\xe2\x94\x80\xe2\x94\x80\xe2\x94\x80\xe2\x94\x80\xe2\x94\x80\xe2\x94\x80\xe2\x94\x80\xe2\x94\x80\xe2\x94\x80\xe2\x94\x80\xe2\x94\x80\xe2\x94\x80\xe2\x94\x80\xe2\x94\x80\xe2\x94\x80\xe2\x94\x80\xe2\x94\x80\xe2\x94\x80\xe2\x94\x80\xe2\x94\x80\xe2\x94\x80\xe2\x94\x80\xe2\x94\x80\xe2\x94\x80\xe2\x94\x80\xe2\x94\x80\xe2\x94\x80\xe2\x94\x80\xe2\x94\x80\xe2\x94\x80\xe2\x94\x80\xe2\x94\x80\xe2\x94\x80\xe2\x94\x80\xe2\x94\x80\xe2\x94\x80\xe2\x94\x80\xe2\x94\x80\xe2\x94\x80\xe2\x94\x80\xe2\x94\x80\xe2\x94\x80\xe2\x94\x80\xe2\x94\x80\xe2\x94\x80\xe2\x94\x80\xe2\x94\x80\xe2\x94\x80\xe2\x94\x80\xe2\x94\x80\xe2\x94\x80\xe2\x94\x80\xe2\x94\x80\xe2\x94\x80 -->\n<footer class="footer-cq">\n    <div class="container">\n        <div class="row align-items-center">\n            <div class="col-md-3 mb-2 mb-md-0">\n                <div class="footer-brand"><i class="bi bi-shield-fill-check me-2"></i>CYBERQUEST</div>\n                <div class="footer-text">Cybersecurity Awareness Game</div>\n            </div>\n            <div class="col-md-5 mb-2 mb-md-0">\n                <div class="footer-text">\n                    <i class="bi bi-mortarboard-fill me-1"></i>\n                    ICT932 \xe2\x80\x94 Cybersecurity Testing and Assurance<br>\n                    Crown Institute of Higher Education (CIHE) \xc2\xa9 2026\n                </div>\n            </div>\n            <div class="col-md-4 text-md-end">\n                <div class="footer-team">\n                    Prashan Manandhar | Raju Kshetri | Pramesh Silwal | Susanta Dhakal\n                </div>\n            </div>\n        </div>\n    </div>\n</footer>\n\n<script src="https://cdn.jsdelivr.net/npm/bootstrap@5.3.0/dist/js/bootstrap.bundle.min.js"></script>\n\n\n</body>\n</html>'
 +  where b'<!DOCTYPE html>\n<!--\n    base.html \xe2\x80\x94 Shared base template for CyberQuest\n    Authors: Susanta Dhakal (CIHE250321) & Pramesh Silwal (CIHE241339)\n    Fixed: Prashan Manandhar (CIHE241182) \xe2\x80\x94 removed broken url_for(\'home\')\n-->\n<html lang="en">\n<head>\n    <meta charset="UTF-8">\n    <meta name="viewport" content="width=device-width, initial-scale=1.0">\n    <meta name="description" content="CyberQuest \xe2\x80\x94 Cybersecurity Awareness Game for ICT932 CIHE">\n    <title>Challenges \xe2\x80\x94 CyberQuest | ICT932</title>\n\n    <!-- Bootstrap 5 CSS -->\n    <link href="https://cdn.jsdelivr.net/npm/bootstrap@5.3.0/dist/css/bootstrap.min.css" rel="stylesheet">\n    <!-- Bootstrap Icons -->\n    <link href="https://cdn.jsdelivr.net/npm/bootstrap-icons@1.11.0/font/bootstrap-icons.css" rel="stylesheet">\n    <!-- Google Fonts -->\n    <link href="https://fonts.googleapis.com/css2?family=Orbitron:wght@400;600;800&family=Rajdhani:wght@300;400;500;600&display=swap" rel="stylesheet">\n\n    <style>\n        /* \xe2\x94\x80\xe2\x94\x80 Design Tokens \xe2\x94\x80\xe2\x94\x80\xe2\x94\x80\xe2\x94\x80\xe2\x94\x80\xe2\x94\x80\xe2\x94\x80\xe2\x94\x80\xe2\x94\x80\xe2\x94\x80\xe2\x94\x80\xe2\x94\x80\xe2\x94\x80\xe2\x94\x80\xe2\x94\x80\xe2\x94\x80\xe2\x94\x80\xe2\x94\x80\xe2\x94\x80\xe2\x94\x80\xe2\x94\x80\xe2\x94\x80\xe2\x94\x80\xe2\x94\x80\xe2\x94\x80\xe2\x94\x80\xe2\x94\x80\xe2\x94\x80\xe2\x94\x80\xe2\x94\x80\xe2\x94\x80\xe2\x94\x80\xe2\x94\x80\xe2\x94\x80\xe2\x94\x80\xe2\x94\x80\xe2\x94\x80\xe2\x94\x80\xe2\x94\x80\xe2\x94\x80\xe2\x94\x80\xe2\x94\x80\xe2\x94\x80\xe2\x94\x80\xe2\x94\x80\xe2\x94\x80\xe2\x94\x80 */\n        :root {\n            --cq-navy:      #0D1B2A;\n            --cq-navy-mid:  #112233;\n            --cq-navy-light:#1A2E42;\n            --cq-cyan:      #00B4D8;\n            --cq-cyan-glow: #00D4FF;\n            --cq-green:     #00E676;\n            --cq-red:       #FF4D6D;\n            --cq-yellow:    #FFD60A;\n            --cq-text:      #E0EAF4;\n            --cq-text-muted:#7A9BB5;\n            --cq-border:    rgba(0, 180, 216, 0.2);\n            --cq-shadow:    0 4px 24px rgba(0, 180, 216, 0.12);\n            --cq-radius:    12px;\n            --font-heading: \'Orbitron\', monospace;\n            --font-body:    \'Rajdhani\', sans-serif;\n        }\n\n        *, *::before, *::after { box-sizing: border-box; }\n        html { scroll-behavior: smooth; }\n\n        body {\n            background-color: var(--cq-navy);\n            color: var(--cq-text);\n            font-family: var(--font-body);\n            font-size: 1.05rem;\n            min-height: 100vh;\n            display: flex;\n            flex-direction: column;\n        }\n\n        h1,h2,h3,h4,h5,h6 { font-family: var(--font-heading); }\n        main { flex: 1; }\n\n        /* \xe2\x94\x80\xe2\x94\x80 Navbar \xe2\x94\x80\xe2\x94\x80\xe2\x94\x80\xe2\x94\x80\xe2\x94\x80\xe2\x94\x80\xe2\x94\x80\xe2\x94\x80\xe2\x94\x80\xe2\x94\x80\xe2\x94\x80\xe2\x94\x80\xe2\x94\x80\xe2\x94\x80\xe2\x94\x80\xe2\x94\x80\xe2\x94\x80\xe2\x94\x80\xe2\x94\x80\xe2\x94\x80\xe2\x94\x80\xe2\x94\x80\xe2\x94\x80\xe2\x94\x80\xe2\x94\x80\xe2\x94\x80\xe2\x94\x80\xe2\x94\x80\xe2\x94\x80\xe2\x94\x80\xe2\x94\x80\xe2\x94\x80\xe2\x94\x80\xe2\x94\x80\xe2\x94\x80\xe2\x94\x80\xe2\x94\x80\xe2\x94\x80\xe2\x94\x80\xe2\x94\x80\xe2\x94\x80\xe2\x94\x80\xe2\x94\x80\xe2\x94\x80\xe2\x94\x80\xe2\x94\x80\xe2\x94\x80\xe2\x94\x80\xe2\x94\x80\xe2\x94\x80\xe2\x94\x80\xe2\x94\x80\xe2\x94\x80\xe2\x94\x80 */\n        .navbar-cyberquest {\n            background: rgba(13,27,42,0.97);\n            border-bottom: 1px solid var(--cq-border);\n            backdrop-filter: blur(10px);\n            padding: 0.75rem 0;\n            position: sticky; top: 0; z-index: 1000;\n        }\n        .navbar-brand-cq {\n            font-family: var(--font-heading); font-weight: 800;\n            font-size: 1.35rem; color: var(--cq-cyan) !important;\n            text-decoration: none; letter-spacing: 2px;\n            display: flex; align-items: center; gap: 0.5rem;\n        }\n        .navbar-brand-cq .brand-icon {\n            color: var(--cq-cyan-glow); font-size: 1.5rem;\n            filter: drop-shadow(0 0 6px var(--cq-cyan));\n        }\n        .navbar-brand-cq:hover { color: var(--cq-cyan-glow) !important; }\n        .nav-link-cq {\n            color: var(--cq-text-muted) !important;\n            font-family: var(--font-body); font-weight: 500;\n            font-size: 0.95rem; letter-spacing: 0.5px;\n            padding: 0.5rem 0.85rem !important;\n            border-radius: 6px;\n            transition: color 0.2s, background 0.2s;\n        }\n        .nav-link-cq:hover, .nav-link-cq.active {\n            color: var(--cq-cyan) !important;\n            background: rgba(0,180,216,0.08);\n        }\n        .btn-nav-login {\n            border: 1px solid var(--cq-cyan); color: var(--cq-cyan);\n            background: transparent; border-radius: 6px;\n            padding: 0.4rem 1rem; font-weight: 600; font-size: 0.9rem;\n            transition: all 0.2s;\n        }\n        .btn-nav-login:hover {\n            background: rgba(0,180,216,0.15); color: var(--cq-cyan-glow);\n        }\n        .btn-nav-register {\n            background: var(--cq-cyan); color: var(--cq-navy);\n            border: none; border-radius: 6px;\n            padding: 0.4rem 1rem; font-weight: 700; font-size: 0.9rem;\n            transition: all 0.2s;\n        }\n        .btn-nav-register:hover {\n            background: var(--cq-cyan-glow);\n            box-shadow: 0 4px 12px rgba(0,180,216,0.35);\n        }\n        .navbar-username { color: var(--cq-text-muted); font-size: 0.85rem; }\n        .navbar-username strong { color: var(--cq-cyan); }\n        .navbar-toggler { border-color: var(--cq-border); }\n        .navbar-toggler-icon { filter: invert(60%) sepia(80%) saturate(400%) hue-rotate(165deg); }\n\n        /* \xe2\x94\x80\xe2\x94\x80 Flash Messages \xe2\x94\x80\xe2\x94\x80\xe2\x94\x80\xe2\x94\x80\xe2\x94\x80\xe2\x94\x80\xe2\x94\x80\xe2\x94\x80\xe2\x94\x80\xe2\x94\x80\xe2\x94\x80\xe2\x94\x80\xe2\x94\x80\xe2\x94\x80\xe2\x94\x80\xe2\x94\x80\xe2\x94\x80\xe2\x94\x80\xe2\x94\x80\xe2\x94\x80\xe2\x94\x80\xe2\x94\x80\xe2\x94\x80\xe2\x94\x80\xe2\x94\x80\xe2\x94\x80\xe2\x94\x80\xe2\x94\x80\xe2\x94\x80\xe2\x94\x80\xe2\x94\x80\xe2\x94\x80\xe2\x94\x80\xe2\x94\x80\xe2\x94\x80\xe2\x94\x80\xe2\x94\x80\xe2\x94\x80\xe2\x94\x80\xe2\x94\x80\xe2\x94\x80\xe2\x94\x80\xe2\x94\x80\xe2\x94\x80\xe2\x94\x80\xe2\x94\x80 */\n        .flash-container { padding: 0.5rem 0; }\n        .alert-cq {\n            border-left: 4px solid; border-radius: 0 var(--cq-radius) var(--cq-radius) 0;\n            background: var(--cq-navy-mid); color: var(--cq-text);\n            border-top: none; border-right: none; border-bottom: none;\n            font-weight: 500;\n        }\n        .alert-cq.alert-success { border-color: var(--cq-green); }\n        .alert-cq.alert-danger  { border-color: var(--cq-red); }\n        .alert-cq.alert-info    { border-color: var(--cq-cyan); }\n        .alert-cq.alert-warning { border-color: var(--cq-yellow); }\n\n        /* \xe2\x94\x80\xe2\x94\x80 Dark Cards \xe2\x94\x80\xe2\x94\x80\xe2\x94\x80\xe2\x94\x80\xe2\x94\x80\xe2\x94\x80\xe2\x94\x80\xe2\x94\x80\xe2\x94\x80\xe2\x94\x80\xe2\x94\x80\xe2\x94\x80\xe2\x94\x80\xe2\x94\x80\xe2\x94\x80\xe2\x94\x80\xe2\x94\x80\xe2\x94\x80\xe2\x94\x80\xe2\x94\x80\xe2\x94\x80\xe2\x94\x80\xe2\x94\x80\xe2\x94\x80\xe2\x94\x80\xe2\x94\x80\xe2\x94\x80\xe2\x94\x80\xe2\x94\x80\xe2\x94\x80\xe2\x94\x80\xe2\x94\x80\xe2\x94\x80\xe2\x94\x80\xe2\x94\x80\xe2\x94\x80\xe2\x94\x80\xe2\x94\x80\xe2\x94\x80\xe2\x94\x80\xe2\x94\x80\xe2\x94\x80\xe2\x94\x80\xe2\x94\x80\xe2\x94\x80\xe2\x94\x80\xe2\x94\x80\xe2\x94\x80\xe2\x94\x80\xe2\x94\x80 */\n        .card-cq {\n            background: var(--cq-navy-mid);\n            border: 1px solid var(--cq-border);\n            border-radius: var(--cq-radius);\n            color: var(--cq-text);\n            box-shadow: var(--cq-shadow);\n        }\n        .card-cq .card-header {\n            background: var(--cq-navy-light);\n            border-bottom: 1px solid var(--cq-border);\n            color: var(--cq-text);\n            border-radius: var(--cq-radius) var(--cq-radius) 0 0;\n        }\n\n        /* \xe2\x94\x80\xe2\x94\x80 Dark Tables \xe2\x94\x80\xe2\x94\x80\xe2\x94\x80\xe2\x94\x80\xe2\x94\x80\xe2\x94\x80\xe2\x94\x80\xe2\x94\x80\xe2\x94\x80\xe2\x94\x80\xe2\x94\x80\xe2\x94\x80\xe2\x94\x80\xe2\x94\x80\xe2\x94\x80\xe2\x94\x80\xe2\x94\x80\xe2\x94\x80\xe2\x94\x80\xe2\x94\x80\xe2\x94\x80\xe2\x94\x80\xe2\x94\x80\xe2\x94\x80\xe2\x94\x80\xe2\x94\x80\xe2\x94\x80\xe2\x94\x80\xe2\x94\x80\xe2\x94\x80\xe2\x94\x80\xe2\x94\x80\xe2\x94\x80\xe2\x94\x80\xe2\x94\x80\xe2\x94\x80\xe2\x94\x80\xe2\x94\x80\xe2\x94\x80\xe2\x94\x80\xe2\x94\x80\xe2\x94\x80\xe2\x94\x80\xe2\x94\x80\xe2\x94\x80\xe2\x94\x80\xe2\x94\x80\xe2\x94\x80\xe2\x94\x80 */\n        .table-cq { color: var(--cq-text); }\n        .table-cq thead th {\n            background: var(--cq-navy-light);\n            color: var(--cq-cyan);\n            border-color: var(--cq-border);\n            font-family: var(--font-heading);\n            font-size: 0.8rem;\n            letter-spacing: 1px;\n        }\n        .table-cq tbody tr {\n            border-color: var(--cq-border);\n        }\n        .table-cq tbody tr:hover {\n            background: rgba(0,180,216,0.05);\n        }\n        .table-cq td, .table-cq th {\n            border-color: var(--cq-border);\n            vertical-align: middle;\n        }\n\n        /* \xe2\x94\x80\xe2\x94\x80 Dark Forms \xe2\x94\x80\xe2\x94\x80\xe2\x94\x80\xe2\x94\x80\xe2\x94\x80\xe2\x94\x80\xe2\x94\x80\xe2\x94\x80\xe2\x94\x80\xe2\x94\x80\xe2\x94\x80\xe2\x94\x80\xe2\x94\x80\xe2\x94\x80\xe2\x94\x80\xe2\x94\x80\xe2\x94\x80\xe2\x94\x80\xe2\x94\x80\xe2\x94\x80\xe2\x94\x80\xe2\x94\x80\xe2\x94\x80\xe2\x94\x80\xe2\x94\x80\xe2\x94\x80\xe2\x94\x80\xe2\x94\x80\xe2\x94\x80\xe2\x94\x80\xe2\x94\x80\xe2\x94\x80\xe2\x94\x80\xe2\x94\x80\xe2\x94\x80\xe2\x94\x80\xe2\x94\x80\xe2\x94\x80\xe2\x94\x80\xe2\x94\x80\xe2\x94\x80\xe2\x94\x80\xe2\x94\x80\xe2\x94\x80\xe2\x94\x80\xe2\x94\x80\xe2\x94\x80\xe2\x94\x80\xe2\x94\x80\xe2\x94\x80 */\n        .form-control-cq, .form-select-cq {\n            background: var(--cq-navy-light);\n            border: 1px solid var(--cq-border);\n            color: var(--cq-text);\n            border-radius: 8px;\n        }\n        .form-control-cq:focus, .form-select-cq:focus {\n            background: var(--cq-navy-light);\n            border-color: var(--cq-cyan);\n            color: var(--cq-text);\n            box-shadow: 0 0 0 3px rgba(0,180,216,0.2);\n        }\n        .form-control-cq::placeholder { color: var(--cq-text-muted); }\n\n        /* \xe2\x94\x80\xe2\x94\x80 CyberQuest Buttons \xe2\x94\x80\xe2\x94\x80\xe2\x94\x80\xe2\x94\x80\xe2\x94\x80\xe2\x94\x80\xe2\x94\x80\xe2\x94\x80\xe2\x94\x80\xe2\x94\x80\xe2\x94\x80\xe2\x94\x80\xe2\x94\x80\xe2\x94\x80\xe2\x94\x80\xe2\x94\x80\xe2\x94\x80\xe2\x94\x80\xe2\x94\x80\xe2\x94\x80\xe2\x94\x80\xe2\x94\x80\xe2\x94\x80\xe2\x94\x80\xe2\x94\x80\xe2\x94\x80\xe2\x94\x80\xe2\x94\x80\xe2\x94\x80\xe2\x94\x80\xe2\x94\x80\xe2\x94\x80\xe2\x94\x80\xe2\x94\x80\xe2\x94\x80\xe2\x94\x80\xe2\x94\x80\xe2\x94\x80\xe2\x94\x80\xe2\x94\x80\xe2\x94\x80\xe2\x94\x80 */\n        .btn-cq-primary {\n            background: var(--cq-cyan); color: var(--cq-navy);\n            border: none; font-weight: 700; border-radius: 8px;\n            font-family: var(--font-body); letter-spacing: 0.5px;\n            transition: all 0.2s;\n        }\n        .btn-cq-primary:hover {\n            background: var(--cq-cyan-glow);\n            box-shadow: 0 4px 16px rgba(0,180,216,0.4);\n        }\n        .btn-cq-outline {\n            border: 1px solid var(--cq-cyan); color: var(--cq-cyan);\n            background: transparent; border-radius: 8px;\n            font-weight: 600; transition: all 0.2s;\n        }\n        .btn-cq-outline:hover {\n            background: rgba(0,180,216,0.12); color: var(--cq-cyan-glow);\n        }\n        .btn-cq-danger {\n            border: 1px solid var(--cq-red); color: var(--cq-red);\n            background: transparent; border-radius: 8px;\n            font-weight: 600; transition: all 0.2s;\n        }\n        .btn-cq-danger:hover { background: rgba(255,77,109,0.12); }\n\n        /* \xe2\x94\x80\xe2\x94\x80 Badges / Pills \xe2\x94\x80\xe2\x94\x80\xe2\x94\x80\xe2\x94\x80\xe2\x94\x80\xe2\x94\x80\xe2\x94\x80\xe2\x94\x80\xe2\x94\x80\xe2\x94\x80\xe2\x94\x80\xe2\x94\x80\xe2\x94\x80\xe2\x94\x80\xe2\x94\x80\xe2\x94\x80\xe2\x94\x80\xe2\x94\x80\xe2\x94\x80\xe2\x94\x80\xe2\x94\x80\xe2\x94\x80\xe2\x94\x80\xe2\x94\x80\xe2\x94\x80\xe2\x94\x80\xe2\x94\x80\xe2\x94\x80\xe2\x94\x80\xe2\x94\x80\xe2\x94\x80\xe2\x94\x80\xe2\x94\x80\xe2\x94\x80\xe2\x94\x80\xe2\x94\x80\xe2\x94\x80\xe2\x94\x80\xe2\x94\x80\xe2\x94\x80\xe2\x94\x80\xe2\x94\x80\xe2\x94\x80\xe2\x94\x80\xe2\x94\x80\xe2\x94\x80 */\n        .badge-cq-cyan {\n            background: rgba(0,180,216,0.15);\n            color: var(--cq-cyan);\n            border: 1px solid var(--cq-border);\n            border-radius: 20px; padding: 0.3rem 0.8rem;\n            font-size: 0.8rem; font-weight: 600;\n        }\n        .badge-cq-gold {\n            background: rgba(255,214,10,0.15);\n            color: var(--cq-yellow);\n            border: 1px solid rgba(255,214,10,0.3);\n            border-radius: 20px; padding: 0.3rem 0.8rem;\n            font-size: 0.8rem; font-weight: 600;\n        }\n\n        /* \xe2\x94\x80\xe2\x94\x80 Progress bars \xe2\x94\x80\xe2\x94\x80\xe2\x94\x80\xe2\x94\x80\xe2\x94\x80\xe2\x94\x80\xe2\x94\x80\xe2\x94\x80\xe2\x94\x80\xe2\x94\x80\xe2\x94\x80\xe2\x94\x80\xe2\x94\x80\xe2\x94\x80\xe2\x94\x80\xe2\x94\x80\xe2\x94\x80\xe2\x94\x80\xe2\x94\x80\xe2\x94\x80\xe2\x94\x80\xe2\x94\x80\xe2\x94\x80\xe2\x94\x80\xe2\x94\x80\xe2\x94\x80\xe2\x94\x80\xe2\x94\x80\xe2\x94\x80\xe2\x94\x80\xe2\x94\x80\xe2\x94\x80\xe2\x94\x80\xe2\x94\x80\xe2\x94\x80\xe2\x94\x80\xe2\x94\x80\xe2\x94\x80\xe2\x94\x80\xe2\x94\x80\xe2\x94\x80\xe2\x94\x80\xe2\x94\x80\xe2\x94\x80\xe2\x94\x80\xe2\x94\x80\xe2\x94\x80 */\n        .progress-cq {\n            background: var(--cq-navy-light);\n            border-radius: 10px; height: 8px;\n        }\n        .progress-cq .progress-bar {\n            background: linear-gradient(90deg, var(--cq-cyan), var(--cq-green));\n            border-radius: 10px;\n        }\n\n        /* \xe2\x94\x80\xe2\x94\x80 Stat Cards \xe2\x94\x80\xe2\x94\x80\xe2\x94\x80\xe2\x94\x80\xe2\x94\x80\xe2\x94\x80\xe2\x94\x80\xe2\x94\x80\xe2\x94\x80\xe2\x94\x80\xe2\x94\x80\xe2\x94\x80\xe2\x94\x80\xe2\x94\x80\xe2\x94\x80\xe2\x94\x80\xe2\x94\x80\xe2\x94\x80\xe2\x94\x80\xe2\x94\x80\xe2\x94\x80\xe2\x94\x80\xe2\x94\x80\xe2\x94\x80\xe2\x94\x80\xe2\x94\x80\xe2\x94\x80\xe2\x94\x80\xe2\x94\x80\xe2\x94\x80\xe2\x94\x80\xe2\x94\x80\xe2\x94\x80\xe2\x94\x80\xe2\x94\x80\xe2\x94\x80\xe2\x94\x80\xe2\x94\x80\xe2\x94\x80\xe2\x94\x80\xe2\x94\x80\xe2\x94\x80\xe2\x94\x80\xe2\x94\x80\xe2\x94\x80\xe2\x94\x80\xe2\x94\x80\xe2\x94\x80\xe2\x94\x80\xe2\x94\x80 */\n        .stat-card {\n            background: var(--cq-navy-mid);\n            border: 1px solid var(--cq-border);\n            border-radius: var(--cq-radius);\n            padding: 1.5rem 1rem;\n            text-align: center;\n            transition: border-color 0.2s, transform 0.2s;\n        }\n        .stat-card:hover {\n            border-color: var(--cq-cyan);\n            transform: translateY(-2px);\n        }\n        .stat-card .stat-number {\n            font-family: var(--font-heading); font-size: 2rem;\n            font-weight: 800;\n        }\n        .stat-card .stat-label { color: var(--cq-text-muted); font-size: 0.85rem; }\n\n        /* \xe2\x94\x80\xe2\x94\x80 Footer \xe2\x94\x80\xe2\x94\x80\xe2\x94\x80\xe2\x94\x80\xe2\x94\x80\xe2\x94\x80\xe2\x94\x80\xe2\x94\x80\xe2\x94\x80\xe2\x94\x80\xe2\x94\x80\xe2\x94\x80\xe2\x94\x80\xe2\x94\x80\xe2\x94\x80\xe2\x94\x80\xe2\x94\x80\xe2\x94\x80\xe2\x94\x80\xe2\x94\x80\xe2\x94\x80\xe2\x94\x80\xe2\x94\x80\xe2\x94\x80\xe2\x94\x80\xe2\x94\x80\xe2\x94\x80\xe2\x94\x80\xe2\x94\x80\xe2\x94\x80\xe2\x94\x80\xe2\x94\x80\xe2\x94\x80\xe2\x94\x80\xe2\x94\x80\xe2\x94\x80\xe2\x94\x80\xe2\x94\x80\xe2\x94\x80\xe2\x94\x80\xe2\x94\x80\xe2\x94\x80\xe2\x94\x80\xe2\x94\x80\xe2\x94\x80\xe2\x94\x80\xe2\x94\x80\xe2\x94\x80\xe2\x94\x80\xe2\x94\x80\xe2\x94\x80\xe2\x94\x80\xe2\x94\x80\xe2\x94\x80 */\n        .footer-cq {\n            background: var(--cq-navy-mid);\n            border-top: 1px solid var(--cq-border);\n            padding: 1.5rem 0;\n            margin-top: auto;\n        }\n        .footer-brand {\n            font-family: var(--font-heading); font-weight: 800;\n            color: var(--cq-cyan); font-size: 1rem; letter-spacing: 2px;\n        }\n        .footer-text { color: var(--cq-text-muted); font-size: 0.85rem; }\n        .footer-team { color: var(--cq-cyan); font-size: 0.85rem; font-weight: 600; }\n\n        /* \xe2\x94\x80\xe2\x94\x80 Scrollbar \xe2\x94\x80\xe2\x94\x80\xe2\x94\x80\xe2\x94\x80\xe2\x94\x80\xe2\x94\x80\xe2\x94\x80\xe2\x94\x80\xe2\x94\x80\xe2\x94\x80\xe2\x94\x80\xe2\x94\x80\xe2\x94\x80\xe2\x94\x80\xe2\x94\x80\xe2\x94\x80\xe2\x94\x80\xe2\x94\x80\xe2\x94\x80\xe2\x94\x80\xe2\x94\x80\xe2\x94\x80\xe2\x94\x80\xe2\x94\x80\xe2\x94\x80\xe2\x94\x80\xe2\x94\x80\xe2\x94\x80\xe2\x94\x80\xe2\x94\x80\xe2\x94\x80\xe2\x94\x80\xe2\x94\x80\xe2\x94\x80\xe2\x94\x80\xe2\x94\x80\xe2\x94\x80\xe2\x94\x80\xe2\x94\x80\xe2\x94\x80\xe2\x94\x80\xe2\x94\x80\xe2\x94\x80\xe2\x94\x80\xe2\x94\x80\xe2\x94\x80\xe2\x94\x80\xe2\x94\x80\xe2\x94\x80\xe2\x94\x80\xe2\x94\x80 */\n        ::-webkit-scrollbar { width: 6px; }\n        ::-webkit-scrollbar-track { background: var(--cq-navy); }\n        ::-webkit-scrollbar-thumb { background: var(--cq-navy-light); border-radius: 3px; }\n        ::-webkit-scrollbar-thumb:hover { background: var(--cq-cyan); }\n    </style>\n\n    \n</head>\n\n<body>\n\n<!-- \xe2\x94\x80\xe2\x94\x80 Navbar \xe2\x94\x80\xe2\x94\x80\xe2\x94\x80\xe2\x94\x80\xe2\x94\x80\xe2\x94\x80\xe2\x94\x80\xe2\x94\x80\xe2\x94\x80\xe2\x94\x80\xe2\x94\x80\xe2\x94\x80\xe2\x94\x80\xe2\x94\x80\xe2\x94\x80\xe2\x94\x80\xe2\x94\x80\xe2\x94\x80\xe2\x94\x80\xe2\x94\x80\xe2\x94\x80\xe2\x94\x80\xe2\x94\x80\xe2\x94\x80\xe2\x94\x80\xe2\x94\x80\xe2\x94\x80\xe2\x94\x80\xe2\x94\x80\xe2\x94\x80\xe2\x94\x80\xe2\x94\x80\xe2\x94\x80\xe2\x94\x80\xe2\x94\x80\xe2\x94\x80\xe2\x94\x80\xe2\x94\x80\xe2\x94\x80\xe2\x94\x80\xe2\x94\x80\xe2\x94\x80\xe2\x94\x80\xe2\x94\x80\xe2\x94\x80\xe2\x94\x80\xe2\x94\x80\xe2\x94\x80\xe2\x94\x80\xe2\x94\x80\xe2\x94\x80\xe2\x94\x80\xe2\x94\x80\xe2\x94\x80\xe2\x94\x80\xe2\x94\x80\xe2\x94\x80\xe2\x94\x80\xe2\x94\x80\xe2\x94\x80\xe2\x94\x80 -->\n<nav class="navbar navbar-expand-lg navbar-cyberquest">\n    <div class="container">\n        <!-- Fixed: use auth.login instead of non-existent \'home\' route -->\n        <a class="navbar-brand-cq"\n           href="/challenges">\n            <i class="bi bi-shield-fill-check brand-icon"></i>\n            CYBER<span style="color:#fff;">QUEST</span>\n        </a>\n\n        <button class="navbar-toggler" type="button"\n                data-bs-toggle="collapse" data-bs-target="#navbarMain">\n            <span class="navbar-toggler-icon"></span>\n        </button>\n\n        <div class="collapse navbar-collapse" id="navbarMain">\n            \n            <ul class="navbar-nav me-auto mb-2 mb-lg-0">\n                \n                <li class="nav-item">\n                    <a class="nav-link nav-link-cq" href="/challenges">\n                        <i class="bi bi-controller me-1"></i> Challenges\n                    </a>\n                </li>\n                <li class="nav-item">\n                    <a class="nav-link nav-link-cq" href="/progress">\n                        <i class="bi bi-bar-chart-fill me-1"></i> My Progress\n                    </a>\n                </li>\n                <li class="nav-item">\n                    <a class="nav-link nav-link-cq" href="/result">\n                        <i class="bi bi-trophy me-1"></i> Results\n                    </a>\n                </li>\n                \n            </ul>\n            \n\n            <div class="d-flex align-items-center gap-2">\n                \n                    <span class="navbar-username d-none d-md-inline">\n                        <i class="bi bi-person-circle me-1"></i>\n                        <strong>newstudent_test</strong>\n                        <span class="badge ms-1"\n                              style="background:rgba(0,180,216,0.15);\n                                     color:var(--cq-cyan); font-size:0.7rem;">\n                            Student\n                        </span>\n                    </span>\n                    \n                    <a href="/2fa/setup"\n                       class="btn-nav-login btn"\n                       title="2FA Settings">\n                        <i class="bi bi-shield-lock"></i>\n                    </a>\n                    \n                    <a href="/logout" class="btn-nav-login btn">\n                        <i class="bi bi-box-arrow-right me-1"></i> Logout\n                    </a>\n                \n            </div>\n        </div>\n    </div>\n</nav>\n\n<!-- \xe2\x94\x80\xe2\x94\x80 Flash Messages (handled once here, not in child templates) \xe2\x94\x80\xe2\x94\x80\xe2\x94\x80\xe2\x94\x80\xe2\x94\x80\xe2\x94\x80\xe2\x94\x80\xe2\x94\x80\xe2\x94\x80\xe2\x94\x80 -->\n<div class="flash-container">\n    <div class="container">\n        \n            \n        \n    </div>\n</div>\n\n<!-- \xe2\x94\x80\xe2\x94\x80 Main Content \xe2\x94\x80\xe2\x94\x80\xe2\x94\x80\xe2\x94\x80\xe2\x94\x80\xe2\x94\x80\xe2\x94\x80\xe2\x94\x80\xe2\x94\x80\xe2\x94\x80\xe2\x94\x80\xe2\x94\x80\xe2\x94\x80\xe2\x94\x80\xe2\x94\x80\xe2\x94\x80\xe2\x94\x80\xe2\x94\x80\xe2\x94\x80\xe2\x94\x80\xe2\x94\x80\xe2\x94\x80\xe2\x94\x80\xe2\x94\x80\xe2\x94\x80\xe2\x94\x80\xe2\x94\x80\xe2\x94\x80\xe2\x94\x80\xe2\x94\x80\xe2\x94\x80\xe2\x94\x80\xe2\x94\x80\xe2\x94\x80\xe2\x94\x80\xe2\x94\x80\xe2\x94\x80\xe2\x94\x80\xe2\x94\x80\xe2\x94\x80\xe2\x94\x80\xe2\x94\x80\xe2\x94\x80\xe2\x94\x80\xe2\x94\x80\xe2\x94\x80\xe2\x94\x80\xe2\x94\x80\xe2\x94\x80\xe2\x94\x80\xe2\x94\x80\xe2\x94\x80\xe2\x94\x80\xe2\x94\x80\xe2\x94\x80\xe2\x94\x80 -->\n<main>\n    \n<div class="container py-4">\n\n  <div class="d-flex justify-content-between align-items-center mb-4">\n    <div>\n      <h2 class="mb-0" style="color:var(--cq-cyan);">\xf0\x9f\x9b\xa1\xef\xb8\x8f Challenge Categories</h2>\n      <p style="color:var(--cq-text-muted);" class="mb-0">Choose a category to start earning points</p>\n    </div>\n    <div class="text-end">\n      <span class="badge-cq-gold fs-6 px-3 py-2">\xe2\xad\x90 0 pts</span>\n      <a href="/progress" class="btn btn-cq-outline ms-2">\xf0\x9f\x93\x8a My Progress</a>\n    </div>\n  </div>\n\n  <!-- Category Cards -->\n  <div class="row g-4 mb-5">\n    \n    <div class="col-md-4">\n      <div class="card-cq h-100 p-4 text-center" style="transition:border-color 0.2s,transform 0.2s;"\n           onmouseover="this.style.borderColor=\'var(--cq-cyan)\';this.style.transform=\'translateY(-4px)\'"\n           onmouseout="this.style.borderColor=\'var(--cq-border)\';this.style.transform=\'none\'">\n        <div style="font-size:3.5rem;" class="mb-3">\xf0\x9f\x8e\xa3</div>\n        <h4 style="color:var(--cq-cyan);">Phishing Awareness</h4>\n        <p style="color:var(--cq-text-muted);" class="small mb-3">Learn to spot phishing emails and social engineering attacks.</p>\n\n        <div class="mb-3">\n          <div class="d-flex justify-content-between small mb-1"\n               style="color:var(--cq-text-muted);">\n            <span>Progress</span>\n            <span>0/5</span>\n          </div>\n          <div class="progress-cq">\n            <div class="progress-bar" role="progressbar"\n                 style="width:0%">\n            </div>\n          </div>\n        </div>\n\n        <a href="/challenge/phishing"\n           class="btn btn-cq-primary w-100 fw-bold">\n          \xf0\x9f\x9a\x80 Start\n        </a>\n      </div>\n    </div>\n    \n    <div class="col-md-4">\n      <div class="card-cq h-100 p-4 text-center" style="transition:border-color 0.2s,transform 0.2s;"\n           onmouseover="this.style.borderColor=\'var(--cq-cyan)\';this.style.transform=\'translateY(-4px)\'"\n           onmouseout="this.style.borderColor=\'var(--cq-border)\';this.style.transform=\'none\'">\n        <div style="font-size:3.5rem;" class="mb-3">\xf0\x9f\x94\x90</div>\n        <h4 style="color:var(--cq-cyan);">Password Security</h4>\n        <p style="color:var(--cq-text-muted);" class="small mb-3">Master the art of strong passwords and authentication.</p>\n\n        <div class="mb-3">\n          <div class="d-flex justify-content-between small mb-1"\n               style="color:var(--cq-text-muted);">\n            <span>Progress</span>\n            <span>0/5</span>\n          </div>\n          <div class="progress-cq">\n            <div class="progress-bar" role="progressbar"\n                 style="width:0%">\n            </div>\n          </div>\n        </div>\n\n        <a href="/challenge/password"\n           class="btn btn-cq-primary w-100 fw-bold">\n          \xf0\x9f\x9a\x80 Start\n        </a>\n      </div>\n    </div>\n    \n    <div class="col-md-4">\n      <div class="card-cq h-100 p-4 text-center" style="transition:border-color 0.2s,transform 0.2s;"\n           onmouseover="this.style.borderColor=\'var(--cq-cyan)\';this.style.transform=\'translateY(-4px)\'"\n           onmouseout="this.style.borderColor=\'var(--cq-border)\';this.style.transform=\'none\'">\n        <div style="font-size:3.5rem;" class="mb-3">\xf0\x9f\x8c\x90</div>\n        <h4 style="color:var(--cq-cyan);">Safe Browsing</h4>\n        <p style="color:var(--cq-text-muted);" class="small mb-3">Stay safe online \xe2\x80\x94 VPNs, HTTPS, and browser threats.</p>\n\n        <div class="mb-3">\n          <div class="d-flex justify-content-between small mb-1"\n               style="color:var(--cq-text-muted);">\n            <span>Progress</span>\n            <span>0/5</span>\n          </div>\n          <div class="progress-cq">\n            <div class="progress-bar" role="progressbar"\n                 style="width:0%">\n            </div>\n          </div>\n        </div>\n\n        <a href="/challenge/browsing"\n           class="btn btn-cq-primary w-100 fw-bold">\n          \xf0\x9f\x9a\x80 Start\n        </a>\n      </div>\n    </div>\n    \n  </div>\n\n  <!-- Badges -->\n  \n\n</div>\n\n</main>\n\n<!-- \xe2\x94\x80\xe2\x94\x80 Footer \xe2\x94\x80\xe2\x94\x80\xe2\x94\x80\xe2\x94\x80\xe2\x94\x80\xe2\x94\x80\xe2\x94\x80\xe2\x94\x80\xe2\x94\x80\xe2\x94\x80\xe2\x94\x80\xe2\x94\x80\xe2\x94\x80\xe2\x94\x80\xe2\x94\x80\xe2\x94\x80\xe2\x94\x80\xe2\x94\x80\xe2\x94\x80\xe2\x94\x80\xe2\x94\x80\xe2\x94\x80\xe2\x94\x80\xe2\x94\x80\xe2\x94\x80\xe2\x94\x80\xe2\x94\x80\xe2\x94\x80\xe2\x94\x80\xe2\x94\x80\xe2\x94\x80\xe2\x94\x80\xe2\x94\x80\xe2\x94\x80\xe2\x94\x80\xe2\x94\x80\xe2\x94\x80\xe2\x94\x80\xe2\x94\x80\xe2\x94\x80\xe2\x94\x80\xe2\x94\x80\xe2\x94\x80\xe2\x94\x80\xe2\x94\x80\xe2\x94\x80\xe2\x94\x80\xe2\x94\x80\xe2\x94\x80\xe2\x94\x80\xe2\x94\x80\xe2\x94\x80\xe2\x94\x80\xe2\x94\x80\xe2\x94\x80\xe2\x94\x80\xe2\x94\x80\xe2\x94\x80\xe2\x94\x80\xe2\x94\x80\xe2\x94\x80 -->\n<footer class="footer-cq">\n    <div class="container">\n        <div class="row align-items-center">\n            <div class="col-md-3 mb-2 mb-md-0">\n                <div class="footer-brand"><i class="bi bi-shield-fill-check me-2"></i>CYBERQUEST</div>\n                <div class="footer-text">Cybersecurity Awareness Game</div>\n            </div>\n            <div class="col-md-5 mb-2 mb-md-0">\n                <div class="footer-text">\n                    <i class="bi bi-mortarboard-fill me-1"></i>\n                    ICT932 \xe2\x80\x94 Cybersecurity Testing and Assurance<br>\n                    Crown Institute of Higher Education (CIHE) \xc2\xa9 2026\n                </div>\n            </div>\n            <div class="col-md-4 text-md-end">\n                <div class="footer-team">\n                    Prashan Manandhar | Raju Kshetri | Pramesh Silwal | Susanta Dhakal\n                </div>\n            </div>\n        </div>\n    </div>\n</footer>\n\n<script src="https://cdn.jsdelivr.net/npm/bootstrap@5.3.0/dist/js/bootstrap.bundle.min.js"></script>\n\n\n</body>\n</html>' = <WrapperTestResponse 20602 bytes [200 OK]>.data
FAILED tests/test_auth.py::TestRegistration::test_register_teacher_without_code_fails - assert b'Invalid teacher' in b'<!DOCTYPE html>\n<!--\n    base.html \xe2\x80\x94 Shared base template for CyberQuest\n    Authors: Susanta Dhakal (CIHE250321) & Pramesh Silwal (CIHE241339)\n    Fixed: Prashan Manandhar (CIHE241182) \xe2\x80\x94 removed broken url_for(\'home\')\n-->\n<html lang="en">\n<head>\n    <meta charset="UTF-8">\n    <meta name="viewport" content="width=device-width, initial-scale=1.0">\n    <meta name="description" content="CyberQuest \xe2\x80\x94 Cybersecurity Awareness Game for ICT932 CIHE">\n    <title>Challenges \xe2\x80\x94 CyberQuest | ICT932</title>\n\n    <!-- Bootstrap 5 CSS -->\n    <link href="https://cdn.jsdelivr.net/npm/bootstrap@5.3.0/dist/css/bootstrap.min.css" rel="stylesheet">\n    <!-- Bootstrap Icons -->\n    <link href="https://cdn.jsdelivr.net/npm/bootstrap-icons@1.11.0/font/bootstrap-icons.css" rel="stylesheet">\n    <!-- Google Fonts -->\n    <link href="https://fonts.googleapis.com/css2?family=Orbitron:wght@400;600;800&family=Rajdhani:wght@300;400;500;600&display=swap" rel="stylesheet">\n\n    <style>\n        /* \xe2\x94\x80\xe2\x94\x80 Design Tokens \xe2\x94\x80\xe2\x94\x80\xe2\x94\x80\xe2\x94\x80\xe2\x94\x80\xe2\x94\x80\xe2\x94\x80\xe2\x94\x80\xe2\x94\x80\xe2\x94\x80\xe2\x94\x80\xe2\x94\x80\xe2\x94\x80\xe2\x94\x80\xe2\x94\x80\xe2\x94\x80\xe2\x94\x80\xe2\x94\x80\xe2\x94\x80\xe2\x94\x80\xe2\x94\x80\xe2\x94\x80\xe2\x94\x80\xe2\x94\x80\xe2\x94\x80\xe2\x94\x80\xe2\x94\x80\xe2\x94\x80\xe2\x94\x80\xe2\x94\x80\xe2\x94\x80\xe2\x94\x80\xe2\x94\x80\xe2\x94\x80\xe2\x94\x80\xe2\x94\x80\xe2\x94\x80\xe2\x94\x80\xe2\x94\x80\xe2\x94\x80\xe2\x94\x80\xe2\x94\x80\xe2\x94\x80\xe2\x94\x80\xe2\x94\x80\xe2\x94\x80\xe2\x94\x80 */\n        :root {\n            --cq-navy:      #0D1B2A;\n            --cq-navy-mid:  #112233;\n            --cq-navy-light:#1A2E42;\n            --cq-cyan:      #00B4D8;\n            --cq-cyan-glow: #00D4FF;\n            --cq-green:     #00E676;\n            --cq-red:       #FF4D6D;\n            --cq-yellow:    #FFD60A;\n            --cq-text:      #E0EAF4;\n            --cq-text-muted:#7A9BB5;\n            --cq-border:    rgba(0, 180, 216, 0.2);\n            --cq-shadow:    0 4px 24px rgba(0, 180, 216, 0.12);\n            --cq-radius:    12px;\n            --font-heading: \'Orbitron\', monospace;\n            --font-body:    \'Rajdhani\', sans-serif;\n        }\n\n        *, *::before, *::after { box-sizing: border-box; }\n        html { scroll-behavior: smooth; }\n\n        body {\n            background-color: var(--cq-navy);\n            color: var(--cq-text);\n            font-family: var(--font-body);\n            font-size: 1.05rem;\n            min-height: 100vh;\n            display: flex;\n            flex-direction: column;\n        }\n\n        h1,h2,h3,h4,h5,h6 { font-family: var(--font-heading); }\n        main { flex: 1; }\n\n        /* \xe2\x94\x80\xe2\x94\x80 Navbar \xe2\x94\x80\xe2\x94\x80\xe2\x94\x80\xe2\x94\x80\xe2\x94\x80\xe2\x94\x80\xe2\x94\x80\xe2\x94\x80\xe2\x94\x80\xe2\x94\x80\xe2\x94\x80\xe2\x94\x80\xe2\x94\x80\xe2\x94\x80\xe2\x94\x80\xe2\x94\x80\xe2\x94\x80\xe2\x94\x80\xe2\x94\x80\xe2\x94\x80\xe2\x94\x80\xe2\x94\x80\xe2\x94\x80\xe2\x94\x80\xe2\x94\x80\xe2\x94\x80\xe2\x94\x80\xe2\x94\x80\xe2\x94\x80\xe2\x94\x80\xe2\x94\x80\xe2\x94\x80\xe2\x94\x80\xe2\x94\x80\xe2\x94\x80\xe2\x94\x80\xe2\x94\x80\xe2\x94\x80\xe2\x94\x80\xe2\x94\x80\xe2\x94\x80\xe2\x94\x80\xe2\x94\x80\xe2\x94\x80\xe2\x94\x80\xe2\x94\x80\xe2\x94\x80\xe2\x94\x80\xe2\x94\x80\xe2\x94\x80\xe2\x94\x80\xe2\x94\x80\xe2\x94\x80\xe2\x94\x80 */\n        .navbar-cyberquest {\n            background: rgba(13,27,42,0.97);\n            border-bottom: 1px solid var(--cq-border);\n            backdrop-filter: blur(10px);\n            padding: 0.75rem 0;\n            position: sticky; top: 0; z-index: 1000;\n        }\n        .navbar-brand-cq {\n            font-family: var(--font-heading); font-weight: 800;\n            font-size: 1.35rem; color: var(--cq-cyan) !important;\n            text-decoration: none; letter-spacing: 2px;\n            display: flex; align-items: center; gap: 0.5rem;\n        }\n        .navbar-brand-cq .brand-icon {\n            color: var(--cq-cyan-glow); font-size: 1.5rem;\n            filter: drop-shadow(0 0 6px var(--cq-cyan));\n        }\n        .navbar-brand-cq:hover { color: var(--cq-cyan-glow) !important; }\n        .nav-link-cq {\n            color: var(--cq-text-muted) !important;\n            font-family: var(--font-body); font-weight: 500;\n            font-size: 0.95rem; letter-spacing: 0.5px;\n            padding: 0.5rem 0.85rem !important;\n            border-radius: 6px;\n            transition: color 0.2s, background 0.2s;\n        }\n        .nav-link-cq:hover, .nav-link-cq.active {\n            color: var(--cq-cyan) !important;\n            background: rgba(0,180,216,0.08);\n        }\n        .btn-nav-login {\n            border: 1px solid var(--cq-cyan); color: var(--cq-cyan);\n            background: transparent; border-radius: 6px;\n            padding: 0.4rem 1rem; font-weight: 600; font-size: 0.9rem;\n            transition: all 0.2s;\n        }\n        .btn-nav-login:hover {\n            background: rgba(0,180,216,0.15); color: var(--cq-cyan-glow);\n        }\n        .btn-nav-register {\n            background: var(--cq-cyan); color: var(--cq-navy);\n            border: none; border-radius: 6px;\n            padding: 0.4rem 1rem; font-weight: 700; font-size: 0.9rem;\n            transition: all 0.2s;\n        }\n        .btn-nav-register:hover {\n            background: var(--cq-cyan-glow);\n            box-shadow: 0 4px 12px rgba(0,180,216,0.35);\n        }\n        .navbar-username { color: var(--cq-text-muted); font-size: 0.85rem; }\n        .navbar-username strong { color: var(--cq-cyan); }\n        .navbar-toggler { border-color: var(--cq-border); }\n        .navbar-toggler-icon { filter: invert(60%) sepia(80%) saturate(400%) hue-rotate(165deg); }\n\n        /* \xe2\x94\x80\xe2\x94\x80 Flash Messages \xe2\x94\x80\xe2\x94\x80\xe2\x94\x80\xe2\x94\x80\xe2\x94\x80\xe2\x94\x80\xe2\x94\x80\xe2\x94\x80\xe2\x94\x80\xe2\x94\x80\xe2\x94\x80\xe2\x94\x80\xe2\x94\x80\xe2\x94\x80\xe2\x94\x80\xe2\x94\x80\xe2\x94\x80\xe2\x94\x80\xe2\x94\x80\xe2\x94\x80\xe2\x94\x80\xe2\x94\x80\xe2\x94\x80\xe2\x94\x80\xe2\x94\x80\xe2\x94\x80\xe2\x94\x80\xe2\x94\x80\xe2\x94\x80\xe2\x94\x80\xe2\x94\x80\xe2\x94\x80\xe2\x94\x80\xe2\x94\x80\xe2\x94\x80\xe2\x94\x80\xe2\x94\x80\xe2\x94\x80\xe2\x94\x80\xe2\x94\x80\xe2\x94\x80\xe2\x94\x80\xe2\x94\x80\xe2\x94\x80\xe2\x94\x80\xe2\x94\x80 */\n        .flash-container { padding: 0.5rem 0; }\n        .alert-cq {\n            border-left: 4px solid; border-radius: 0 var(--cq-radius) var(--cq-radius) 0;\n            background: var(--cq-navy-mid); color: var(--cq-text);\n            border-top: none; border-right: none; border-bottom: none;\n            font-weight: 500;\n        }\n        .alert-cq.alert-success { border-color: var(--cq-green); }\n        .alert-cq.alert-danger  { border-color: var(--cq-red); }\n        .alert-cq.alert-info    { border-color: var(--cq-cyan); }\n        .alert-cq.alert-warning { border-color: var(--cq-yellow); }\n\n        /* \xe2\x94\x80\xe2\x94\x80 Dark Cards \xe2\x94\x80\xe2\x94\x80\xe2\x94\x80\xe2\x94\x80\xe2\x94\x80\xe2\x94\x80\xe2\x94\x80\xe2\x94\x80\xe2\x94\x80\xe2\x94\x80\xe2\x94\x80\xe2\x94\x80\xe2\x94\x80\xe2\x94\x80\xe2\x94\x80\xe2\x94\x80\xe2\x94\x80\xe2\x94\x80\xe2\x94\x80\xe2\x94\x80\xe2\x94\x80\xe2\x94\x80\xe2\x94\x80\xe2\x94\x80\xe2\x94\x80\xe2\x94\x80\xe2\x94\x80\xe2\x94\x80\xe2\x94\x80\xe2\x94\x80\xe2\x94\x80\xe2\x94\x80\xe2\x94\x80\xe2\x94\x80\xe2\x94\x80\xe2\x94\x80\xe2\x94\x80\xe2\x94\x80\xe2\x94\x80\xe2\x94\x80\xe2\x94\x80\xe2\x94\x80\xe2\x94\x80\xe2\x94\x80\xe2\x94\x80\xe2\x94\x80\xe2\x94\x80\xe2\x94\x80\xe2\x94\x80\xe2\x94\x80 */\n        .card-cq {\n            background: var(--cq-navy-mid);\n            border: 1px solid var(--cq-border);\n            border-radius: var(--cq-radius);\n            color: var(--cq-text);\n            box-shadow: var(--cq-shadow);\n        }\n        .card-cq .card-header {\n            background: var(--cq-navy-light);\n            border-bottom: 1px solid var(--cq-border);\n            color: var(--cq-text);\n            border-radius: var(--cq-radius) var(--cq-radius) 0 0;\n        }\n\n        /* \xe2\x94\x80\xe2\x94\x80 Dark Tables \xe2\x94\x80\xe2\x94\x80\xe2\x94\x80\xe2\x94\x80\xe2\x94\x80\xe2\x94\x80\xe2\x94\x80\xe2\x94\x80\xe2\x94\x80\xe2\x94\x80\xe2\x94\x80\xe2\x94\x80\xe2\x94\x80\xe2\x94\x80\xe2\x94\x80\xe2\x94\x80\xe2\x94\x80\xe2\x94\x80\xe2\x94\x80\xe2\x94\x80\xe2\x94\x80\xe2\x94\x80\xe2\x94\x80\xe2\x94\x80\xe2\x94\x80\xe2\x94\x80\xe2\x94\x80\xe2\x94\x80\xe2\x94\x80\xe2\x94\x80\xe2\x94\x80\xe2\x94\x80\xe2\x94\x80\xe2\x94\x80\xe2\x94\x80\xe2\x94\x80\xe2\x94\x80\xe2\x94\x80\xe2\x94\x80\xe2\x94\x80\xe2\x94\x80\xe2\x94\x80\xe2\x94\x80\xe2\x94\x80\xe2\x94\x80\xe2\x94\x80\xe2\x94\x80\xe2\x94\x80\xe2\x94\x80 */\n        .table-cq { color: var(--cq-text); }\n        .table-cq thead th {\n            background: var(--cq-navy-light);\n            color: var(--cq-cyan);\n            border-color: var(--cq-border);\n            font-family: var(--font-heading);\n            font-size: 0.8rem;\n            letter-spacing: 1px;\n        }\n        .table-cq tbody tr {\n            border-color: var(--cq-border);\n        }\n        .table-cq tbody tr:hover {\n            background: rgba(0,180,216,0.05);\n        }\n        .table-cq td, .table-cq th {\n            border-color: var(--cq-border);\n            vertical-align: middle;\n        }\n\n        /* \xe2\x94\x80\xe2\x94\x80 Dark Forms \xe2\x94\x80\xe2\x94\x80\xe2\x94\x80\xe2\x94\x80\xe2\x94\x80\xe2\x94\x80\xe2\x94\x80\xe2\x94\x80\xe2\x94\x80\xe2\x94\x80\xe2\x94\x80\xe2\x94\x80\xe2\x94\x80\xe2\x94\x80\xe2\x94\x80\xe2\x94\x80\xe2\x94\x80\xe2\x94\x80\xe2\x94\x80\xe2\x94\x80\xe2\x94\x80\xe2\x94\x80\xe2\x94\x80\xe2\x94\x80\xe2\x94\x80\xe2\x94\x80\xe2\x94\x80\xe2\x94\x80\xe2\x94\x80\xe2\x94\x80\xe2\x94\x80\xe2\x94\x80\xe2\x94\x80\xe2\x94\x80\xe2\x94\x80\xe2\x94\x80\xe2\x94\x80\xe2\x94\x80\xe2\x94\x80\xe2\x94\x80\xe2\x94\x80\xe2\x94\x80\xe2\x94\x80\xe2\x94\x80\xe2\x94\x80\xe2\x94\x80\xe2\x94\x80\xe2\x94\x80\xe2\x94\x80\xe2\x94\x80 */\n        .form-control-cq, .form-select-cq {\n            background: var(--cq-navy-light);\n            border: 1px solid var(--cq-border);\n            color: var(--cq-text);\n            border-radius: 8px;\n        }\n        .form-control-cq:focus, .form-select-cq:focus {\n            background: var(--cq-navy-light);\n            border-color: var(--cq-cyan);\n            color: var(--cq-text);\n            box-shadow: 0 0 0 3px rgba(0,180,216,0.2);\n        }\n        .form-control-cq::placeholder { color: var(--cq-text-muted); }\n\n        /* \xe2\x94\x80\xe2\x94\x80 CyberQuest Buttons \xe2\x94\x80\xe2\x94\x80\xe2\x94\x80\xe2\x94\x80\xe2\x94\x80\xe2\x94\x80\xe2\x94\x80\xe2\x94\x80\xe2\x94\x80\xe2\x94\x80\xe2\x94\x80\xe2\x94\x80\xe2\x94\x80\xe2\x94\x80\xe2\x94\x80\xe2\x94\x80\xe2\x94\x80\xe2\x94\x80\xe2\x94\x80\xe2\x94\x80\xe2\x94\x80\xe2\x94\x80\xe2\x94\x80\xe2\x94\x80\xe2\x94\x80\xe2\x94\x80\xe2\x94\x80\xe2\x94\x80\xe2\x94\x80\xe2\x94\x80\xe2\x94\x80\xe2\x94\x80\xe2\x94\x80\xe2\x94\x80\xe2\x94\x80\xe2\x94\x80\xe2\x94\x80\xe2\x94\x80\xe2\x94\x80\xe2\x94\x80\xe2\x94\x80\xe2\x94\x80 */\n        .btn-cq-primary {\n            background: var(--cq-cyan); color: var(--cq-navy);\n            border: none; font-weight: 700; border-radius: 8px;\n            font-family: var(--font-body); letter-spacing: 0.5px;\n            transition: all 0.2s;\n        }\n        .btn-cq-primary:hover {\n            background: var(--cq-cyan-glow);\n            box-shadow: 0 4px 16px rgba(0,180,216,0.4);\n        }\n        .btn-cq-outline {\n            border: 1px solid var(--cq-cyan); color: var(--cq-cyan);\n            background: transparent; border-radius: 8px;\n            font-weight: 600; transition: all 0.2s;\n        }\n        .btn-cq-outline:hover {\n            background: rgba(0,180,216,0.12); color: var(--cq-cyan-glow);\n        }\n        .btn-cq-danger {\n            border: 1px solid var(--cq-red); color: var(--cq-red);\n            background: transparent; border-radius: 8px;\n            font-weight: 600; transition: all 0.2s;\n        }\n        .btn-cq-danger:hover { background: rgba(255,77,109,0.12); }\n\n        /* \xe2\x94\x80\xe2\x94\x80 Badges / Pills \xe2\x94\x80\xe2\x94\x80\xe2\x94\x80\xe2\x94\x80\xe2\x94\x80\xe2\x94\x80\xe2\x94\x80\xe2\x94\x80\xe2\x94\x80\xe2\x94\x80\xe2\x94\x80\xe2\x94\x80\xe2\x94\x80\xe2\x94\x80\xe2\x94\x80\xe2\x94\x80\xe2\x94\x80\xe2\x94\x80\xe2\x94\x80\xe2\x94\x80\xe2\x94\x80\xe2\x94\x80\xe2\x94\x80\xe2\x94\x80\xe2\x94\x80\xe2\x94\x80\xe2\x94\x80\xe2\x94\x80\xe2\x94\x80\xe2\x94\x80\xe2\x94\x80\xe2\x94\x80\xe2\x94\x80\xe2\x94\x80\xe2\x94\x80\xe2\x94\x80\xe2\x94\x80\xe2\x94\x80\xe2\x94\x80\xe2\x94\x80\xe2\x94\x80\xe2\x94\x80\xe2\x94\x80\xe2\x94\x80\xe2\x94\x80\xe2\x94\x80 */\n        .badge-cq-cyan {\n            background: rgba(0,180,216,0.15);\n            color: var(--cq-cyan);\n            border: 1px solid var(--cq-border);\n            border-radius: 20px; padding: 0.3rem 0.8rem;\n            font-size: 0.8rem; font-weight: 600;\n        }\n        .badge-cq-gold {\n            background: rgba(255,214,10,0.15);\n            color: var(--cq-yellow);\n            border: 1px solid rgba(255,214,10,0.3);\n            border-radius: 20px; padding: 0.3rem 0.8rem;\n            font-size: 0.8rem; font-weight: 600;\n        }\n\n        /* \xe2\x94\x80\xe2\x94\x80 Progress bars \xe2\x94\x80\xe2\x94\x80\xe2\x94\x80\xe2\x94\x80\xe2\x94\x80\xe2\x94\x80\xe2\x94\x80\xe2\x94\x80\xe2\x94\x80\xe2\x94\x80\xe2\x94\x80\xe2\x94\x80\xe2\x94\x80\xe2\x94\x80\xe2\x94\x80\xe2\x94\x80\xe2\x94\x80\xe2\x94\x80\xe2\x94\x80\xe2\x94\x80\xe2\x94\x80\xe2\x94\x80\xe2\x94\x80\xe2\x94\x80\xe2\x94\x80\xe2\x94\x80\xe2\x94\x80\xe2\x94\x80\xe2\x94\x80\xe2\x94\x80\xe2\x94\x80\xe2\x94\x80\xe2\x94\x80\xe2\x94\x80\xe2\x94\x80\xe2\x94\x80\xe2\x94\x80\xe2\x94\x80\xe2\x94\x80\xe2\x94\x80\xe2\x94\x80\xe2\x94\x80\xe2\x94\x80\xe2\x94\x80\xe2\x94\x80\xe2\x94\x80\xe2\x94\x80 */\n        .progress-cq {\n            background: var(--cq-navy-light);\n            border-radius: 10px; height: 8px;\n        }\n        .progress-cq .progress-bar {\n            background: linear-gradient(90deg, var(--cq-cyan), var(--cq-green));\n            border-radius: 10px;\n        }\n\n        /* \xe2\x94\x80\xe2\x94\x80 Stat Cards \xe2\x94\x80\xe2\x94\x80\xe2\x94\x80\xe2\x94\x80\xe2\x94\x80\xe2\x94\x80\xe2\x94\x80\xe2\x94\x80\xe2\x94\x80\xe2\x94\x80\xe2\x94\x80\xe2\x94\x80\xe2\x94\x80\xe2\x94\x80\xe2\x94\x80\xe2\x94\x80\xe2\x94\x80\xe2\x94\x80\xe2\x94\x80\xe2\x94\x80\xe2\x94\x80\xe2\x94\x80\xe2\x94\x80\xe2\x94\x80\xe2\x94\x80\xe2\x94\x80\xe2\x94\x80\xe2\x94\x80\xe2\x94\x80\xe2\x94\x80\xe2\x94\x80\xe2\x94\x80\xe2\x94\x80\xe2\x94\x80\xe2\x94\x80\xe2\x94\x80\xe2\x94\x80\xe2\x94\x80\xe2\x94\x80\xe2\x94\x80\xe2\x94\x80\xe2\x94\x80\xe2\x94\x80\xe2\x94\x80\xe2\x94\x80\xe2\x94\x80\xe2\x94\x80\xe2\x94\x80\xe2\x94\x80\xe2\x94\x80 */\n        .stat-card {\n            background: var(--cq-navy-mid);\n            border: 1px solid var(--cq-border);\n            border-radius: var(--cq-radius);\n            padding: 1.5rem 1rem;\n            text-align: center;\n            transition: border-color 0.2s, transform 0.2s;\n        }\n        .stat-card:hover {\n            border-color: var(--cq-cyan);\n            transform: translateY(-2px);\n        }\n        .stat-card .stat-number {\n            font-family: var(--font-heading); font-size: 2rem;\n            font-weight: 800;\n        }\n        .stat-card .stat-label { color: var(--cq-text-muted); font-size: 0.85rem; }\n\n        /* \xe2\x94\x80\xe2\x94\x80 Footer \xe2\x94\x80\xe2\x94\x80\xe2\x94\x80\xe2\x94\x80\xe2\x94\x80\xe2\x94\x80\xe2\x94\x80\xe2\x94\x80\xe2\x94\x80\xe2\x94\x80\xe2\x94\x80\xe2\x94\x80\xe2\x94\x80\xe2\x94\x80\xe2\x94\x80\xe2\x94\x80\xe2\x94\x80\xe2\x94\x80\xe2\x94\x80\xe2\x94\x80\xe2\x94\x80\xe2\x94\x80\xe2\x94\x80\xe2\x94\x80\xe2\x94\x80\xe2\x94\x80\xe2\x94\x80\xe2\x94\x80\xe2\x94\x80\xe2\x94\x80\xe2\x94\x80\xe2\x94\x80\xe2\x94\x80\xe2\x94\x80\xe2\x94\x80\xe2\x94\x80\xe2\x94\x80\xe2\x94\x80\xe2\x94\x80\xe2\x94\x80\xe2\x94\x80\xe2\x94\x80\xe2\x94\x80\xe2\x94\x80\xe2\x94\x80\xe2\x94\x80\xe2\x94\x80\xe2\x94\x80\xe2\x94\x80\xe2\x94\x80\xe2\x94\x80\xe2\x94\x80\xe2\x94\x80\xe2\x94\x80 */\n        .footer-cq {\n            background: var(--cq-navy-mid);\n            border-top: 1px solid var(--cq-border);\n            padding: 1.5rem 0;\n            margin-top: auto;\n        }\n        .footer-brand {\n            font-family: var(--font-heading); font-weight: 800;\n            color: var(--cq-cyan); font-size: 1rem; letter-spacing: 2px;\n        }\n        .footer-text { color: var(--cq-text-muted); font-size: 0.85rem; }\n        .footer-team { color: var(--cq-cyan); font-size: 0.85rem; font-weight: 600; }\n\n        /* \xe2\x94\x80\xe2\x94\x80 Scrollbar \xe2\x94\x80\xe2\x94\x80\xe2\x94\x80\xe2\x94\x80\xe2\x94\x80\xe2\x94\x80\xe2\x94\x80\xe2\x94\x80\xe2\x94\x80\xe2\x94\x80\xe2\x94\x80\xe2\x94\x80\xe2\x94\x80\xe2\x94\x80\xe2\x94\x80\xe2\x94\x80\xe2\x94\x80\xe2\x94\x80\xe2\x94\x80\xe2\x94\x80\xe2\x94\x80\xe2\x94\x80\xe2\x94\x80\xe2\x94\x80\xe2\x94\x80\xe2\x94\x80\xe2\x94\x80\xe2\x94\x80\xe2\x94\x80\xe2\x94\x80\xe2\x94\x80\xe2\x94\x80\xe2\x94\x80\xe2\x94\x80\xe2\x94\x80\xe2\x94\x80\xe2\x94\x80\xe2\x94\x80\xe2\x94\x80\xe2\x94\x80\xe2\x94\x80\xe2\x94\x80\xe2\x94\x80\xe2\x94\x80\xe2\x94\x80\xe2\x94\x80\xe2\x94\x80\xe2\x94\x80\xe2\x94\x80\xe2\x94\x80\xe2\x94\x80 */\n        ::-webkit-scrollbar { width: 6px; }\n        ::-webkit-scrollbar-track { background: var(--cq-navy); }\n        ::-webkit-scrollbar-thumb { background: var(--cq-navy-light); border-radius: 3px; }\n        ::-webkit-scrollbar-thumb:hover { background: var(--cq-cyan); }\n    </style>\n\n    \n</head>\n\n<body>\n\n<!-- \xe2\x94\x80\xe2\x94\x80 Navbar \xe2\x94\x80\xe2\x94\x80\xe2\x94\x80\xe2\x94\x80\xe2\x94\x80\xe2\x94\x80\xe2\x94\x80\xe2\x94\x80\xe2\x94\x80\xe2\x94\x80\xe2\x94\x80\xe2\x94\x80\xe2\x94\x80\xe2\x94\x80\xe2\x94\x80\xe2\x94\x80\xe2\x94\x80\xe2\x94\x80\xe2\x94\x80\xe2\x94\x80\xe2\x94\x80\xe2\x94\x80\xe2\x94\x80\xe2\x94\x80\xe2\x94\x80\xe2\x94\x80\xe2\x94\x80\xe2\x94\x80\xe2\x94\x80\xe2\x94\x80\xe2\x94\x80\xe2\x94\x80\xe2\x94\x80\xe2\x94\x80\xe2\x94\x80\xe2\x94\x80\xe2\x94\x80\xe2\x94\x80\xe2\x94\x80\xe2\x94\x80\xe2\x94\x80\xe2\x94\x80\xe2\x94\x80\xe2\x94\x80\xe2\x94\x80\xe2\x94\x80\xe2\x94\x80\xe2\x94\x80\xe2\x94\x80\xe2\x94\x80\xe2\x94\x80\xe2\x94\x80\xe2\x94\x80\xe2\x94\x80\xe2\x94\x80\xe2\x94\x80\xe2\x94\x80\xe2\x94\x80\xe2\x94\x80\xe2\x94\x80\xe2\x94\x80 -->\n<nav class="navbar navbar-expand-lg navbar-cyberquest">\n    <div class="container">\n        <!-- Fixed: use auth.login instead of non-existent \'home\' route -->\n        <a class="navbar-brand-cq"\n           href="/challenges">\n            <i class="bi bi-shield-fill-check brand-icon"></i>\n            CYBER<span style="color:#fff;">QUEST</span>\n        </a>\n\n        <button class="navbar-toggler" type="button"\n                data-bs-toggle="collapse" data-bs-target="#navbarMain">\n            <span class="navbar-toggler-icon"></span>\n        </button>\n\n        <div class="collapse navbar-collapse" id="navbarMain">\n            \n            <ul class="navbar-nav me-auto mb-2 mb-lg-0">\n                \n                <li class="nav-item">\n                    <a class="nav-link nav-link-cq" href="/challenges">\n                        <i class="bi bi-controller me-1"></i> Challenges\n                    </a>\n                </li>\n                <li class="nav-item">\n                    <a class="nav-link nav-link-cq" href="/progress">\n                        <i class="bi bi-bar-chart-fill me-1"></i> My Progress\n                    </a>\n                </li>\n                <li class="nav-item">\n                    <a class="nav-link nav-link-cq" href="/result">\n                        <i class="bi bi-trophy me-1"></i> Results\n                    </a>\n                </li>\n                \n            </ul>\n            \n\n            <div class="d-flex align-items-center gap-2">\n                \n                    <span class="navbar-username d-none d-md-inline">\n                        <i class="bi bi-person-circle me-1"></i>\n                        <strong>newstudent_test</strong>\n                        <span class="badge ms-1"\n                              style="background:rgba(0,180,216,0.15);\n                                     color:var(--cq-cyan); font-size:0.7rem;">\n                            Student\n                        </span>\n                    </span>\n                    \n                    <a href="/2fa/setup"\n                       class="btn-nav-login btn"\n                       title="2FA Settings">\n                        <i class="bi bi-shield-lock"></i>\n                    </a>\n                    \n                    <a href="/logout" class="btn-nav-login btn">\n                        <i class="bi bi-box-arrow-right me-1"></i> Logout\n                    </a>\n                \n            </div>\n        </div>\n    </div>\n</nav>\n\n<!-- \xe2\x94\x80\xe2\x94\x80 Flash Messages (handled once here, not in child templates) \xe2\x94\x80\xe2\x94\x80\xe2\x94\x80\xe2\x94\x80\xe2\x94\x80\xe2\x94\x80\xe2\x94\x80\xe2\x94\x80\xe2\x94\x80\xe2\x94\x80 -->\n<div class="flash-container">\n    <div class="container">\n        \n            \n        \n    </div>\n</div>\n\n<!-- \xe2\x94\x80\xe2\x94\x80 Main Content \xe2\x94\x80\xe2\x94\x80\xe2\x94\x80\xe2\x94\x80\xe2\x94\x80\xe2\x94\x80\xe2\x94\x80\xe2\x94\x80\xe2\x94\x80\xe2\x94\x80\xe2\x94\x80\xe2\x94\x80\xe2\x94\x80\xe2\x94\x80\xe2\x94\x80\xe2\x94\x80\xe2\x94\x80\xe2\x94\x80\xe2\x94\x80\xe2\x94\x80\xe2\x94\x80\xe2\x94\x80\xe2\x94\x80\xe2\x94\x80\xe2\x94\x80\xe2\x94\x80\xe2\x94\x80\xe2\x94\x80\xe2\x94\x80\xe2\x94\x80\xe2\x94\x80\xe2\x94\x80\xe2\x94\x80\xe2\x94\x80\xe2\x94\x80\xe2\x94\x80\xe2\x94\x80\xe2\x94\x80\xe2\x94\x80\xe2\x94\x80\xe2\x94\x80\xe2\x94\x80\xe2\x94\x80\xe2\x94\x80\xe2\x94\x80\xe2\x94\x80\xe2\x94\x80\xe2\x94\x80\xe2\x94\x80\xe2\x94\x80\xe2\x94\x80\xe2\x94\x80\xe2\x94\x80\xe2\x94\x80\xe2\x94\x80\xe2\x94\x80 -->\n<main>\n    \n<div class="container py-4">\n\n  <div class="d-flex justify-content-between align-items-center mb-4">\n    <div>\n      <h2 class="mb-0" style="color:var(--cq-cyan);">\xf0\x9f\x9b\xa1\xef\xb8\x8f Challenge Categories</h2>\n      <p style="color:var(--cq-text-muted);" class="mb-0">Choose a category to start earning points</p>\n    </div>\n    <div class="text-end">\n      <span class="badge-cq-gold fs-6 px-3 py-2">\xe2\xad\x90 0 pts</span>\n      <a href="/progress" class="btn btn-cq-outline ms-2">\xf0\x9f\x93\x8a My Progress</a>\n    </div>\n  </div>\n\n  <!-- Category Cards -->\n  <div class="row g-4 mb-5">\n    \n    <div class="col-md-4">\n      <div class="card-cq h-100 p-4 text-center" style="transition:border-color 0.2s,transform 0.2s;"\n           onmouseover="this.style.borderColor=\'var(--cq-cyan)\';this.style.transform=\'translateY(-4px)\'"\n           onmouseout="this.style.borderColor=\'var(--cq-border)\';this.style.transform=\'none\'">\n        <div style="font-size:3.5rem;" class="mb-3">\xf0\x9f\x8e\xa3</div>\n        <h4 style="color:var(--cq-cyan);">Phishing Awareness</h4>\n        <p style="color:var(--cq-text-muted);" class="small mb-3">Learn to spot phishing emails and social engineering attacks.</p>\n\n        <div class="mb-3">\n          <div class="d-flex justify-content-between small mb-1"\n               style="color:var(--cq-text-muted);">\n            <span>Progress</span>\n            <span>0/5</span>\n          </div>\n          <div class="progress-cq">\n            <div class="progress-bar" role="progressbar"\n                 style="width:0%">\n            </div>\n          </div>\n        </div>\n\n        <a href="/challenge/phishing"\n           class="btn btn-cq-primary w-100 fw-bold">\n          \xf0\x9f\x9a\x80 Start\n        </a>\n      </div>\n    </div>\n    \n    <div class="col-md-4">\n      <div class="card-cq h-100 p-4 text-center" style="transition:border-color 0.2s,transform 0.2s;"\n           onmouseover="this.style.borderColor=\'var(--cq-cyan)\';this.style.transform=\'translateY(-4px)\'"\n           onmouseout="this.style.borderColor=\'var(--cq-border)\';this.style.transform=\'none\'">\n        <div style="font-size:3.5rem;" class="mb-3">\xf0\x9f\x94\x90</div>\n        <h4 style="color:var(--cq-cyan);">Password Security</h4>\n        <p style="color:var(--cq-text-muted);" class="small mb-3">Master the art of strong passwords and authentication.</p>\n\n        <div class="mb-3">\n          <div class="d-flex justify-content-between small mb-1"\n               style="color:var(--cq-text-muted);">\n            <span>Progress</span>\n            <span>0/5</span>\n          </div>\n          <div class="progress-cq">\n            <div class="progress-bar" role="progressbar"\n                 style="width:0%">\n            </div>\n          </div>\n        </div>\n\n        <a href="/challenge/password"\n           class="btn btn-cq-primary w-100 fw-bold">\n          \xf0\x9f\x9a\x80 Start\n        </a>\n      </div>\n    </div>\n    \n    <div class="col-md-4">\n      <div class="card-cq h-100 p-4 text-center" style="transition:border-color 0.2s,transform 0.2s;"\n           onmouseover="this.style.borderColor=\'var(--cq-cyan)\';this.style.transform=\'translateY(-4px)\'"\n           onmouseout="this.style.borderColor=\'var(--cq-border)\';this.style.transform=\'none\'">\n        <div style="font-size:3.5rem;" class="mb-3">\xf0\x9f\x8c\x90</div>\n        <h4 style="color:var(--cq-cyan);">Safe Browsing</h4>\n        <p style="color:var(--cq-text-muted);" class="small mb-3">Stay safe online \xe2\x80\x94 VPNs, HTTPS, and browser threats.</p>\n\n        <div class="mb-3">\n          <div class="d-flex justify-content-between small mb-1"\n               style="color:var(--cq-text-muted);">\n            <span>Progress</span>\n            <span>0/5</span>\n          </div>\n          <div class="progress-cq">\n            <div class="progress-bar" role="progressbar"\n                 style="width:0%">\n            </div>\n          </div>\n        </div>\n\n        <a href="/challenge/browsing"\n           class="btn btn-cq-primary w-100 fw-bold">\n          \xf0\x9f\x9a\x80 Start\n        </a>\n      </div>\n    </div>\n    \n  </div>\n\n  <!-- Badges -->\n  \n\n</div>\n\n</main>\n\n<!-- \xe2\x94\x80\xe2\x94\x80 Footer \xe2\x94\x80\xe2\x94\x80\xe2\x94\x80\xe2\x94\x80\xe2\x94\x80\xe2\x94\x80\xe2\x94\x80\xe2\x94\x80\xe2\x94\x80\xe2\x94\x80\xe2\x94\x80\xe2\x94\x80\xe2\x94\x80\xe2\x94\x80\xe2\x94\x80\xe2\x94\x80\xe2\x94\x80\xe2\x94\x80\xe2\x94\x80\xe2\x94\x80\xe2\x94\x80\xe2\x94\x80\xe2\x94\x80\xe2\x94\x80\xe2\x94\x80\xe2\x94\x80\xe2\x94\x80\xe2\x94\x80\xe2\x94\x80\xe2\x94\x80\xe2\x94\x80\xe2\x94\x80\xe2\x94\x80\xe2\x94\x80\xe2\x94\x80\xe2\x94\x80\xe2\x94\x80\xe2\x94\x80\xe2\x94\x80\xe2\x94\x80\xe2\x94\x80\xe2\x94\x80\xe2\x94\x80\xe2\x94\x80\xe2\x94\x80\xe2\x94\x80\xe2\x94\x80\xe2\x94\x80\xe2\x94\x80\xe2\x94\x80\xe2\x94\x80\xe2\x94\x80\xe2\x94\x80\xe2\x94\x80\xe2\x94\x80\xe2\x94\x80\xe2\x94\x80\xe2\x94\x80\xe2\x94\x80\xe2\x94\x80\xe2\x94\x80 -->\n<footer class="footer-cq">\n    <div class="container">\n        <div class="row align-items-center">\n            <div class="col-md-3 mb-2 mb-md-0">\n                <div class="footer-brand"><i class="bi bi-shield-fill-check me-2"></i>CYBERQUEST</div>\n                <div class="footer-text">Cybersecurity Awareness Game</div>\n            </div>\n            <div class="col-md-5 mb-2 mb-md-0">\n                <div class="footer-text">\n                    <i class="bi bi-mortarboard-fill me-1"></i>\n                    ICT932 \xe2\x80\x94 Cybersecurity Testing and Assurance<br>\n                    Crown Institute of Higher Education (CIHE) \xc2\xa9 2026\n                </div>\n            </div>\n            <div class="col-md-4 text-md-end">\n                <div class="footer-team">\n                    Prashan Manandhar | Raju Kshetri | Pramesh Silwal | Susanta Dhakal\n                </div>\n            </div>\n        </div>\n    </div>\n</footer>\n\n<script src="https://cdn.jsdelivr.net/npm/bootstrap@5.3.0/dist/js/bootstrap.bundle.min.js"></script>\n\n\n</body>\n</html>'
 +  where b'<!DOCTYPE html>\n<!--\n    base.html \xe2\x80\x94 Shared base template for CyberQuest\n    Authors: Susanta Dhakal (CIHE250321) & Pramesh Silwal (CIHE241339)\n    Fixed: Prashan Manandhar (CIHE241182) \xe2\x80\x94 removed broken url_for(\'home\')\n-->\n<html lang="en">\n<head>\n    <meta charset="UTF-8">\n    <meta name="viewport" content="width=device-width, initial-scale=1.0">\n    <meta name="description" content="CyberQuest \xe2\x80\x94 Cybersecurity Awareness Game for ICT932 CIHE">\n    <title>Challenges \xe2\x80\x94 CyberQuest | ICT932</title>\n\n    <!-- Bootstrap 5 CSS -->\n    <link href="https://cdn.jsdelivr.net/npm/bootstrap@5.3.0/dist/css/bootstrap.min.css" rel="stylesheet">\n    <!-- Bootstrap Icons -->\n    <link href="https://cdn.jsdelivr.net/npm/bootstrap-icons@1.11.0/font/bootstrap-icons.css" rel="stylesheet">\n    <!-- Google Fonts -->\n    <link href="https://fonts.googleapis.com/css2?family=Orbitron:wght@400;600;800&family=Rajdhani:wght@300;400;500;600&display=swap" rel="stylesheet">\n\n    <style>\n        /* \xe2\x94\x80\xe2\x94\x80 Design Tokens \xe2\x94\x80\xe2\x94\x80\xe2\x94\x80\xe2\x94\x80\xe2\x94\x80\xe2\x94\x80\xe2\x94\x80\xe2\x94\x80\xe2\x94\x80\xe2\x94\x80\xe2\x94\x80\xe2\x94\x80\xe2\x94\x80\xe2\x94\x80\xe2\x94\x80\xe2\x94\x80\xe2\x94\x80\xe2\x94\x80\xe2\x94\x80\xe2\x94\x80\xe2\x94\x80\xe2\x94\x80\xe2\x94\x80\xe2\x94\x80\xe2\x94\x80\xe2\x94\x80\xe2\x94\x80\xe2\x94\x80\xe2\x94\x80\xe2\x94\x80\xe2\x94\x80\xe2\x94\x80\xe2\x94\x80\xe2\x94\x80\xe2\x94\x80\xe2\x94\x80\xe2\x94\x80\xe2\x94\x80\xe2\x94\x80\xe2\x94\x80\xe2\x94\x80\xe2\x94\x80\xe2\x94\x80\xe2\x94\x80\xe2\x94\x80\xe2\x94\x80\xe2\x94\x80 */\n        :root {\n            --cq-navy:      #0D1B2A;\n            --cq-navy-mid:  #112233;\n            --cq-navy-light:#1A2E42;\n            --cq-cyan:      #00B4D8;\n            --cq-cyan-glow: #00D4FF;\n            --cq-green:     #00E676;\n            --cq-red:       #FF4D6D;\n            --cq-yellow:    #FFD60A;\n            --cq-text:      #E0EAF4;\n            --cq-text-muted:#7A9BB5;\n            --cq-border:    rgba(0, 180, 216, 0.2);\n            --cq-shadow:    0 4px 24px rgba(0, 180, 216, 0.12);\n            --cq-radius:    12px;\n            --font-heading: \'Orbitron\', monospace;\n            --font-body:    \'Rajdhani\', sans-serif;\n        }\n\n        *, *::before, *::after { box-sizing: border-box; }\n        html { scroll-behavior: smooth; }\n\n        body {\n            background-color: var(--cq-navy);\n            color: var(--cq-text);\n            font-family: var(--font-body);\n            font-size: 1.05rem;\n            min-height: 100vh;\n            display: flex;\n            flex-direction: column;\n        }\n\n        h1,h2,h3,h4,h5,h6 { font-family: var(--font-heading); }\n        main { flex: 1; }\n\n        /* \xe2\x94\x80\xe2\x94\x80 Navbar \xe2\x94\x80\xe2\x94\x80\xe2\x94\x80\xe2\x94\x80\xe2\x94\x80\xe2\x94\x80\xe2\x94\x80\xe2\x94\x80\xe2\x94\x80\xe2\x94\x80\xe2\x94\x80\xe2\x94\x80\xe2\x94\x80\xe2\x94\x80\xe2\x94\x80\xe2\x94\x80\xe2\x94\x80\xe2\x94\x80\xe2\x94\x80\xe2\x94\x80\xe2\x94\x80\xe2\x94\x80\xe2\x94\x80\xe2\x94\x80\xe2\x94\x80\xe2\x94\x80\xe2\x94\x80\xe2\x94\x80\xe2\x94\x80\xe2\x94\x80\xe2\x94\x80\xe2\x94\x80\xe2\x94\x80\xe2\x94\x80\xe2\x94\x80\xe2\x94\x80\xe2\x94\x80\xe2\x94\x80\xe2\x94\x80\xe2\x94\x80\xe2\x94\x80\xe2\x94\x80\xe2\x94\x80\xe2\x94\x80\xe2\x94\x80\xe2\x94\x80\xe2\x94\x80\xe2\x94\x80\xe2\x94\x80\xe2\x94\x80\xe2\x94\x80\xe2\x94\x80\xe2\x94\x80\xe2\x94\x80 */\n        .navbar-cyberquest {\n            background: rgba(13,27,42,0.97);\n            border-bottom: 1px solid var(--cq-border);\n            backdrop-filter: blur(10px);\n            padding: 0.75rem 0;\n            position: sticky; top: 0; z-index: 1000;\n        }\n        .navbar-brand-cq {\n            font-family: var(--font-heading); font-weight: 800;\n            font-size: 1.35rem; color: var(--cq-cyan) !important;\n            text-decoration: none; letter-spacing: 2px;\n            display: flex; align-items: center; gap: 0.5rem;\n        }\n        .navbar-brand-cq .brand-icon {\n            color: var(--cq-cyan-glow); font-size: 1.5rem;\n            filter: drop-shadow(0 0 6px var(--cq-cyan));\n        }\n        .navbar-brand-cq:hover { color: var(--cq-cyan-glow) !important; }\n        .nav-link-cq {\n            color: var(--cq-text-muted) !important;\n            font-family: var(--font-body); font-weight: 500;\n            font-size: 0.95rem; letter-spacing: 0.5px;\n            padding: 0.5rem 0.85rem !important;\n            border-radius: 6px;\n            transition: color 0.2s, background 0.2s;\n        }\n        .nav-link-cq:hover, .nav-link-cq.active {\n            color: var(--cq-cyan) !important;\n            background: rgba(0,180,216,0.08);\n        }\n        .btn-nav-login {\n            border: 1px solid var(--cq-cyan); color: var(--cq-cyan);\n            background: transparent; border-radius: 6px;\n            padding: 0.4rem 1rem; font-weight: 600; font-size: 0.9rem;\n            transition: all 0.2s;\n        }\n        .btn-nav-login:hover {\n            background: rgba(0,180,216,0.15); color: var(--cq-cyan-glow);\n        }\n        .btn-nav-register {\n            background: var(--cq-cyan); color: var(--cq-navy);\n            border: none; border-radius: 6px;\n            padding: 0.4rem 1rem; font-weight: 700; font-size: 0.9rem;\n            transition: all 0.2s;\n        }\n        .btn-nav-register:hover {\n            background: var(--cq-cyan-glow);\n            box-shadow: 0 4px 12px rgba(0,180,216,0.35);\n        }\n        .navbar-username { color: var(--cq-text-muted); font-size: 0.85rem; }\n        .navbar-username strong { color: var(--cq-cyan); }\n        .navbar-toggler { border-color: var(--cq-border); }\n        .navbar-toggler-icon { filter: invert(60%) sepia(80%) saturate(400%) hue-rotate(165deg); }\n\n        /* \xe2\x94\x80\xe2\x94\x80 Flash Messages \xe2\x94\x80\xe2\x94\x80\xe2\x94\x80\xe2\x94\x80\xe2\x94\x80\xe2\x94\x80\xe2\x94\x80\xe2\x94\x80\xe2\x94\x80\xe2\x94\x80\xe2\x94\x80\xe2\x94\x80\xe2\x94\x80\xe2\x94\x80\xe2\x94\x80\xe2\x94\x80\xe2\x94\x80\xe2\x94\x80\xe2\x94\x80\xe2\x94\x80\xe2\x94\x80\xe2\x94\x80\xe2\x94\x80\xe2\x94\x80\xe2\x94\x80\xe2\x94\x80\xe2\x94\x80\xe2\x94\x80\xe2\x94\x80\xe2\x94\x80\xe2\x94\x80\xe2\x94\x80\xe2\x94\x80\xe2\x94\x80\xe2\x94\x80\xe2\x94\x80\xe2\x94\x80\xe2\x94\x80\xe2\x94\x80\xe2\x94\x80\xe2\x94\x80\xe2\x94\x80\xe2\x94\x80\xe2\x94\x80\xe2\x94\x80\xe2\x94\x80 */\n        .flash-container { padding: 0.5rem 0; }\n        .alert-cq {\n            border-left: 4px solid; border-radius: 0 var(--cq-radius) var(--cq-radius) 0;\n            background: var(--cq-navy-mid); color: var(--cq-text);\n            border-top: none; border-right: none; border-bottom: none;\n            font-weight: 500;\n        }\n        .alert-cq.alert-success { border-color: var(--cq-green); }\n        .alert-cq.alert-danger  { border-color: var(--cq-red); }\n        .alert-cq.alert-info    { border-color: var(--cq-cyan); }\n        .alert-cq.alert-warning { border-color: var(--cq-yellow); }\n\n        /* \xe2\x94\x80\xe2\x94\x80 Dark Cards \xe2\x94\x80\xe2\x94\x80\xe2\x94\x80\xe2\x94\x80\xe2\x94\x80\xe2\x94\x80\xe2\x94\x80\xe2\x94\x80\xe2\x94\x80\xe2\x94\x80\xe2\x94\x80\xe2\x94\x80\xe2\x94\x80\xe2\x94\x80\xe2\x94\x80\xe2\x94\x80\xe2\x94\x80\xe2\x94\x80\xe2\x94\x80\xe2\x94\x80\xe2\x94\x80\xe2\x94\x80\xe2\x94\x80\xe2\x94\x80\xe2\x94\x80\xe2\x94\x80\xe2\x94\x80\xe2\x94\x80\xe2\x94\x80\xe2\x94\x80\xe2\x94\x80\xe2\x94\x80\xe2\x94\x80\xe2\x94\x80\xe2\x94\x80\xe2\x94\x80\xe2\x94\x80\xe2\x94\x80\xe2\x94\x80\xe2\x94\x80\xe2\x94\x80\xe2\x94\x80\xe2\x94\x80\xe2\x94\x80\xe2\x94\x80\xe2\x94\x80\xe2\x94\x80\xe2\x94\x80\xe2\x94\x80\xe2\x94\x80 */\n        .card-cq {\n            background: var(--cq-navy-mid);\n            border: 1px solid var(--cq-border);\n            border-radius: var(--cq-radius);\n            color: var(--cq-text);\n            box-shadow: var(--cq-shadow);\n        }\n        .card-cq .card-header {\n            background: var(--cq-navy-light);\n            border-bottom: 1px solid var(--cq-border);\n            color: var(--cq-text);\n            border-radius: var(--cq-radius) var(--cq-radius) 0 0;\n        }\n\n        /* \xe2\x94\x80\xe2\x94\x80 Dark Tables \xe2\x94\x80\xe2\x94\x80\xe2\x94\x80\xe2\x94\x80\xe2\x94\x80\xe2\x94\x80\xe2\x94\x80\xe2\x94\x80\xe2\x94\x80\xe2\x94\x80\xe2\x94\x80\xe2\x94\x80\xe2\x94\x80\xe2\x94\x80\xe2\x94\x80\xe2\x94\x80\xe2\x94\x80\xe2\x94\x80\xe2\x94\x80\xe2\x94\x80\xe2\x94\x80\xe2\x94\x80\xe2\x94\x80\xe2\x94\x80\xe2\x94\x80\xe2\x94\x80\xe2\x94\x80\xe2\x94\x80\xe2\x94\x80\xe2\x94\x80\xe2\x94\x80\xe2\x94\x80\xe2\x94\x80\xe2\x94\x80\xe2\x94\x80\xe2\x94\x80\xe2\x94\x80\xe2\x94\x80\xe2\x94\x80\xe2\x94\x80\xe2\x94\x80\xe2\x94\x80\xe2\x94\x80\xe2\x94\x80\xe2\x94\x80\xe2\x94\x80\xe2\x94\x80\xe2\x94\x80\xe2\x94\x80 */\n        .table-cq { color: var(--cq-text); }\n        .table-cq thead th {\n            background: var(--cq-navy-light);\n            color: var(--cq-cyan);\n            border-color: var(--cq-border);\n            font-family: var(--font-heading);\n            font-size: 0.8rem;\n            letter-spacing: 1px;\n        }\n        .table-cq tbody tr {\n            border-color: var(--cq-border);\n        }\n        .table-cq tbody tr:hover {\n            background: rgba(0,180,216,0.05);\n        }\n        .table-cq td, .table-cq th {\n            border-color: var(--cq-border);\n            vertical-align: middle;\n        }\n\n        /* \xe2\x94\x80\xe2\x94\x80 Dark Forms \xe2\x94\x80\xe2\x94\x80\xe2\x94\x80\xe2\x94\x80\xe2\x94\x80\xe2\x94\x80\xe2\x94\x80\xe2\x94\x80\xe2\x94\x80\xe2\x94\x80\xe2\x94\x80\xe2\x94\x80\xe2\x94\x80\xe2\x94\x80\xe2\x94\x80\xe2\x94\x80\xe2\x94\x80\xe2\x94\x80\xe2\x94\x80\xe2\x94\x80\xe2\x94\x80\xe2\x94\x80\xe2\x94\x80\xe2\x94\x80\xe2\x94\x80\xe2\x94\x80\xe2\x94\x80\xe2\x94\x80\xe2\x94\x80\xe2\x94\x80\xe2\x94\x80\xe2\x94\x80\xe2\x94\x80\xe2\x94\x80\xe2\x94\x80\xe2\x94\x80\xe2\x94\x80\xe2\x94\x80\xe2\x94\x80\xe2\x94\x80\xe2\x94\x80\xe2\x94\x80\xe2\x94\x80\xe2\x94\x80\xe2\x94\x80\xe2\x94\x80\xe2\x94\x80\xe2\x94\x80\xe2\x94\x80\xe2\x94\x80 */\n        .form-control-cq, .form-select-cq {\n            background: var(--cq-navy-light);\n            border: 1px solid var(--cq-border);\n            color: var(--cq-text);\n            border-radius: 8px;\n        }\n        .form-control-cq:focus, .form-select-cq:focus {\n            background: var(--cq-navy-light);\n            border-color: var(--cq-cyan);\n            color: var(--cq-text);\n            box-shadow: 0 0 0 3px rgba(0,180,216,0.2);\n        }\n        .form-control-cq::placeholder { color: var(--cq-text-muted); }\n\n        /* \xe2\x94\x80\xe2\x94\x80 CyberQuest Buttons \xe2\x94\x80\xe2\x94\x80\xe2\x94\x80\xe2\x94\x80\xe2\x94\x80\xe2\x94\x80\xe2\x94\x80\xe2\x94\x80\xe2\x94\x80\xe2\x94\x80\xe2\x94\x80\xe2\x94\x80\xe2\x94\x80\xe2\x94\x80\xe2\x94\x80\xe2\x94\x80\xe2\x94\x80\xe2\x94\x80\xe2\x94\x80\xe2\x94\x80\xe2\x94\x80\xe2\x94\x80\xe2\x94\x80\xe2\x94\x80\xe2\x94\x80\xe2\x94\x80\xe2\x94\x80\xe2\x94\x80\xe2\x94\x80\xe2\x94\x80\xe2\x94\x80\xe2\x94\x80\xe2\x94\x80\xe2\x94\x80\xe2\x94\x80\xe2\x94\x80\xe2\x94\x80\xe2\x94\x80\xe2\x94\x80\xe2\x94\x80\xe2\x94\x80\xe2\x94\x80 */\n        .btn-cq-primary {\n            background: var(--cq-cyan); color: var(--cq-navy);\n            border: none; font-weight: 700; border-radius: 8px;\n            font-family: var(--font-body); letter-spacing: 0.5px;\n            transition: all 0.2s;\n        }\n        .btn-cq-primary:hover {\n            background: var(--cq-cyan-glow);\n            box-shadow: 0 4px 16px rgba(0,180,216,0.4);\n        }\n        .btn-cq-outline {\n            border: 1px solid var(--cq-cyan); color: var(--cq-cyan);\n            background: transparent; border-radius: 8px;\n            font-weight: 600; transition: all 0.2s;\n        }\n        .btn-cq-outline:hover {\n            background: rgba(0,180,216,0.12); color: var(--cq-cyan-glow);\n        }\n        .btn-cq-danger {\n            border: 1px solid var(--cq-red); color: var(--cq-red);\n            background: transparent; border-radius: 8px;\n            font-weight: 600; transition: all 0.2s;\n        }\n        .btn-cq-danger:hover { background: rgba(255,77,109,0.12); }\n\n        /* \xe2\x94\x80\xe2\x94\x80 Badges / Pills \xe2\x94\x80\xe2\x94\x80\xe2\x94\x80\xe2\x94\x80\xe2\x94\x80\xe2\x94\x80\xe2\x94\x80\xe2\x94\x80\xe2\x94\x80\xe2\x94\x80\xe2\x94\x80\xe2\x94\x80\xe2\x94\x80\xe2\x94\x80\xe2\x94\x80\xe2\x94\x80\xe2\x94\x80\xe2\x94\x80\xe2\x94\x80\xe2\x94\x80\xe2\x94\x80\xe2\x94\x80\xe2\x94\x80\xe2\x94\x80\xe2\x94\x80\xe2\x94\x80\xe2\x94\x80\xe2\x94\x80\xe2\x94\x80\xe2\x94\x80\xe2\x94\x80\xe2\x94\x80\xe2\x94\x80\xe2\x94\x80\xe2\x94\x80\xe2\x94\x80\xe2\x94\x80\xe2\x94\x80\xe2\x94\x80\xe2\x94\x80\xe2\x94\x80\xe2\x94\x80\xe2\x94\x80\xe2\x94\x80\xe2\x94\x80\xe2\x94\x80 */\n        .badge-cq-cyan {\n            background: rgba(0,180,216,0.15);\n            color: var(--cq-cyan);\n            border: 1px solid var(--cq-border);\n            border-radius: 20px; padding: 0.3rem 0.8rem;\n            font-size: 0.8rem; font-weight: 600;\n        }\n        .badge-cq-gold {\n            background: rgba(255,214,10,0.15);\n            color: var(--cq-yellow);\n            border: 1px solid rgba(255,214,10,0.3);\n            border-radius: 20px; padding: 0.3rem 0.8rem;\n            font-size: 0.8rem; font-weight: 600;\n        }\n\n        /* \xe2\x94\x80\xe2\x94\x80 Progress bars \xe2\x94\x80\xe2\x94\x80\xe2\x94\x80\xe2\x94\x80\xe2\x94\x80\xe2\x94\x80\xe2\x94\x80\xe2\x94\x80\xe2\x94\x80\xe2\x94\x80\xe2\x94\x80\xe2\x94\x80\xe2\x94\x80\xe2\x94\x80\xe2\x94\x80\xe2\x94\x80\xe2\x94\x80\xe2\x94\x80\xe2\x94\x80\xe2\x94\x80\xe2\x94\x80\xe2\x94\x80\xe2\x94\x80\xe2\x94\x80\xe2\x94\x80\xe2\x94\x80\xe2\x94\x80\xe2\x94\x80\xe2\x94\x80\xe2\x94\x80\xe2\x94\x80\xe2\x94\x80\xe2\x94\x80\xe2\x94\x80\xe2\x94\x80\xe2\x94\x80\xe2\x94\x80\xe2\x94\x80\xe2\x94\x80\xe2\x94\x80\xe2\x94\x80\xe2\x94\x80\xe2\x94\x80\xe2\x94\x80\xe2\x94\x80\xe2\x94\x80\xe2\x94\x80 */\n        .progress-cq {\n            background: var(--cq-navy-light);\n            border-radius: 10px; height: 8px;\n        }\n        .progress-cq .progress-bar {\n            background: linear-gradient(90deg, var(--cq-cyan), var(--cq-green));\n            border-radius: 10px;\n        }\n\n        /* \xe2\x94\x80\xe2\x94\x80 Stat Cards \xe2\x94\x80\xe2\x94\x80\xe2\x94\x80\xe2\x94\x80\xe2\x94\x80\xe2\x94\x80\xe2\x94\x80\xe2\x94\x80\xe2\x94\x80\xe2\x94\x80\xe2\x94\x80\xe2\x94\x80\xe2\x94\x80\xe2\x94\x80\xe2\x94\x80\xe2\x94\x80\xe2\x94\x80\xe2\x94\x80\xe2\x94\x80\xe2\x94\x80\xe2\x94\x80\xe2\x94\x80\xe2\x94\x80\xe2\x94\x80\xe2\x94\x80\xe2\x94\x80\xe2\x94\x80\xe2\x94\x80\xe2\x94\x80\xe2\x94\x80\xe2\x94\x80\xe2\x94\x80\xe2\x94\x80\xe2\x94\x80\xe2\x94\x80\xe2\x94\x80\xe2\x94\x80\xe2\x94\x80\xe2\x94\x80\xe2\x94\x80\xe2\x94\x80\xe2\x94\x80\xe2\x94\x80\xe2\x94\x80\xe2\x94\x80\xe2\x94\x80\xe2\x94\x80\xe2\x94\x80\xe2\x94\x80\xe2\x94\x80 */\n        .stat-card {\n            background: var(--cq-navy-mid);\n            border: 1px solid var(--cq-border);\n            border-radius: var(--cq-radius);\n            padding: 1.5rem 1rem;\n            text-align: center;\n            transition: border-color 0.2s, transform 0.2s;\n        }\n        .stat-card:hover {\n            border-color: var(--cq-cyan);\n            transform: translateY(-2px);\n        }\n        .stat-card .stat-number {\n            font-family: var(--font-heading); font-size: 2rem;\n            font-weight: 800;\n        }\n        .stat-card .stat-label { color: var(--cq-text-muted); font-size: 0.85rem; }\n\n        /* \xe2\x94\x80\xe2\x94\x80 Footer \xe2\x94\x80\xe2\x94\x80\xe2\x94\x80\xe2\x94\x80\xe2\x94\x80\xe2\x94\x80\xe2\x94\x80\xe2\x94\x80\xe2\x94\x80\xe2\x94\x80\xe2\x94\x80\xe2\x94\x80\xe2\x94\x80\xe2\x94\x80\xe2\x94\x80\xe2\x94\x80\xe2\x94\x80\xe2\x94\x80\xe2\x94\x80\xe2\x94\x80\xe2\x94\x80\xe2\x94\x80\xe2\x94\x80\xe2\x94\x80\xe2\x94\x80\xe2\x94\x80\xe2\x94\x80\xe2\x94\x80\xe2\x94\x80\xe2\x94\x80\xe2\x94\x80\xe2\x94\x80\xe2\x94\x80\xe2\x94\x80\xe2\x94\x80\xe2\x94\x80\xe2\x94\x80\xe2\x94\x80\xe2\x94\x80\xe2\x94\x80\xe2\x94\x80\xe2\x94\x80\xe2\x94\x80\xe2\x94\x80\xe2\x94\x80\xe2\x94\x80\xe2\x94\x80\xe2\x94\x80\xe2\x94\x80\xe2\x94\x80\xe2\x94\x80\xe2\x94\x80\xe2\x94\x80\xe2\x94\x80 */\n        .footer-cq {\n            background: var(--cq-navy-mid);\n            border-top: 1px solid var(--cq-border);\n            padding: 1.5rem 0;\n            margin-top: auto;\n        }\n        .footer-brand {\n            font-family: var(--font-heading); font-weight: 800;\n            color: var(--cq-cyan); font-size: 1rem; letter-spacing: 2px;\n        }\n        .footer-text { color: var(--cq-text-muted); font-size: 0.85rem; }\n        .footer-team { color: var(--cq-cyan); font-size: 0.85rem; font-weight: 600; }\n\n        /* \xe2\x94\x80\xe2\x94\x80 Scrollbar \xe2\x94\x80\xe2\x94\x80\xe2\x94\x80\xe2\x94\x80\xe2\x94\x80\xe2\x94\x80\xe2\x94\x80\xe2\x94\x80\xe2\x94\x80\xe2\x94\x80\xe2\x94\x80\xe2\x94\x80\xe2\x94\x80\xe2\x94\x80\xe2\x94\x80\xe2\x94\x80\xe2\x94\x80\xe2\x94\x80\xe2\x94\x80\xe2\x94\x80\xe2\x94\x80\xe2\x94\x80\xe2\x94\x80\xe2\x94\x80\xe2\x94\x80\xe2\x94\x80\xe2\x94\x80\xe2\x94\x80\xe2\x94\x80\xe2\x94\x80\xe2\x94\x80\xe2\x94\x80\xe2\x94\x80\xe2\x94\x80\xe2\x94\x80\xe2\x94\x80\xe2\x94\x80\xe2\x94\x80\xe2\x94\x80\xe2\x94\x80\xe2\x94\x80\xe2\x94\x80\xe2\x94\x80\xe2\x94\x80\xe2\x94\x80\xe2\x94\x80\xe2\x94\x80\xe2\x94\x80\xe2\x94\x80\xe2\x94\x80\xe2\x94\x80 */\n        ::-webkit-scrollbar { width: 6px; }\n        ::-webkit-scrollbar-track { background: var(--cq-navy); }\n        ::-webkit-scrollbar-thumb { background: var(--cq-navy-light); border-radius: 3px; }\n        ::-webkit-scrollbar-thumb:hover { background: var(--cq-cyan); }\n    </style>\n\n    \n</head>\n\n<body>\n\n<!-- \xe2\x94\x80\xe2\x94\x80 Navbar \xe2\x94\x80\xe2\x94\x80\xe2\x94\x80\xe2\x94\x80\xe2\x94\x80\xe2\x94\x80\xe2\x94\x80\xe2\x94\x80\xe2\x94\x80\xe2\x94\x80\xe2\x94\x80\xe2\x94\x80\xe2\x94\x80\xe2\x94\x80\xe2\x94\x80\xe2\x94\x80\xe2\x94\x80\xe2\x94\x80\xe2\x94\x80\xe2\x94\x80\xe2\x94\x80\xe2\x94\x80\xe2\x94\x80\xe2\x94\x80\xe2\x94\x80\xe2\x94\x80\xe2\x94\x80\xe2\x94\x80\xe2\x94\x80\xe2\x94\x80\xe2\x94\x80\xe2\x94\x80\xe2\x94\x80\xe2\x94\x80\xe2\x94\x80\xe2\x94\x80\xe2\x94\x80\xe2\x94\x80\xe2\x94\x80\xe2\x94\x80\xe2\x94\x80\xe2\x94\x80\xe2\x94\x80\xe2\x94\x80\xe2\x94\x80\xe2\x94\x80\xe2\x94\x80\xe2\x94\x80\xe2\x94\x80\xe2\x94\x80\xe2\x94\x80\xe2\x94\x80\xe2\x94\x80\xe2\x94\x80\xe2\x94\x80\xe2\x94\x80\xe2\x94\x80\xe2\x94\x80\xe2\x94\x80\xe2\x94\x80\xe2\x94\x80 -->\n<nav class="navbar navbar-expand-lg navbar-cyberquest">\n    <div class="container">\n        <!-- Fixed: use auth.login instead of non-existent \'home\' route -->\n        <a class="navbar-brand-cq"\n           href="/challenges">\n            <i class="bi bi-shield-fill-check brand-icon"></i>\n            CYBER<span style="color:#fff;">QUEST</span>\n        </a>\n\n        <button class="navbar-toggler" type="button"\n                data-bs-toggle="collapse" data-bs-target="#navbarMain">\n            <span class="navbar-toggler-icon"></span>\n        </button>\n\n        <div class="collapse navbar-collapse" id="navbarMain">\n            \n            <ul class="navbar-nav me-auto mb-2 mb-lg-0">\n                \n                <li class="nav-item">\n                    <a class="nav-link nav-link-cq" href="/challenges">\n                        <i class="bi bi-controller me-1"></i> Challenges\n                    </a>\n                </li>\n                <li class="nav-item">\n                    <a class="nav-link nav-link-cq" href="/progress">\n                        <i class="bi bi-bar-chart-fill me-1"></i> My Progress\n                    </a>\n                </li>\n                <li class="nav-item">\n                    <a class="nav-link nav-link-cq" href="/result">\n                        <i class="bi bi-trophy me-1"></i> Results\n                    </a>\n                </li>\n                \n            </ul>\n            \n\n            <div class="d-flex align-items-center gap-2">\n                \n                    <span class="navbar-username d-none d-md-inline">\n                        <i class="bi bi-person-circle me-1"></i>\n                        <strong>newstudent_test</strong>\n                        <span class="badge ms-1"\n                              style="background:rgba(0,180,216,0.15);\n                                     color:var(--cq-cyan); font-size:0.7rem;">\n                            Student\n                        </span>\n                    </span>\n                    \n                    <a href="/2fa/setup"\n                       class="btn-nav-login btn"\n                       title="2FA Settings">\n                        <i class="bi bi-shield-lock"></i>\n                    </a>\n                    \n                    <a href="/logout" class="btn-nav-login btn">\n                        <i class="bi bi-box-arrow-right me-1"></i> Logout\n                    </a>\n                \n            </div>\n        </div>\n    </div>\n</nav>\n\n<!-- \xe2\x94\x80\xe2\x94\x80 Flash Messages (handled once here, not in child templates) \xe2\x94\x80\xe2\x94\x80\xe2\x94\x80\xe2\x94\x80\xe2\x94\x80\xe2\x94\x80\xe2\x94\x80\xe2\x94\x80\xe2\x94\x80\xe2\x94\x80 -->\n<div class="flash-container">\n    <div class="container">\n        \n            \n        \n    </div>\n</div>\n\n<!-- \xe2\x94\x80\xe2\x94\x80 Main Content \xe2\x94\x80\xe2\x94\x80\xe2\x94\x80\xe2\x94\x80\xe2\x94\x80\xe2\x94\x80\xe2\x94\x80\xe2\x94\x80\xe2\x94\x80\xe2\x94\x80\xe2\x94\x80\xe2\x94\x80\xe2\x94\x80\xe2\x94\x80\xe2\x94\x80\xe2\x94\x80\xe2\x94\x80\xe2\x94\x80\xe2\x94\x80\xe2\x94\x80\xe2\x94\x80\xe2\x94\x80\xe2\x94\x80\xe2\x94\x80\xe2\x94\x80\xe2\x94\x80\xe2\x94\x80\xe2\x94\x80\xe2\x94\x80\xe2\x94\x80\xe2\x94\x80\xe2\x94\x80\xe2\x94\x80\xe2\x94\x80\xe2\x94\x80\xe2\x94\x80\xe2\x94\x80\xe2\x94\x80\xe2\x94\x80\xe2\x94\x80\xe2\x94\x80\xe2\x94\x80\xe2\x94\x80\xe2\x94\x80\xe2\x94\x80\xe2\x94\x80\xe2\x94\x80\xe2\x94\x80\xe2\x94\x80\xe2\x94\x80\xe2\x94\x80\xe2\x94\x80\xe2\x94\x80\xe2\x94\x80\xe2\x94\x80\xe2\x94\x80 -->\n<main>\n    \n<div class="container py-4">\n\n  <div class="d-flex justify-content-between align-items-center mb-4">\n    <div>\n      <h2 class="mb-0" style="color:var(--cq-cyan);">\xf0\x9f\x9b\xa1\xef\xb8\x8f Challenge Categories</h2>\n      <p style="color:var(--cq-text-muted);" class="mb-0">Choose a category to start earning points</p>\n    </div>\n    <div class="text-end">\n      <span class="badge-cq-gold fs-6 px-3 py-2">\xe2\xad\x90 0 pts</span>\n      <a href="/progress" class="btn btn-cq-outline ms-2">\xf0\x9f\x93\x8a My Progress</a>\n    </div>\n  </div>\n\n  <!-- Category Cards -->\n  <div class="row g-4 mb-5">\n    \n    <div class="col-md-4">\n      <div class="card-cq h-100 p-4 text-center" style="transition:border-color 0.2s,transform 0.2s;"\n           onmouseover="this.style.borderColor=\'var(--cq-cyan)\';this.style.transform=\'translateY(-4px)\'"\n           onmouseout="this.style.borderColor=\'var(--cq-border)\';this.style.transform=\'none\'">\n        <div style="font-size:3.5rem;" class="mb-3">\xf0\x9f\x8e\xa3</div>\n        <h4 style="color:var(--cq-cyan);">Phishing Awareness</h4>\n        <p style="color:var(--cq-text-muted);" class="small mb-3">Learn to spot phishing emails and social engineering attacks.</p>\n\n        <div class="mb-3">\n          <div class="d-flex justify-content-between small mb-1"\n               style="color:var(--cq-text-muted);">\n            <span>Progress</span>\n            <span>0/5</span>\n          </div>\n          <div class="progress-cq">\n            <div class="progress-bar" role="progressbar"\n                 style="width:0%">\n            </div>\n          </div>\n        </div>\n\n        <a href="/challenge/phishing"\n           class="btn btn-cq-primary w-100 fw-bold">\n          \xf0\x9f\x9a\x80 Start\n        </a>\n      </div>\n    </div>\n    \n    <div class="col-md-4">\n      <div class="card-cq h-100 p-4 text-center" style="transition:border-color 0.2s,transform 0.2s;"\n           onmouseover="this.style.borderColor=\'var(--cq-cyan)\';this.style.transform=\'translateY(-4px)\'"\n           onmouseout="this.style.borderColor=\'var(--cq-border)\';this.style.transform=\'none\'">\n        <div style="font-size:3.5rem;" class="mb-3">\xf0\x9f\x94\x90</div>\n        <h4 style="color:var(--cq-cyan);">Password Security</h4>\n        <p style="color:var(--cq-text-muted);" class="small mb-3">Master the art of strong passwords and authentication.</p>\n\n        <div class="mb-3">\n          <div class="d-flex justify-content-between small mb-1"\n               style="color:var(--cq-text-muted);">\n            <span>Progress</span>\n            <span>0/5</span>\n          </div>\n          <div class="progress-cq">\n            <div class="progress-bar" role="progressbar"\n                 style="width:0%">\n            </div>\n          </div>\n        </div>\n\n        <a href="/challenge/password"\n           class="btn btn-cq-primary w-100 fw-bold">\n          \xf0\x9f\x9a\x80 Start\n        </a>\n      </div>\n    </div>\n    \n    <div class="col-md-4">\n      <div class="card-cq h-100 p-4 text-center" style="transition:border-color 0.2s,transform 0.2s;"\n           onmouseover="this.style.borderColor=\'var(--cq-cyan)\';this.style.transform=\'translateY(-4px)\'"\n           onmouseout="this.style.borderColor=\'var(--cq-border)\';this.style.transform=\'none\'">\n        <div style="font-size:3.5rem;" class="mb-3">\xf0\x9f\x8c\x90</div>\n        <h4 style="color:var(--cq-cyan);">Safe Browsing</h4>\n        <p style="color:var(--cq-text-muted);" class="small mb-3">Stay safe online \xe2\x80\x94 VPNs, HTTPS, and browser threats.</p>\n\n        <div class="mb-3">\n          <div class="d-flex justify-content-between small mb-1"\n               style="color:var(--cq-text-muted);">\n            <span>Progress</span>\n            <span>0/5</span>\n          </div>\n          <div class="progress-cq">\n            <div class="progress-bar" role="progressbar"\n                 style="width:0%">\n            </div>\n          </div>\n        </div>\n\n        <a href="/challenge/browsing"\n           class="btn btn-cq-primary w-100 fw-bold">\n          \xf0\x9f\x9a\x80 Start\n        </a>\n      </div>\n    </div>\n    \n  </div>\n\n  <!-- Badges -->\n  \n\n</div>\n\n</main>\n\n<!-- \xe2\x94\x80\xe2\x94\x80 Footer \xe2\x94\x80\xe2\x94\x80\xe2\x94\x80\xe2\x94\x80\xe2\x94\x80\xe2\x94\x80\xe2\x94\x80\xe2\x94\x80\xe2\x94\x80\xe2\x94\x80\xe2\x94\x80\xe2\x94\x80\xe2\x94\x80\xe2\x94\x80\xe2\x94\x80\xe2\x94\x80\xe2\x94\x80\xe2\x94\x80\xe2\x94\x80\xe2\x94\x80\xe2\x94\x80\xe2\x94\x80\xe2\x94\x80\xe2\x94\x80\xe2\x94\x80\xe2\x94\x80\xe2\x94\x80\xe2\x94\x80\xe2\x94\x80\xe2\x94\x80\xe2\x94\x80\xe2\x94\x80\xe2\x94\x80\xe2\x94\x80\xe2\x94\x80\xe2\x94\x80\xe2\x94\x80\xe2\x94\x80\xe2\x94\x80\xe2\x94\x80\xe2\x94\x80\xe2\x94\x80\xe2\x94\x80\xe2\x94\x80\xe2\x94\x80\xe2\x94\x80\xe2\x94\x80\xe2\x94\x80\xe2\x94\x80\xe2\x94\x80\xe2\x94\x80\xe2\x94\x80\xe2\x94\x80\xe2\x94\x80\xe2\x94\x80\xe2\x94\x80\xe2\x94\x80\xe2\x94\x80\xe2\x94\x80\xe2\x94\x80\xe2\x94\x80 -->\n<footer class="footer-cq">\n    <div class="container">\n        <div class="row align-items-center">\n            <div class="col-md-3 mb-2 mb-md-0">\n                <div class="footer-brand"><i class="bi bi-shield-fill-check me-2"></i>CYBERQUEST</div>\n                <div class="footer-text">Cybersecurity Awareness Game</div>\n            </div>\n            <div class="col-md-5 mb-2 mb-md-0">\n                <div class="footer-text">\n                    <i class="bi bi-mortarboard-fill me-1"></i>\n                    ICT932 \xe2\x80\x94 Cybersecurity Testing and Assurance<br>\n                    Crown Institute of Higher Education (CIHE) \xc2\xa9 2026\n                </div>\n            </div>\n            <div class="col-md-4 text-md-end">\n                <div class="footer-team">\n                    Prashan Manandhar | Raju Kshetri | Pramesh Silwal | Susanta Dhakal\n                </div>\n            </div>\n        </div>\n    </div>\n</footer>\n\n<script src="https://cdn.jsdelivr.net/npm/bootstrap@5.3.0/dist/js/bootstrap.bundle.min.js"></script>\n\n\n</body>\n</html>' = <WrapperTestResponse 20602 bytes [200 OK]>.data
FAILED tests/test_auth.py::TestRegistration::test_register_teacher_with_correct_code - assert None is not None
FAILED tests/test_auth.py::TestLogin::test_login_page_loads - assert 302 == 200
 +  where 302 = <WrapperTestResponse streamed [302 FOUND]>.status_code
================ 22 failed, 82 passed, 136 warnings in 42.88s =================
